Archive member included to satisfy reference by file (symbol)

/opt/altera_lite/15.1/nios2eds/bin/gnu/H-x86_64-pc-linux-gnu/bin/../lib/gcc/nios2-elf/4.9.2/../../../../../H-x86_64-pc-linux-gnu/nios2-elf/lib/libm.a(lib_a-w_sqrt.o)
                              obj/default/source/graphic_lib/geometry.o (sqrt)
/opt/altera_lite/15.1/nios2eds/bin/gnu/H-x86_64-pc-linux-gnu/bin/../lib/gcc/nios2-elf/4.9.2/../../../../../H-x86_64-pc-linux-gnu/nios2-elf/lib/libm.a(lib_a-e_sqrt.o)
                              /opt/altera_lite/15.1/nios2eds/bin/gnu/H-x86_64-pc-linux-gnu/bin/../lib/gcc/nios2-elf/4.9.2/../../../../../H-x86_64-pc-linux-gnu/nios2-elf/lib/libm.a(lib_a-w_sqrt.o) (__ieee754_sqrt)
/opt/altera_lite/15.1/nios2eds/bin/gnu/H-x86_64-pc-linux-gnu/bin/../lib/gcc/nios2-elf/4.9.2/../../../../../H-x86_64-pc-linux-gnu/nios2-elf/lib/libm.a(lib_a-s_fpclassify.o)
                              /opt/altera_lite/15.1/nios2eds/bin/gnu/H-x86_64-pc-linux-gnu/bin/../lib/gcc/nios2-elf/4.9.2/../../../../../H-x86_64-pc-linux-gnu/nios2-elf/lib/libm.a(lib_a-w_sqrt.o) (__fpclassifyd)
/opt/altera_lite/15.1/nios2eds/bin/gnu/H-x86_64-pc-linux-gnu/bin/../lib/gcc/nios2-elf/4.9.2/../../../../../H-x86_64-pc-linux-gnu/nios2-elf/lib/libm.a(lib_a-s_lib_ver.o)
                              /opt/altera_lite/15.1/nios2eds/bin/gnu/H-x86_64-pc-linux-gnu/bin/../lib/gcc/nios2-elf/4.9.2/../../../../../H-x86_64-pc-linux-gnu/nios2-elf/lib/libm.a(lib_a-w_sqrt.o) (__fdlib_version)
/opt/altera_lite/15.1/nios2eds/bin/gnu/H-x86_64-pc-linux-gnu/bin/../lib/gcc/nios2-elf/4.9.2/../../../../../H-x86_64-pc-linux-gnu/nios2-elf/lib/libm.a(lib_a-s_matherr.o)
                              /opt/altera_lite/15.1/nios2eds/bin/gnu/H-x86_64-pc-linux-gnu/bin/../lib/gcc/nios2-elf/4.9.2/../../../../../H-x86_64-pc-linux-gnu/nios2-elf/lib/libm.a(lib_a-w_sqrt.o) (matherr)
/opt/altera_lite/15.1/nios2eds/bin/gnu/H-x86_64-pc-linux-gnu/bin/../lib/gcc/nios2-elf/4.9.2/libgcc.a(lib2-divmod.o)
                              obj/default/source/demo/gui.o (__divsi3)
/opt/altera_lite/15.1/nios2eds/bin/gnu/H-x86_64-pc-linux-gnu/bin/../lib/gcc/nios2-elf/4.9.2/libgcc.a(adddf3.o)
                              /opt/altera_lite/15.1/nios2eds/bin/gnu/H-x86_64-pc-linux-gnu/bin/../lib/gcc/nios2-elf/4.9.2/../../../../../H-x86_64-pc-linux-gnu/nios2-elf/lib/libm.a(lib_a-e_sqrt.o) (__adddf3)
/opt/altera_lite/15.1/nios2eds/bin/gnu/H-x86_64-pc-linux-gnu/bin/../lib/gcc/nios2-elf/4.9.2/libgcc.a(divdf3.o)
                              /opt/altera_lite/15.1/nios2eds/bin/gnu/H-x86_64-pc-linux-gnu/bin/../lib/gcc/nios2-elf/4.9.2/../../../../../H-x86_64-pc-linux-gnu/nios2-elf/lib/libm.a(lib_a-w_sqrt.o) (__divdf3)
/opt/altera_lite/15.1/nios2eds/bin/gnu/H-x86_64-pc-linux-gnu/bin/../lib/gcc/nios2-elf/4.9.2/libgcc.a(ledf2.o)
                              /opt/altera_lite/15.1/nios2eds/bin/gnu/H-x86_64-pc-linux-gnu/bin/../lib/gcc/nios2-elf/4.9.2/../../../../../H-x86_64-pc-linux-gnu/nios2-elf/lib/libm.a(lib_a-w_sqrt.o) (__ltdf2)
/opt/altera_lite/15.1/nios2eds/bin/gnu/H-x86_64-pc-linux-gnu/bin/../lib/gcc/nios2-elf/4.9.2/libgcc.a(muldf3.o)
                              /opt/altera_lite/15.1/nios2eds/bin/gnu/H-x86_64-pc-linux-gnu/bin/../lib/gcc/nios2-elf/4.9.2/../../../../../H-x86_64-pc-linux-gnu/nios2-elf/lib/libm.a(lib_a-e_sqrt.o) (__muldf3)
/opt/altera_lite/15.1/nios2eds/bin/gnu/H-x86_64-pc-linux-gnu/bin/../lib/gcc/nios2-elf/4.9.2/libgcc.a(subdf3.o)
                              /opt/altera_lite/15.1/nios2eds/bin/gnu/H-x86_64-pc-linux-gnu/bin/../lib/gcc/nios2-elf/4.9.2/../../../../../H-x86_64-pc-linux-gnu/nios2-elf/lib/libm.a(lib_a-e_sqrt.o) (__subdf3)
/opt/altera_lite/15.1/nios2eds/bin/gnu/H-x86_64-pc-linux-gnu/bin/../lib/gcc/nios2-elf/4.9.2/libgcc.a(fixdfsi.o)
                              obj/default/source/graphic_lib/geometry.o (__fixdfsi)
/opt/altera_lite/15.1/nios2eds/bin/gnu/H-x86_64-pc-linux-gnu/bin/../lib/gcc/nios2-elf/4.9.2/libgcc.a(floatsidf.o)
                              obj/default/source/graphic_lib/geometry.o (__floatsidf)
/opt/altera_lite/15.1/nios2eds/bin/gnu/H-x86_64-pc-linux-gnu/bin/../lib/gcc/nios2-elf/4.9.2/libgcc.a(_clzsi2.o)
                              /opt/altera_lite/15.1/nios2eds/bin/gnu/H-x86_64-pc-linux-gnu/bin/../lib/gcc/nios2-elf/4.9.2/libgcc.a(adddf3.o) (__clzsi2)
/opt/altera_lite/15.1/nios2eds/bin/gnu/H-x86_64-pc-linux-gnu/bin/../lib/gcc/nios2-elf/4.9.2/libgcc.a(_clz.o)
                              /opt/altera_lite/15.1/nios2eds/bin/gnu/H-x86_64-pc-linux-gnu/bin/../lib/gcc/nios2-elf/4.9.2/libgcc.a(_clzsi2.o) (__clz_tab)
/opt/altera_lite/15.1/nios2eds/bin/gnu/H-x86_64-pc-linux-gnu/bin/../lib/gcc/nios2-elf/4.9.2/../../../../../H-x86_64-pc-linux-gnu/nios2-elf/lib/libc.a(lib_a-errno.o)
                              /opt/altera_lite/15.1/nios2eds/bin/gnu/H-x86_64-pc-linux-gnu/bin/../lib/gcc/nios2-elf/4.9.2/../../../../../H-x86_64-pc-linux-gnu/nios2-elf/lib/libm.a(lib_a-w_sqrt.o) (__errno)
[...]
Memory Configuration

Name             Origin             Length             Attributes
background_mem   0x0000000000000000 0x0000000000002580
reset            0x0000000002000000 0x0000000000000020
SDRAM            0x0000000002000020 0x0000000001ffffe0
pic_mem          0x0000000004000000 0x0000000000002000
*default*        0x0000000000000000 0xffffffffffffffff

Linker script and memory map

LOAD ../software_LT24_bsp//obj/HAL/src/crt0.o
LOAD obj/default/source/demo/gui.o
LOAD obj/default/source/demo/gui_vpg.o
LOAD obj/default/source/fonts/tahomabold_20.o
LOAD obj/default/source/fonts/tahomabold_32.o
LOAD obj/default/source/graphic_lib/ILI9341.o
LOAD obj/default/source/graphic_lib/geometry.o
LOAD obj/default/source/graphic_lib/simple_graphics.o
LOAD obj/default/source/graphic_lib/simple_text.o
LOAD obj/default/source/main.o
LOAD obj/default/source/terasic_lib/touch_spi.o
LOAD /opt/altera_lite/15.1/nios2eds/bin/gnu/H-x86_64-pc-linux-gnu/bin/../lib/gcc/nios2-elf/4.9.2/../../../../../H-x86_64-pc-linux-gnu/nios2-elf/lib/libstdc++.a
LOAD /opt/altera_lite/15.1/nios2eds/bin/gnu/H-x86_64-pc-linux-gnu/bin/../lib/gcc/nios2-elf/4.9.2/../../../../../H-x86_64-pc-linux-gnu/nios2-elf/lib/libm.a
LOAD /opt/altera_lite/15.1/nios2eds/bin/gnu/H-x86_64-pc-linux-gnu/bin/../lib/gcc/nios2-elf/4.9.2/libgcc.a
START GROUP
LOAD /opt/altera_lite/15.1/nios2eds/bin/gnu/H-x86_64-pc-linux-gnu/bin/../lib/gcc/nios2-elf/4.9.2/../../../../../H-x86_64-pc-linux-gnu/nios2-elf/lib/libc.a
LOAD /opt/altera_lite/15.1/nios2eds/bin/gnu/H-x86_64-pc-linux-gnu/bin/../lib/gcc/nios2-elf/4.9.2/libgcc.a
LOAD ../software_LT24_bsp//libhal_bsp.a
LOAD /opt/altera_lite/15.1/nios2eds/bin/gnu/H-x86_64-pc-linux-gnu/bin/../lib/gcc/nios2-elf/4.9.2/../../../../../H-x86_64-pc-linux-gnu/nios2-elf/lib/libm.a
END GROUP
LOAD /opt/altera_lite/15.1/nios2eds/bin/gnu/H-x86_64-pc-linux-gnu/bin/../lib/gcc/nios2-elf/4.9.2/libgcc.a
                0x0000000000000000                __alt_mem_background_mem = 0x0
                0x0000000002000000                __alt_mem_SDRAM = 0x2000000
                0x0000000004000000                __alt_mem_pic_mem = 0x4000000

.entry          0x0000000002000000       0x20
 *(.entry)
 .entry         0x0000000002000000       0x20 ../software_LT24_bsp//obj/HAL/src/crt0.o
                0x0000000002000000                __reset

.exceptions     0x0000000002000020      0x19c
                0x0000000002000020                PROVIDE (__ram_exceptions_start, ABSOLUTE (.))
                0x0000000002000020                . = ALIGN (0x20)
 *(.irq)
 *(.exceptions.entry.label)
 .exceptions.entry.label
                0x0000000002000020        0x0 ../software_LT24_bsp//libhal_bsp.a(alt_irq_entry.o)
                0x0000000002000020                alt_irq_entry
 .exceptions.entry.label
                0x0000000002000020        0x0 ../software_LT24_bsp//libhal_bsp.a(alt_exception_entry.o)
                0x0000000002000020                alt_exception
 *(.exceptions.entry.user)
 *(.exceptions.entry.ecc_fatal)
 *(.exceptions.entry)
 .exceptions.entry
                0x0000000002000020       0x54 ../software_LT24_bsp//libhal_bsp.a(alt_exception_entry.o)
 *(.exceptions.irqtest.user)
 *(.exceptions.irqtest)
 .exceptions.irqtest
                0x0000000002000074       0x10 ../software_LT24_bsp//libhal_bsp.a(alt_irq_entry.o)
 *(.exceptions.irqhandler.user)
 *(.exceptions.irqhandler)
 .exceptions.irqhandler
                0x0000000002000084        0x4 ../software_LT24_bsp//libhal_bsp.a(alt_irq_entry.o)
 *(.exceptions.irqreturn.user)
 *(.exceptions.irqreturn)
 .exceptions.irqreturn
                0x0000000002000088        0x4 ../software_LT24_bsp//libhal_bsp.a(alt_irq_entry.o)
 *(.exceptions.notirq.label)
 .exceptions.notirq.label
                0x000000000200008c        0x0 ../software_LT24_bsp//libhal_bsp.a(alt_irq_entry.o)
 *(.exceptions.notirq.user)
 *(.exceptions.notirq)
 .exceptions.notirq
                0x000000000200008c        0x8 ../software_LT24_bsp//libhal_bsp.a(alt_exception_entry.o)
 *(.exceptions.soft.user)
 *(.exceptions.soft)
 *(.exceptions.unknown.user)
 *(.exceptions.unknown)
 .exceptions.unknown
                0x0000000002000094        0x4 ../software_LT24_bsp//libhal_bsp.a(alt_exception_entry.o)
 *(.exceptions.exit.label)
 .exceptions.exit.label
                0x0000000002000098        0x0 ../software_LT24_bsp//libhal_bsp.a(alt_irq_entry.o)
 .exceptions.exit.label
                0x0000000002000098        0x0 ../software_LT24_bsp//libhal_bsp.a(alt_exception_entry.o)
 *(.exceptions.exit.user)
 *(.exceptions.exit)
 .exceptions.exit
                0x0000000002000098       0x54 ../software_LT24_bsp//libhal_bsp.a(alt_exception_entry.o)
 *(.exceptions)
 .exceptions    0x00000000020000ec       0xd0 ../software_LT24_bsp//libhal_bsp.a(alt_irq_handler.o)
                0x00000000020000ec                alt_irq_handler
                0x00000000020001bc                PROVIDE (__ram_exceptions_end, ABSOLUTE (.))
                0x0000000002000020                PROVIDE (__flash_exceptions_start, LOADADDR (.exceptions))

.text           0x00000000020001bc    0x181c8
                0x00000000020001bc                PROVIDE (stext, ABSOLUTE (.))
 *(.interp)
 *(.hash)
 *(.dynsym)
 *(.dynstr)
 *(.gnu.version)
 *(.gnu.version_d)
 *(.gnu.version_r)
 *(.rel.init)
 *(.rela.init)
 *(.rel.text .rel.text.* .rel.gnu.linkonce.t.*)
 *(.rela.text .rela.text.* .rela.gnu.linkonce.t.*)
 *(.rel.fini)
 *(.rela.fini)
 *(.rel.rodata .rel.rodata.* .rel.gnu.linkonce.r.*)
 *(.rela.rodata .rela.rodata.* .rela.gnu.linkonce.r.*)
 *(.rel.data .rel.data.* .rel.gnu.linkonce.d.*)
 *(.rela.data .rela.data.* .rela.gnu.linkonce.d.*)
 *(.rel.tdata .rel.tdata.* .rel.gnu.linkonce.td.*)
 *(.rela.tdata .rela.tdata.* .rela.gnu.linkonce.td.*)
 *(.rel.tbss .rel.tbss.* .rel.gnu.linkonce.tb.*)
 *(.rela.tbss .rela.tbss.* .rela.gnu.linkonce.tb.*)
 *(.rel.ctors)
 *(.rela.ctors)
 *(.rel.dtors)
 *(.rela.dtors)
 *(.rel.got)
 *(.rela.got)
 *(.rel.sdata .rel.sdata.* .rel.gnu.linkonce.s.*)
 *(.rela.sdata .rela.sdata.* .rela.gnu.linkonce.s.*)
 *(.rel.sbss .rel.sbss.* .rel.gnu.linkonce.sb.*)
 *(.rela.sbss .rela.sbss.* .rela.gnu.linkonce.sb.*)
 *(.rel.sdata2 .rel.sdata2.* .rel.gnu.linkonce.s2.*)
 *(.rela.sdata2 .rela.sdata2.* .rela.gnu.linkonce.s2.*)
 *(.rel.sbss2 .rel.sbss2.* .rel.gnu.linkonce.sb2.*)
 *(.rela.sbss2 .rela.sbss2.* .rela.gnu.linkonce.sb2.*)
 *(.rel.bss .rel.bss.* .rel.gnu.linkonce.b.*)
 *(.rela.bss .rela.bss.* .rela.gnu.linkonce.b.*)
 *(.rel.plt)
 *(.rela.plt)
 *(.rel.dyn)
 *(.init)
 *(.plt)
 *(.text .stub .text.* .gnu.linkonce.t.*)
 .text          0x00000000020001bc       0x4c ../software_LT24_bsp//obj/HAL/src/crt0.o
                0x00000000020001bc                _start
 .text          0x0000000002000208      0x934 obj/default/source/demo/gui.o
                0x0000000002000208                GUI_ShowWelcome
                0x00000000020002d8                GUI_ShowInfo
                0x0000000002000338                GUI_ShowTouchPoint
                0x0000000002000390                GUI_DeskInit
                0x0000000002000564                GUI_CheckButton
                0x00000000020005f4                GUI_DeskDraw
                0x0000000002000810                IsContinuedPoint
                0x00000000020008a4                GUI_ClearPaintArea
                0x0000000002000920                GUI
 .text          0x0000000002000b3c      0x7cc obj/default/source/demo/gui_vpg.o
                0x0000000002000b3c                ShowInfo
                0x0000000002000b9c                VPG_XLine
                0x0000000002000bc0                VPG_ColorPanel
                0x0000000002000c70                VPG_Grid
                0x0000000002000d6c                VPG_VGrid
                0x0000000002000e50                VPG_HGrid
                0x0000000002000f34                VPG_ColorBar
                0x00000000020010e4                GUI_ShowPAT
                0x0000000002001260                GUI_VPG
 .text          0x0000000002001308        0x0 obj/default/source/fonts/tahomabold_20.o
 .text          0x0000000002001308        0x0 obj/default/source/fonts/tahomabold_32.o
 .text          0x0000000002001308      0xae8 obj/default/source/graphic_lib/ILI9341.o
                0x0000000002001308                Delay_Ms
                0x0000000002001354                LCD_SetCursor
                0x0000000002001408                LCD_Clear
                0x0000000002001488                LCD_DrawPoint
                0x00000000020014f4                LCD_Init
                0x0000000002001b60                LCD_Pattern_Horizon
                0x0000000002001c98                LCD_Pattern_Vertical
                0x0000000002001d78                Set_BUFFER_FLAG
                0x0000000002001db4                Clr_BUFFER_FLAG
 .text          0x0000000002001df0      0x3f4 obj/default/source/graphic_lib/geometry.o
                0x0000000002001df0                IsPtInRect
                0x0000000002001e74                PtSet
                0x0000000002001eb4                RectSet
                0x0000000002001f10                RectInflate
                0x0000000002001f98                RectOffset
                0x0000000002002020                RectCopy
                0x0000000002002084                RectWidth
                0x00000000020020b8                RectHeight
                0x00000000020020ec                PtDistance
                0x00000000020021a0                PtCopy
 .text          0x00000000020021e4     0x2654 obj/default/source/graphic_lib/simple_graphics.o
                0x00000000020021e4                vid_clean_screen
                0x0000000002002240                vid_draw_line
                0x0000000002002304                vid_scroll_string_quit
                0x0000000002002344                vid_scroll_string_init
                0x0000000002002498                vid_scroll_string
                0x0000000002002808                vid_move_block
                0x0000000002002924                vid_print_string
                0x0000000002002a2c                vid_draw_box
                0x0000000002002b74                vid_print_char
                0x0000000002002c64                vid_set_pixel
                0x0000000002002d00                vid_get_pixel
                0x0000000002002d40                vid_paint_block
                0x0000000002002dd4                vid_draw_horiz_line
                0x0000000002002e4c                vid_merge_colors
                0x0000000002002e98                vid_color_convert24_16
                0x0000000002002f38                vid_color_convert16_24
                0x0000000002002fa4                vid_copy_line_to_frame_buffer
                0x0000000002002fe8                vid_draw_sloped_line
                0x0000000002003250                vid_draw_circle
                0x000000000200338c                vid_draw_round_corner_box
                0x0000000002003728                vid_round_corner_points
                0x0000000002003e60                max3
                0x0000000002003eb4                min3
                0x0000000002003f08                max_diff3
                0x0000000002003f6c                vid_put_pixel_in_span_map
                0x000000000200406c                vid_bres_scan_edges
                0x00000000020042ac                vid_draw_triangle
                0x0000000002004624                CopyImage16
                0x0000000002004708                CropImage16
 .text          0x0000000002004838      0xa20 obj/default/source/graphic_lib/simple_text.o
                0x0000000002004838                vid_print_string_alpha
                0x0000000002004a9c                seperate_color_channels
                0x0000000002004be4                merge_color_channels
                0x0000000002004d14                read_from_frame
                0x0000000002004d58                alpha_blending
                0x0000000002004fa4                vid_print_char_alpha
                0x0000000002005170                vid_string_pixel_length_alpha
 .text          0x0000000002005258       0xe4 obj/default/source/main.o
                0x0000000002005258                main
 .text          0x000000000200533c      0xa38 obj/default/source/terasic_lib/touch_spi.o
                0x000000000200533c                Touch_Init
                0x00000000020054b0                Touch_UnInit
                0x0000000002005518                Touch_EmptyFifo
                0x0000000002005550                Touch_GetXY
                0x0000000002005698                touch_isr
                0x000000000200570c                touch_empty_fifo
                0x000000000200573c                touch_is_pen_pressed
                0x000000000200577c                touch_enable_penirq
                0x00000000020058dc                touch_clear_input
                0x000000000200590c                touch_get_xy
                0x0000000002005c24                touch_alarm_callback
                0x0000000002005c9c                touch_xy_transform
 .text          0x0000000002005d74        0x0 /opt/altera_lite/15.1/nios2eds/bin/gnu/H-x86_64-pc-linux-gnu/bin/../lib/gcc/nios2-elf/4.9.2/../../../../../H-x86_64-pc-linux-gnu/nios2-elf/lib/libm.a(lib_a-w_sqrt.o)
 .text.sqrt     0x0000000002005d74      0x130 /opt/altera_lite/15.1/nios2eds/bin/gnu/H-x86_64-pc-linux-gnu/bin/../lib/gcc/nios2-elf/4.9.2/../../../../../H-x86_64-pc-linux-gnu/nios2-elf/lib/libm.a(lib_a-w_sqrt.o)
                0x0000000002005d74                sqrt
 .text          0x0000000002005ea4        0x0 /opt/altera_lite/15.1/nios2eds/bin/gnu/H-x86_64-pc-linux-gnu/bin/../lib/gcc/nios2-elf/4.9.2/../../../../../H-x86_64-pc-linux-gnu/nios2-elf/lib/libm.a(lib_a-e_sqrt.o)
 .text.__ieee754_sqrt
                0x0000000002005ea4      0x294 /opt/altera_lite/15.1/nios2eds/bin/gnu/H-x86_64-pc-linux-gnu/bin/../lib/gcc/nios2-elf/4.9.2/../../../../../H-x86_64-pc-linux-gnu/nios2-elf/lib/libm.a(lib_a-e_sqrt.o)
                0x0000000002005ea4                __ieee754_sqrt
 .text          0x0000000002006138        0x0 /opt/altera_lite/15.1/nios2eds/bin/gnu/H-x86_64-pc-linux-gnu/bin/../lib/gcc/nios2-elf/4.9.2/../../../../../H-x86_64-pc-linux-gnu/nios2-elf/lib/libm.a(lib_a-s_fpclassify.o)
 .text.__fpclassifyd
                0x0000000002006138       0x74 /opt/altera_lite/15.1/nios2eds/bin/gnu/H-x86_64-pc-linux-gnu/bin/../lib/gcc/nios2-elf/4.9.2/../../../../../H-x86_64-pc-linux-gnu/nios2-elf/lib/libm.a(lib_a-s_fpclassify.o)
                0x0000000002006138                __fpclassifyd
 .text          0x00000000020061ac        0x0 /opt/altera_lite/15.1/nios2eds/bin/gnu/H-x86_64-pc-linux-gnu/bin/../lib/gcc/nios2-elf/4.9.2/../../../../../H-x86_64-pc-linux-gnu/nios2-elf/lib/libm.a(lib_a-s_lib_ver.o)
 .text          0x00000000020061ac        0x0 /opt/altera_lite/15.1/nios2eds/bin/gnu/H-x86_64-pc-linux-gnu/bin/../lib/gcc/nios2-elf/4.9.2/../../../../../H-x86_64-pc-linux-gnu/nios2-elf/lib/libm.a(lib_a-s_matherr.o)
 .text.matherr  0x00000000020061ac        0x8 /opt/altera_lite/15.1/nios2eds/bin/gnu/H-x86_64-pc-linux-gnu/bin/../lib/gcc/nios2-elf/4.9.2/../../../../../H-x86_64-pc-linux-gnu/nios2-elf/lib/libm.a(lib_a-s_matherr.o)
                0x00000000020061ac                matherr
 .text          0x00000000020061b4      0x12c /opt/altera_lite/15.1/nios2eds/bin/gnu/H-x86_64-pc-linux-gnu/bin/../lib/gcc/nios2-elf/4.9.2/libgcc.a(lib2-divmod.o)
                0x0000000002006220                __divsi3
                0x0000000002006274                __modsi3
                0x00000000020062d0                __udivsi3
                0x00000000020062d8                __umodsi3
 .text          0x00000000020062e0      0x89c /opt/altera_lite/15.1/nios2eds/bin/gnu/H-x86_64-pc-linux-gnu/bin/../lib/gcc/nios2-elf/4.9.2/libgcc.a(adddf3.o)
                0x00000000020062e0                __adddf3
 .text          0x0000000002006b7c      0x8cc /opt/altera_lite/15.1/nios2eds/bin/gnu/H-x86_64-pc-linux-gnu/bin/../lib/gcc/nios2-elf/4.9.2/libgcc.a(divdf3.o)
                0x0000000002006b7c                __divdf3
 .text          0x0000000002007448       0xe0 /opt/altera_lite/15.1/nios2eds/bin/gnu/H-x86_64-pc-linux-gnu/bin/../lib/gcc/nios2-elf/4.9.2/libgcc.a(ledf2.o)
                0x0000000002007448                __ltdf2
                0x0000000002007448                __ledf2
 .text          0x0000000002007528      0x724 /opt/altera_lite/15.1/nios2eds/bin/gnu/H-x86_64-pc-linux-gnu/bin/../lib/gcc/nios2-elf/4.9.2/libgcc.a(muldf3.o)
                0x0000000002007528                __muldf3
 .text          0x0000000002007c4c      0x8d0 /opt/altera_lite/15.1/nios2eds/bin/gnu/H-x86_64-pc-linux-gnu/bin/../lib/gcc/nios2-elf/4.9.2/libgcc.a(subdf3.o)
                0x0000000002007c4c                __subdf3
 .text          0x000000000200851c       0x88 /opt/altera_lite/15.1/nios2eds/bin/gnu/H-x86_64-pc-linux-gnu/bin/../lib/gcc/nios2-elf/4.9.2/libgcc.a(fixdfsi.o)
                0x000000000200851c                __fixdfsi
 .text          0x00000000020085a4       0xd0 /opt/altera_lite/15.1/nios2eds/bin/gnu/H-x86_64-pc-linux-gnu/bin/../lib/gcc/nios2-elf/4.9.2/libgcc.a(floatsidf.o)
                0x00000000020085a4                __floatsidf
 .text          0x0000000002008674       0x64 /opt/altera_lite/15.1/nios2eds/bin/gnu/H-x86_64-pc-linux-gnu/bin/../lib/gcc/nios2-elf/4.9.2/libgcc.a(_clzsi2.o)
                0x0000000002008674                __clzsi2
 .text          0x00000000020086d8        0x0 /opt/altera_lite/15.1/nios2eds/bin/gnu/H-x86_64-pc-linux-gnu/bin/../lib/gcc/nios2-elf/4.9.2/libgcc.a(_clz.o)
 .text          0x00000000020086d8        0x0 /opt/altera_lite/15.1/nios2eds/bin/gnu/H-x86_64-pc-linux-gnu/bin/../lib/gcc/nios2-elf/4.9.2/../../../../../H-x86_64-pc-linux-gnu/nios2-elf/lib/libc.a(lib_a-errno.o)
 .text.__errno  0x00000000020086d8       0x10 /opt/altera_lite/15.1/nios2eds/bin/gnu/H-x86_64-pc-linux-gnu/bin/../lib/gcc/nios2-elf/4.9.2/../../../../../H-x86_64-pc-linux-gnu/nios2-elf/lib/libc.a(lib_a-errno.o)
                0x00000000020086d8                __errno
 .text          0x00000000020086e8        0x0 /opt/altera_lite/15.1/nios2eds/bin/gnu/H-x86_64-pc-linux-gnu/bin/../lib/gcc/nios2-elf/4.9.2/../../../../../H-x86_64-pc-linux-gnu/nios2-elf/lib/libc.a(lib_a-impure.o)
 .text          0x00000000020086e8        0x0 /opt/altera_lite/15.1/nios2eds/bin/gnu/H-x86_64-pc-linux-gnu/bin/../lib/gcc/nios2-elf/4.9.2/../../../../../H-x86_64-pc-linux-gnu/nios2-elf/lib/libc.a(lib_a-malloc.o)
 .text.malloc   0x00000000020086e8       0x14 /opt/altera_lite/15.1/nios2eds/bin/gnu/H-x86_64-pc-linux-gnu/bin/../lib/gcc/nios2-elf/4.9.2/../../../../../H-x86_64-pc-linux-gnu/nios2-elf/lib/libc.a(lib_a-malloc.o)
                0x00000000020086e8                malloc
 .text.free     0x00000000020086fc       0x14 /opt/altera_lite/15.1/nios2eds/bin/gnu/H-x86_64-pc-linux-gnu/bin/../lib/gcc/nios2-elf/4.9.2/../../../../../H-x86_64-pc-linux-gnu/nios2-elf/lib/libc.a(lib_a-malloc.o)
                0x00000000020086fc                free
 .text          0x0000000002008710        0x0 /opt/altera_lite/15.1/nios2eds/bin/gnu/H-x86_64-pc-linux-gnu/bin/../lib/gcc/nios2-elf/4.9.2/../../../../../H-x86_64-pc-linux-gnu/nios2-elf/lib/libc.a(lib_a-mallocr.o)
 .text._malloc_r
                0x0000000002008710      0x7a8 /opt/altera_lite/15.1/nios2eds/bin/gnu/H-x86_64-pc-linux-gnu/bin/../lib/gcc/nios2-elf/4.9.2/../../../../../H-x86_64-pc-linux-gnu/nios2-elf/lib/libc.a(lib_a-mallocr.o)
                0x0000000002008710                _malloc_r
 .text          0x0000000002008eb8        0x0 /opt/altera_lite/15.1/nios2eds/bin/gnu/H-x86_64-pc-linux-gnu/bin/../lib/gcc/nios2-elf/4.9.2/../../../../../H-x86_64-pc-linux-gnu/nios2-elf/lib/libc.a(lib_a-memcpy.o)
 .text.memcpy   0x0000000002008eb8      0x138 /opt/altera_lite/15.1/nios2eds/bin/gnu/H-x86_64-pc-linux-gnu/bin/../lib/gcc/nios2-elf/4.9.2/../../../../../H-x86_64-pc-linux-gnu/nios2-elf/lib/libc.a(lib_a-memcpy.o)
                0x0000000002008eb8                memcpy
 .text          0x0000000002008ff0        0x0 /opt/altera_lite/15.1/nios2eds/bin/gnu/H-x86_64-pc-linux-gnu/bin/../lib/gcc/nios2-elf/4.9.2/../../../../../H-x86_64-pc-linux-gnu/nios2-elf/lib/libc.a(lib_a-memset.o)
 .text.memset   0x0000000002008ff0      0x124 /opt/altera_lite/15.1/nios2eds/bin/gnu/H-x86_64-pc-linux-gnu/bin/../lib/gcc/nios2-elf/4.9.2/../../../../../H-x86_64-pc-linux-gnu/nios2-elf/lib/libc.a(lib_a-memset.o)
                0x0000000002008ff0                memset
 .text          0x0000000002009114        0x0 /opt/altera_lite/15.1/nios2eds/bin/gnu/H-x86_64-pc-linux-gnu/bin/../lib/gcc/nios2-elf/4.9.2/../../../../../H-x86_64-pc-linux-gnu/nios2-elf/lib/libc.a(lib_a-printf.o)
 .text._printf_r
                0x0000000002009114       0x2c /opt/altera_lite/15.1/nios2eds/bin/gnu/H-x86_64-pc-linux-gnu/bin/../lib/gcc/nios2-elf/4.9.2/../../../../../H-x86_64-pc-linux-gnu/nios2-elf/lib/libc.a(lib_a-printf.o)
                0x0000000002009114                _printf_r
 .text.printf   0x0000000002009140       0x3c /opt/altera_lite/15.1/nios2eds/bin/gnu/H-x86_64-pc-linux-gnu/bin/../lib/gcc/nios2-elf/4.9.2/../../../../../H-x86_64-pc-linux-gnu/nios2-elf/lib/libc.a(lib_a-printf.o)
                0x0000000002009140                printf
 .text          0x000000000200917c        0x0 /opt/altera_lite/15.1/nios2eds/bin/gnu/H-x86_64-pc-linux-gnu/bin/../lib/gcc/nios2-elf/4.9.2/../../../../../H-x86_64-pc-linux-gnu/nios2-elf/lib/libc.a(lib_a-puts.o)
 .text._puts_r  0x000000000200917c       0xa8 /opt/altera_lite/15.1/nios2eds/bin/gnu/H-x86_64-pc-linux-gnu/bin/../lib/gcc/nios2-elf/4.9.2/../../../../../H-x86_64-pc-linux-gnu/nios2-elf/lib/libc.a(lib_a-puts.o)
                0x000000000200917c                _puts_r
 .text.puts     0x0000000002009224       0x14 /opt/altera_lite/15.1/nios2eds/bin/gnu/H-x86_64-pc-linux-gnu/bin/../lib/gcc/nios2-elf/4.9.2/../../../../../H-x86_64-pc-linux-gnu/nios2-elf/lib/libc.a(lib_a-puts.o)
                0x0000000002009224                puts
 .text          0x0000000002009238        0x0 /opt/altera_lite/15.1/nios2eds/bin/gnu/H-x86_64-pc-linux-gnu/bin/../lib/gcc/nios2-elf/4.9.2/../../../../../H-x86_64-pc-linux-gnu/nios2-elf/lib/libc.a(lib_a-sbrkr.o)
 .text._sbrk_r  0x0000000002009238       0x54 /opt/altera_lite/15.1/nios2eds/bin/gnu/H-x86_64-pc-linux-gnu/bin/../lib/gcc/nios2-elf/4.9.2/../../../../../H-x86_64-pc-linux-gnu/nios2-elf/lib/libc.a(lib_a-sbrkr.o)
                0x0000000002009238                _sbrk_r
 .text          0x000000000200928c        0x0 /opt/altera_lite/15.1/nios2eds/bin/gnu/H-x86_64-pc-linux-gnu/bin/../lib/gcc/nios2-elf/4.9.2/../../../../../H-x86_64-pc-linux-gnu/nios2-elf/lib/libc.a(lib_a-sprintf.o)
 .text._sprintf_r
                0x000000000200928c       0x58 /opt/altera_lite/15.1/nios2eds/bin/gnu/H-x86_64-pc-linux-gnu/bin/../lib/gcc/nios2-elf/4.9.2/../../../../../H-x86_64-pc-linux-gnu/nios2-elf/lib/libc.a(lib_a-sprintf.o)
                0x000000000200928c                _sprintf_r
 .text.sprintf  0x00000000020092e4       0x6c /opt/altera_lite/15.1/nios2eds/bin/gnu/H-x86_64-pc-linux-gnu/bin/../lib/gcc/nios2-elf/4.9.2/../../../../../H-x86_64-pc-linux-gnu/nios2-elf/lib/libc.a(lib_a-sprintf.o)
                0x00000000020092e4                sprintf
 .text          0x0000000002009350        0x0 /opt/altera_lite/15.1/nios2eds/bin/gnu/H-x86_64-pc-linux-gnu/bin/../lib/gcc/nios2-elf/4.9.2/../../../../../H-x86_64-pc-linux-gnu/nios2-elf/lib/libc.a(lib_a-strcpy.o)
 .text.strcpy   0x0000000002009350       0x90 /opt/altera_lite/15.1/nios2eds/bin/gnu/H-x86_64-pc-linux-gnu/bin/../lib/gcc/nios2-elf/4.9.2/../../../../../H-x86_64-pc-linux-gnu/nios2-elf/lib/libc.a(lib_a-strcpy.o)
                0x0000000002009350                strcpy
 .text          0x00000000020093e0        0x0 /opt/altera_lite/15.1/nios2eds/bin/gnu/H-x86_64-pc-linux-gnu/bin/../lib/gcc/nios2-elf/4.9.2/../../../../../H-x86_64-pc-linux-gnu/nios2-elf/lib/libc.a(lib_a-strlen.o)
 .text.strlen   0x00000000020093e0       0x98 /opt/altera_lite/15.1/nios2eds/bin/gnu/H-x86_64-pc-linux-gnu/bin/../lib/gcc/nios2-elf/4.9.2/../../../../../H-x86_64-pc-linux-gnu/nios2-elf/lib/libc.a(lib_a-strlen.o)
                0x00000000020093e0                strlen
 .text          0x0000000002009478        0x0 /opt/altera_lite/15.1/nios2eds/bin/gnu/H-x86_64-pc-linux-gnu/bin/../lib/gcc/nios2-elf/4.9.2/../../../../../H-x86_64-pc-linux-gnu/nios2-elf/lib/libc.a(lib_a-svfprintf.o)
 .text.___svfprintf_internal_r
                0x0000000002009478     0x1f90 /opt/altera_lite/15.1/nios2eds/bin/gnu/H-x86_64-pc-linux-gnu/bin/../lib/gcc/nios2-elf/4.9.2/../../../../../H-x86_64-pc-linux-gnu/nios2-elf/lib/libc.a(lib_a-svfprintf.o)
                0x0000000002009478                ___svfprintf_internal_r
 .text          0x000000000200b408        0x0 /opt/altera_lite/15.1/nios2eds/bin/gnu/H-x86_64-pc-linux-gnu/bin/../lib/gcc/nios2-elf/4.9.2/../../../../../H-x86_64-pc-linux-gnu/nios2-elf/lib/libc.a(lib_a-vfprintf.o)
 .text.___vfprintf_internal_r
                0x000000000200b408     0x1f50 /opt/altera_lite/15.1/nios2eds/bin/gnu/H-x86_64-pc-linux-gnu/bin/../lib/gcc/nios2-elf/4.9.2/../../../../../H-x86_64-pc-linux-gnu/nios2-elf/lib/libc.a(lib_a-vfprintf.o)
                0x000000000200b408                ___vfprintf_internal_r
 .text.__vfprintf_internal
                0x000000000200d358       0x24 /opt/altera_lite/15.1/nios2eds/bin/gnu/H-x86_64-pc-linux-gnu/bin/../lib/gcc/nios2-elf/4.9.2/../../../../../H-x86_64-pc-linux-gnu/nios2-elf/lib/libc.a(lib_a-vfprintf.o)
                0x000000000200d358                __vfprintf_internal
 .text.__sbprintf
                0x000000000200d37c       0xbc /opt/altera_lite/15.1/nios2eds/bin/gnu/H-x86_64-pc-linux-gnu/bin/../lib/gcc/nios2-elf/4.9.2/../../../../../H-x86_64-pc-linux-gnu/nios2-elf/lib/libc.a(lib_a-vfprintf.o)
 .text          0x000000000200d438        0x0 /opt/altera_lite/15.1/nios2eds/bin/gnu/H-x86_64-pc-linux-gnu/bin/../lib/gcc/nios2-elf/4.9.2/../../../../../H-x86_64-pc-linux-gnu/nios2-elf/lib/libc.a(lib_a-wsetup.o)
 .text.__swsetup_r
                0x000000000200d438      0x154 /opt/altera_lite/15.1/nios2eds/bin/gnu/H-x86_64-pc-linux-gnu/bin/../lib/gcc/nios2-elf/4.9.2/../../../../../H-x86_64-pc-linux-gnu/nios2-elf/lib/libc.a(lib_a-wsetup.o)
                0x000000000200d438                __swsetup_r
 .text          0x000000000200d58c        0x0 /opt/altera_lite/15.1/nios2eds/bin/gnu/H-x86_64-pc-linux-gnu/bin/../lib/gcc/nios2-elf/4.9.2/../../../../../H-x86_64-pc-linux-gnu/nios2-elf/lib/libc.a(lib_a-dtoa.o)
 .text.quorem   0x000000000200d58c      0x200 /opt/altera_lite/15.1/nios2eds/bin/gnu/H-x86_64-pc-linux-gnu/bin/../lib/gcc/nios2-elf/4.9.2/../../../../../H-x86_64-pc-linux-gnu/nios2-elf/lib/libc.a(lib_a-dtoa.o)
 .text._dtoa_r  0x000000000200d78c     0x1728 /opt/altera_lite/15.1/nios2eds/bin/gnu/H-x86_64-pc-linux-gnu/bin/../lib/gcc/nios2-elf/4.9.2/../../../../../H-x86_64-pc-linux-gnu/nios2-elf/lib/libc.a(lib_a-dtoa.o)
                0x000000000200d78c                _dtoa_r
 .text          0x000000000200eeb4        0x0 /opt/altera_lite/15.1/nios2eds/bin/gnu/H-x86_64-pc-linux-gnu/bin/../lib/gcc/nios2-elf/4.9.2/../../../../../H-x86_64-pc-linux-gnu/nios2-elf/lib/libc.a(lib_a-fflush.o)
 .text.__sflush_r
                0x000000000200eeb4      0x208 /opt/altera_lite/15.1/nios2eds/bin/gnu/H-x86_64-pc-linux-gnu/bin/../lib/gcc/nios2-elf/4.9.2/../../../../../H-x86_64-pc-linux-gnu/nios2-elf/lib/libc.a(lib_a-fflush.o)
                0x000000000200eeb4                __sflush_r
 .text._fflush_r
                0x000000000200f0bc       0x5c /opt/altera_lite/15.1/nios2eds/bin/gnu/H-x86_64-pc-linux-gnu/bin/../lib/gcc/nios2-elf/4.9.2/../../../../../H-x86_64-pc-linux-gnu/nios2-elf/lib/libc.a(lib_a-fflush.o)
                0x000000000200f0bc                _fflush_r
 .text.fflush   0x000000000200f118       0x30 /opt/altera_lite/15.1/nios2eds/bin/gnu/H-x86_64-pc-linux-gnu/bin/../lib/gcc/nios2-elf/4.9.2/../../../../../H-x86_64-pc-linux-gnu/nios2-elf/lib/libc.a(lib_a-fflush.o)
                0x000000000200f118                fflush
 .text          0x000000000200f148        0x0 /opt/altera_lite/15.1/nios2eds/bin/gnu/H-x86_64-pc-linux-gnu/bin/../lib/gcc/nios2-elf/4.9.2/../../../../../H-x86_64-pc-linux-gnu/nios2-elf/lib/libc.a(lib_a-findfp.o)
 .text.__fp_lock
                0x000000000200f148        0x8 /opt/altera_lite/15.1/nios2eds/bin/gnu/H-x86_64-pc-linux-gnu/bin/../lib/gcc/nios2-elf/4.9.2/../../../../../H-x86_64-pc-linux-gnu/nios2-elf/lib/libc.a(lib_a-findfp.o)
 .text.__fp_unlock
                0x000000000200f150        0x8 /opt/altera_lite/15.1/nios2eds/bin/gnu/H-x86_64-pc-linux-gnu/bin/../lib/gcc/nios2-elf/4.9.2/../../../../../H-x86_64-pc-linux-gnu/nios2-elf/lib/libc.a(lib_a-findfp.o)
 .text._cleanup_r
                0x000000000200f158        0xc /opt/altera_lite/15.1/nios2eds/bin/gnu/H-x86_64-pc-linux-gnu/bin/../lib/gcc/nios2-elf/4.9.2/../../../../../H-x86_64-pc-linux-gnu/nios2-elf/lib/libc.a(lib_a-findfp.o)
                0x000000000200f158                _cleanup_r
 .text.__sinit.part.1
                0x000000000200f164      0x19c /opt/altera_lite/15.1/nios2eds/bin/gnu/H-x86_64-pc-linux-gnu/bin/../lib/gcc/nios2-elf/4.9.2/../../../../../H-x86_64-pc-linux-gnu/nios2-elf/lib/libc.a(lib_a-findfp.o)
 .text.__sfmoreglue
                0x000000000200f300       0x68 /opt/altera_lite/15.1/nios2eds/bin/gnu/H-x86_64-pc-linux-gnu/bin/../lib/gcc/nios2-elf/4.9.2/../../../../../H-x86_64-pc-linux-gnu/nios2-elf/lib/libc.a(lib_a-findfp.o)
                0x000000000200f300                __sfmoreglue
 .text.__sfp    0x000000000200f368      0x118 /opt/altera_lite/15.1/nios2eds/bin/gnu/H-x86_64-pc-linux-gnu/bin/../lib/gcc/nios2-elf/4.9.2/../../../../../H-x86_64-pc-linux-gnu/nios2-elf/lib/libc.a(lib_a-findfp.o)
                0x000000000200f368                __sfp
 .text._cleanup
                0x000000000200f480       0x18 /opt/altera_lite/15.1/nios2eds/bin/gnu/H-x86_64-pc-linux-gnu/bin/../lib/gcc/nios2-elf/4.9.2/../../../../../H-x86_64-pc-linux-gnu/nios2-elf/lib/libc.a(lib_a-findfp.o)
                0x000000000200f480                _cleanup
 .text.__sinit  0x000000000200f498       0x10 /opt/altera_lite/15.1/nios2eds/bin/gnu/H-x86_64-pc-linux-gnu/bin/../lib/gcc/nios2-elf/4.9.2/../../../../../H-x86_64-pc-linux-gnu/nios2-elf/lib/libc.a(lib_a-findfp.o)
                0x000000000200f498                __sinit
 .text.__sfp_lock_acquire
                0x000000000200f4a8        0x4 /opt/altera_lite/15.1/nios2eds/bin/gnu/H-x86_64-pc-linux-gnu/bin/../lib/gcc/nios2-elf/4.9.2/../../../../../H-x86_64-pc-linux-gnu/nios2-elf/lib/libc.a(lib_a-findfp.o)
                0x000000000200f4a8                __sfp_lock_acquire
 .text.__sfp_lock_release
                0x000000000200f4ac        0x4 /opt/altera_lite/15.1/nios2eds/bin/gnu/H-x86_64-pc-linux-gnu/bin/../lib/gcc/nios2-elf/4.9.2/../../../../../H-x86_64-pc-linux-gnu/nios2-elf/lib/libc.a(lib_a-findfp.o)
                0x000000000200f4ac                __sfp_lock_release
 .text.__sinit_lock_acquire
                0x000000000200f4b0        0x4 /opt/altera_lite/15.1/nios2eds/bin/gnu/H-x86_64-pc-linux-gnu/bin/../lib/gcc/nios2-elf/4.9.2/../../../../../H-x86_64-pc-linux-gnu/nios2-elf/lib/libc.a(lib_a-findfp.o)
                0x000000000200f4b0                __sinit_lock_acquire
 .text.__sinit_lock_release
                0x000000000200f4b4        0x4 /opt/altera_lite/15.1/nios2eds/bin/gnu/H-x86_64-pc-linux-gnu/bin/../lib/gcc/nios2-elf/4.9.2/../../../../../H-x86_64-pc-linux-gnu/nios2-elf/lib/libc.a(lib_a-findfp.o)
                0x000000000200f4b4                __sinit_lock_release
 .text.__fp_lock_all
                0x000000000200f4b8       0x18 /opt/altera_lite/15.1/nios2eds/bin/gnu/H-x86_64-pc-linux-gnu/bin/../lib/gcc/nios2-elf/4.9.2/../../../../../H-x86_64-pc-linux-gnu/nios2-elf/lib/libc.a(lib_a-findfp.o)
                0x000000000200f4b8                __fp_lock_all
 .text.__fp_unlock_all
                0x000000000200f4d0       0x18 /opt/altera_lite/15.1/nios2eds/bin/gnu/H-x86_64-pc-linux-gnu/bin/../lib/gcc/nios2-elf/4.9.2/../../../../../H-x86_64-pc-linux-gnu/nios2-elf/lib/libc.a(lib_a-findfp.o)
                0x000000000200f4d0                __fp_unlock_all
 .text          0x000000000200f4e8        0x0 /opt/altera_lite/15.1/nios2eds/bin/gnu/H-x86_64-pc-linux-gnu/bin/../lib/gcc/nios2-elf/4.9.2/../../../../../H-x86_64-pc-linux-gnu/nios2-elf/lib/libc.a(lib_a-freer.o)
 .text._malloc_trim_r
                0x000000000200f4e8      0x124 /opt/altera_lite/15.1/nios2eds/bin/gnu/H-x86_64-pc-linux-gnu/bin/../lib/gcc/nios2-elf/4.9.2/../../../../../H-x86_64-pc-linux-gnu/nios2-elf/lib/libc.a(lib_a-freer.o)
                0x000000000200f4e8                _malloc_trim_r
 .text._free_r  0x000000000200f60c      0x2f0 /opt/altera_lite/15.1/nios2eds/bin/gnu/H-x86_64-pc-linux-gnu/bin/../lib/gcc/nios2-elf/4.9.2/../../../../../H-x86_64-pc-linux-gnu/nios2-elf/lib/libc.a(lib_a-freer.o)
                0x000000000200f60c                _free_r
 .text          0x000000000200f8fc        0x0 /opt/altera_lite/15.1/nios2eds/bin/gnu/H-x86_64-pc-linux-gnu/bin/../lib/gcc/nios2-elf/4.9.2/../../../../../H-x86_64-pc-linux-gnu/nios2-elf/lib/libc.a(lib_a-fvwrite.o)
 .text.__sfvwrite_r
                0x000000000200f8fc      0x4c0 /opt/altera_lite/15.1/nios2eds/bin/gnu/H-x86_64-pc-linux-gnu/bin/../lib/gcc/nios2-elf/4.9.2/../../../../../H-x86_64-pc-linux-gnu/nios2-elf/lib/libc.a(lib_a-fvwrite.o)
                0x000000000200f8fc                __sfvwrite_r
 .text          0x000000000200fdbc        0x0 /opt/altera_lite/15.1/nios2eds/bin/gnu/H-x86_64-pc-linux-gnu/bin/../lib/gcc/nios2-elf/4.9.2/../../../../../H-x86_64-pc-linux-gnu/nios2-elf/lib/libc.a(lib_a-fwalk.o)
 .text._fwalk   0x000000000200fdbc       0xc4 /opt/altera_lite/15.1/nios2eds/bin/gnu/H-x86_64-pc-linux-gnu/bin/../lib/gcc/nios2-elf/4.9.2/../../../../../H-x86_64-pc-linux-gnu/nios2-elf/lib/libc.a(lib_a-fwalk.o)
                0x000000000200fdbc                _fwalk
 .text._fwalk_reent
                0x000000000200fe80       0xc4 /opt/altera_lite/15.1/nios2eds/bin/gnu/H-x86_64-pc-linux-gnu/bin/../lib/gcc/nios2-elf/4.9.2/../../../../../H-x86_64-pc-linux-gnu/nios2-elf/lib/libc.a(lib_a-fwalk.o)
                0x000000000200fe80                _fwalk_reent
 .text          0x000000000200ff44        0x0 /opt/altera_lite/15.1/nios2eds/bin/gnu/H-x86_64-pc-linux-gnu/bin/../lib/gcc/nios2-elf/4.9.2/../../../../../H-x86_64-pc-linux-gnu/nios2-elf/lib/libc.a(lib_a-int_errno.o)
 .text          0x000000000200ff44        0x0 /opt/altera_lite/15.1/nios2eds/bin/gnu/H-x86_64-pc-linux-gnu/bin/../lib/gcc/nios2-elf/4.9.2/../../../../../H-x86_64-pc-linux-gnu/nios2-elf/lib/libc.a(lib_a-locale.o)
 .text._setlocale_r
                0x000000000200ff44       0x7c /opt/altera_lite/15.1/nios2eds/bin/gnu/H-x86_64-pc-linux-gnu/bin/../lib/gcc/nios2-elf/4.9.2/../../../../../H-x86_64-pc-linux-gnu/nios2-elf/lib/libc.a(lib_a-locale.o)
                0x000000000200ff44                _setlocale_r
 .text.__locale_charset
                0x000000000200ffc0        0xc /opt/altera_lite/15.1/nios2eds/bin/gnu/H-x86_64-pc-linux-gnu/bin/../lib/gcc/nios2-elf/4.9.2/../../../../../H-x86_64-pc-linux-gnu/nios2-elf/lib/libc.a(lib_a-locale.o)
                0x000000000200ffc0                __locale_charset
 .text.__locale_mb_cur_max
                0x000000000200ffcc       0x10 /opt/altera_lite/15.1/nios2eds/bin/gnu/H-x86_64-pc-linux-gnu/bin/../lib/gcc/nios2-elf/4.9.2/../../../../../H-x86_64-pc-linux-gnu/nios2-elf/lib/libc.a(lib_a-locale.o)
                0x000000000200ffcc                __locale_mb_cur_max
 .text.__locale_msgcharset
                0x000000000200ffdc        0xc /opt/altera_lite/15.1/nios2eds/bin/gnu/H-x86_64-pc-linux-gnu/bin/../lib/gcc/nios2-elf/4.9.2/../../../../../H-x86_64-pc-linux-gnu/nios2-elf/lib/libc.a(lib_a-locale.o)
                0x000000000200ffdc                __locale_msgcharset
 .text.__locale_cjk_lang
                0x000000000200ffe8        0x8 /opt/altera_lite/15.1/nios2eds/bin/gnu/H-x86_64-pc-linux-gnu/bin/../lib/gcc/nios2-elf/4.9.2/../../../../../H-x86_64-pc-linux-gnu/nios2-elf/lib/libc.a(lib_a-locale.o)
                0x000000000200ffe8                __locale_cjk_lang
 .text._localeconv_r
                0x000000000200fff0        0xc /opt/altera_lite/15.1/nios2eds/bin/gnu/H-x86_64-pc-linux-gnu/bin/../lib/gcc/nios2-elf/4.9.2/../../../../../H-x86_64-pc-linux-gnu/nios2-elf/lib/libc.a(lib_a-locale.o)
                0x000000000200fff0                _localeconv_r
 .text.setlocale
                0x000000000200fffc       0x1c /opt/altera_lite/15.1/nios2eds/bin/gnu/H-x86_64-pc-linux-gnu/bin/../lib/gcc/nios2-elf/4.9.2/../../../../../H-x86_64-pc-linux-gnu/nios2-elf/lib/libc.a(lib_a-locale.o)
                0x000000000200fffc                setlocale
 .text.localeconv
                0x0000000002010018        0xc /opt/altera_lite/15.1/nios2eds/bin/gnu/H-x86_64-pc-linux-gnu/bin/../lib/gcc/nios2-elf/4.9.2/../../../../../H-x86_64-pc-linux-gnu/nios2-elf/lib/libc.a(lib_a-locale.o)
                0x0000000002010018                localeconv
 .text          0x0000000002010024        0x0 /opt/altera_lite/15.1/nios2eds/bin/gnu/H-x86_64-pc-linux-gnu/bin/../lib/gcc/nios2-elf/4.9.2/../../../../../H-x86_64-pc-linux-gnu/nios2-elf/lib/libc.a(lib_a-makebuf.o)
 .text.__smakebuf_r
                0x0000000002010024      0x1b8 /opt/altera_lite/15.1/nios2eds/bin/gnu/H-x86_64-pc-linux-gnu/bin/../lib/gcc/nios2-elf/4.9.2/../../../../../H-x86_64-pc-linux-gnu/nios2-elf/lib/libc.a(lib_a-makebuf.o)
                0x0000000002010024                __smakebuf_r
 .text          0x00000000020101dc        0x0 /opt/altera_lite/15.1/nios2eds/bin/gnu/H-x86_64-pc-linux-gnu/bin/../lib/gcc/nios2-elf/4.9.2/../../../../../H-x86_64-pc-linux-gnu/nios2-elf/lib/libc.a(lib_a-memchr.o)
 .text.memchr   0x00000000020101dc       0xe8 /opt/altera_lite/15.1/nios2eds/bin/gnu/H-x86_64-pc-linux-gnu/bin/../lib/gcc/nios2-elf/4.9.2/../../../../../H-x86_64-pc-linux-gnu/nios2-elf/lib/libc.a(lib_a-memchr.o)
                0x00000000020101dc                memchr
 .text          0x00000000020102c4        0x0 /opt/altera_lite/15.1/nios2eds/bin/gnu/H-x86_64-pc-linux-gnu/bin/../lib/gcc/nios2-elf/4.9.2/../../../../../H-x86_64-pc-linux-gnu/nios2-elf/lib/libc.a(lib_a-memmove.o)
 .text.memmove  0x00000000020102c4      0x15c /opt/altera_lite/15.1/nios2eds/bin/gnu/H-x86_64-pc-linux-gnu/bin/../lib/gcc/nios2-elf/4.9.2/../../../../../H-x86_64-pc-linux-gnu/nios2-elf/lib/libc.a(lib_a-memmove.o)
                0x00000000020102c4                memmove
 .text          0x0000000002010420        0x0 /opt/altera_lite/15.1/nios2eds/bin/gnu/H-x86_64-pc-linux-gnu/bin/../lib/gcc/nios2-elf/4.9.2/../../../../../H-x86_64-pc-linux-gnu/nios2-elf/lib/libc.a(lib_a-mprec.o)
 .text._Balloc  0x0000000002010420       0xa8 /opt/altera_lite/15.1/nios2eds/bin/gnu/H-x86_64-pc-linux-gnu/bin/../lib/gcc/nios2-elf/4.9.2/../../../../../H-x86_64-pc-linux-gnu/nios2-elf/lib/libc.a(lib_a-mprec.o)
                0x0000000002010420                _Balloc
 .text._Bfree   0x00000000020104c8       0x28 /opt/altera_lite/15.1/nios2eds/bin/gnu/H-x86_64-pc-linux-gnu/bin/../lib/gcc/nios2-elf/4.9.2/../../../../../H-x86_64-pc-linux-gnu/nios2-elf/lib/libc.a(lib_a-mprec.o)
                0x00000000020104c8                _Bfree
 .text.__multadd
                0x00000000020104f0      0x120 /opt/altera_lite/15.1/nios2eds/bin/gnu/H-x86_64-pc-linux-gnu/bin/../lib/gcc/nios2-elf/4.9.2/../../../../../H-x86_64-pc-linux-gnu/nios2-elf/lib/libc.a(lib_a-mprec.o)
                0x00000000020104f0                __multadd
 .text.__s2b    0x0000000002010610      0x104 /opt/altera_lite/15.1/nios2eds/bin/gnu/H-x86_64-pc-linux-gnu/bin/../lib/gcc/nios2-elf/4.9.2/../../../../../H-x86_64-pc-linux-gnu/nios2-elf/lib/libc.a(lib_a-mprec.o)
                0x0000000002010610                __s2b
 .text.__hi0bits
                0x0000000002010714       0x68 /opt/altera_lite/15.1/nios2eds/bin/gnu/H-x86_64-pc-linux-gnu/bin/../lib/gcc/nios2-elf/4.9.2/../../../../../H-x86_64-pc-linux-gnu/nios2-elf/lib/libc.a(lib_a-mprec.o)
                0x0000000002010714                __hi0bits
 .text.__lo0bits
                0x000000000201077c       0xb0 /opt/altera_lite/15.1/nios2eds/bin/gnu/H-x86_64-pc-linux-gnu/bin/../lib/gcc/nios2-elf/4.9.2/../../../../../H-x86_64-pc-linux-gnu/nios2-elf/lib/libc.a(lib_a-mprec.o)
                0x000000000201077c                __lo0bits
 .text.__i2b    0x000000000201082c       0x3c /opt/altera_lite/15.1/nios2eds/bin/gnu/H-x86_64-pc-linux-gnu/bin/../lib/gcc/nios2-elf/4.9.2/../../../../../H-x86_64-pc-linux-gnu/nios2-elf/lib/libc.a(lib_a-mprec.o)
                0x000000000201082c                __i2b
 .text.__multiply
                0x0000000002010868      0x1fc /opt/altera_lite/15.1/nios2eds/bin/gnu/H-x86_64-pc-linux-gnu/bin/../lib/gcc/nios2-elf/4.9.2/../../../../../H-x86_64-pc-linux-gnu/nios2-elf/lib/libc.a(lib_a-mprec.o)
                0x0000000002010868                __multiply
 .text.__pow5mult
                0x0000000002010a64      0x140 /opt/altera_lite/15.1/nios2eds/bin/gnu/H-x86_64-pc-linux-gnu/bin/../lib/gcc/nios2-elf/4.9.2/../../../../../H-x86_64-pc-linux-gnu/nios2-elf/lib/libc.a(lib_a-mprec.o)
                0x0000000002010a64                __pow5mult
 .text.__lshift
                0x0000000002010ba4      0x150 /opt/altera_lite/15.1/nios2eds/bin/gnu/H-x86_64-pc-linux-gnu/bin/../lib/gcc/nios2-elf/4.9.2/../../../../../H-x86_64-pc-linux-gnu/nios2-elf/lib/libc.a(lib_a-mprec.o)
                0x0000000002010ba4                __lshift
 .text.__mcmp   0x0000000002010cf4       0x60 /opt/altera_lite/15.1/nios2eds/bin/gnu/H-x86_64-pc-linux-gnu/bin/../lib/gcc/nios2-elf/4.9.2/../../../../../H-x86_64-pc-linux-gnu/nios2-elf/lib/libc.a(lib_a-mprec.o)
                0x0000000002010cf4                __mcmp
 .text.__mdiff  0x0000000002010d54      0x198 /opt/altera_lite/15.1/nios2eds/bin/gnu/H-x86_64-pc-linux-gnu/bin/../lib/gcc/nios2-elf/4.9.2/../../../../../H-x86_64-pc-linux-gnu/nios2-elf/lib/libc.a(lib_a-mprec.o)
                0x0000000002010d54                __mdiff
 .text.__ulp    0x0000000002010eec       0x60 /opt/altera_lite/15.1/nios2eds/bin/gnu/H-x86_64-pc-linux-gnu/bin/../lib/gcc/nios2-elf/4.9.2/../../../../../H-x86_64-pc-linux-gnu/nios2-elf/lib/libc.a(lib_a-mprec.o)
                0x0000000002010eec                __ulp
 .text.__b2d    0x0000000002010f4c      0x11c /opt/altera_lite/15.1/nios2eds/bin/gnu/H-x86_64-pc-linux-gnu/bin/../lib/gcc/nios2-elf/4.9.2/../../../../../H-x86_64-pc-linux-gnu/nios2-elf/lib/libc.a(lib_a-mprec.o)
                0x0000000002010f4c                __b2d
 .text.__d2b    0x0000000002011068      0x13c /opt/altera_lite/15.1/nios2eds/bin/gnu/H-x86_64-pc-linux-gnu/bin/../lib/gcc/nios2-elf/4.9.2/../../../../../H-x86_64-pc-linux-gnu/nios2-elf/lib/libc.a(lib_a-mprec.o)
                0x0000000002011068                __d2b
 .text.__ratio  0x00000000020111a4       0xa4 /opt/altera_lite/15.1/nios2eds/bin/gnu/H-x86_64-pc-linux-gnu/bin/../lib/gcc/nios2-elf/4.9.2/../../../../../H-x86_64-pc-linux-gnu/nios2-elf/lib/libc.a(lib_a-mprec.o)
                0x00000000020111a4                __ratio
 .text._mprec_log10
                0x0000000002011248       0x74 /opt/altera_lite/15.1/nios2eds/bin/gnu/H-x86_64-pc-linux-gnu/bin/../lib/gcc/nios2-elf/4.9.2/../../../../../H-x86_64-pc-linux-gnu/nios2-elf/lib/libc.a(lib_a-mprec.o)
                0x0000000002011248                _mprec_log10
 .text.__copybits
                0x00000000020112bc       0x78 /opt/altera_lite/15.1/nios2eds/bin/gnu/H-x86_64-pc-linux-gnu/bin/../lib/gcc/nios2-elf/4.9.2/../../../../../H-x86_64-pc-linux-gnu/nios2-elf/lib/libc.a(lib_a-mprec.o)
                0x00000000020112bc                __copybits
 .text.__any_on
                0x0000000002011334       0x8c /opt/altera_lite/15.1/nios2eds/bin/gnu/H-x86_64-pc-linux-gnu/bin/../lib/gcc/nios2-elf/4.9.2/../../../../../H-x86_64-pc-linux-gnu/nios2-elf/lib/libc.a(lib_a-mprec.o)
                0x0000000002011334                __any_on
 .text          0x00000000020113c0        0x0 /opt/altera_lite/15.1/nios2eds/bin/gnu/H-x86_64-pc-linux-gnu/bin/../lib/gcc/nios2-elf/4.9.2/../../../../../H-x86_64-pc-linux-gnu/nios2-elf/lib/libc.a(lib_a-reallocr.o)
 .text._realloc_r
                0x00000000020113c0      0x568 /opt/altera_lite/15.1/nios2eds/bin/gnu/H-x86_64-pc-linux-gnu/bin/../lib/gcc/nios2-elf/4.9.2/../../../../../H-x86_64-pc-linux-gnu/nios2-elf/lib/libc.a(lib_a-reallocr.o)
                0x00000000020113c0                _realloc_r
 .text          0x0000000002011928        0x0 /opt/altera_lite/15.1/nios2eds/bin/gnu/H-x86_64-pc-linux-gnu/bin/../lib/gcc/nios2-elf/4.9.2/../../../../../H-x86_64-pc-linux-gnu/nios2-elf/lib/libc.a(lib_a-stdio.o)
 .text.__sread  0x0000000002011928       0x54 /opt/altera_lite/15.1/nios2eds/bin/gnu/H-x86_64-pc-linux-gnu/bin/../lib/gcc/nios2-elf/4.9.2/../../../../../H-x86_64-pc-linux-gnu/nios2-elf/lib/libc.a(lib_a-stdio.o)
                0x0000000002011928                __sread
 .text.__seofread
                0x000000000201197c        0x8 /opt/altera_lite/15.1/nios2eds/bin/gnu/H-x86_64-pc-linux-gnu/bin/../lib/gcc/nios2-elf/4.9.2/../../../../../H-x86_64-pc-linux-gnu/nios2-elf/lib/libc.a(lib_a-stdio.o)
                0x000000000201197c                __seofread
 .text.__swrite
                0x0000000002011984       0x7c /opt/altera_lite/15.1/nios2eds/bin/gnu/H-x86_64-pc-linux-gnu/bin/../lib/gcc/nios2-elf/4.9.2/../../../../../H-x86_64-pc-linux-gnu/nios2-elf/lib/libc.a(lib_a-stdio.o)
                0x0000000002011984                __swrite
 .text.__sseek  0x0000000002011a00       0x5c /opt/altera_lite/15.1/nios2eds/bin/gnu/H-x86_64-pc-linux-gnu/bin/../lib/gcc/nios2-elf/4.9.2/../../../../../H-x86_64-pc-linux-gnu/nios2-elf/lib/libc.a(lib_a-stdio.o)
                0x0000000002011a00                __sseek
 .text.__sclose
                0x0000000002011a5c        0x8 /opt/altera_lite/15.1/nios2eds/bin/gnu/H-x86_64-pc-linux-gnu/bin/../lib/gcc/nios2-elf/4.9.2/../../../../../H-x86_64-pc-linux-gnu/nios2-elf/lib/libc.a(lib_a-stdio.o)
                0x0000000002011a5c                __sclose
 .text          0x0000000002011a64        0x0 /opt/altera_lite/15.1/nios2eds/bin/gnu/H-x86_64-pc-linux-gnu/bin/../lib/gcc/nios2-elf/4.9.2/../../../../../H-x86_64-pc-linux-gnu/nios2-elf/lib/libc.a(lib_a-strcmp.o)
 .text.strcmp   0x0000000002011a64       0xa4 /opt/altera_lite/15.1/nios2eds/bin/gnu/H-x86_64-pc-linux-gnu/bin/../lib/gcc/nios2-elf/4.9.2/../../../../../H-x86_64-pc-linux-gnu/nios2-elf/lib/libc.a(lib_a-strcmp.o)
                0x0000000002011a64                strcmp
 .text          0x0000000002011b08        0x0 /opt/altera_lite/15.1/nios2eds/bin/gnu/H-x86_64-pc-linux-gnu/bin/../lib/gcc/nios2-elf/4.9.2/../../../../../H-x86_64-pc-linux-gnu/nios2-elf/lib/libc.a(lib_a-svfiprintf.o)
 .text.__ssprint_r
                0x0000000002011b08      0x1cc /opt/altera_lite/15.1/nios2eds/bin/gnu/H-x86_64-pc-linux-gnu/bin/../lib/gcc/nios2-elf/4.9.2/../../../../../H-x86_64-pc-linux-gnu/nios2-elf/lib/libc.a(lib_a-svfiprintf.o)
                0x0000000002011b08                __ssprint_r
 .text.___svfiprintf_internal_r
                0x0000000002011cd4     0x1038 /opt/altera_lite/15.1/nios2eds/bin/gnu/H-x86_64-pc-linux-gnu/bin/../lib/gcc/nios2-elf/4.9.2/../../../../../H-x86_64-pc-linux-gnu/nios2-elf/lib/libc.a(lib_a-svfiprintf.o)
                0x0000000002011cd4                ___svfiprintf_internal_r
 .text          0x0000000002012d0c        0x0 /opt/altera_lite/15.1/nios2eds/bin/gnu/H-x86_64-pc-linux-gnu/bin/../lib/gcc/nios2-elf/4.9.2/../../../../../H-x86_64-pc-linux-gnu/nios2-elf/lib/libc.a(lib_a-vfiprintf.o)
 .text.__sprint_r.part.0
                0x0000000002012d0c       0xfc /opt/altera_lite/15.1/nios2eds/bin/gnu/H-x86_64-pc-linux-gnu/bin/../lib/gcc/nios2-elf/4.9.2/../../../../../H-x86_64-pc-linux-gnu/nios2-elf/lib/libc.a(lib_a-vfiprintf.o)
 .text.__sprint_r
                0x0000000002012e08       0x18 /opt/altera_lite/15.1/nios2eds/bin/gnu/H-x86_64-pc-linux-gnu/bin/../lib/gcc/nios2-elf/4.9.2/../../../../../H-x86_64-pc-linux-gnu/nios2-elf/lib/libc.a(lib_a-vfiprintf.o)
                0x0000000002012e08                __sprint_r
 .text.___vfiprintf_internal_r
                0x0000000002012e20     0x12d0 /opt/altera_lite/15.1/nios2eds/bin/gnu/H-x86_64-pc-linux-gnu/bin/../lib/gcc/nios2-elf/4.9.2/../../../../../H-x86_64-pc-linux-gnu/nios2-elf/lib/libc.a(lib_a-vfiprintf.o)
                0x0000000002012e20                ___vfiprintf_internal_r
 .text.__vfiprintf_internal
                0x00000000020140f0       0x24 /opt/altera_lite/15.1/nios2eds/bin/gnu/H-x86_64-pc-linux-gnu/bin/../lib/gcc/nios2-elf/4.9.2/../../../../../H-x86_64-pc-linux-gnu/nios2-elf/lib/libc.a(lib_a-vfiprintf.o)
                0x00000000020140f0                __vfiprintf_internal
 .text.__sbprintf
                0x0000000002014114       0xbc /opt/altera_lite/15.1/nios2eds/bin/gnu/H-x86_64-pc-linux-gnu/bin/../lib/gcc/nios2-elf/4.9.2/../../../../../H-x86_64-pc-linux-gnu/nios2-elf/lib/libc.a(lib_a-vfiprintf.o)
 .text          0x00000000020141d0        0x0 /opt/altera_lite/15.1/nios2eds/bin/gnu/H-x86_64-pc-linux-gnu/bin/../lib/gcc/nios2-elf/4.9.2/../../../../../H-x86_64-pc-linux-gnu/nios2-elf/lib/libc.a(lib_a-writer.o)
 .text._write_r
                0x00000000020141d0       0x5c /opt/altera_lite/15.1/nios2eds/bin/gnu/H-x86_64-pc-linux-gnu/bin/../lib/gcc/nios2-elf/4.9.2/../../../../../H-x86_64-pc-linux-gnu/nios2-elf/lib/libc.a(lib_a-writer.o)
                0x00000000020141d0                _write_r
 .text          0x000000000201422c        0x0 /opt/altera_lite/15.1/nios2eds/bin/gnu/H-x86_64-pc-linux-gnu/bin/../lib/gcc/nios2-elf/4.9.2/../../../../../H-x86_64-pc-linux-gnu/nios2-elf/lib/libc.a(closer.o)
 .text._close_r
                0x000000000201422c       0x54 /opt/altera_lite/15.1/nios2eds/bin/gnu/H-x86_64-pc-linux-gnu/bin/../lib/gcc/nios2-elf/4.9.2/../../../../../H-x86_64-pc-linux-gnu/nios2-elf/lib/libc.a(closer.o)
                0x000000000201422c                _close_r
 .text          0x0000000002014280        0x0 /opt/altera_lite/15.1/nios2eds/bin/gnu/H-x86_64-pc-linux-gnu/bin/../lib/gcc/nios2-elf/4.9.2/../../../../../H-x86_64-pc-linux-gnu/nios2-elf/lib/libc.a(lib_a-callocr.o)
 .text._calloc_r
                0x0000000002014280       0xc4 /opt/altera_lite/15.1/nios2eds/bin/gnu/H-x86_64-pc-linux-gnu/bin/../lib/gcc/nios2-elf/4.9.2/../../../../../H-x86_64-pc-linux-gnu/nios2-elf/lib/libc.a(lib_a-callocr.o)
                0x0000000002014280                _calloc_r
 .text          0x0000000002014344        0x0 /opt/altera_lite/15.1/nios2eds/bin/gnu/H-x86_64-pc-linux-gnu/bin/../lib/gcc/nios2-elf/4.9.2/../../../../../H-x86_64-pc-linux-gnu/nios2-elf/lib/libc.a(lib_a-fclose.o)
 .text._fclose_r
                0x0000000002014344       0xf0 /opt/altera_lite/15.1/nios2eds/bin/gnu/H-x86_64-pc-linux-gnu/bin/../lib/gcc/nios2-elf/4.9.2/../../../../../H-x86_64-pc-linux-gnu/nios2-elf/lib/libc.a(lib_a-fclose.o)
                0x0000000002014344                _fclose_r
 .text.fclose   0x0000000002014434       0x14 /opt/altera_lite/15.1/nios2eds/bin/gnu/H-x86_64-pc-linux-gnu/bin/../lib/gcc/nios2-elf/4.9.2/../../../../../H-x86_64-pc-linux-gnu/nios2-elf/lib/libc.a(lib_a-fclose.o)
                0x0000000002014434                fclose
 .text          0x0000000002014448        0x0 /opt/altera_lite/15.1/nios2eds/bin/gnu/H-x86_64-pc-linux-gnu/bin/../lib/gcc/nios2-elf/4.9.2/../../../../../H-x86_64-pc-linux-gnu/nios2-elf/lib/libc.a(lib_a-fputwc.o)
 .text._fputwc_r
                0x0000000002014448      0x184 /opt/altera_lite/15.1/nios2eds/bin/gnu/H-x86_64-pc-linux-gnu/bin/../lib/gcc/nios2-elf/4.9.2/../../../../../H-x86_64-pc-linux-gnu/nios2-elf/lib/libc.a(lib_a-fputwc.o)
                0x0000000002014448                _fputwc_r
 .text.fputwc   0x00000000020145cc       0x5c /opt/altera_lite/15.1/nios2eds/bin/gnu/H-x86_64-pc-linux-gnu/bin/../lib/gcc/nios2-elf/4.9.2/../../../../../H-x86_64-pc-linux-gnu/nios2-elf/lib/libc.a(lib_a-fputwc.o)
                0x00000000020145cc                fputwc
 .text          0x0000000002014628        0x0 /opt/altera_lite/15.1/nios2eds/bin/gnu/H-x86_64-pc-linux-gnu/bin/../lib/gcc/nios2-elf/4.9.2/../../../../../H-x86_64-pc-linux-gnu/nios2-elf/lib/libc.a(lib_a-fstatr.o)
 .text._fstat_r
                0x0000000002014628       0x58 /opt/altera_lite/15.1/nios2eds/bin/gnu/H-x86_64-pc-linux-gnu/bin/../lib/gcc/nios2-elf/4.9.2/../../../../../H-x86_64-pc-linux-gnu/nios2-elf/lib/libc.a(lib_a-fstatr.o)
                0x0000000002014628                _fstat_r
 .text          0x0000000002014680        0x0 /opt/altera_lite/15.1/nios2eds/bin/gnu/H-x86_64-pc-linux-gnu/bin/../lib/gcc/nios2-elf/4.9.2/../../../../../H-x86_64-pc-linux-gnu/nios2-elf/lib/libc.a(lib_a-isattyr.o)
 .text._isatty_r
                0x0000000002014680       0x54 /opt/altera_lite/15.1/nios2eds/bin/gnu/H-x86_64-pc-linux-gnu/bin/../lib/gcc/nios2-elf/4.9.2/../../../../../H-x86_64-pc-linux-gnu/nios2-elf/lib/libc.a(lib_a-isattyr.o)
                0x0000000002014680                _isatty_r
 .text          0x00000000020146d4        0x0 /opt/altera_lite/15.1/nios2eds/bin/gnu/H-x86_64-pc-linux-gnu/bin/../lib/gcc/nios2-elf/4.9.2/../../../../../H-x86_64-pc-linux-gnu/nios2-elf/lib/libc.a(lib_a-lseekr.o)
 .text._lseek_r
                0x00000000020146d4       0x5c /opt/altera_lite/15.1/nios2eds/bin/gnu/H-x86_64-pc-linux-gnu/bin/../lib/gcc/nios2-elf/4.9.2/../../../../../H-x86_64-pc-linux-gnu/nios2-elf/lib/libc.a(lib_a-lseekr.o)
                0x00000000020146d4                _lseek_r
 .text          0x0000000002014730        0x0 /opt/altera_lite/15.1/nios2eds/bin/gnu/H-x86_64-pc-linux-gnu/bin/../lib/gcc/nios2-elf/4.9.2/../../../../../H-x86_64-pc-linux-gnu/nios2-elf/lib/libc.a(lib_a-readr.o)
 .text._read_r  0x0000000002014730       0x5c /opt/altera_lite/15.1/nios2eds/bin/gnu/H-x86_64-pc-linux-gnu/bin/../lib/gcc/nios2-elf/4.9.2/../../../../../H-x86_64-pc-linux-gnu/nios2-elf/lib/libc.a(lib_a-readr.o)
                0x0000000002014730                _read_r
 .text          0x000000000201478c        0x0 /opt/altera_lite/15.1/nios2eds/bin/gnu/H-x86_64-pc-linux-gnu/bin/../lib/gcc/nios2-elf/4.9.2/../../../../../H-x86_64-pc-linux-gnu/nios2-elf/lib/libc.a(lib_a-wbuf.o)
 .text.__swbuf_r
                0x000000000201478c      0x138 /opt/altera_lite/15.1/nios2eds/bin/gnu/H-x86_64-pc-linux-gnu/bin/../lib/gcc/nios2-elf/4.9.2/../../../../../H-x86_64-pc-linux-gnu/nios2-elf/lib/libc.a(lib_a-wbuf.o)
                0x000000000201478c                __swbuf_r
 .text.__swbuf  0x00000000020148c4       0x1c /opt/altera_lite/15.1/nios2eds/bin/gnu/H-x86_64-pc-linux-gnu/bin/../lib/gcc/nios2-elf/4.9.2/../../../../../H-x86_64-pc-linux-gnu/nios2-elf/lib/libc.a(lib_a-wbuf.o)
                0x00000000020148c4                __swbuf
 .text          0x00000000020148e0        0x0 /opt/altera_lite/15.1/nios2eds/bin/gnu/H-x86_64-pc-linux-gnu/bin/../lib/gcc/nios2-elf/4.9.2/../../../../../H-x86_64-pc-linux-gnu/nios2-elf/lib/libc.a(lib_a-wcrtomb.o)
 .text._wcrtomb_r
                0x00000000020148e0       0x9c /opt/altera_lite/15.1/nios2eds/bin/gnu/H-x86_64-pc-linux-gnu/bin/../lib/gcc/nios2-elf/4.9.2/../../../../../H-x86_64-pc-linux-gnu/nios2-elf/lib/libc.a(lib_a-wcrtomb.o)
                0x00000000020148e0                _wcrtomb_r
 .text.wcrtomb  0x000000000201497c       0xc0 /opt/altera_lite/15.1/nios2eds/bin/gnu/H-x86_64-pc-linux-gnu/bin/../lib/gcc/nios2-elf/4.9.2/../../../../../H-x86_64-pc-linux-gnu/nios2-elf/lib/libc.a(lib_a-wcrtomb.o)
                0x000000000201497c                wcrtomb
 .text          0x0000000002014a3c        0x0 /opt/altera_lite/15.1/nios2eds/bin/gnu/H-x86_64-pc-linux-gnu/bin/../lib/gcc/nios2-elf/4.9.2/../../../../../H-x86_64-pc-linux-gnu/nios2-elf/lib/libc.a(lib_a-wctomb_r.o)
 .text.__ascii_wctomb
                0x0000000002014a3c       0x30 /opt/altera_lite/15.1/nios2eds/bin/gnu/H-x86_64-pc-linux-gnu/bin/../lib/gcc/nios2-elf/4.9.2/../../../../../H-x86_64-pc-linux-gnu/nios2-elf/lib/libc.a(lib_a-wctomb_r.o)
                0x0000000002014a3c                __ascii_wctomb
 .text._wctomb_r
                0x0000000002014a6c       0x5c /opt/altera_lite/15.1/nios2eds/bin/gnu/H-x86_64-pc-linux-gnu/bin/../lib/gcc/nios2-elf/4.9.2/../../../../../H-x86_64-pc-linux-gnu/nios2-elf/lib/libc.a(lib_a-wctomb_r.o)
                0x0000000002014a6c                _wctomb_r
 .text          0x0000000002014ac8      0x5c0 /opt/altera_lite/15.1/nios2eds/bin/gnu/H-x86_64-pc-linux-gnu/bin/../lib/gcc/nios2-elf/4.9.2/libgcc.a(_udivdi3.o)
                0x0000000002014ac8                __udivdi3
 .text          0x0000000002015088      0x590 /opt/altera_lite/15.1/nios2eds/bin/gnu/H-x86_64-pc-linux-gnu/bin/../lib/gcc/nios2-elf/4.9.2/libgcc.a(_umoddi3.o)
                0x0000000002015088                __umoddi3
 .text          0x0000000002015618       0x84 /opt/altera_lite/15.1/nios2eds/bin/gnu/H-x86_64-pc-linux-gnu/bin/../lib/gcc/nios2-elf/4.9.2/libgcc.a(eqdf2.o)
                0x0000000002015618                __eqdf2
                0x0000000002015618                __nedf2
 .text          0x000000000201569c       0xe0 /opt/altera_lite/15.1/nios2eds/bin/gnu/H-x86_64-pc-linux-gnu/bin/../lib/gcc/nios2-elf/4.9.2/libgcc.a(gedf2.o)
                0x000000000201569c                __gtdf2
                0x000000000201569c                __gedf2
 .text          0x000000000201577c       0xa4 /opt/altera_lite/15.1/nios2eds/bin/gnu/H-x86_64-pc-linux-gnu/bin/../lib/gcc/nios2-elf/4.9.2/libgcc.a(floatunsidf.o)
                0x000000000201577c                __floatunsidf
 .text          0x0000000002015820      0x140 ../software_LT24_bsp//libhal_bsp.a(alt_alarm_start.o)
                0x0000000002015820                alt_alarm_start
 .text          0x0000000002015960      0x120 ../software_LT24_bsp//libhal_bsp.a(alt_close.o)
                0x00000000020159b0                close
 .text          0x0000000002015a80       0x2c ../software_LT24_bsp//libhal_bsp.a(alt_dev.o)
 .text          0x0000000002015aac        0x0 ../software_LT24_bsp//libhal_bsp.a(alt_errno.o)
 .text          0x0000000002015aac      0x100 ../software_LT24_bsp//libhal_bsp.a(alt_fstat.o)
                0x0000000002015afc                fstat
 .text          0x0000000002015bac      0x1e0 ../software_LT24_bsp//libhal_bsp.a(alt_iic.o)
                0x0000000002015bac                alt_ic_isr_register
                0x0000000002015bfc                alt_ic_irq_enable
                0x0000000002015c9c                alt_ic_irq_disable
                0x0000000002015d40                alt_ic_irq_enabled
 .text          0x0000000002015d8c       0xf0 ../software_LT24_bsp//libhal_bsp.a(alt_iic_isr_register.o)
                0x0000000002015d8c                alt_iic_isr_register
 .text          0x0000000002015e7c        0x0 ../software_LT24_bsp//libhal_bsp.a(alt_irq_entry.o)
 .text          0x0000000002015e7c        0x0 ../software_LT24_bsp//libhal_bsp.a(alt_irq_handler.o)
 .text          0x0000000002015e7c        0x0 ../software_LT24_bsp//libhal_bsp.a(alt_irq_vars.o)
 .text          0x0000000002015e7c       0xf4 ../software_LT24_bsp//libhal_bsp.a(alt_isatty.o)
                0x0000000002015ecc                isatty
 .text          0x0000000002015f70       0xe4 ../software_LT24_bsp//libhal_bsp.a(alt_load.o)
                0x0000000002015fd4                alt_load
 .text          0x0000000002016054      0x124 ../software_LT24_bsp//libhal_bsp.a(alt_lseek.o)
                0x00000000020160a4                lseek
 .text          0x0000000002016178       0x78 ../software_LT24_bsp//libhal_bsp.a(alt_main.o)
                0x0000000002016178                alt_main
 .text          0x00000000020161f0       0x40 ../software_LT24_bsp//libhal_bsp.a(alt_malloc_lock.o)
                0x00000000020161f0                __malloc_lock
                0x0000000002016210                __malloc_unlock
 .text          0x0000000002016230      0x14c ../software_LT24_bsp//libhal_bsp.a(alt_read.o)
                0x0000000002016280                read
 .text          0x000000000201637c       0x60 ../software_LT24_bsp//libhal_bsp.a(alt_release_fd.o)
                0x000000000201637c                alt_release_fd
 .text          0x00000000020163dc       0xb0 ../software_LT24_bsp//libhal_bsp.a(alt_sbrk.o)
                0x00000000020163dc                sbrk
 .text          0x000000000201648c      0x19c ../software_LT24_bsp//libhal_bsp.a(alt_tick.o)
                0x000000000201648c                alt_alarm_stop
                0x0000000002016524                alt_tick
 .text          0x0000000002016628       0x30 ../software_LT24_bsp//libhal_bsp.a(alt_usleep.o)
                0x0000000002016628                usleep
 .text          0x0000000002016658      0x148 ../software_LT24_bsp//libhal_bsp.a(alt_write.o)
                0x00000000020166a8                write
 .text          0x00000000020167a0       0xcc ../software_LT24_bsp//libhal_bsp.a(alt_sys_init.o)
                0x00000000020167d8                alt_irq_init
                0x000000000201680c                alt_sys_init
 .text          0x000000000201686c      0x164 ../software_LT24_bsp//libhal_bsp.a(altera_avalon_jtag_uart_fd.o)
                0x000000000201686c                altera_avalon_jtag_uart_read_fd
                0x00000000020168cc                altera_avalon_jtag_uart_write_fd
                0x000000000201692c                altera_avalon_jtag_uart_close_fd
                0x000000000201697c                altera_avalon_jtag_uart_ioctl_fd
 .text          0x00000000020169d0      0x3d8 ../software_LT24_bsp//libhal_bsp.a(altera_avalon_jtag_uart_init.o)
                0x00000000020169d0                altera_avalon_jtag_uart_init
                0x0000000002016d40                altera_avalon_jtag_uart_close
 .text          0x0000000002016da8       0xec ../software_LT24_bsp//libhal_bsp.a(altera_avalon_jtag_uart_ioctl.o)
                0x0000000002016da8                altera_avalon_jtag_uart_ioctl
 .text          0x0000000002016e94      0x20c ../software_LT24_bsp//libhal_bsp.a(altera_avalon_jtag_uart_read.o)
                0x0000000002016e94                altera_avalon_jtag_uart_read
 .text          0x00000000020170a0      0x218 ../software_LT24_bsp//libhal_bsp.a(altera_avalon_jtag_uart_write.o)
                0x00000000020170a0                altera_avalon_jtag_uart_write
 .text          0x00000000020172b8      0x204 ../software_LT24_bsp//libhal_bsp.a(altera_avalon_spi.o)
                0x00000000020172b8                alt_avalon_spi_command
 .text          0x00000000020174bc       0xfc ../software_LT24_bsp//libhal_bsp.a(altera_avalon_timer_sc.o)
                0x0000000002017530                alt_avalon_timer_sc_init
 .text          0x00000000020175b8      0x158 ../software_LT24_bsp//libhal_bsp.a(alt_busy_sleep.o)
                0x00000000020175b8                alt_busy_sleep
 .text          0x0000000002017710       0x44 ../software_LT24_bsp//libhal_bsp.a(alt_dcache_flush_all.o)
                0x0000000002017710                alt_dcache_flush_all
 .text          0x0000000002017754       0xf4 ../software_LT24_bsp//libhal_bsp.a(alt_dev_llist_insert.o)
                0x00000000020177a4                alt_dev_llist_insert
 .text          0x0000000002017848       0x5c ../software_LT24_bsp//libhal_bsp.a(alt_do_ctors.o)
                0x0000000002017848                _do_ctors
 .text          0x00000000020178a4       0x5c ../software_LT24_bsp//libhal_bsp.a(alt_do_dtors.o)
                0x00000000020178a4                _do_dtors
 .text          0x0000000002017900        0x0 ../software_LT24_bsp//libhal_bsp.a(alt_exception_entry.o)
 .text          0x0000000002017900       0x30 ../software_LT24_bsp//libhal_bsp.a(alt_icache_flush_all.o)
                0x0000000002017900                alt_icache_flush_all
 .text          0x0000000002017930      0x138 ../software_LT24_bsp//libhal_bsp.a(alt_io_redirect.o)
                0x00000000020179f0                alt_io_redirect
 .text          0x0000000002017a68      0x274 ../software_LT24_bsp//libhal_bsp.a(alt_open.o)
                0x0000000002017b84                open
 .text          0x0000000002017cdc       0x20 ../software_LT24_bsp//libhal_bsp.a(altera_nios2_qsys_irq.o)
                0x0000000002017cdc                altera_nios2_qsys_irq_init
 .text          0x0000000002017cfc       0x90 ../software_LT24_bsp//libhal_bsp.a(alt_find_dev.o)
                0x0000000002017cfc                alt_find_dev
 .text          0x0000000002017d8c      0x114 ../software_LT24_bsp//libhal_bsp.a(alt_find_file.o)
                0x0000000002017d8c                alt_find_file
 .text          0x0000000002017ea0       0xb4 ../software_LT24_bsp//libhal_bsp.a(alt_get_fd.o)
                0x0000000002017ea0                alt_get_fd
 .text          0x0000000002017f54       0x8c ../software_LT24_bsp//libhal_bsp.a(alt_icache_flush.o)
                0x0000000002017f54                alt_icache_flush
 .text          0x0000000002017fe0        0x0 /opt/altera_lite/15.1/nios2eds/bin/gnu/H-x86_64-pc-linux-gnu/bin/../lib/gcc/nios2-elf/4.9.2/../../../../../H-x86_64-pc-linux-gnu/nios2-elf/lib/libc.a(lib_a-atexit.o)
 .text.atexit   0x0000000002017fe0       0x14 /opt/altera_lite/15.1/nios2eds/bin/gnu/H-x86_64-pc-linux-gnu/bin/../lib/gcc/nios2-elf/4.9.2/../../../../../H-x86_64-pc-linux-gnu/nios2-elf/lib/libc.a(lib_a-atexit.o)
                0x0000000002017fe0                atexit
 .text          0x0000000002017ff4        0x0 /opt/altera_lite/15.1/nios2eds/bin/gnu/H-x86_64-pc-linux-gnu/bin/../lib/gcc/nios2-elf/4.9.2/../../../../../H-x86_64-pc-linux-gnu/nios2-elf/lib/libc.a(lib_a-exit.o)
 .text.exit     0x0000000002017ff4       0x38 /opt/altera_lite/15.1/nios2eds/bin/gnu/H-x86_64-pc-linux-gnu/bin/../lib/gcc/nios2-elf/4.9.2/../../../../../H-x86_64-pc-linux-gnu/nios2-elf/lib/libc.a(lib_a-exit.o)
                0x0000000002017ff4                exit
 .text          0x000000000201802c        0x0 /opt/altera_lite/15.1/nios2eds/bin/gnu/H-x86_64-pc-linux-gnu/bin/../lib/gcc/nios2-elf/4.9.2/../../../../../H-x86_64-pc-linux-gnu/nios2-elf/lib/libc.a(lib_a-memcmp.o)
 .text.memcmp   0x000000000201802c       0x7c /opt/altera_lite/15.1/nios2eds/bin/gnu/H-x86_64-pc-linux-gnu/bin/../lib/gcc/nios2-elf/4.9.2/../../../../../H-x86_64-pc-linux-gnu/nios2-elf/lib/libc.a(lib_a-memcmp.o)
                0x000000000201802c                memcmp
 .text          0x00000000020180a8        0x0 /opt/altera_lite/15.1/nios2eds/bin/gnu/H-x86_64-pc-linux-gnu/bin/../lib/gcc/nios2-elf/4.9.2/../../../../../H-x86_64-pc-linux-gnu/nios2-elf/lib/libc.a(lib_a-__atexit.o)
 .text.__register_exitproc
                0x00000000020180a8      0x114 /opt/altera_lite/15.1/nios2eds/bin/gnu/H-x86_64-pc-linux-gnu/bin/../lib/gcc/nios2-elf/4.9.2/../../../../../H-x86_64-pc-linux-gnu/nios2-elf/lib/libc.a(lib_a-__atexit.o)
                0x00000000020180a8                __register_exitproc
 .text          0x00000000020181bc        0x0 /opt/altera_lite/15.1/nios2eds/bin/gnu/H-x86_64-pc-linux-gnu/bin/../lib/gcc/nios2-elf/4.9.2/../../../../../H-x86_64-pc-linux-gnu/nios2-elf/lib/libc.a(lib_a-__call_atexit.o)
 .text.__call_exitprocs
                0x00000000020181bc      0x194 /opt/altera_lite/15.1/nios2eds/bin/gnu/H-x86_64-pc-linux-gnu/bin/../lib/gcc/nios2-elf/4.9.2/../../../../../H-x86_64-pc-linux-gnu/nios2-elf/lib/libc.a(lib_a-__call_atexit.o)
                0x00000000020181bc                __call_exitprocs
 .text          0x0000000002018350       0x34 ../software_LT24_bsp//libhal_bsp.a(alt_exit.o)
                0x0000000002018350                _exit
 *(.gnu.warning.*)
 *(.fini)
                0x0000000002018384                PROVIDE (__etext, ABSOLUTE (.))
                0x0000000002018384                PROVIDE (_etext, ABSOLUTE (.))
                0x0000000002018384                PROVIDE (etext, ABSOLUTE (.))
 *(.eh_frame_hdr)
                0x0000000002018384                . = ALIGN (0x4)
                0x0000000002018384                PROVIDE (__preinit_array_start, ABSOLUTE (.))
 *(.preinit_array)
                0x0000000002018384                PROVIDE (__preinit_array_end, ABSOLUTE (.))
                0x0000000002018384                PROVIDE (__init_array_start, ABSOLUTE (.))
 *(.init_array)
                0x0000000002018384                PROVIDE (__init_array_end, ABSOLUTE (.))
                0x0000000002018384                PROVIDE (__fini_array_start, ABSOLUTE (.))
 *(.fini_array)
                0x0000000002018384                PROVIDE (__fini_array_end, ABSOLUTE (.))
 *(.eh_frame)
 *(.gcc_except_table .gcc_except_table.*)
 *(.dynamic)
                0x0000000002018384                PROVIDE (__CTOR_LIST__, ABSOLUTE (.))
 *(.ctors)
 *(SORT(.ctors.*))
                0x0000000002018384                PROVIDE (__CTOR_END__, ABSOLUTE (.))
                0x0000000002018384                PROVIDE (__DTOR_LIST__, ABSOLUTE (.))
 *(.dtors)
 *(SORT(.dtors.*))
                0x0000000002018384                PROVIDE (__DTOR_END__, ABSOLUTE (.))
 *(.jcr)
                0x0000000002018384                . = ALIGN (0x4)

.rodata         0x0000000002018384    0x1a174
                0x0000000002018384                PROVIDE (__ram_rodata_start, ABSOLUTE (.))
                0x0000000002018384                . = ALIGN (0x4)
 *(.rodata .rodata.* .gnu.linkonce.r.*)
 .rodata        0x0000000002018384       0x2c obj/default/source/demo/gui.o
 .rodata        0x00000000020183b0       0x34 obj/default/source/demo/gui_vpg.o
 .rodata        0x00000000020183e4     0x77f2 obj/default/source/fonts/tahomabold_20.o
 .rodata        0x000000000201fbd6    0x12520 obj/default/source/fonts/tahomabold_32.o
 *fill*         0x00000000020320f6        0x2 
 .rodata        0x00000000020320f8       0x58 obj/default/source/graphic_lib/simple_graphics.o
 .rodata        0x0000000002032150       0x28 obj/default/source/graphic_lib/simple_text.o
 .rodata        0x0000000002032178       0x40 obj/default/source/main.o
 .rodata.str1.4
                0x00000000020321b8        0x5 /opt/altera_lite/15.1/nios2eds/bin/gnu/H-x86_64-pc-linux-gnu/bin/../lib/gcc/nios2-elf/4.9.2/../../../../../H-x86_64-pc-linux-gnu/nios2-elf/lib/libm.a(lib_a-w_sqrt.o)
                                          0x8 (size before relaxing)
 .rodata        0x00000000020321bd      0x100 /opt/altera_lite/15.1/nios2eds/bin/gnu/H-x86_64-pc-linux-gnu/bin/../lib/gcc/nios2-elf/4.9.2/libgcc.a(_clz.o)
                0x00000000020321bd                __clz_tab
 *fill*         0x00000000020322bd        0x3 
 .rodata.str1.4
                0x00000000020322c0        0x2 /opt/altera_lite/15.1/nios2eds/bin/gnu/H-x86_64-pc-linux-gnu/bin/../lib/gcc/nios2-elf/4.9.2/../../../../../H-x86_64-pc-linux-gnu/nios2-elf/lib/libc.a(lib_a-impure.o)
                                          0x4 (size before relaxing)
 *fill*         0x00000000020322c2        0x2 
 .rodata.str1.4
                0x00000000020322c4        0x2 /opt/altera_lite/15.1/nios2eds/bin/gnu/H-x86_64-pc-linux-gnu/bin/../lib/gcc/nios2-elf/4.9.2/../../../../../H-x86_64-pc-linux-gnu/nios2-elf/lib/libc.a(lib_a-puts.o)
                                          0x4 (size before relaxing)
 *fill*         0x00000000020322c6        0x2 
 .rodata.str1.4
                0x00000000020322c8       0x42 /opt/altera_lite/15.1/nios2eds/bin/gnu/H-x86_64-pc-linux-gnu/bin/../lib/gcc/nios2-elf/4.9.2/../../../../../H-x86_64-pc-linux-gnu/nios2-elf/lib/libc.a(lib_a-svfprintf.o)
                                         0x44 (size before relaxing)
 .rodata.zeroes.4240
                0x000000000203230a       0x10 /opt/altera_lite/15.1/nios2eds/bin/gnu/H-x86_64-pc-linux-gnu/bin/../lib/gcc/nios2-elf/4.9.2/../../../../../H-x86_64-pc-linux-gnu/nios2-elf/lib/libc.a(lib_a-svfprintf.o)
 .rodata.blanks.4239
                0x000000000203231a       0x10 /opt/altera_lite/15.1/nios2eds/bin/gnu/H-x86_64-pc-linux-gnu/bin/../lib/gcc/nios2-elf/4.9.2/../../../../../H-x86_64-pc-linux-gnu/nios2-elf/lib/libc.a(lib_a-svfprintf.o)
 .rodata.str1.4
                0x0000000000000000       0x44 /opt/altera_lite/15.1/nios2eds/bin/gnu/H-x86_64-pc-linux-gnu/bin/../lib/gcc/nios2-elf/4.9.2/../../../../../H-x86_64-pc-linux-gnu/nios2-elf/lib/libc.a(lib_a-vfprintf.o)
 .rodata.zeroes.4255
                0x000000000203232a       0x10 /opt/altera_lite/15.1/nios2eds/bin/gnu/H-x86_64-pc-linux-gnu/bin/../lib/gcc/nios2-elf/4.9.2/../../../../../H-x86_64-pc-linux-gnu/nios2-elf/lib/libc.a(lib_a-vfprintf.o)
 .rodata.blanks.4254
                0x000000000203233a       0x10 /opt/altera_lite/15.1/nios2eds/bin/gnu/H-x86_64-pc-linux-gnu/bin/../lib/gcc/nios2-elf/4.9.2/../../../../../H-x86_64-pc-linux-gnu/nios2-elf/lib/libc.a(lib_a-vfprintf.o)
 *fill*         0x000000000203234a        0x2 
 .rodata.str1.4
                0x000000000203234c       0x10 /opt/altera_lite/15.1/nios2eds/bin/gnu/H-x86_64-pc-linux-gnu/bin/../lib/gcc/nios2-elf/4.9.2/../../../../../H-x86_64-pc-linux-gnu/nios2-elf/lib/libc.a(lib_a-dtoa.o)
                                         0x14 (size before relaxing)
 .rodata.str1.4
                0x000000000203235c        0xc /opt/altera_lite/15.1/nios2eds/bin/gnu/H-x86_64-pc-linux-gnu/bin/../lib/gcc/nios2-elf/4.9.2/../../../../../H-x86_64-pc-linux-gnu/nios2-elf/lib/libc.a(lib_a-locale.o)
                                         0x14 (size before relaxing)
 .rodata.p05.2710
                0x0000000002032368        0xc /opt/altera_lite/15.1/nios2eds/bin/gnu/H-x86_64-pc-linux-gnu/bin/../lib/gcc/nios2-elf/4.9.2/../../../../../H-x86_64-pc-linux-gnu/nios2-elf/lib/libc.a(lib_a-mprec.o)
 .rodata.__mprec_tinytens
                0x0000000002032374       0x28 /opt/altera_lite/15.1/nios2eds/bin/gnu/H-x86_64-pc-linux-gnu/bin/../lib/gcc/nios2-elf/4.9.2/../../../../../H-x86_64-pc-linux-gnu/nios2-elf/lib/libc.a(lib_a-mprec.o)
                0x0000000002032374                __mprec_tinytens
 .rodata.__mprec_bigtens
                0x000000000203239c       0x28 /opt/altera_lite/15.1/nios2eds/bin/gnu/H-x86_64-pc-linux-gnu/bin/../lib/gcc/nios2-elf/4.9.2/../../../../../H-x86_64-pc-linux-gnu/nios2-elf/lib/libc.a(lib_a-mprec.o)
                0x000000000203239c                __mprec_bigtens
 .rodata.__mprec_tens
                0x00000000020323c4       0xc8 /opt/altera_lite/15.1/nios2eds/bin/gnu/H-x86_64-pc-linux-gnu/bin/../lib/gcc/nios2-elf/4.9.2/../../../../../H-x86_64-pc-linux-gnu/nios2-elf/lib/libc.a(lib_a-mprec.o)
                0x00000000020323c4                __mprec_tens
 .rodata.str1.4
                0x0000000000000000       0x30 /opt/altera_lite/15.1/nios2eds/bin/gnu/H-x86_64-pc-linux-gnu/bin/../lib/gcc/nios2-elf/4.9.2/../../../../../H-x86_64-pc-linux-gnu/nios2-elf/lib/libc.a(lib_a-svfiprintf.o)
 .rodata.zeroes.4184
                0x000000000203248c       0x10 /opt/altera_lite/15.1/nios2eds/bin/gnu/H-x86_64-pc-linux-gnu/bin/../lib/gcc/nios2-elf/4.9.2/../../../../../H-x86_64-pc-linux-gnu/nios2-elf/lib/libc.a(lib_a-svfiprintf.o)
 .rodata.blanks.4183
                0x000000000203249c       0x10 /opt/altera_lite/15.1/nios2eds/bin/gnu/H-x86_64-pc-linux-gnu/bin/../lib/gcc/nios2-elf/4.9.2/../../../../../H-x86_64-pc-linux-gnu/nios2-elf/lib/libc.a(lib_a-svfiprintf.o)
 .rodata.str1.4
                0x0000000000000000       0x30 /opt/altera_lite/15.1/nios2eds/bin/gnu/H-x86_64-pc-linux-gnu/bin/../lib/gcc/nios2-elf/4.9.2/../../../../../H-x86_64-pc-linux-gnu/nios2-elf/lib/libc.a(lib_a-vfiprintf.o)
 .rodata.zeroes.4200
                0x00000000020324ac       0x10 /opt/altera_lite/15.1/nios2eds/bin/gnu/H-x86_64-pc-linux-gnu/bin/../lib/gcc/nios2-elf/4.9.2/../../../../../H-x86_64-pc-linux-gnu/nios2-elf/lib/libc.a(lib_a-vfiprintf.o)
 .rodata.blanks.4199
                0x00000000020324bc       0x10 /opt/altera_lite/15.1/nios2eds/bin/gnu/H-x86_64-pc-linux-gnu/bin/../lib/gcc/nios2-elf/4.9.2/../../../../../H-x86_64-pc-linux-gnu/nios2-elf/lib/libc.a(lib_a-vfiprintf.o)
 .rodata        0x00000000020324cc        0xc ../software_LT24_bsp//libhal_bsp.a(alt_dev.o)
 .rodata        0x00000000020324d8       0x10 ../software_LT24_bsp//libhal_bsp.a(alt_main.o)
 .rodata        0x00000000020324e8       0x10 ../software_LT24_bsp//libhal_bsp.a(alt_sys_init.o)
 *(.rodata1)
                0x00000000020324f8                . = ALIGN (0x4)
                0x00000000020324f8                PROVIDE (__ram_rodata_end, ABSOLUTE (.))
                0x0000000002018384                PROVIDE (__flash_rodata_start, LOADADDR (.rodata))

.rwdata         0x00000000020324f8     0x36a4 load address 0x0000000002035b9c
                0x00000000020324f8                PROVIDE (__ram_rwdata_start, ABSOLUTE (.))
                0x00000000020324f8                . = ALIGN (0x4)
 *(.got.plt)
 *(.got)
 *(.data1)
 *(.data .data.* .gnu.linkonce.d.*)
 .data          0x00000000020324f8        0x0 ../software_LT24_bsp//obj/HAL/src/crt0.o
 .data          0x00000000020324f8       0x14 obj/default/source/demo/gui.o
                0x00000000020324f8                szPallete
 .data          0x000000000203250c        0x0 obj/default/source/demo/gui_vpg.o
 .data          0x000000000203250c      0xbc0 obj/default/source/fonts/tahomabold_20.o
                0x000000000203250c                tahomabold_20
 .data          0x00000000020330cc      0xbc0 obj/default/source/fonts/tahomabold_32.o
                0x00000000020330cc                tahomabold_32
 .data          0x0000000002033c8c        0x0 obj/default/source/graphic_lib/ILI9341.o
 .data          0x0000000002033c8c        0x0 obj/default/source/graphic_lib/geometry.o
 .data          0x0000000002033c8c      0x415 obj/default/source/graphic_lib/simple_graphics.o
                0x0000000002033c8c                cour10_font_array
 .data          0x00000000020340a1        0x0 obj/default/source/graphic_lib/simple_text.o
 .data          0x00000000020340a1        0x0 obj/default/source/main.o
 .data          0x00000000020340a1        0x0 obj/default/source/terasic_lib/touch_spi.o
 .data          0x00000000020340a1        0x0 /opt/altera_lite/15.1/nios2eds/bin/gnu/H-x86_64-pc-linux-gnu/bin/../lib/gcc/nios2-elf/4.9.2/../../../../../H-x86_64-pc-linux-gnu/nios2-elf/lib/libm.a(lib_a-w_sqrt.o)
 .data          0x00000000020340a1        0x0 /opt/altera_lite/15.1/nios2eds/bin/gnu/H-x86_64-pc-linux-gnu/bin/../lib/gcc/nios2-elf/4.9.2/../../../../../H-x86_64-pc-linux-gnu/nios2-elf/lib/libm.a(lib_a-e_sqrt.o)
 .data          0x00000000020340a1        0x0 /opt/altera_lite/15.1/nios2eds/bin/gnu/H-x86_64-pc-linux-gnu/bin/../lib/gcc/nios2-elf/4.9.2/../../../../../H-x86_64-pc-linux-gnu/nios2-elf/lib/libm.a(lib_a-s_fpclassify.o)
 .data          0x00000000020340a1        0x0 /opt/altera_lite/15.1/nios2eds/bin/gnu/H-x86_64-pc-linux-gnu/bin/../lib/gcc/nios2-elf/4.9.2/../../../../../H-x86_64-pc-linux-gnu/nios2-elf/lib/libm.a(lib_a-s_lib_ver.o)
 .data          0x00000000020340a1        0x0 /opt/altera_lite/15.1/nios2eds/bin/gnu/H-x86_64-pc-linux-gnu/bin/../lib/gcc/nios2-elf/4.9.2/../../../../../H-x86_64-pc-linux-gnu/nios2-elf/lib/libm.a(lib_a-s_matherr.o)
 .data          0x00000000020340a1        0x0 /opt/altera_lite/15.1/nios2eds/bin/gnu/H-x86_64-pc-linux-gnu/bin/../lib/gcc/nios2-elf/4.9.2/libgcc.a(lib2-divmod.o)
 .data          0x00000000020340a1        0x0 /opt/altera_lite/15.1/nios2eds/bin/gnu/H-x86_64-pc-linux-gnu/bin/../lib/gcc/nios2-elf/4.9.2/libgcc.a(adddf3.o)
 .data          0x00000000020340a1        0x0 /opt/altera_lite/15.1/nios2eds/bin/gnu/H-x86_64-pc-linux-gnu/bin/../lib/gcc/nios2-elf/4.9.2/libgcc.a(divdf3.o)
 .data          0x00000000020340a1        0x0 /opt/altera_lite/15.1/nios2eds/bin/gnu/H-x86_64-pc-linux-gnu/bin/../lib/gcc/nios2-elf/4.9.2/libgcc.a(ledf2.o)
 .data          0x00000000020340a1        0x0 /opt/altera_lite/15.1/nios2eds/bin/gnu/H-x86_64-pc-linux-gnu/bin/../lib/gcc/nios2-elf/4.9.2/libgcc.a(muldf3.o)
 .data          0x00000000020340a1        0x0 /opt/altera_lite/15.1/nios2eds/bin/gnu/H-x86_64-pc-linux-gnu/bin/../lib/gcc/nios2-elf/4.9.2/libgcc.a(subdf3.o)
 .data          0x00000000020340a1        0x0 /opt/altera_lite/15.1/nios2eds/bin/gnu/H-x86_64-pc-linux-gnu/bin/../lib/gcc/nios2-elf/4.9.2/libgcc.a(fixdfsi.o)
 .data          0x00000000020340a1        0x0 /opt/altera_lite/15.1/nios2eds/bin/gnu/H-x86_64-pc-linux-gnu/bin/../lib/gcc/nios2-elf/4.9.2/libgcc.a(floatsidf.o)
 .data          0x00000000020340a1        0x0 /opt/altera_lite/15.1/nios2eds/bin/gnu/H-x86_64-pc-linux-gnu/bin/../lib/gcc/nios2-elf/4.9.2/libgcc.a(_clzsi2.o)
 .data          0x00000000020340a1        0x0 /opt/altera_lite/15.1/nios2eds/bin/gnu/H-x86_64-pc-linux-gnu/bin/../lib/gcc/nios2-elf/4.9.2/libgcc.a(_clz.o)
 .data          0x00000000020340a1        0x0 /opt/altera_lite/15.1/nios2eds/bin/gnu/H-x86_64-pc-linux-gnu/bin/../lib/gcc/nios2-elf/4.9.2/../../../../../H-x86_64-pc-linux-gnu/nios2-elf/lib/libc.a(lib_a-errno.o)
 .data          0x00000000020340a1        0x0 /opt/altera_lite/15.1/nios2eds/bin/gnu/H-x86_64-pc-linux-gnu/bin/../lib/gcc/nios2-elf/4.9.2/../../../../../H-x86_64-pc-linux-gnu/nios2-elf/lib/libc.a(lib_a-impure.o)
 *fill*         0x00000000020340a1        0x3 
 .data.impure_data
                0x00000000020340a4      0x424 /opt/altera_lite/15.1/nios2eds/bin/gnu/H-x86_64-pc-linux-gnu/bin/../lib/gcc/nios2-elf/4.9.2/../../../../../H-x86_64-pc-linux-gnu/nios2-elf/lib/libc.a(lib_a-impure.o)
 .data          0x00000000020344c8        0x0 /opt/altera_lite/15.1/nios2eds/bin/gnu/H-x86_64-pc-linux-gnu/bin/../lib/gcc/nios2-elf/4.9.2/../../../../../H-x86_64-pc-linux-gnu/nios2-elf/lib/libc.a(lib_a-malloc.o)
 .data          0x00000000020344c8        0x0 /opt/altera_lite/15.1/nios2eds/bin/gnu/H-x86_64-pc-linux-gnu/bin/../lib/gcc/nios2-elf/4.9.2/../../../../../H-x86_64-pc-linux-gnu/nios2-elf/lib/libc.a(lib_a-mallocr.o)
 .data.__malloc_av_
                0x00000000020344c8      0x408 /opt/altera_lite/15.1/nios2eds/bin/gnu/H-x86_64-pc-linux-gnu/bin/../lib/gcc/nios2-elf/4.9.2/../../../../../H-x86_64-pc-linux-gnu/nios2-elf/lib/libc.a(lib_a-mallocr.o)
                0x00000000020344c8                __malloc_av_
 .data          0x00000000020348d0        0x0 /opt/altera_lite/15.1/nios2eds/bin/gnu/H-x86_64-pc-linux-gnu/bin/../lib/gcc/nios2-elf/4.9.2/../../../../../H-x86_64-pc-linux-gnu/nios2-elf/lib/libc.a(lib_a-memcpy.o)
 .data          0x00000000020348d0        0x0 /opt/altera_lite/15.1/nios2eds/bin/gnu/H-x86_64-pc-linux-gnu/bin/../lib/gcc/nios2-elf/4.9.2/../../../../../H-x86_64-pc-linux-gnu/nios2-elf/lib/libc.a(lib_a-memset.o)
 .data          0x00000000020348d0        0x0 /opt/altera_lite/15.1/nios2eds/bin/gnu/H-x86_64-pc-linux-gnu/bin/../lib/gcc/nios2-elf/4.9.2/../../../../../H-x86_64-pc-linux-gnu/nios2-elf/lib/libc.a(lib_a-printf.o)
 .data          0x00000000020348d0        0x0 /opt/altera_lite/15.1/nios2eds/bin/gnu/H-x86_64-pc-linux-gnu/bin/../lib/gcc/nios2-elf/4.9.2/../../../../../H-x86_64-pc-linux-gnu/nios2-elf/lib/libc.a(lib_a-puts.o)
 .data          0x00000000020348d0        0x0 /opt/altera_lite/15.1/nios2eds/bin/gnu/H-x86_64-pc-linux-gnu/bin/../lib/gcc/nios2-elf/4.9.2/../../../../../H-x86_64-pc-linux-gnu/nios2-elf/lib/libc.a(lib_a-sbrkr.o)
 .data          0x00000000020348d0        0x0 /opt/altera_lite/15.1/nios2eds/bin/gnu/H-x86_64-pc-linux-gnu/bin/../lib/gcc/nios2-elf/4.9.2/../../../../../H-x86_64-pc-linux-gnu/nios2-elf/lib/libc.a(lib_a-sprintf.o)
 .data          0x00000000020348d0        0x0 /opt/altera_lite/15.1/nios2eds/bin/gnu/H-x86_64-pc-linux-gnu/bin/../lib/gcc/nios2-elf/4.9.2/../../../../../H-x86_64-pc-linux-gnu/nios2-elf/lib/libc.a(lib_a-strcpy.o)
 .data          0x00000000020348d0        0x0 /opt/altera_lite/15.1/nios2eds/bin/gnu/H-x86_64-pc-linux-gnu/bin/../lib/gcc/nios2-elf/4.9.2/../../../../../H-x86_64-pc-linux-gnu/nios2-elf/lib/libc.a(lib_a-strlen.o)
 .data          0x00000000020348d0        0x0 /opt/altera_lite/15.1/nios2eds/bin/gnu/H-x86_64-pc-linux-gnu/bin/../lib/gcc/nios2-elf/4.9.2/../../../../../H-x86_64-pc-linux-gnu/nios2-elf/lib/libc.a(lib_a-svfprintf.o)
 .data          0x00000000020348d0        0x0 /opt/altera_lite/15.1/nios2eds/bin/gnu/H-x86_64-pc-linux-gnu/bin/../lib/gcc/nios2-elf/4.9.2/../../../../../H-x86_64-pc-linux-gnu/nios2-elf/lib/libc.a(lib_a-vfprintf.o)
 .data          0x00000000020348d0        0x0 /opt/altera_lite/15.1/nios2eds/bin/gnu/H-x86_64-pc-linux-gnu/bin/../lib/gcc/nios2-elf/4.9.2/../../../../../H-x86_64-pc-linux-gnu/nios2-elf/lib/libc.a(lib_a-wsetup.o)
 .data          0x00000000020348d0        0x0 /opt/altera_lite/15.1/nios2eds/bin/gnu/H-x86_64-pc-linux-gnu/bin/../lib/gcc/nios2-elf/4.9.2/../../../../../H-x86_64-pc-linux-gnu/nios2-elf/lib/libc.a(lib_a-dtoa.o)
 .data          0x00000000020348d0        0x0 /opt/altera_lite/15.1/nios2eds/bin/gnu/H-x86_64-pc-linux-gnu/bin/../lib/gcc/nios2-elf/4.9.2/../../../../../H-x86_64-pc-linux-gnu/nios2-elf/lib/libc.a(lib_a-fflush.o)
 .data          0x00000000020348d0        0x0 /opt/altera_lite/15.1/nios2eds/bin/gnu/H-x86_64-pc-linux-gnu/bin/../lib/gcc/nios2-elf/4.9.2/../../../../../H-x86_64-pc-linux-gnu/nios2-elf/lib/libc.a(lib_a-findfp.o)
 .data          0x00000000020348d0        0x0 /opt/altera_lite/15.1/nios2eds/bin/gnu/H-x86_64-pc-linux-gnu/bin/../lib/gcc/nios2-elf/4.9.2/../../../../../H-x86_64-pc-linux-gnu/nios2-elf/lib/libc.a(lib_a-freer.o)
 .data          0x00000000020348d0        0x0 /opt/altera_lite/15.1/nios2eds/bin/gnu/H-x86_64-pc-linux-gnu/bin/../lib/gcc/nios2-elf/4.9.2/../../../../../H-x86_64-pc-linux-gnu/nios2-elf/lib/libc.a(lib_a-fvwrite.o)
 .data          0x00000000020348d0        0x0 /opt/altera_lite/15.1/nios2eds/bin/gnu/H-x86_64-pc-linux-gnu/bin/../lib/gcc/nios2-elf/4.9.2/../../../../../H-x86_64-pc-linux-gnu/nios2-elf/lib/libc.a(lib_a-fwalk.o)
 .data          0x00000000020348d0        0x0 /opt/altera_lite/15.1/nios2eds/bin/gnu/H-x86_64-pc-linux-gnu/bin/../lib/gcc/nios2-elf/4.9.2/../../../../../H-x86_64-pc-linux-gnu/nios2-elf/lib/libc.a(lib_a-int_errno.o)
 .data          0x00000000020348d0        0x0 /opt/altera_lite/15.1/nios2eds/bin/gnu/H-x86_64-pc-linux-gnu/bin/../lib/gcc/nios2-elf/4.9.2/../../../../../H-x86_64-pc-linux-gnu/nios2-elf/lib/libc.a(lib_a-locale.o)
 .data.lc_message_charset
                0x00000000020348d0       0x20 /opt/altera_lite/15.1/nios2eds/bin/gnu/H-x86_64-pc-linux-gnu/bin/../lib/gcc/nios2-elf/4.9.2/../../../../../H-x86_64-pc-linux-gnu/nios2-elf/lib/libc.a(lib_a-locale.o)
 .data.lc_ctype_charset
                0x00000000020348f0       0x20 /opt/altera_lite/15.1/nios2eds/bin/gnu/H-x86_64-pc-linux-gnu/bin/../lib/gcc/nios2-elf/4.9.2/../../../../../H-x86_64-pc-linux-gnu/nios2-elf/lib/libc.a(lib_a-locale.o)
 .data.lconv    0x0000000002034910       0x38 /opt/altera_lite/15.1/nios2eds/bin/gnu/H-x86_64-pc-linux-gnu/bin/../lib/gcc/nios2-elf/4.9.2/../../../../../H-x86_64-pc-linux-gnu/nios2-elf/lib/libc.a(lib_a-locale.o)
 .data          0x0000000002034948        0x0 /opt/altera_lite/15.1/nios2eds/bin/gnu/H-x86_64-pc-linux-gnu/bin/../lib/gcc/nios2-elf/4.9.2/../../../../../H-x86_64-pc-linux-gnu/nios2-elf/lib/libc.a(lib_a-makebuf.o)
 .data          0x0000000002034948        0x0 /opt/altera_lite/15.1/nios2eds/bin/gnu/H-x86_64-pc-linux-gnu/bin/../lib/gcc/nios2-elf/4.9.2/../../../../../H-x86_64-pc-linux-gnu/nios2-elf/lib/libc.a(lib_a-memchr.o)
 .data          0x0000000002034948        0x0 /opt/altera_lite/15.1/nios2eds/bin/gnu/H-x86_64-pc-linux-gnu/bin/../lib/gcc/nios2-elf/4.9.2/../../../../../H-x86_64-pc-linux-gnu/nios2-elf/lib/libc.a(lib_a-memmove.o)
 .data          0x0000000002034948        0x0 /opt/altera_lite/15.1/nios2eds/bin/gnu/H-x86_64-pc-linux-gnu/bin/../lib/gcc/nios2-elf/4.9.2/../../../../../H-x86_64-pc-linux-gnu/nios2-elf/lib/libc.a(lib_a-mprec.o)
 .data          0x0000000002034948        0x0 /opt/altera_lite/15.1/nios2eds/bin/gnu/H-x86_64-pc-linux-gnu/bin/../lib/gcc/nios2-elf/4.9.2/../../../../../H-x86_64-pc-linux-gnu/nios2-elf/lib/libc.a(lib_a-reallocr.o)
 .data          0x0000000002034948        0x0 /opt/altera_lite/15.1/nios2eds/bin/gnu/H-x86_64-pc-linux-gnu/bin/../lib/gcc/nios2-elf/4.9.2/../../../../../H-x86_64-pc-linux-gnu/nios2-elf/lib/libc.a(lib_a-stdio.o)
 .data          0x0000000002034948        0x0 /opt/altera_lite/15.1/nios2eds/bin/gnu/H-x86_64-pc-linux-gnu/bin/../lib/gcc/nios2-elf/4.9.2/../../../../../H-x86_64-pc-linux-gnu/nios2-elf/lib/libc.a(lib_a-strcmp.o)
 .data          0x0000000002034948        0x0 /opt/altera_lite/15.1/nios2eds/bin/gnu/H-x86_64-pc-linux-gnu/bin/../lib/gcc/nios2-elf/4.9.2/../../../../../H-x86_64-pc-linux-gnu/nios2-elf/lib/libc.a(lib_a-svfiprintf.o)
 .data          0x0000000002034948        0x0 /opt/altera_lite/15.1/nios2eds/bin/gnu/H-x86_64-pc-linux-gnu/bin/../lib/gcc/nios2-elf/4.9.2/../../../../../H-x86_64-pc-linux-gnu/nios2-elf/lib/libc.a(lib_a-vfiprintf.o)
 .data          0x0000000002034948        0x0 /opt/altera_lite/15.1/nios2eds/bin/gnu/H-x86_64-pc-linux-gnu/bin/../lib/gcc/nios2-elf/4.9.2/../../../../../H-x86_64-pc-linux-gnu/nios2-elf/lib/libc.a(lib_a-writer.o)
 .data          0x0000000002034948        0x0 /opt/altera_lite/15.1/nios2eds/bin/gnu/H-x86_64-pc-linux-gnu/bin/../lib/gcc/nios2-elf/4.9.2/../../../../../H-x86_64-pc-linux-gnu/nios2-elf/lib/libc.a(closer.o)
 .data          0x0000000002034948        0x0 /opt/altera_lite/15.1/nios2eds/bin/gnu/H-x86_64-pc-linux-gnu/bin/../lib/gcc/nios2-elf/4.9.2/../../../../../H-x86_64-pc-linux-gnu/nios2-elf/lib/libc.a(lib_a-callocr.o)
 .data          0x0000000002034948        0x0 /opt/altera_lite/15.1/nios2eds/bin/gnu/H-x86_64-pc-linux-gnu/bin/../lib/gcc/nios2-elf/4.9.2/../../../../../H-x86_64-pc-linux-gnu/nios2-elf/lib/libc.a(lib_a-fclose.o)
 .data          0x0000000002034948        0x0 /opt/altera_lite/15.1/nios2eds/bin/gnu/H-x86_64-pc-linux-gnu/bin/../lib/gcc/nios2-elf/4.9.2/../../../../../H-x86_64-pc-linux-gnu/nios2-elf/lib/libc.a(lib_a-fputwc.o)
 .data          0x0000000002034948        0x0 /opt/altera_lite/15.1/nios2eds/bin/gnu/H-x86_64-pc-linux-gnu/bin/../lib/gcc/nios2-elf/4.9.2/../../../../../H-x86_64-pc-linux-gnu/nios2-elf/lib/libc.a(lib_a-fstatr.o)
 .data          0x0000000002034948        0x0 /opt/altera_lite/15.1/nios2eds/bin/gnu/H-x86_64-pc-linux-gnu/bin/../lib/gcc/nios2-elf/4.9.2/../../../../../H-x86_64-pc-linux-gnu/nios2-elf/lib/libc.a(lib_a-isattyr.o)
 .data          0x0000000002034948        0x0 /opt/altera_lite/15.1/nios2eds/bin/gnu/H-x86_64-pc-linux-gnu/bin/../lib/gcc/nios2-elf/4.9.2/../../../../../H-x86_64-pc-linux-gnu/nios2-elf/lib/libc.a(lib_a-lseekr.o)
 .data          0x0000000002034948        0x0 /opt/altera_lite/15.1/nios2eds/bin/gnu/H-x86_64-pc-linux-gnu/bin/../lib/gcc/nios2-elf/4.9.2/../../../../../H-x86_64-pc-linux-gnu/nios2-elf/lib/libc.a(lib_a-readr.o)
 .data          0x0000000002034948        0x0 /opt/altera_lite/15.1/nios2eds/bin/gnu/H-x86_64-pc-linux-gnu/bin/../lib/gcc/nios2-elf/4.9.2/../../../../../H-x86_64-pc-linux-gnu/nios2-elf/lib/libc.a(lib_a-wbuf.o)
 .data          0x0000000002034948        0x0 /opt/altera_lite/15.1/nios2eds/bin/gnu/H-x86_64-pc-linux-gnu/bin/../lib/gcc/nios2-elf/4.9.2/../../../../../H-x86_64-pc-linux-gnu/nios2-elf/lib/libc.a(lib_a-wcrtomb.o)
 .data          0x0000000002034948        0x0 /opt/altera_lite/15.1/nios2eds/bin/gnu/H-x86_64-pc-linux-gnu/bin/../lib/gcc/nios2-elf/4.9.2/../../../../../H-x86_64-pc-linux-gnu/nios2-elf/lib/libc.a(lib_a-wctomb_r.o)
 .data          0x0000000002034948        0x0 /opt/altera_lite/15.1/nios2eds/bin/gnu/H-x86_64-pc-linux-gnu/bin/../lib/gcc/nios2-elf/4.9.2/libgcc.a(_udivdi3.o)
 .data          0x0000000002034948        0x0 /opt/altera_lite/15.1/nios2eds/bin/gnu/H-x86_64-pc-linux-gnu/bin/../lib/gcc/nios2-elf/4.9.2/libgcc.a(_umoddi3.o)
 .data          0x0000000002034948        0x0 /opt/altera_lite/15.1/nios2eds/bin/gnu/H-x86_64-pc-linux-gnu/bin/../lib/gcc/nios2-elf/4.9.2/libgcc.a(eqdf2.o)
 .data          0x0000000002034948        0x0 /opt/altera_lite/15.1/nios2eds/bin/gnu/H-x86_64-pc-linux-gnu/bin/../lib/gcc/nios2-elf/4.9.2/libgcc.a(gedf2.o)
 .data          0x0000000002034948        0x0 /opt/altera_lite/15.1/nios2eds/bin/gnu/H-x86_64-pc-linux-gnu/bin/../lib/gcc/nios2-elf/4.9.2/libgcc.a(floatunsidf.o)
 .data          0x0000000002034948        0x0 ../software_LT24_bsp//libhal_bsp.a(alt_alarm_start.o)
 .data          0x0000000002034948        0x0 ../software_LT24_bsp//libhal_bsp.a(alt_close.o)
 .data          0x0000000002034948      0x1a8 ../software_LT24_bsp//libhal_bsp.a(alt_dev.o)
                0x0000000002034948                alt_dev_null
                0x0000000002034970                alt_fd_list
 .data          0x0000000002034af0        0x0 ../software_LT24_bsp//libhal_bsp.a(alt_errno.o)
 .data          0x0000000002034af0        0x0 ../software_LT24_bsp//libhal_bsp.a(alt_fstat.o)
 .data          0x0000000002034af0        0x0 ../software_LT24_bsp//libhal_bsp.a(alt_iic.o)
 .data          0x0000000002034af0        0x0 ../software_LT24_bsp//libhal_bsp.a(alt_iic_isr_register.o)
 .data          0x0000000002034af0        0x0 ../software_LT24_bsp//libhal_bsp.a(alt_irq_entry.o)
 .data          0x0000000002034af0        0x0 ../software_LT24_bsp//libhal_bsp.a(alt_irq_handler.o)
 .data          0x0000000002034af0        0x0 ../software_LT24_bsp//libhal_bsp.a(alt_irq_vars.o)
 .data          0x0000000002034af0        0x0 ../software_LT24_bsp//libhal_bsp.a(alt_isatty.o)
 .data          0x0000000002034af0        0x0 ../software_LT24_bsp//libhal_bsp.a(alt_load.o)
 .data          0x0000000002034af0        0x0 ../software_LT24_bsp//libhal_bsp.a(alt_lseek.o)
 .data          0x0000000002034af0        0x0 ../software_LT24_bsp//libhal_bsp.a(alt_main.o)
 .data          0x0000000002034af0        0x0 ../software_LT24_bsp//libhal_bsp.a(alt_malloc_lock.o)
 .data          0x0000000002034af0        0x0 ../software_LT24_bsp//libhal_bsp.a(alt_read.o)
 .data          0x0000000002034af0        0x0 ../software_LT24_bsp//libhal_bsp.a(alt_release_fd.o)
 .data          0x0000000002034af0        0x0 ../software_LT24_bsp//libhal_bsp.a(alt_sbrk.o)
 .data          0x0000000002034af0        0x0 ../software_LT24_bsp//libhal_bsp.a(alt_tick.o)
 .data          0x0000000002034af0        0x0 ../software_LT24_bsp//libhal_bsp.a(alt_usleep.o)
 .data          0x0000000002034af0        0x0 ../software_LT24_bsp//libhal_bsp.a(alt_write.o)
 .data          0x0000000002034af0     0x1060 ../software_LT24_bsp//libhal_bsp.a(alt_sys_init.o)
 .data          0x0000000002035b50        0x0 ../software_LT24_bsp//libhal_bsp.a(altera_avalon_jtag_uart_fd.o)
 .data          0x0000000002035b50        0x0 ../software_LT24_bsp//libhal_bsp.a(altera_avalon_jtag_uart_init.o)
 .data          0x0000000002035b50        0x0 ../software_LT24_bsp//libhal_bsp.a(altera_avalon_jtag_uart_ioctl.o)
 .data          0x0000000002035b50        0x0 ../software_LT24_bsp//libhal_bsp.a(altera_avalon_jtag_uart_read.o)