------------------------------------------------------------
TimeQuest Timing Analyzer Summary
------------------------------------------------------------

Type  : Slow 1200mV 85C Model Setup 'CLOCK_50'
Slack : 2.280
TNS   : 0.000

Type  : Slow 1200mV 85C Model Setup 'DE0_LT24_SOPC_inst|alt_pll|sd1|pll7|clk[0]'
Slack : 7.100
TNS   : 0.000

Type  : Slow 1200mV 85C Model Setup 'altera_reserved_tck'
Slack : 42.656
TNS   : 0.000

Type  : Slow 1200mV 85C Model Setup 'DE0_LT24_SOPC_inst|alt_pll|sd1|pll7|clk[2]'
Slack : 94.245
TNS   : 0.000

Type  : Slow 1200mV 85C Model Hold 'DE0_LT24_SOPC_inst|alt_pll|sd1|pll7|clk[0]'
Slack : 0.216
TNS   : 0.000

Type  : Slow 1200mV 85C Model Hold 'CLOCK_50'
Slack : 0.296
TNS   : 0.000

Type  : Slow 1200mV 85C Model Hold 'altera_reserved_tck'
Slack : 0.356
TNS   : 0.000

Type  : Slow 1200mV 85C Model Hold 'DE0_LT24_SOPC_inst|alt_pll|sd1|pll7|clk[2]'
Slack : 0.357
TNS   : 0.000

Type  : Slow 1200mV 85C Model Recovery 'CLOCK_50'
Slack : 14.076
TNS   : 0.000

Type  : Slow 1200mV 85C Model Recovery 'DE0_LT24_SOPC_inst|alt_pll|sd1|pll7|clk[0]'
Slack : 14.466
TNS   : 0.000

Type  : Slow 1200mV 85C Model Recovery 'altera_reserved_tck'
Slack : 48.194
TNS   : 0.000

Type  : Slow 1200mV 85C Model Recovery 'DE0_LT24_SOPC_inst|alt_pll|sd1|pll7|clk[2]'
Slack : 97.423
TNS   : 0.000

Type  : Slow 1200mV 85C Model Removal 'DE0_LT24_SOPC_inst|alt_pll|sd1|pll7|clk[2]'
Slack : 0.907
TNS   : 0.000

Type  : Slow 1200mV 85C Model Removal 'altera_reserved_tck'
Slack : 1.031
TNS   : 0.000

Type  : Slow 1200mV 85C Model Removal 'CLOCK_50'
Slack : 1.254
TNS   : 0.000

Type  : Slow 1200mV 85C Model Removal 'DE0_LT24_SOPC_inst|alt_pll|sd1|pll7|clk[0]'
Slack : 2.474
TNS   : 0.000

Type  : Slow 1200mV 85C Model Minimum Pulse Width 'CLOCK_50'
Slack : 9.485
TNS   : 0.000

Type  : Slow 1200mV 85C Model Minimum Pulse Width 'DE0_LT24_SOPC_inst|alt_pll|sd1|pll7|clk[0]'
Slack : 9.695
TNS   : 0.000

Type  : Slow 1200mV 85C Model Minimum Pulse Width 'altera_reserved_tck'
Slack : 49.492
TNS   : 0.000

Type  : Slow 1200mV 85C Model Minimum Pulse Width 'DE0_LT24_SOPC_inst|alt_pll|sd1|pll7|clk[2]'
Slack : 49.747
TNS   : 0.000

Type  : Slow 1200mV 0C Model Setup 'CLOCK_50'
Slack : 4.145
TNS   : 0.000

Type  : Slow 1200mV 0C Model Setup 'DE0_LT24_SOPC_inst|alt_pll|sd1|pll7|clk[0]'
Slack : 8.322
TNS   : 0.000

Type  : Slow 1200mV 0C Model Setup 'altera_reserved_tck'
Slack : 43.471
TNS   : 0.000

Type  : Slow 1200mV 0C Model Setup 'DE0_LT24_SOPC_inst|alt_pll|sd1|pll7|clk[2]'
Slack : 94.768
TNS   : 0.000

Type  : Slow 1200mV 0C Model Hold 'DE0_LT24_SOPC_inst|alt_pll|sd1|pll7|clk[0]'
Slack : 0.219
TNS   : 0.000

Type  : Slow 1200mV 0C Model Hold 'CLOCK_50'
Slack : 0.296
TNS   : 0.000

Type  : Slow 1200mV 0C Model Hold 'DE0_LT24_SOPC_inst|alt_pll|sd1|pll7|clk[2]'
Slack : 0.311
TNS   : 0.000

Type  : Slow 1200mV 0C Model Hold 'altera_reserved_tck'
Slack : 0.312
TNS   : 0.000

Type  : Slow 1200mV 0C Model Recovery 'CLOCK_50'
Slack : 14.713
TNS   : 0.000

Type  : Slow 1200mV 0C Model Recovery 'DE0_LT24_SOPC_inst|alt_pll|sd1|pll7|clk[0]'
Slack : 15.078
TNS   : 0.000

Type  : Slow 1200mV 0C Model Recovery 'altera_reserved_tck'
Slack : 48.452
TNS   : 0.000

Type  : Slow 1200mV 0C Model Recovery 'DE0_LT24_SOPC_inst|alt_pll|sd1|pll7|clk[2]'
Slack : 97.681
TNS   : 0.000

Type  : Slow 1200mV 0C Model Removal 'DE0_LT24_SOPC_inst|alt_pll|sd1|pll7|clk[2]'
Slack : 0.819
TNS   : 0.000

Type  : Slow 1200mV 0C Model Removal 'altera_reserved_tck'
Slack : 0.934
TNS   : 0.000

Type  : Slow 1200mV 0C Model Removal 'CLOCK_50'
Slack : 1.133
TNS   : 0.000

Type  : Slow 1200mV 0C Model Removal 'DE0_LT24_SOPC_inst|alt_pll|sd1|pll7|clk[0]'
Slack : 2.228
TNS   : 0.000

Type  : Slow 1200mV 0C Model Minimum Pulse Width 'CLOCK_50'
Slack : 9.485
TNS   : 0.000

Type  : Slow 1200mV 0C Model Minimum Pulse Width 'DE0_LT24_SOPC_inst|alt_pll|sd1|pll7|clk[0]'
Slack : 9.717
TNS   : 0.000

Type  : Slow 1200mV 0C Model Minimum Pulse Width 'altera_reserved_tck'
Slack : 49.441
TNS   : 0.000

Type  : Slow 1200mV 0C Model Minimum Pulse Width 'DE0_LT24_SOPC_inst|alt_pll|sd1|pll7|clk[2]'
Slack : 49.743
TNS   : 0.000

Type  : Fast 1200mV 0C Model Setup 'CLOCK_50'
Slack : 10.013
TNS   : 0.000

Type  : Fast 1200mV 0C Model Setup 'DE0_LT24_SOPC_inst|alt_pll|sd1|pll7|clk[0]'
Slack : 12.395
TNS   : 0.000

Type  : Fast 1200mV 0C Model Setup 'altera_reserved_tck'
Slack : 45.958
TNS   : 0.000

Type  : Fast 1200mV 0C Model Setup 'DE0_LT24_SOPC_inst|alt_pll|sd1|pll7|clk[2]'
Slack : 96.666
TNS   : 0.000

Type  : Fast 1200mV 0C Model Hold 'DE0_LT24_SOPC_inst|alt_pll|sd1|pll7|clk[0]'
Slack : 0.095
TNS   : 0.000

Type  : Fast 1200mV 0C Model Hold 'CLOCK_50'
Slack : 0.136
TNS   : 0.000

Type  : Fast 1200mV 0C Model Hold 'altera_reserved_tck'
Slack : 0.186
TNS   : 0.000

Type  : Fast 1200mV 0C Model Hold 'DE0_LT24_SOPC_inst|alt_pll|sd1|pll7|clk[2]'
Slack : 0.187
TNS   : 0.000

Type  : Fast 1200mV 0C Model Recovery 'CLOCK_50'
Slack : 16.403
TNS   : 0.000

Type  : Fast 1200mV 0C Model Recovery 'DE0_LT24_SOPC_inst|alt_pll|sd1|pll7|clk[0]'
Slack : 16.696
TNS   : 0.000

Type  : Fast 1200mV 0C Model Recovery 'altera_reserved_tck'
Slack : 49.257
TNS   : 0.000

Type  : Fast 1200mV 0C Model Recovery 'DE0_LT24_SOPC_inst|alt_pll|sd1|pll7|clk[2]'
Slack : 98.461
TNS   : 0.000

Type  : Fast 1200mV 0C Model Removal 'DE0_LT24_SOPC_inst|alt_pll|sd1|pll7|clk[2]'
Slack : 0.500
TNS   : 0.000

Type  : Fast 1200mV 0C Model Removal 'altera_reserved_tck'
Slack : 0.570
TNS   : 0.000

Type  : Fast 1200mV 0C Model Removal 'CLOCK_50'
Slack : 0.688
TNS   : 0.000

Type  : Fast 1200mV 0C Model Removal 'DE0_LT24_SOPC_inst|alt_pll|sd1|pll7|clk[0]'
Slack : 1.449
TNS   : 0.000

Type  : Fast 1200mV 0C Model Minimum Pulse Width 'CLOCK_50'
Slack : 9.206
TNS   : 0.000

Type  : Fast 1200mV 0C Model Minimum Pulse Width 'DE0_LT24_SOPC_inst|alt_pll|sd1|pll7|clk[0]'
Slack : 9.749
TNS   : 0.000

Type  : Fast 1200mV 0C Model Minimum Pulse Width 'altera_reserved_tck'
Slack : 49.293
TNS   : 0.000

Type  : Fast 1200mV 0C Model Minimum Pulse Width 'DE0_LT24_SOPC_inst|alt_pll|sd1|pll7|clk[2]'
Slack : 49.782
TNS   : 0.000

------------------------------------------------------------
