------------------------------------------------------------
TimeQuest Timing Analyzer Summary
------------------------------------------------------------

Type  : Slow 1200mV 85C Model Setup 'CLOCK_50'
Slack : 4.746
TNS   : 0.000

Type  : Slow 1200mV 85C Model Setup 'DE0_LT24_SOPC_inst|alt_pll|sd1|pll7|clk[0]'
Slack : 7.155
TNS   : 0.000

Type  : Slow 1200mV 85C Model Setup 'altera_reserved_tck'
Slack : 44.209
TNS   : 0.000

Type  : Slow 1200mV 85C Model Setup 'DE0_LT24_SOPC_inst|alt_pll|sd1|pll7|clk[2]'
Slack : 94.157
TNS   : 0.000

Type  : Slow 1200mV 85C Model Hold 'DE0_LT24_SOPC_inst|alt_pll|sd1|pll7|clk[0]'
Slack : 0.293
TNS   : 0.000

Type  : Slow 1200mV 85C Model Hold 'CLOCK_50'
Slack : 0.343
TNS   : 0.000

Type  : Slow 1200mV 85C Model Hold 'DE0_LT24_SOPC_inst|alt_pll|sd1|pll7|clk[2]'
Slack : 0.344
TNS   : 0.000

Type  : Slow 1200mV 85C Model Hold 'altera_reserved_tck'
Slack : 0.357
TNS   : 0.000

Type  : Slow 1200mV 85C Model Recovery 'DE0_LT24_SOPC_inst|alt_pll|sd1|pll7|clk[0]'
Slack : 13.908
TNS   : 0.000

Type  : Slow 1200mV 85C Model Recovery 'CLOCK_50'
Slack : 14.330
TNS   : 0.000

Type  : Slow 1200mV 85C Model Recovery 'altera_reserved_tck'
Slack : 48.041
TNS   : 0.000

Type  : Slow 1200mV 85C Model Recovery 'DE0_LT24_SOPC_inst|alt_pll|sd1|pll7|clk[2]'
Slack : 96.881
TNS   : 0.000

Type  : Slow 1200mV 85C Model Removal 'altera_reserved_tck'
Slack : 1.068
TNS   : 0.000

Type  : Slow 1200mV 85C Model Removal 'DE0_LT24_SOPC_inst|alt_pll|sd1|pll7|clk[2]'
Slack : 1.934
TNS   : 0.000

Type  : Slow 1200mV 85C Model Removal 'CLOCK_50'
Slack : 2.522
TNS   : 0.000

Type  : Slow 1200mV 85C Model Removal 'DE0_LT24_SOPC_inst|alt_pll|sd1|pll7|clk[0]'
Slack : 3.159
TNS   : 0.000

Type  : Slow 1200mV 85C Model Minimum Pulse Width 'CLOCK_50'
Slack : 9.483
TNS   : 0.000

Type  : Slow 1200mV 85C Model Minimum Pulse Width 'DE0_LT24_SOPC_inst|alt_pll|sd1|pll7|clk[0]'
Slack : 9.694
TNS   : 0.000

Type  : Slow 1200mV 85C Model Minimum Pulse Width 'altera_reserved_tck'
Slack : 49.491
TNS   : 0.000

Type  : Slow 1200mV 85C Model Minimum Pulse Width 'DE0_LT24_SOPC_inst|alt_pll|sd1|pll7|clk[2]'
Slack : 49.746
TNS   : 0.000

Type  : Slow 1200mV 0C Model Setup 'CLOCK_50'
Slack : 6.287
TNS   : 0.000

Type  : Slow 1200mV 0C Model Setup 'DE0_LT24_SOPC_inst|alt_pll|sd1|pll7|clk[0]'
Slack : 8.448
TNS   : 0.000

Type  : Slow 1200mV 0C Model Setup 'altera_reserved_tck'
Slack : 44.868
TNS   : 0.000

Type  : Slow 1200mV 0C Model Setup 'DE0_LT24_SOPC_inst|alt_pll|sd1|pll7|clk[2]'
Slack : 94.727
TNS   : 0.000

Type  : Slow 1200mV 0C Model Hold 'DE0_LT24_SOPC_inst|alt_pll|sd1|pll7|clk[0]'
Slack : 0.286
TNS   : 0.000

Type  : Slow 1200mV 0C Model Hold 'CLOCK_50'
Slack : 0.298
TNS   : 0.000

Type  : Slow 1200mV 0C Model Hold 'DE0_LT24_SOPC_inst|alt_pll|sd1|pll7|clk[2]'
Slack : 0.300
TNS   : 0.000

Type  : Slow 1200mV 0C Model Hold 'altera_reserved_tck'
Slack : 0.311
TNS   : 0.000

Type  : Slow 1200mV 0C Model Recovery 'DE0_LT24_SOPC_inst|alt_pll|sd1|pll7|clk[0]'
Slack : 14.570
TNS   : 0.000

Type  : Slow 1200mV 0C Model Recovery 'CLOCK_50'
Slack : 14.934
TNS   : 0.000

Type  : Slow 1200mV 0C Model Recovery 'altera_reserved_tck'
Slack : 48.313
TNS   : 0.000

Type  : Slow 1200mV 0C Model Recovery 'DE0_LT24_SOPC_inst|alt_pll|sd1|pll7|clk[2]'
Slack : 97.223
TNS   : 0.000

Type  : Slow 1200mV 0C Model Removal 'altera_reserved_tck'
Slack : 0.967
TNS   : 0.000

Type  : Slow 1200mV 0C Model Removal 'DE0_LT24_SOPC_inst|alt_pll|sd1|pll7|clk[2]'
Slack : 1.725
TNS   : 0.000

Type  : Slow 1200mV 0C Model Removal 'CLOCK_50'
Slack : 2.267
TNS   : 0.000

Type  : Slow 1200mV 0C Model Removal 'DE0_LT24_SOPC_inst|alt_pll|sd1|pll7|clk[0]'
Slack : 2.852
TNS   : 0.000

Type  : Slow 1200mV 0C Model Minimum Pulse Width 'CLOCK_50'
Slack : 9.484
TNS   : 0.000

Type  : Slow 1200mV 0C Model Minimum Pulse Width 'DE0_LT24_SOPC_inst|alt_pll|sd1|pll7|clk[0]'
Slack : 9.717
TNS   : 0.000

Type  : Slow 1200mV 0C Model Minimum Pulse Width 'altera_reserved_tck'
Slack : 49.440
TNS   : 0.000

Type  : Slow 1200mV 0C Model Minimum Pulse Width 'DE0_LT24_SOPC_inst|alt_pll|sd1|pll7|clk[2]'
Slack : 49.742
TNS   : 0.000

Type  : Fast 1200mV 0C Model Setup 'CLOCK_50'
Slack : 11.396
TNS   : 0.000

Type  : Fast 1200mV 0C Model Setup 'DE0_LT24_SOPC_inst|alt_pll|sd1|pll7|clk[0]'
Slack : 12.601
TNS   : 0.000

Type  : Fast 1200mV 0C Model Setup 'altera_reserved_tck'
Slack : 46.919
TNS   : 0.000

Type  : Fast 1200mV 0C Model Setup 'DE0_LT24_SOPC_inst|alt_pll|sd1|pll7|clk[2]'
Slack : 96.537
TNS   : 0.000

Type  : Fast 1200mV 0C Model Hold 'DE0_LT24_SOPC_inst|alt_pll|sd1|pll7|clk[0]'
Slack : 0.144
TNS   : 0.000

Type  : Fast 1200mV 0C Model Hold 'CLOCK_50'
Slack : 0.178
TNS   : 0.000

Type  : Fast 1200mV 0C Model Hold 'DE0_LT24_SOPC_inst|alt_pll|sd1|pll7|clk[2]'
Slack : 0.180
TNS   : 0.000

Type  : Fast 1200mV 0C Model Hold 'altera_reserved_tck'
Slack : 0.186
TNS   : 0.000

Type  : Fast 1200mV 0C Model Recovery 'DE0_LT24_SOPC_inst|alt_pll|sd1|pll7|clk[0]'
Slack : 16.330
TNS   : 0.000

Type  : Fast 1200mV 0C Model Recovery 'CLOCK_50'
Slack : 16.528
TNS   : 0.000

Type  : Fast 1200mV 0C Model Recovery 'altera_reserved_tck'
Slack : 49.173
TNS   : 0.000

Type  : Fast 1200mV 0C Model Recovery 'DE0_LT24_SOPC_inst|alt_pll|sd1|pll7|clk[2]'
Slack : 98.152
TNS   : 0.000

Type  : Fast 1200mV 0C Model Removal 'altera_reserved_tck'
Slack : 0.574
TNS   : 0.000

Type  : Fast 1200mV 0C Model Removal 'DE0_LT24_SOPC_inst|alt_pll|sd1|pll7|clk[2]'
Slack : 1.121
TNS   : 0.000

Type  : Fast 1200mV 0C Model Removal 'CLOCK_50'
Slack : 1.476
TNS   : 0.000

Type  : Fast 1200mV 0C Model Removal 'DE0_LT24_SOPC_inst|alt_pll|sd1|pll7|clk[0]'
Slack : 1.862
TNS   : 0.000

Type  : Fast 1200mV 0C Model Minimum Pulse Width 'CLOCK_50'
Slack : 9.206
TNS   : 0.000

Type  : Fast 1200mV 0C Model Minimum Pulse Width 'DE0_LT24_SOPC_inst|alt_pll|sd1|pll7|clk[0]'
Slack : 9.749
TNS   : 0.000

Type  : Fast 1200mV 0C Model Minimum Pulse Width 'altera_reserved_tck'
Slack : 49.294
TNS   : 0.000

Type  : Fast 1200mV 0C Model Minimum Pulse Width 'DE0_LT24_SOPC_inst|alt_pll|sd1|pll7|clk[2]'
Slack : 49.782
TNS   : 0.000

------------------------------------------------------------
