------------------------------------------------------------
TimeQuest Timing Analyzer Summary
------------------------------------------------------------

Type  : Slow 1200mV 85C Model Setup 'CLOCK_50'
Slack : 2.373
TNS   : 0.000

Type  : Slow 1200mV 85C Model Setup 'DE0_LT24_SOPC_inst|alt_pll|sd1|pll7|clk[0]'
Slack : 6.436
TNS   : 0.000

Type  : Slow 1200mV 85C Model Setup 'altera_reserved_tck'
Slack : 43.488
TNS   : 0.000

Type  : Slow 1200mV 85C Model Setup 'DE0_LT24_SOPC_inst|alt_pll|sd1|pll7|clk[2]'
Slack : 94.451
TNS   : 0.000

Type  : Slow 1200mV 85C Model Hold 'CLOCK_50'
Slack : 0.298
TNS   : 0.000

Type  : Slow 1200mV 85C Model Hold 'DE0_LT24_SOPC_inst|alt_pll|sd1|pll7|clk[0]'
Slack : 0.308
TNS   : 0.000

Type  : Slow 1200mV 85C Model Hold 'DE0_LT24_SOPC_inst|alt_pll|sd1|pll7|clk[2]'
Slack : 0.357
TNS   : 0.000

Type  : Slow 1200mV 85C Model Hold 'altera_reserved_tck'
Slack : 0.357
TNS   : 0.000

Type  : Slow 1200mV 85C Model Recovery 'DE0_LT24_SOPC_inst|alt_pll|sd1|pll7|clk[0]'
Slack : 14.537
TNS   : 0.000

Type  : Slow 1200mV 85C Model Recovery 'CLOCK_50'
Slack : 15.437
TNS   : 0.000

Type  : Slow 1200mV 85C Model Recovery 'altera_reserved_tck'
Slack : 47.803
TNS   : 0.000

Type  : Slow 1200mV 85C Model Recovery 'DE0_LT24_SOPC_inst|alt_pll|sd1|pll7|clk[2]'
Slack : 96.700
TNS   : 0.000

Type  : Slow 1200mV 85C Model Removal 'altera_reserved_tck'
Slack : 0.858
TNS   : 0.000

Type  : Slow 1200mV 85C Model Removal 'CLOCK_50'
Slack : 1.151
TNS   : 0.000

Type  : Slow 1200mV 85C Model Removal 'DE0_LT24_SOPC_inst|alt_pll|sd1|pll7|clk[2]'
Slack : 1.553
TNS   : 0.000

Type  : Slow 1200mV 85C Model Removal 'DE0_LT24_SOPC_inst|alt_pll|sd1|pll7|clk[0]'
Slack : 3.368
TNS   : 0.000

Type  : Slow 1200mV 85C Model Minimum Pulse Width 'CLOCK_50'
Slack : 9.483
TNS   : 0.000

Type  : Slow 1200mV 85C Model Minimum Pulse Width 'DE0_LT24_SOPC_inst|alt_pll|sd1|pll7|clk[0]'
Slack : 9.695
TNS   : 0.000

Type  : Slow 1200mV 85C Model Minimum Pulse Width 'altera_reserved_tck'
Slack : 49.493
TNS   : 0.000

Type  : Slow 1200mV 85C Model Minimum Pulse Width 'DE0_LT24_SOPC_inst|alt_pll|sd1|pll7|clk[2]'
Slack : 49.744
TNS   : 0.000

Type  : Slow 1200mV 0C Model Setup 'CLOCK_50'
Slack : 4.235
TNS   : 0.000

Type  : Slow 1200mV 0C Model Setup 'DE0_LT24_SOPC_inst|alt_pll|sd1|pll7|clk[0]'
Slack : 7.697
TNS   : 0.000

Type  : Slow 1200mV 0C Model Setup 'altera_reserved_tck'
Slack : 44.252
TNS   : 0.000

Type  : Slow 1200mV 0C Model Setup 'DE0_LT24_SOPC_inst|alt_pll|sd1|pll7|clk[2]'
Slack : 94.932
TNS   : 0.000

Type  : Slow 1200mV 0C Model Hold 'CLOCK_50'
Slack : 0.292
TNS   : 0.000

Type  : Slow 1200mV 0C Model Hold 'DE0_LT24_SOPC_inst|alt_pll|sd1|pll7|clk[0]'
Slack : 0.294
TNS   : 0.000

Type  : Slow 1200mV 0C Model Hold 'DE0_LT24_SOPC_inst|alt_pll|sd1|pll7|clk[2]'
Slack : 0.310
TNS   : 0.000

Type  : Slow 1200mV 0C Model Hold 'altera_reserved_tck'
Slack : 0.312
TNS   : 0.000

Type  : Slow 1200mV 0C Model Recovery 'DE0_LT24_SOPC_inst|alt_pll|sd1|pll7|clk[0]'
Slack : 15.079
TNS   : 0.000

Type  : Slow 1200mV 0C Model Recovery 'CLOCK_50'
Slack : 15.905
TNS   : 0.000

Type  : Slow 1200mV 0C Model Recovery 'altera_reserved_tck'
Slack : 48.097
TNS   : 0.000

Type  : Slow 1200mV 0C Model Recovery 'DE0_LT24_SOPC_inst|alt_pll|sd1|pll7|clk[2]'
Slack : 97.072
TNS   : 0.000

Type  : Slow 1200mV 0C Model Removal 'altera_reserved_tck'
Slack : 0.766
TNS   : 0.000

Type  : Slow 1200mV 0C Model Removal 'CLOCK_50'
Slack : 1.049
TNS   : 0.000

Type  : Slow 1200mV 0C Model Removal 'DE0_LT24_SOPC_inst|alt_pll|sd1|pll7|clk[2]'
Slack : 1.421
TNS   : 0.000

Type  : Slow 1200mV 0C Model Removal 'DE0_LT24_SOPC_inst|alt_pll|sd1|pll7|clk[0]'
Slack : 3.034
TNS   : 0.000

Type  : Slow 1200mV 0C Model Minimum Pulse Width 'CLOCK_50'
Slack : 9.485
TNS   : 0.000

Type  : Slow 1200mV 0C Model Minimum Pulse Width 'DE0_LT24_SOPC_inst|alt_pll|sd1|pll7|clk[0]'
Slack : 9.717
TNS   : 0.000

Type  : Slow 1200mV 0C Model Minimum Pulse Width 'altera_reserved_tck'
Slack : 49.442
TNS   : 0.000

Type  : Slow 1200mV 0C Model Minimum Pulse Width 'DE0_LT24_SOPC_inst|alt_pll|sd1|pll7|clk[2]'
Slack : 49.739
TNS   : 0.000

Type  : Fast 1200mV 0C Model Setup 'CLOCK_50'
Slack : 10.142
TNS   : 0.000

Type  : Fast 1200mV 0C Model Setup 'DE0_LT24_SOPC_inst|alt_pll|sd1|pll7|clk[0]'
Slack : 12.257
TNS   : 0.000

Type  : Fast 1200mV 0C Model Setup 'altera_reserved_tck'
Slack : 46.509
TNS   : 0.000

Type  : Fast 1200mV 0C Model Setup 'DE0_LT24_SOPC_inst|alt_pll|sd1|pll7|clk[2]'
Slack : 96.833
TNS   : 0.000

Type  : Fast 1200mV 0C Model Hold 'CLOCK_50'
Slack : 0.146
TNS   : 0.000

Type  : Fast 1200mV 0C Model Hold 'DE0_LT24_SOPC_inst|alt_pll|sd1|pll7|clk[0]'
Slack : 0.147
TNS   : 0.000

Type  : Fast 1200mV 0C Model Hold 'DE0_LT24_SOPC_inst|alt_pll|sd1|pll7|clk[2]'
Slack : 0.187
TNS   : 0.000

Type  : Fast 1200mV 0C Model Hold 'altera_reserved_tck'
Slack : 0.188
TNS   : 0.000

Type  : Fast 1200mV 0C Model Recovery 'DE0_LT24_SOPC_inst|alt_pll|sd1|pll7|clk[0]'
Slack : 16.694
TNS   : 0.000

Type  : Fast 1200mV 0C Model Recovery 'CLOCK_50'
Slack : 17.167
TNS   : 0.000

Type  : Fast 1200mV 0C Model Recovery 'altera_reserved_tck'
Slack : 48.995
TNS   : 0.000

Type  : Fast 1200mV 0C Model Recovery 'DE0_LT24_SOPC_inst|alt_pll|sd1|pll7|clk[2]'
Slack : 98.027
TNS   : 0.000

Type  : Fast 1200mV 0C Model Removal 'altera_reserved_tck'
Slack : 0.482
TNS   : 0.000

Type  : Fast 1200mV 0C Model Removal 'CLOCK_50'
Slack : 0.646
TNS   : 0.000

Type  : Fast 1200mV 0C Model Removal 'DE0_LT24_SOPC_inst|alt_pll|sd1|pll7|clk[2]'
Slack : 0.861
TNS   : 0.000

Type  : Fast 1200mV 0C Model Removal 'DE0_LT24_SOPC_inst|alt_pll|sd1|pll7|clk[0]'
Slack : 1.942
TNS   : 0.000

Type  : Fast 1200mV 0C Model Minimum Pulse Width 'CLOCK_50'
Slack : 9.205
TNS   : 0.000

Type  : Fast 1200mV 0C Model Minimum Pulse Width 'DE0_LT24_SOPC_inst|alt_pll|sd1|pll7|clk[0]'
Slack : 9.750
TNS   : 0.000

Type  : Fast 1200mV 0C Model Minimum Pulse Width 'altera_reserved_tck'
Slack : 49.295
TNS   : 0.000

Type  : Fast 1200mV 0C Model Minimum Pulse Width 'DE0_LT24_SOPC_inst|alt_pll|sd1|pll7|clk[2]'
Slack : 49.780
TNS   : 0.000

------------------------------------------------------------
