Archive member included to satisfy reference by file (symbol)

c:/altera/15.0/nios2eds/bin/gnu/h-x86_64-mingw32/bin/../lib/gcc/nios2-elf/4.9.1/../../../../../H-x86_64-mingw32/nios2-elf/lib\libm.a(lib_a-w_sqrt.o)
                              obj/default/graphic_lib/geometry.o (sqrt)
c:/altera/15.0/nios2eds/bin/gnu/h-x86_64-mingw32/bin/../lib/gcc/nios2-elf/4.9.1/../../../../../H-x86_64-mingw32/nios2-elf/lib\libm.a(lib_a-e_sqrt.o)
                              c:/altera/15.0/nios2eds/bin/gnu/h-x86_64-mingw32/bin/../lib/gcc/nios2-elf/4.9.1/../../../../../H-x86_64-mingw32/nios2-elf/lib\libm.a(lib_a-w_sqrt.o) (__ieee754_sqrt)
c:/altera/15.0/nios2eds/bin/gnu/h-x86_64-mingw32/bin/../lib/gcc/nios2-elf/4.9.1/../../../../../H-x86_64-mingw32/nios2-elf/lib\libm.a(lib_a-s_fpclassify.o)
                              c:/altera/15.0/nios2eds/bin/gnu/h-x86_64-mingw32/bin/../lib/gcc/nios2-elf/4.9.1/../../../../../H-x86_64-mingw32/nios2-elf/lib\libm.a(lib_a-w_sqrt.o) (__fpclassifyd)
c:/altera/15.0/nios2eds/bin/gnu/h-x86_64-mingw32/bin/../lib/gcc/nios2-elf/4.9.1/../../../../../H-x86_64-mingw32/nios2-elf/lib\libm.a(lib_a-s_lib_ver.o)
                              c:/altera/15.0/nios2eds/bin/gnu/h-x86_64-mingw32/bin/../lib/gcc/nios2-elf/4.9.1/../../../../../H-x86_64-mingw32/nios2-elf/lib\libm.a(lib_a-w_sqrt.o) (__fdlib_version)
c:/altera/15.0/nios2eds/bin/gnu/h-x86_64-mingw32/bin/../lib/gcc/nios2-elf/4.9.1/../../../../../H-x86_64-mingw32/nios2-elf/lib\libm.a(lib_a-s_matherr.o)
                              c:/altera/15.0/nios2eds/bin/gnu/h-x86_64-mingw32/bin/../lib/gcc/nios2-elf/4.9.1/../../../../../H-x86_64-mingw32/nios2-elf/lib\libm.a(lib_a-w_sqrt.o) (matherr)
c:/altera/15.0/nios2eds/bin/gnu/h-x86_64-mingw32/bin/../lib/gcc/nios2-elf/4.9.1\libgcc.a(lib2-divmod.o)
                              obj/default/demo/gui.o (__divsi3)
c:/altera/15.0/nios2eds/bin/gnu/h-x86_64-mingw32/bin/../lib/gcc/nios2-elf/4.9.1\libgcc.a(adddf3.o)
                              c:/altera/15.0/nios2eds/bin/gnu/h-x86_64-mingw32/bin/../lib/gcc/nios2-elf/4.9.1/../../../../../H-x86_64-mingw32/nios2-elf/lib\libm.a(lib_a-e_sqrt.o) (__adddf3)
c:/altera/15.0/nios2eds/bin/gnu/h-x86_64-mingw32/bin/../lib/gcc/nios2-elf/4.9.1\libgcc.a(divdf3.o)
                              c:/altera/15.0/nios2eds/bin/gnu/h-x86_64-mingw32/bin/../lib/gcc/nios2-elf/4.9.1/../../../../../H-x86_64-mingw32/nios2-elf/lib\libm.a(lib_a-w_sqrt.o) (__divdf3)
c:/altera/15.0/nios2eds/bin/gnu/h-x86_64-mingw32/bin/../lib/gcc/nios2-elf/4.9.1\libgcc.a(ledf2.o)
                              c:/altera/15.0/nios2eds/bin/gnu/h-x86_64-mingw32/bin/../lib/gcc/nios2-elf/4.9.1/../../../../../H-x86_64-mingw32/nios2-elf/lib\libm.a(lib_a-w_sqrt.o) (__ltdf2)
c:/altera/15.0/nios2eds/bin/gnu/h-x86_64-mingw32/bin/../lib/gcc/nios2-elf/4.9.1\libgcc.a(muldf3.o)
                              c:/altera/15.0/nios2eds/bin/gnu/h-x86_64-mingw32/bin/../lib/gcc/nios2-elf/4.9.1/../../../../../H-x86_64-mingw32/nios2-elf/lib\libm.a(lib_a-e_sqrt.o) (__muldf3)
c:/altera/15.0/nios2eds/bin/gnu/h-x86_64-mingw32/bin/../lib/gcc/nios2-elf/4.9.1\libgcc.a(subdf3.o)
                              c:/altera/15.0/nios2eds/bin/gnu/h-x86_64-mingw32/bin/../lib/gcc/nios2-elf/4.9.1/../../../../../H-x86_64-mingw32/nios2-elf/lib\libm.a(lib_a-e_sqrt.o) (__subdf3)
c:/altera/15.0/nios2eds/bin/gnu/h-x86_64-mingw32/bin/../lib/gcc/nios2-elf/4.9.1\libgcc.a(fixdfsi.o)
                              obj/default/graphic_lib/geometry.o (__fixdfsi)
c:/altera/15.0/nios2eds/bin/gnu/h-x86_64-mingw32/bin/../lib/gcc/nios2-elf/4.9.1\libgcc.a(floatsidf.o)
                              obj/default/graphic_lib/geometry.o (__floatsidf)
c:/altera/15.0/nios2eds/bin/gnu/h-x86_64-mingw32/bin/../lib/gcc/nios2-elf/4.9.1\libgcc.a(_clzsi2.o)
                              c:/altera/15.0/nios2eds/bin/gnu/h-x86_64-mingw32/bin/../lib/gcc/nios2-elf/4.9.1\libgcc.a(adddf3.o) (__clzsi2)
c:/altera/15.0/nios2eds/bin/gnu/h-x86_64-mingw32/bin/../lib/gcc/nios2-elf/4.9.1\libgcc.a(_clz.o)
                              c:/altera/15.0/nios2eds/bin/gnu/h-x86_64-mingw32/bin/../lib/gcc/nios2-elf/4.9.1\libgcc.a(_clzsi2.o) (__clz_tab)
c:/altera/15.0/nios2eds/bin/gnu/h-x86_64-mingw32/bin/../lib/gcc/nios2-elf/4.9.1/../../../../../H-x86_64-mingw32/nios2-elf/lib\libc.a(lib_a-errno.o)
                              c:/altera/15.0/nios2eds/bin/gnu/h-x86_64-mingw32/bin/../lib/gcc/nios2-elf/4.9.1/../../../../../H-x86_64-mingw32/nios2-elf/lib\libm.a(lib_a-w_sqrt.o) (__errno)
c:/altera/15.0/nios2eds/bin/gnu/h-x86_64-mingw32/bin/../lib/gcc/nios2-elf/4.9.1/../../../../../H-x86_64-mingw32/nios2-elf/lib\libc.a(lib_a-impure.o)
                              c:/altera/15.0/nios2eds/bin/gnu/h-x86_64-mingw32/bin/../lib/gcc/nios2-elf/4.9.1/../../../../../H-x86_64-mingw32/nios2-elf/lib\libc.a(lib_a-errno.o) (_impure_ptr)
c:/altera/15.0/nios2eds/bin/gnu/h-x86_64-mingw32/bin/../lib/gcc/nios2-elf/4.9.1/../../../../../H-x86_64-mingw32/nios2-elf/lib\libc.a(lib_a-malloc.o)
[...]
Memory Configuration

Name             Origin             Length             Attributes
background_mem   0x0000000000000000 0x0000000000002580
reset            0x0000000002000000 0x0000000000000020
SDRAM            0x0000000002000020 0x0000000001ffffe0
pic_mem          0x0000000004000000 0x0000000000000960
*default*        0x0000000000000000 0xffffffffffffffff

Linker script and memory map

LOAD ../temp_bsp//obj/HAL/src/crt0.o
LOAD obj/default/demo/gui.o
LOAD obj/default/demo/gui_vpg.o
LOAD obj/default/fonts/tahomabold_20.o
LOAD obj/default/fonts/tahomabold_32.o
LOAD obj/default/graphic_lib/ILI9341.o
LOAD obj/default/graphic_lib/geometry.o
LOAD obj/default/graphic_lib/simple_graphics.o
LOAD obj/default/graphic_lib/simple_text.o
LOAD obj/default/main.o
LOAD obj/default/terasic_lib/touch_spi.o
LOAD c:/altera/15.0/nios2eds/bin/gnu/h-x86_64-mingw32/bin/../lib/gcc/nios2-elf/4.9.1/../../../../../H-x86_64-mingw32/nios2-elf/lib\libstdc++.a
LOAD c:/altera/15.0/nios2eds/bin/gnu/h-x86_64-mingw32/bin/../lib/gcc/nios2-elf/4.9.1/../../../../../H-x86_64-mingw32/nios2-elf/lib\libm.a
LOAD c:/altera/15.0/nios2eds/bin/gnu/h-x86_64-mingw32/bin/../lib/gcc/nios2-elf/4.9.1\libgcc.a
START GROUP
LOAD c:/altera/15.0/nios2eds/bin/gnu/h-x86_64-mingw32/bin/../lib/gcc/nios2-elf/4.9.1/../../../../../H-x86_64-mingw32/nios2-elf/lib\libc.a
LOAD c:/altera/15.0/nios2eds/bin/gnu/h-x86_64-mingw32/bin/../lib/gcc/nios2-elf/4.9.1\libgcc.a
LOAD ../temp_bsp/\libhal_bsp.a
LOAD c:/altera/15.0/nios2eds/bin/gnu/h-x86_64-mingw32/bin/../lib/gcc/nios2-elf/4.9.1/../../../../../H-x86_64-mingw32/nios2-elf/lib\libm.a
END GROUP
LOAD c:/altera/15.0/nios2eds/bin/gnu/h-x86_64-mingw32/bin/../lib/gcc/nios2-elf/4.9.1\libgcc.a
                0x0000000000000000                __alt_mem_background_mem = 0x0
                0x0000000002000000                __alt_mem_SDRAM = 0x2000000
                0x0000000004000000                __alt_mem_pic_mem = 0x4000000

.entry          0x0000000002000000       0x20
 *(.entry)
 .entry         0x0000000002000000       0x20 ../temp_bsp//obj/HAL/src/crt0.o
                0x0000000002000000                __reset

.exceptions     0x0000000002000020      0x19c
                0x0000000002000020                PROVIDE (__ram_exceptions_start, ABSOLUTE (.))
                0x0000000002000020                . = ALIGN (0x20)
 *(.irq)
 *(.exceptions.entry.label)
 .exceptions.entry.label
                0x0000000002000020        0x0 ../temp_bsp/\libhal_bsp.a(alt_irq_entry.o)
                0x0000000002000020                alt_irq_entry
 .exceptions.entry.label
                0x0000000002000020        0x0 ../temp_bsp/\libhal_bsp.a(alt_exception_entry.o)
                0x0000000002000020                alt_exception
 *(.exceptions.entry.user)
 *(.exceptions.entry.ecc_fatal)
 *(.exceptions.entry)
 .exceptions.entry
                0x0000000002000020       0x54 ../temp_bsp/\libhal_bsp.a(alt_exception_entry.o)
 *(.exceptions.irqtest.user)
 *(.exceptions.irqtest)
 .exceptions.irqtest
                0x0000000002000074       0x10 ../temp_bsp/\libhal_bsp.a(alt_irq_entry.o)
 *(.exceptions.irqhandler.user)
 *(.exceptions.irqhandler)
 .exceptions.irqhandler
                0x0000000002000084        0x4 ../temp_bsp/\libhal_bsp.a(alt_irq_entry.o)
 *(.exceptions.irqreturn.user)
 *(.exceptions.irqreturn)
 .exceptions.irqreturn
                0x0000000002000088        0x4 ../temp_bsp/\libhal_bsp.a(alt_irq_entry.o)
 *(.exceptions.notirq.label)
 .exceptions.notirq.label
                0x000000000200008c        0x0 ../temp_bsp/\libhal_bsp.a(alt_irq_entry.o)
 *(.exceptions.notirq.user)
 *(.exceptions.notirq)
 .exceptions.notirq
                0x000000000200008c        0x8 ../temp_bsp/\libhal_bsp.a(alt_exception_entry.o)
 *(.exceptions.soft.user)
 *(.exceptions.soft)
 *(.exceptions.unknown.user)
 *(.exceptions.unknown)
 .exceptions.unknown
                0x0000000002000094        0x4 ../temp_bsp/\libhal_bsp.a(alt_exception_entry.o)
 *(.exceptions.exit.label)
 .exceptions.exit.label
                0x0000000002000098        0x0 ../temp_bsp/\libhal_bsp.a(alt_irq_entry.o)
 .exceptions.exit.label
                0x0000000002000098        0x0 ../temp_bsp/\libhal_bsp.a(alt_exception_entry.o)
 *(.exceptions.exit.user)
 *(.exceptions.exit)
 .exceptions.exit
                0x0000000002000098       0x54 ../temp_bsp/\libhal_bsp.a(alt_exception_entry.o)
 *(.exceptions)
 .exceptions    0x00000000020000ec       0xd0 ../temp_bsp/\libhal_bsp.a(alt_irq_handler.o)
                0x00000000020000ec                alt_irq_handler
                0x00000000020001bc                PROVIDE (__ram_exceptions_end, ABSOLUTE (.))
                0x0000000002000020                PROVIDE (__flash_exceptions_start, LOADADDR (.exceptions))

.text           0x00000000020001bc    0x182dc
                0x00000000020001bc                PROVIDE (stext, ABSOLUTE (.))
 *(.interp)
 *(.hash)
 *(.dynsym)
 *(.dynstr)
 *(.gnu.version)
 *(.gnu.version_d)
 *(.gnu.version_r)
 *(.rel.init)
 *(.rela.init)
 *(.rel.text .rel.text.* .rel.gnu.linkonce.t.*)
 *(.rela.text .rela.text.* .rela.gnu.linkonce.t.*)
 *(.rel.fini)
 *(.rela.fini)
 *(.rel.rodata .rel.rodata.* .rel.gnu.linkonce.r.*)
 *(.rela.rodata .rela.rodata.* .rela.gnu.linkonce.r.*)
 *(.rel.data .rel.data.* .rel.gnu.linkonce.d.*)
 *(.rela.data .rela.data.* .rela.gnu.linkonce.d.*)
 *(.rel.tdata .rel.tdata.* .rel.gnu.linkonce.td.*)
 *(.rela.tdata .rela.tdata.* .rela.gnu.linkonce.td.*)
 *(.rel.tbss .rel.tbss.* .rel.gnu.linkonce.tb.*)
 *(.rela.tbss .rela.tbss.* .rela.gnu.linkonce.tb.*)
 *(.rel.ctors)
 *(.rela.ctors)
 *(.rel.dtors)
 *(.rela.dtors)
 *(.rel.got)
 *(.rela.got)
 *(.rel.sdata .rel.sdata.* .rel.gnu.linkonce.s.*)
 *(.rela.sdata .rela.sdata.* .rela.gnu.linkonce.s.*)
 *(.rel.sbss .rel.sbss.* .rel.gnu.linkonce.sb.*)
 *(.rela.sbss .rela.sbss.* .rela.gnu.linkonce.sb.*)
 *(.rel.sdata2 .rel.sdata2.* .rel.gnu.linkonce.s2.*)
 *(.rela.sdata2 .rela.sdata2.* .rela.gnu.linkonce.s2.*)
 *(.rel.sbss2 .rel.sbss2.* .rel.gnu.linkonce.sb2.*)
 *(.rela.sbss2 .rela.sbss2.* .rela.gnu.linkonce.sb2.*)
 *(.rel.bss .rel.bss.* .rel.gnu.linkonce.b.*)
 *(.rela.bss .rela.bss.* .rela.gnu.linkonce.b.*)
 *(.rel.plt)
 *(.rela.plt)
 *(.rel.dyn)
 *(.init)
 *(.plt)
 *(.text .stub .text.* .gnu.linkonce.t.*)
 .text          0x00000000020001bc       0x4c ../temp_bsp//obj/HAL/src/crt0.o
                0x00000000020001bc                _start
 .text          0x0000000002000208      0x934 obj/default/demo/gui.o
                0x0000000002000208                GUI_ShowWelcome
                0x00000000020002d8                GUI_ShowInfo
                0x0000000002000338                GUI_ShowTouchPoint
                0x0000000002000390                GUI_DeskInit
                0x0000000002000564                GUI_CheckButton
                0x00000000020005f4                GUI_DeskDraw
                0x0000000002000810                IsContinuedPoint
                0x00000000020008a4                GUI_ClearPaintArea
                0x0000000002000920                GUI
 .text          0x0000000002000b3c      0x7cc obj/default/demo/gui_vpg.o
                0x0000000002000b3c                ShowInfo
                0x0000000002000b9c                VPG_XLine
                0x0000000002000bc0                VPG_ColorPanel
                0x0000000002000c70                VPG_Grid
                0x0000000002000d6c                VPG_VGrid
                0x0000000002000e50                VPG_HGrid
                0x0000000002000f34                VPG_ColorBar
                0x00000000020010e4                GUI_ShowPAT
                0x0000000002001260                GUI_VPG
 .text          0x0000000002001308        0x0 obj/default/fonts/tahomabold_20.o
 .text          0x0000000002001308        0x0 obj/default/fonts/tahomabold_32.o
 .text          0x0000000002001308      0xae8 obj/default/graphic_lib/ILI9341.o
                0x0000000002001308                Delay_Ms
                0x0000000002001354                LCD_SetCursor
                0x0000000002001408                LCD_Clear
                0x0000000002001488                LCD_DrawPoint
                0x00000000020014f4                LCD_Init
                0x0000000002001b60                LCD_Pattern_Horizon
                0x0000000002001c98                LCD_Pattern_Vertical
                0x0000000002001d78                Set_BUFFER_FLAG
                0x0000000002001db4                Clr_BUFFER_FLAG
 .text          0x0000000002001df0      0x3f4 obj/default/graphic_lib/geometry.o
                0x0000000002001df0                IsPtInRect
                0x0000000002001e74                PtSet
                0x0000000002001eb4                RectSet
                0x0000000002001f10                RectInflate
                0x0000000002001f98                RectOffset
                0x0000000002002020                RectCopy
                0x0000000002002084                RectWidth
                0x00000000020020b8                RectHeight
                0x00000000020020ec                PtDistance
                0x00000000020021a0                PtCopy
 .text          0x00000000020021e4     0x2654 obj/default/graphic_lib/simple_graphics.o
                0x00000000020021e4                vid_clean_screen
                0x0000000002002240                vid_draw_line
                0x0000000002002304                vid_scroll_string_quit
                0x0000000002002344                vid_scroll_string_init
                0x0000000002002498                vid_scroll_string
                0x0000000002002808                vid_move_block
                0x0000000002002924                vid_print_string
                0x0000000002002a2c                vid_draw_box
                0x0000000002002b74                vid_print_char
                0x0000000002002c64                vid_set_pixel
                0x0000000002002d00                vid_get_pixel
                0x0000000002002d40                vid_paint_block
                0x0000000002002dd4                vid_draw_horiz_line
                0x0000000002002e4c                vid_merge_colors
                0x0000000002002e98                vid_color_convert24_16
                0x0000000002002f38                vid_color_convert16_24
                0x0000000002002fa4                vid_copy_line_to_frame_buffer
                0x0000000002002fe8                vid_draw_sloped_line
                0x0000000002003250                vid_draw_circle
                0x000000000200338c                vid_draw_round_corner_box
                0x0000000002003728                vid_round_corner_points
                0x0000000002003e60                max3
                0x0000000002003eb4                min3
                0x0000000002003f08                max_diff3
                0x0000000002003f6c                vid_put_pixel_in_span_map
                0x000000000200406c                vid_bres_scan_edges
                0x00000000020042ac                vid_draw_triangle
                0x0000000002004624                CopyImage16
                0x0000000002004708                CropImage16
 .text          0x0000000002004838      0x9f8 obj/default/graphic_lib/simple_text.o
                0x0000000002004838                vid_print_string_alpha
                0x0000000002004a94                seperate_color_channels
                0x0000000002004bdc                merge_color_channels
                0x0000000002004d0c                read_from_frame
                0x0000000002004d50                alpha_blending
                0x0000000002004f9c                vid_print_char_alpha
                0x0000000002005150                vid_string_pixel_length_alpha
 .text          0x0000000002005230      0x250 obj/default/main.o
                0x0000000002005230                main
 .text          0x0000000002005480      0xa38 obj/default/terasic_lib/touch_spi.o
                0x0000000002005480                Touch_Init
                0x00000000020055f4                Touch_UnInit
                0x000000000200565c                Touch_EmptyFifo
                0x0000000002005694                Touch_GetXY
                0x00000000020057dc                touch_isr
                0x0000000002005850                touch_empty_fifo
                0x0000000002005880                touch_is_pen_pressed
                0x00000000020058c0                touch_enable_penirq
                0x0000000002005a20                touch_clear_input
                0x0000000002005a50                touch_get_xy
                0x0000000002005d68                touch_alarm_callback
                0x0000000002005de0                touch_xy_transform
 .text          0x0000000002005eb8      0x130 c:/altera/15.0/nios2eds/bin/gnu/h-x86_64-mingw32/bin/../lib/gcc/nios2-elf/4.9.1/../../../../../H-x86_64-mingw32/nios2-elf/lib\libm.a(lib_a-w_sqrt.o)
                0x0000000002005eb8                sqrt
 .text          0x0000000002005fe8      0x294 c:/altera/15.0/nios2eds/bin/gnu/h-x86_64-mingw32/bin/../lib/gcc/nios2-elf/4.9.1/../../../../../H-x86_64-mingw32/nios2-elf/lib\libm.a(lib_a-e_sqrt.o)
                0x0000000002005fe8                __ieee754_sqrt
 .text          0x000000000200627c       0x74 c:/altera/15.0/nios2eds/bin/gnu/h-x86_64-mingw32/bin/../lib/gcc/nios2-elf/4.9.1/../../../../../H-x86_64-mingw32/nios2-elf/lib\libm.a(lib_a-s_fpclassify.o)
                0x000000000200627c                __fpclassifyd
 .text          0x00000000020062f0        0x0 c:/altera/15.0/nios2eds/bin/gnu/h-x86_64-mingw32/bin/../lib/gcc/nios2-elf/4.9.1/../../../../../H-x86_64-mingw32/nios2-elf/lib\libm.a(lib_a-s_lib_ver.o)
 .text          0x00000000020062f0        0x8 c:/altera/15.0/nios2eds/bin/gnu/h-x86_64-mingw32/bin/../lib/gcc/nios2-elf/4.9.1/../../../../../H-x86_64-mingw32/nios2-elf/lib\libm.a(lib_a-s_matherr.o)
                0x00000000020062f0                matherr
 .text          0x00000000020062f8      0x12c c:/altera/15.0/nios2eds/bin/gnu/h-x86_64-mingw32/bin/../lib/gcc/nios2-elf/4.9.1\libgcc.a(lib2-divmod.o)
                0x0000000002006364                __divsi3
                0x00000000020063b8                __modsi3
                0x0000000002006414                __udivsi3
                0x000000000200641c                __umodsi3
 .text          0x0000000002006424      0x89c c:/altera/15.0/nios2eds/bin/gnu/h-x86_64-mingw32/bin/../lib/gcc/nios2-elf/4.9.1\libgcc.a(adddf3.o)
                0x0000000002006424                __adddf3
 .text          0x0000000002006cc0      0x8cc c:/altera/15.0/nios2eds/bin/gnu/h-x86_64-mingw32/bin/../lib/gcc/nios2-elf/4.9.1\libgcc.a(divdf3.o)
                0x0000000002006cc0                __divdf3
 .text          0x000000000200758c       0xe0 c:/altera/15.0/nios2eds/bin/gnu/h-x86_64-mingw32/bin/../lib/gcc/nios2-elf/4.9.1\libgcc.a(ledf2.o)
                0x000000000200758c                __ledf2
                0x000000000200758c                __ltdf2
 .text          0x000000000200766c      0x724 c:/altera/15.0/nios2eds/bin/gnu/h-x86_64-mingw32/bin/../lib/gcc/nios2-elf/4.9.1\libgcc.a(muldf3.o)
                0x000000000200766c                __muldf3
 .text          0x0000000002007d90      0x8d0 c:/altera/15.0/nios2eds/bin/gnu/h-x86_64-mingw32/bin/../lib/gcc/nios2-elf/4.9.1\libgcc.a(subdf3.o)
                0x0000000002007d90                __subdf3
 .text          0x0000000002008660       0x88 c:/altera/15.0/nios2eds/bin/gnu/h-x86_64-mingw32/bin/../lib/gcc/nios2-elf/4.9.1\libgcc.a(fixdfsi.o)
                0x0000000002008660                __fixdfsi
 .text          0x00000000020086e8       0xd0 c:/altera/15.0/nios2eds/bin/gnu/h-x86_64-mingw32/bin/../lib/gcc/nios2-elf/4.9.1\libgcc.a(floatsidf.o)
                0x00000000020086e8                __floatsidf
 .text          0x00000000020087b8       0x64 c:/altera/15.0/nios2eds/bin/gnu/h-x86_64-mingw32/bin/../lib/gcc/nios2-elf/4.9.1\libgcc.a(_clzsi2.o)
                0x00000000020087b8                __clzsi2
 .text          0x000000000200881c        0x0 c:/altera/15.0/nios2eds/bin/gnu/h-x86_64-mingw32/bin/../lib/gcc/nios2-elf/4.9.1\libgcc.a(_clz.o)
 .text          0x000000000200881c       0x10 c:/altera/15.0/nios2eds/bin/gnu/h-x86_64-mingw32/bin/../lib/gcc/nios2-elf/4.9.1/../../../../../H-x86_64-mingw32/nios2-elf/lib\libc.a(lib_a-errno.o)
                0x000000000200881c                __errno
 .text          0x000000000200882c        0x0 c:/altera/15.0/nios2eds/bin/gnu/h-x86_64-mingw32/bin/../lib/gcc/nios2-elf/4.9.1/../../../../../H-x86_64-mingw32/nios2-elf/lib\libc.a(lib_a-impure.o)
 .text          0x000000000200882c       0x28 c:/altera/15.0/nios2eds/bin/gnu/h-x86_64-mingw32/bin/../lib/gcc/nios2-elf/4.9.1/../../../../../H-x86_64-mingw32/nios2-elf/lib\libc.a(lib_a-malloc.o)
                0x000000000200882c                malloc
                0x0000000002008840                free
 .text          0x0000000002008854      0x7a8 c:/altera/15.0/nios2eds/bin/gnu/h-x86_64-mingw32/bin/../lib/gcc/nios2-elf/4.9.1/../../../../../H-x86_64-mingw32/nios2-elf/lib\libc.a(lib_a-mallocr.o)
                0x0000000002008854                _malloc_r
 .text          0x0000000002008ffc      0x138 c:/altera/15.0/nios2eds/bin/gnu/h-x86_64-mingw32/bin/../lib/gcc/nios2-elf/4.9.1/../../../../../H-x86_64-mingw32/nios2-elf/lib\libc.a(lib_a-memcpy.o)
                0x0000000002008ffc                memcpy
 .text          0x0000000002009134      0x124 c:/altera/15.0/nios2eds/bin/gnu/h-x86_64-mingw32/bin/../lib/gcc/nios2-elf/4.9.1/../../../../../H-x86_64-mingw32/nios2-elf/lib\libc.a(lib_a-memset.o)
                0x0000000002009134                memset
 .text          0x0000000002009258       0x68 c:/altera/15.0/nios2eds/bin/gnu/h-x86_64-mingw32/bin/../lib/gcc/nios2-elf/4.9.1/../../../../../H-x86_64-mingw32/nios2-elf/lib\libc.a(lib_a-printf.o)
                0x0000000002009258                _printf_r
                0x0000000002009284                printf
 .text          0x00000000020092c0       0xcc c:/altera/15.0/nios2eds/bin/gnu/h-x86_64-mingw32/bin/../lib/gcc/nios2-elf/4.9.1/../../../../../H-x86_64-mingw32/nios2-elf/lib\libc.a(lib_a-puts.o)
                0x00000000020092c0                _puts_r
                0x0000000002009378                puts
 .text          0x000000000200938c       0x54 c:/altera/15.0/nios2eds/bin/gnu/h-x86_64-mingw32/bin/../lib/gcc/nios2-elf/4.9.1/../../../../../H-x86_64-mingw32/nios2-elf/lib\libc.a(lib_a-sbrkr.o)
                0x000000000200938c                _sbrk_r
 .text          0x00000000020093e0       0xc4 c:/altera/15.0/nios2eds/bin/gnu/h-x86_64-mingw32/bin/../lib/gcc/nios2-elf/4.9.1/../../../../../H-x86_64-mingw32/nios2-elf/lib\libc.a(lib_a-sprintf.o)
                0x00000000020093e0                _sprintf_r
                0x0000000002009438                sprintf
 .text          0x00000000020094a4       0x90 c:/altera/15.0/nios2eds/bin/gnu/h-x86_64-mingw32/bin/../lib/gcc/nios2-elf/4.9.1/../../../../../H-x86_64-mingw32/nios2-elf/lib\libc.a(lib_a-strcpy.o)
                0x00000000020094a4                strcpy
 .text          0x0000000002009534       0x98 c:/altera/15.0/nios2eds/bin/gnu/h-x86_64-mingw32/bin/../lib/gcc/nios2-elf/4.9.1/../../../../../H-x86_64-mingw32/nios2-elf/lib\libc.a(lib_a-strlen.o)
                0x0000000002009534                strlen
 .text          0x00000000020095cc     0x1f90 c:/altera/15.0/nios2eds/bin/gnu/h-x86_64-mingw32/bin/../lib/gcc/nios2-elf/4.9.1/../../../../../H-x86_64-mingw32/nios2-elf/lib\libc.a(lib_a-svfprintf.o)
                0x00000000020095cc                ___svfprintf_internal_r
 .text          0x000000000200b55c     0x2020 c:/altera/15.0/nios2eds/bin/gnu/h-x86_64-mingw32/bin/../lib/gcc/nios2-elf/4.9.1/../../../../../H-x86_64-mingw32/nios2-elf/lib\libc.a(lib_a-vfprintf.o)
                0x000000000200b55c                ___vfprintf_internal_r
                0x000000000200d558                __vfprintf_internal
 .text          0x000000000200d57c      0x130 c:/altera/15.0/nios2eds/bin/gnu/h-x86_64-mingw32/bin/../lib/gcc/nios2-elf/4.9.1/../../../../../H-x86_64-mingw32/nios2-elf/lib\libc.a(lib_a-wsetup.o)
                0x000000000200d57c                __swsetup_r
 .text          0x000000000200d6ac     0x1928 c:/altera/15.0/nios2eds/bin/gnu/h-x86_64-mingw32/bin/../lib/gcc/nios2-elf/4.9.1/../../../../../H-x86_64-mingw32/nios2-elf/lib\libc.a(lib_a-dtoa.o)
                0x000000000200d8ac                _dtoa_r
 .text          0x000000000200efd4      0x258 c:/altera/15.0/nios2eds/bin/gnu/h-x86_64-mingw32/bin/../lib/gcc/nios2-elf/4.9.1/../../../../../H-x86_64-mingw32/nios2-elf/lib\libc.a(lib_a-fflush.o)
                0x000000000200efd4                _fflush_r
                0x000000000200f1fc                fflush
 .text          0x000000000200f22c      0x3a0 c:/altera/15.0/nios2eds/bin/gnu/h-x86_64-mingw32/bin/../lib/gcc/nios2-elf/4.9.1/../../../../../H-x86_64-mingw32/nios2-elf/lib\libc.a(lib_a-findfp.o)
                0x000000000200f23c                _cleanup_r
                0x000000000200f3e8                __sfmoreglue
                0x000000000200f44c                __sfp
                0x000000000200f564                _cleanup
                0x000000000200f57c                __sinit
                0x000000000200f58c                __sfp_lock_acquire
                0x000000000200f590                __sfp_lock_release
                0x000000000200f594                __sinit_lock_acquire
                0x000000000200f598                __sinit_lock_release
                0x000000000200f59c                __fp_lock_all
                0x000000000200f5b4                __fp_unlock_all
 .text          0x000000000200f5cc      0x414 c:/altera/15.0/nios2eds/bin/gnu/h-x86_64-mingw32/bin/../lib/gcc/nios2-elf/4.9.1/../../../../../H-x86_64-mingw32/nios2-elf/lib\libc.a(lib_a-freer.o)
                0x000000000200f5cc                _malloc_trim_r
                0x000000000200f6f0                _free_r
 .text          0x000000000200f9e0      0x4a4 c:/altera/15.0/nios2eds/bin/gnu/h-x86_64-mingw32/bin/../lib/gcc/nios2-elf/4.9.1/../../../../../H-x86_64-mingw32/nios2-elf/lib\libc.a(lib_a-fvwrite.o)
                0x000000000200f9e0                __sfvwrite_r
 .text          0x000000000200fe84      0x170 c:/altera/15.0/nios2eds/bin/gnu/h-x86_64-mingw32/bin/../lib/gcc/nios2-elf/4.9.1/../../../../../H-x86_64-mingw32/nios2-elf/lib\libc.a(lib_a-fwalk.o)
                0x000000000200fe84                _fwalk
                0x000000000200ff3c                _fwalk_reent
 .text          0x000000000200fff4        0x0 c:/altera/15.0/nios2eds/bin/gnu/h-x86_64-mingw32/bin/../lib/gcc/nios2-elf/4.9.1/../../../../../H-x86_64-mingw32/nios2-elf/lib\libc.a(lib_a-int_errno.o)
 .text          0x000000000200fff4       0xe0 c:/altera/15.0/nios2eds/bin/gnu/h-x86_64-mingw32/bin/../lib/gcc/nios2-elf/4.9.1/../../../../../H-x86_64-mingw32/nios2-elf/lib\libc.a(lib_a-locale.o)
                0x000000000200fff4                _setlocale_r
                0x0000000002010070                __locale_charset
                0x000000000201007c                __locale_mb_cur_max
                0x000000000201008c                __locale_msgcharset
                0x0000000002010098                __locale_cjk_lang
                0x00000000020100a0                _localeconv_r
                0x00000000020100ac                setlocale
                0x00000000020100c8                localeconv
 .text          0x00000000020100d4      0x1b8 c:/altera/15.0/nios2eds/bin/gnu/h-x86_64-mingw32/bin/../lib/gcc/nios2-elf/4.9.1/../../../../../H-x86_64-mingw32/nios2-elf/lib\libc.a(lib_a-makebuf.o)
                0x00000000020100d4                __smakebuf_r
 .text          0x000000000201028c       0xe8 c:/altera/15.0/nios2eds/bin/gnu/h-x86_64-mingw32/bin/../lib/gcc/nios2-elf/4.9.1/../../../../../H-x86_64-mingw32/nios2-elf/lib\libc.a(lib_a-memchr.o)
                0x000000000201028c                memchr
 .text          0x0000000002010374      0x15c c:/altera/15.0/nios2eds/bin/gnu/h-x86_64-mingw32/bin/../lib/gcc/nios2-elf/4.9.1/../../../../../H-x86_64-mingw32/nios2-elf/lib\libc.a(lib_a-memmove.o)
                0x0000000002010374                memmove
 .text          0x00000000020104d0      0xf8c c:/altera/15.0/nios2eds/bin/gnu/h-x86_64-mingw32/bin/../lib/gcc/nios2-elf/4.9.1/../../../../../H-x86_64-mingw32/nios2-elf/lib\libc.a(lib_a-mprec.o)
                0x00000000020104d0                _Balloc
                0x0000000002010578                _Bfree
                0x00000000020105a0                __multadd
                0x00000000020106b4                __s2b
                0x00000000020107b8                __hi0bits
                0x0000000002010820                __lo0bits
                0x00000000020108d0                __i2b
                0x000000000201090c                __multiply
                0x0000000002010b08                __pow5mult
                0x0000000002010c48                __lshift
                0x0000000002010d90                __mcmp
                0x0000000002010df0                __mdiff
                0x0000000002010f88                __ulp
                0x0000000002010fe8                __b2d
                0x0000000002011104                __d2b
                0x0000000002011240                __ratio
                0x00000000020112e4                _mprec_log10
                0x0000000002011358                __copybits
                0x00000000020113d0                __any_on
 .text          0x000000000201145c      0x5a0 c:/altera/15.0/nios2eds/bin/gnu/h-x86_64-mingw32/bin/../lib/gcc/nios2-elf/4.9.1/../../../../../H-x86_64-mingw32/nios2-elf/lib\libc.a(lib_a-reallocr.o)
                0x000000000201145c                _realloc_r
 .text          0x00000000020119fc      0x13c c:/altera/15.0/nios2eds/bin/gnu/h-x86_64-mingw32/bin/../lib/gcc/nios2-elf/4.9.1/../../../../../H-x86_64-mingw32/nios2-elf/lib\libc.a(lib_a-stdio.o)
                0x00000000020119fc                __sread
                0x0000000002011a50                __seofread
                0x0000000002011a58                __swrite
                0x0000000002011ad4                __sseek
                0x0000000002011b30                __sclose
 .text          0x0000000002011b38       0xa4 c:/altera/15.0/nios2eds/bin/gnu/h-x86_64-mingw32/bin/../lib/gcc/nios2-elf/4.9.1/../../../../../H-x86_64-mingw32/nios2-elf/lib\libc.a(lib_a-strcmp.o)
                0x0000000002011b38                strcmp
 .text          0x0000000002011bdc     0x1230 c:/altera/15.0/nios2eds/bin/gnu/h-x86_64-mingw32/bin/../lib/gcc/nios2-elf/4.9.1/../../../../../H-x86_64-mingw32/nios2-elf/lib\libc.a(lib_a-svfiprintf.o)
                0x0000000002011bdc                __ssprint_r
                0x0000000002011da4                ___svfiprintf_internal_r
 .text          0x0000000002012e0c     0x1494 c:/altera/15.0/nios2eds/bin/gnu/h-x86_64-mingw32/bin/../lib/gcc/nios2-elf/4.9.1/../../../../../H-x86_64-mingw32/nios2-elf/lib\libc.a(lib_a-vfiprintf.o)
                0x0000000002012f08                __sprint_r
                0x0000000002012f20                ___vfiprintf_internal_r
                0x000000000201427c                __vfiprintf_internal
 .text          0x00000000020142a0       0x5c c:/altera/15.0/nios2eds/bin/gnu/h-x86_64-mingw32/bin/../lib/gcc/nios2-elf/4.9.1/../../../../../H-x86_64-mingw32/nios2-elf/lib\libc.a(lib_a-writer.o)
                0x00000000020142a0                _write_r
 .text          0x00000000020142fc       0x54 c:/altera/15.0/nios2eds/bin/gnu/h-x86_64-mingw32/bin/../lib/gcc/nios2-elf/4.9.1/../../../../../H-x86_64-mingw32/nios2-elf/lib\libc.a(closer.o)
                0x00000000020142fc                _close_r
 .text          0x0000000002014350       0xc4 c:/altera/15.0/nios2eds/bin/gnu/h-x86_64-mingw32/bin/../lib/gcc/nios2-elf/4.9.1/../../../../../H-x86_64-mingw32/nios2-elf/lib\libc.a(lib_a-callocr.o)
                0x0000000002014350                _calloc_r
 .text          0x0000000002014414      0x114 c:/altera/15.0/nios2eds/bin/gnu/h-x86_64-mingw32/bin/../lib/gcc/nios2-elf/4.9.1/../../../../../H-x86_64-mingw32/nios2-elf/lib\libc.a(lib_a-fclose.o)
                0x0000000002014414                _fclose_r
                0x0000000002014514                fclose
 .text          0x0000000002014528      0x1dc c:/altera/15.0/nios2eds/bin/gnu/h-x86_64-mingw32/bin/../lib/gcc/nios2-elf/4.9.1/../../../../../H-x86_64-mingw32/nios2-elf/lib\libc.a(lib_a-fputwc.o)
                0x0000000002014528                _fputwc_r
                0x00000000020146ac                fputwc
 .text          0x0000000002014704       0x58 c:/altera/15.0/nios2eds/bin/gnu/h-x86_64-mingw32/bin/../lib/gcc/nios2-elf/4.9.1/../../../../../H-x86_64-mingw32/nios2-elf/lib\libc.a(lib_a-fstatr.o)
                0x0000000002014704                _fstat_r
 .text          0x000000000201475c       0x54 c:/altera/15.0/nios2eds/bin/gnu/h-x86_64-mingw32/bin/../lib/gcc/nios2-elf/4.9.1/../../../../../H-x86_64-mingw32/nios2-elf/lib\libc.a(lib_a-isattyr.o)
                0x000000000201475c                _isatty_r
 .text          0x00000000020147b0       0x5c c:/altera/15.0/nios2eds/bin/gnu/h-x86_64-mingw32/bin/../lib/gcc/nios2-elf/4.9.1/../../../../../H-x86_64-mingw32/nios2-elf/lib\libc.a(lib_a-lseekr.o)
                0x00000000020147b0                _lseek_r
 .text          0x000000000201480c       0x5c c:/altera/15.0/nios2eds/bin/gnu/h-x86_64-mingw32/bin/../lib/gcc/nios2-elf/4.9.1/../../../../../H-x86_64-mingw32/nios2-elf/lib\libc.a(lib_a-readr.o)
                0x000000000201480c                _read_r
 .text          0x0000000002014868      0x170 c:/altera/15.0/nios2eds/bin/gnu/h-x86_64-mingw32/bin/../lib/gcc/nios2-elf/4.9.1/../../../../../H-x86_64-mingw32/nios2-elf/lib\libc.a(lib_a-wbuf.o)
                0x0000000002014868                __swbuf_r
                0x00000000020149bc                __swbuf
 .text          0x00000000020149d8      0x174 c:/altera/15.0/nios2eds/bin/gnu/h-x86_64-mingw32/bin/../lib/gcc/nios2-elf/4.9.1/../../../../../H-x86_64-mingw32/nios2-elf/lib\libc.a(lib_a-wcrtomb.o)
                0x00000000020149d8                _wcrtomb_r
                0x0000000002014a74                wcrtomb
 .text          0x0000000002014b4c       0x8c c:/altera/15.0/nios2eds/bin/gnu/h-x86_64-mingw32/bin/../lib/gcc/nios2-elf/4.9.1/../../../../../H-x86_64-mingw32/nios2-elf/lib\libc.a(lib_a-wctomb_r.o)
                0x0000000002014b4c                __ascii_wctomb
                0x0000000002014b7c                _wctomb_r
 .text          0x0000000002014bd8      0x5c0 c:/altera/15.0/nios2eds/bin/gnu/h-x86_64-mingw32/bin/../lib/gcc/nios2-elf/4.9.1\libgcc.a(_udivdi3.o)
                0x0000000002014bd8                __udivdi3
 .text          0x0000000002015198      0x590 c:/altera/15.0/nios2eds/bin/gnu/h-x86_64-mingw32/bin/../lib/gcc/nios2-elf/4.9.1\libgcc.a(_umoddi3.o)
                0x0000000002015198                __umoddi3
 .text          0x0000000002015728       0x84 c:/altera/15.0/nios2eds/bin/gnu/h-x86_64-mingw32/bin/../lib/gcc/nios2-elf/4.9.1\libgcc.a(eqdf2.o)
                0x0000000002015728                __nedf2
                0x0000000002015728                __eqdf2
 .text          0x00000000020157ac       0xe0 c:/altera/15.0/nios2eds/bin/gnu/h-x86_64-mingw32/bin/../lib/gcc/nios2-elf/4.9.1\libgcc.a(gedf2.o)
                0x00000000020157ac                __gedf2
                0x00000000020157ac                __gtdf2
 .text          0x000000000201588c       0xa4 c:/altera/15.0/nios2eds/bin/gnu/h-x86_64-mingw32/bin/../lib/gcc/nios2-elf/4.9.1\libgcc.a(floatunsidf.o)
                0x000000000201588c                __floatunsidf
 .text          0x0000000002015930      0x140 ../temp_bsp/\libhal_bsp.a(alt_alarm_start.o)
                0x0000000002015930                alt_alarm_start
 .text          0x0000000002015a70      0x120 ../temp_bsp/\libhal_bsp.a(alt_close.o)
                0x0000000002015ac0                close
 .text          0x0000000002015b90       0x2c ../temp_bsp/\libhal_bsp.a(alt_dev.o)
 .text          0x0000000002015bbc        0x0 ../temp_bsp/\libhal_bsp.a(alt_errno.o)
 .text          0x0000000002015bbc      0x100 ../temp_bsp/\libhal_bsp.a(alt_fstat.o)
                0x0000000002015c0c                fstat
 .text          0x0000000002015cbc      0x1e0 ../temp_bsp/\libhal_bsp.a(alt_iic.o)
                0x0000000002015cbc                alt_ic_isr_register
                0x0000000002015d0c                alt_ic_irq_enable
                0x0000000002015dac                alt_ic_irq_disable
                0x0000000002015e50                alt_ic_irq_enabled
 .text          0x0000000002015e9c       0xf0 ../temp_bsp/\libhal_bsp.a(alt_iic_isr_register.o)
                0x0000000002015e9c                alt_iic_isr_register
 .text          0x0000000002015f8c        0x0 ../temp_bsp/\libhal_bsp.a(alt_irq_entry.o)
 .text          0x0000000002015f8c        0x0 ../temp_bsp/\libhal_bsp.a(alt_irq_handler.o)
 .text          0x0000000002015f8c        0x0 ../temp_bsp/\libhal_bsp.a(alt_irq_vars.o)
 .text          0x0000000002015f8c       0xf4 ../temp_bsp/\libhal_bsp.a(alt_isatty.o)
                0x0000000002015fdc                isatty
 .text          0x0000000002016080       0xe4 ../temp_bsp/\libhal_bsp.a(alt_load.o)
                0x00000000020160e4                alt_load
 .text          0x0000000002016164      0x124 ../temp_bsp/\libhal_bsp.a(alt_lseek.o)
                0x00000000020161b4                lseek
 .text          0x0000000002016288       0x78 ../temp_bsp/\libhal_bsp.a(alt_main.o)
                0x0000000002016288                alt_main
 .text          0x0000000002016300       0x40 ../temp_bsp/\libhal_bsp.a(alt_malloc_lock.o)
                0x0000000002016300                __malloc_lock
                0x0000000002016320                __malloc_unlock
 .text          0x0000000002016340      0x14c ../temp_bsp/\libhal_bsp.a(alt_read.o)
                0x0000000002016390                read
 .text          0x000000000201648c       0x60 ../temp_bsp/\libhal_bsp.a(alt_release_fd.o)
                0x000000000201648c                alt_release_fd
 .text          0x00000000020164ec       0xb0 ../temp_bsp/\libhal_bsp.a(alt_sbrk.o)
                0x00000000020164ec                sbrk
 .text          0x000000000201659c      0x19c ../temp_bsp/\libhal_bsp.a(alt_tick.o)
                0x000000000201659c                alt_alarm_stop
                0x0000000002016634                alt_tick
 .text          0x0000000002016738       0x30 ../temp_bsp/\libhal_bsp.a(alt_usleep.o)
                0x0000000002016738                usleep
 .text          0x0000000002016768      0x148 ../temp_bsp/\libhal_bsp.a(alt_write.o)
                0x00000000020167b8                write
 .text          0x00000000020168b0       0xd0 ../temp_bsp/\libhal_bsp.a(alt_sys_init.o)
                0x00000000020168e8                alt_irq_init
                0x000000000201691c                alt_sys_init
 .text          0x0000000002016980      0x164 ../temp_bsp/\libhal_bsp.a(altera_avalon_jtag_uart_fd.o)
                0x0000000002016980                altera_avalon_jtag_uart_read_fd
                0x00000000020169e0                altera_avalon_jtag_uart_write_fd
                0x0000000002016a40                altera_avalon_jtag_uart_close_fd
                0x0000000002016a90                altera_avalon_jtag_uart_ioctl_fd
 .text          0x0000000002016ae4      0x3d8 ../temp_bsp/\libhal_bsp.a(altera_avalon_jtag_uart_init.o)
                0x0000000002016ae4                altera_avalon_jtag_uart_init
                0x0000000002016e54                altera_avalon_jtag_uart_close
 .text          0x0000000002016ebc       0xec ../temp_bsp/\libhal_bsp.a(altera_avalon_jtag_uart_ioctl.o)
                0x0000000002016ebc                altera_avalon_jtag_uart_ioctl
 .text          0x0000000002016fa8      0x20c ../temp_bsp/\libhal_bsp.a(altera_avalon_jtag_uart_read.o)
                0x0000000002016fa8                altera_avalon_jtag_uart_read
 .text          0x00000000020171b4      0x218 ../temp_bsp/\libhal_bsp.a(altera_avalon_jtag_uart_write.o)
                0x00000000020171b4                altera_avalon_jtag_uart_write
 .text          0x00000000020173cc      0x204 ../temp_bsp/\libhal_bsp.a(altera_avalon_spi.o)
                0x00000000020173cc                alt_avalon_spi_command
 .text          0x00000000020175d0       0xfc ../temp_bsp/\libhal_bsp.a(altera_avalon_timer_sc.o)
                0x0000000002017644                alt_avalon_timer_sc_init
 .text          0x00000000020176cc      0x158 ../temp_bsp/\libhal_bsp.a(alt_busy_sleep.o)
                0x00000000020176cc                alt_busy_sleep
 .text          0x0000000002017824       0x44 ../temp_bsp/\libhal_bsp.a(alt_dcache_flush_all.o)
                0x0000000002017824                alt_dcache_flush_all
 .text          0x0000000002017868       0xf4 ../temp_bsp/\libhal_bsp.a(alt_dev_llist_insert.o)
                0x00000000020178b8                alt_dev_llist_insert
 .text          0x000000000201795c       0x5c ../temp_bsp/\libhal_bsp.a(alt_do_ctors.o)
                0x000000000201795c                _do_ctors
 .text          0x00000000020179b8       0x5c ../temp_bsp/\libhal_bsp.a(alt_do_dtors.o)
                0x00000000020179b8                _do_dtors
 .text          0x0000000002017a14        0x0 ../temp_bsp/\libhal_bsp.a(alt_exception_entry.o)
 .text          0x0000000002017a14       0x30 ../temp_bsp/\libhal_bsp.a(alt_icache_flush_all.o)
                0x0000000002017a14                alt_icache_flush_all
 .text          0x0000000002017a44      0x138 ../temp_bsp/\libhal_bsp.a(alt_io_redirect.o)
                0x0000000002017b04                alt_io_redirect
 .text          0x0000000002017b7c      0x274 ../temp_bsp/\libhal_bsp.a(alt_open.o)
                0x0000000002017c98                open
 .text          0x0000000002017df0       0x20 ../temp_bsp/\libhal_bsp.a(altera_nios2_qsys_irq.o)
                0x0000000002017df0                altera_nios2_qsys_irq_init
 .text          0x0000000002017e10       0x90 ../temp_bsp/\libhal_bsp.a(alt_find_dev.o)
                0x0000000002017e10                alt_find_dev
 .text          0x0000000002017ea0      0x114 ../temp_bsp/\libhal_bsp.a(alt_find_file.o)
                0x0000000002017ea0                alt_find_file
 .text          0x0000000002017fb4       0xb4 ../temp_bsp/\libhal_bsp.a(alt_get_fd.o)
                0x0000000002017fb4                alt_get_fd
 .text          0x0000000002018068       0x8c ../temp_bsp/\libhal_bsp.a(alt_icache_flush.o)
                0x0000000002018068                alt_icache_flush
 .text          0x00000000020180f4       0x14 c:/altera/15.0/nios2eds/bin/gnu/h-x86_64-mingw32/bin/../lib/gcc/nios2-elf/4.9.1/../../../../../H-x86_64-mingw32/nios2-elf/lib\libc.a(lib_a-atexit.o)
                0x00000000020180f4                atexit
 .text          0x0000000002018108       0x38 c:/altera/15.0/nios2eds/bin/gnu/h-x86_64-mingw32/bin/../lib/gcc/nios2-elf/4.9.1/../../../../../H-x86_64-mingw32/nios2-elf/lib\libc.a(lib_a-exit.o)
                0x0000000002018108                exit
 .text          0x0000000002018140       0x7c c:/altera/15.0/nios2eds/bin/gnu/h-x86_64-mingw32/bin/../lib/gcc/nios2-elf/4.9.1/../../../../../H-x86_64-mingw32/nios2-elf/lib\libc.a(lib_a-memcmp.o)
                0x0000000002018140                memcmp
 .text          0x00000000020181bc      0x114 c:/altera/15.0/nios2eds/bin/gnu/h-x86_64-mingw32/bin/../lib/gcc/nios2-elf/4.9.1/../../../../../H-x86_64-mingw32/nios2-elf/lib\libc.a(lib_a-__atexit.o)
                0x00000000020181bc                __register_exitproc
 .text          0x00000000020182d0      0x194 c:/altera/15.0/nios2eds/bin/gnu/h-x86_64-mingw32/bin/../lib/gcc/nios2-elf/4.9.1/../../../../../H-x86_64-mingw32/nios2-elf/lib\libc.a(lib_a-__call_atexit.o)
                0x00000000020182d0                __call_exitprocs
 .text          0x0000000002018464       0x34 ../temp_bsp/\libhal_bsp.a(alt_exit.o)
                0x0000000002018464                _exit
 *(.gnu.warning.*)
 *(.fini)
                0x0000000002018498                PROVIDE (__etext, ABSOLUTE (.))
                0x0000000002018498                PROVIDE (_etext, ABSOLUTE (.))
                0x0000000002018498                PROVIDE (etext, ABSOLUTE (.))
 *(.eh_frame_hdr)
                0x0000000002018498                . = ALIGN (0x4)
                0x0000000002018498                PROVIDE (__preinit_array_start, ABSOLUTE (.))
 *(.preinit_array)
                0x0000000002018498                PROVIDE (__preinit_array_end, ABSOLUTE (.))
                0x0000000002018498                PROVIDE (__init_array_start, ABSOLUTE (.))
 *(.init_array)
                0x0000000002018498                PROVIDE (__init_array_end, ABSOLUTE (.))
                0x0000000002018498                PROVIDE (__fini_array_start, ABSOLUTE (.))
 *(.fini_array)
                0x0000000002018498                PROVIDE (__fini_array_end, ABSOLUTE (.))
 *(.eh_frame)
 *(.gcc_except_table .gcc_except_table.*)
 *(.dynamic)
                0x0000000002018498                PROVIDE (__CTOR_LIST__, ABSOLUTE (.))
 *(.ctors)
 *(SORT(.ctors.*))
                0x0000000002018498                PROVIDE (__CTOR_END__, ABSOLUTE (.))
                0x0000000002018498                PROVIDE (__DTOR_LIST__, ABSOLUTE (.))
 *(.dtors)
 *(SORT(.dtors.*))
                0x0000000002018498                PROVIDE (__DTOR_END__, ABSOLUTE (.))
 *(.jcr)
                0x0000000002018498                . = ALIGN (0x4)

.rodata         0x0000000002018498    0x1a174
                0x0000000002018498                PROVIDE (__ram_rodata_start, ABSOLUTE (.))
                0x0000000002018498                . = ALIGN (0x4)
 *(.rodata .rodata.* .gnu.linkonce.r.*)
 .rodata        0x0000000002018498       0x2c obj/default/demo/gui.o
 .rodata        0x00000000020184c4       0x34 obj/default/demo/gui_vpg.o
 .rodata        0x00000000020184f8     0x77f2 obj/default/fonts/tahomabold_20.o
 .rodata        0x000000000201fcea    0x12520 obj/default/fonts/tahomabold_32.o
 *fill*         0x000000000203220a        0x2 
 .rodata        0x000000000203220c       0x58 obj/default/graphic_lib/simple_graphics.o
 .rodata        0x0000000002032264       0x28 obj/default/graphic_lib/simple_text.o
 .rodata        0x000000000203228c       0x40 obj/default/main.o
 .rodata.str1.4
                0x00000000020322cc        0x5 c:/altera/15.0/nios2eds/bin/gnu/h-x86_64-mingw32/bin/../lib/gcc/nios2-elf/4.9.1/../../../../../H-x86_64-mingw32/nios2-elf/lib\libm.a(lib_a-w_sqrt.o)
                                          0x8 (size before relaxing)
 .rodata        0x00000000020322d1      0x100 c:/altera/15.0/nios2eds/bin/gnu/h-x86_64-mingw32/bin/../lib/gcc/nios2-elf/4.9.1\libgcc.a(_clz.o)
                0x00000000020322d1                __clz_tab
 *fill*         0x00000000020323d1        0x3 
 .rodata.str1.4
                0x00000000020323d4        0x2 c:/altera/15.0/nios2eds/bin/gnu/h-x86_64-mingw32/bin/../lib/gcc/nios2-elf/4.9.1/../../../../../H-x86_64-mingw32/nios2-elf/lib\libc.a(lib_a-impure.o)
                                          0x4 (size before relaxing)
 *fill*         0x00000000020323d6        0x2 
 .rodata.str1.4
                0x00000000020323d8        0x2 c:/altera/15.0/nios2eds/bin/gnu/h-x86_64-mingw32/bin/../lib/gcc/nios2-elf/4.9.1/../../../../../H-x86_64-mingw32/nios2-elf/lib\libc.a(lib_a-puts.o)
                                          0x4 (size before relaxing)
 *fill*         0x00000000020323da        0x2 
 .rodata.str1.4
                0x00000000020323dc       0x42 c:/altera/15.0/nios2eds/bin/gnu/h-x86_64-mingw32/bin/../lib/gcc/nios2-elf/4.9.1/../../../../../H-x86_64-mingw32/nios2-elf/lib\libc.a(lib_a-svfprintf.o)
                                         0x44 (size before relaxing)
 .rodata        0x000000000203241e       0x20 c:/altera/15.0/nios2eds/bin/gnu/h-x86_64-mingw32/bin/../lib/gcc/nios2-elf/4.9.1/../../../../../H-x86_64-mingw32/nios2-elf/lib\libc.a(lib_a-svfprintf.o)
 .rodata.str1.4
                0x0000000000000000       0x44 c:/altera/15.0/nios2eds/bin/gnu/h-x86_64-mingw32/bin/../lib/gcc/nios2-elf/4.9.1/../../../../../H-x86_64-mingw32/nios2-elf/lib\libc.a(lib_a-vfprintf.o)
 .rodata        0x000000000203243e       0x20 c:/altera/15.0/nios2eds/bin/gnu/h-x86_64-mingw32/bin/../lib/gcc/nios2-elf/4.9.1/../../../../../H-x86_64-mingw32/nios2-elf/lib\libc.a(lib_a-vfprintf.o)
 *fill*         0x000000000203245e        0x2 
 .rodata.str1.4
                0x0000000002032460       0x10 c:/altera/15.0/nios2eds/bin/gnu/h-x86_64-mingw32/bin/../lib/gcc/nios2-elf/4.9.1/../../../../../H-x86_64-mingw32/nios2-elf/lib\libc.a(lib_a-dtoa.o)
                                         0x14 (size before relaxing)
 .rodata.str1.4
                0x0000000002032470        0xc c:/altera/15.0/nios2eds/bin/gnu/h-x86_64-mingw32/bin/../lib/gcc/nios2-elf/4.9.1/../../../../../H-x86_64-mingw32/nios2-elf/lib\libc.a(lib_a-locale.o)
                                         0x14 (size before relaxing)
 .rodata        0x000000000203247c      0x124 c:/altera/15.0/nios2eds/bin/gnu/h-x86_64-mingw32/bin/../lib/gcc/nios2-elf/4.9.1/../../../../../H-x86_64-mingw32/nios2-elf/lib\libc.a(lib_a-mprec.o)
                0x0000000002032488                __mprec_tinytens
                0x00000000020324b0                __mprec_bigtens
                0x00000000020324d8                __mprec_tens
 .rodata.str1.4
                0x0000000000000000       0x30 c:/altera/15.0/nios2eds/bin/gnu/h-x86_64-mingw32/bin/../lib/gcc/nios2-elf/4.9.1/../../../../../H-x86_64-mingw32/nios2-elf/lib\libc.a(lib_a-svfiprintf.o)
 .rodata        0x00000000020325a0       0x20 c:/altera/15.0/nios2eds/bin/gnu/h-x86_64-mingw32/bin/../lib/gcc/nios2-elf/4.9.1/../../../../../H-x86_64-mingw32/nios2-elf/lib\libc.a(lib_a-svfiprintf.o)
 .rodata.str1.4
                0x0000000000000000       0x30 c:/altera/15.0/nios2eds/bin/gnu/h-x86_64-mingw32/bin/../lib/gcc/nios2-elf/4.9.1/../../../../../H-x86_64-mingw32/nios2-elf/lib\libc.a(lib_a-vfiprintf.o)
 .rodata        0x00000000020325c0       0x20 c:/altera/15.0/nios2eds/bin/gnu/h-x86_64-mingw32/bin/../lib/gcc/nios2-elf/4.9.1/../../../../../H-x86_64-mingw32/nios2-elf/lib\libc.a(lib_a-vfiprintf.o)
 .rodata        0x00000000020325e0        0xc ../temp_bsp/\libhal_bsp.a(alt_dev.o)
 .rodata        0x00000000020325ec       0x10 ../temp_bsp/\libhal_bsp.a(alt_main.o)
 .rodata        0x00000000020325fc       0x10 ../temp_bsp/\libhal_bsp.a(alt_sys_init.o)
 *(.rodata1)
                0x000000000203260c                . = ALIGN (0x4)
                0x000000000203260c                PROVIDE (__ram_rodata_end, ABSOLUTE (.))
                0x0000000002018498                PROVIDE (__flash_rodata_start, LOADADDR (.rodata))

.rwdata         0x000000000203260c     0x36a4 load address 0x0000000002035cb0
                0x000000000203260c                PROVIDE (__ram_rwdata_start, ABSOLUTE (.))
                0x000000000203260c                . = ALIGN (0x4)
 *(.got.plt)
 *(.got)
 *(.data1)
 *(.data .data.* .gnu.linkonce.d.*)
 .data          0x000000000203260c        0x0 ../temp_bsp//obj/HAL/src/crt0.o
 .data          0x000000000203260c       0x14 obj/default/demo/gui.o
                0x000000000203260c                szPallete
 .data          0x0000000002032620        0x0 obj/default/demo/gui_vpg.o
 .data          0x0000000002032620      0xbc0 obj/default/fonts/tahomabold_20.o
                0x0000000002032620                tahomabold_20
 .data          0x00000000020331e0      0xbc0 obj/default/fonts/tahomabold_32.o
                0x00000000020331e0                tahomabold_32
 .data          0x0000000002033da0        0x0 obj/default/graphic_lib/ILI9341.o
 .data          0x0000000002033da0        0x0 obj/default/graphic_lib/geometry.o
 .data          0x0000000002033da0      0x415 obj/default/graphic_lib/simple_graphics.o
                0x0000000002033da0                cour10_font_array
 .data          0x00000000020341b5        0x0 obj/default/graphic_lib/simple_text.o
 .data          0x00000000020341b5        0x0 obj/default/main.o
 .data          0x00000000020341b5        0x0 obj/default/terasic_lib/touch_spi.o
 .data          0x00000000020341b5        0x0 c:/altera/15.0/nios2eds/bin/gnu/h-x86_64-mingw32/bin/../lib/gcc/nios2-elf/4.9.1/../../../../../H-x86_64-mingw32/nios2-elf/lib\libm.a(lib_a-w_sqrt.o)
 .data          0x00000000020341b5        0x0 c:/altera/15.0/nios2eds/bin/gnu/h-x86_64-mingw32/bin/../lib/gcc/nios2-elf/4.9.1/../../../../../H-x86_64-mingw32/nios2-elf/lib\libm.a(lib_a-e_sqrt.o)
 .data          0x00000000020341b5        0x0 c:/altera/15.0/nios2eds/bin/gnu/h-x86_64-mingw32/bin/../lib/gcc/nios2-elf/4.9.1/../../../../../H-x86_64-mingw32/nios2-elf/lib\libm.a(lib_a-s_fpclassify.o)
 .data          0x00000000020341b5        0x0 c:/altera/15.0/nios2eds/bin/gnu/h-x86_64-mingw32/bin/../lib/gcc/nios2-elf/4.9.1/../../../../../H-x86_64-mingw32/nios2-elf/lib\libm.a(lib_a-s_lib_ver.o)
 .data          0x00000000020341b5        0x0 c:/altera/15.0/nios2eds/bin/gnu/h-x86_64-mingw32/bin/../lib/gcc/nios2-elf/4.9.1/../../../../../H-x86_64-mingw32/nios2-elf/lib\libm.a(lib_a-s_matherr.o)
 .data          0x00000000020341b5        0x0 c:/altera/15.0/nios2eds/bin/gnu/h-x86_64-mingw32/bin/../lib/gcc/nios2-elf/4.9.1\libgcc.a(lib2-divmod.o)
 .data          0x00000000020341b5        0x0 c:/altera/15.0/nios2eds/bin/gnu/h-x86_64-mingw32/bin/../lib/gcc/nios2-elf/4.9.1\libgcc.a(adddf3.o)
 .data          0x00000000020341b5        0x0 c:/altera/15.0/nios2eds/bin/gnu/h-x86_64-mingw32/bin/../lib/gcc/nios2-elf/4.9.1\libgcc.a(divdf3.o)
 .data          0x00000000020341b5        0x0 c:/altera/15.0/nios2eds/bin/gnu/h-x86_64-mingw32/bin/../lib/gcc/nios2-elf/4.9.1\libgcc.a(ledf2.o)
 .data          0x00000000020341b5        0x0 c:/altera/15.0/nios2eds/bin/gnu/h-x86_64-mingw32/bin/../lib/gcc/nios2-elf/4.9.1\libgcc.a(muldf3.o)
 .data          0x00000000020341b5        0x0 c:/altera/15.0/nios2eds/bin/gnu/h-x86_64-mingw32/bin/../lib/gcc/nios2-elf/4.9.1\libgcc.a(subdf3.o)
 .data          0x00000000020341b5        0x0 c:/altera/15.0/nios2eds/bin/gnu/h-x86_64-mingw32/bin/../lib/gcc/nios2-elf/4.9.1\libgcc.a(fixdfsi.o)
 .data          0x00000000020341b5        0x0 c:/altera/15.0/nios2eds/bin/gnu/h-x86_64-mingw32/bin/../lib/gcc/nios2-elf/4.9.1\libgcc.a(floatsidf.o)
 .data          0x00000000020341b5        0x0 c:/altera/15.0/nios2eds/bin/gnu/h-x86_64-mingw32/bin/../lib/gcc/nios2-elf/4.9.1\libgcc.a(_clzsi2.o)
 .data          0x00000000020341b5        0x0 c:/altera/15.0/nios2eds/bin/gnu/h-x86_64-mingw32/bin/../lib/gcc/nios2-elf/4.9.1\libgcc.a(_clz.o)
 .data          0x00000000020341b5        0x0 c:/altera/15.0/nios2eds/bin/gnu/h-x86_64-mingw32/bin/../lib/gcc/nios2-elf/4.9.1/../../../../../H-x86_64-mingw32/nios2-elf/lib\libc.a(lib_a-errno.o)
 *fill*         0x00000000020341b5        0x3 
 .data          0x00000000020341b8      0x424 c:/altera/15.0/nios2eds/bin/gnu/h-x86_64-mingw32/bin/../lib/gcc/nios2-elf/4.9.1/../../../../../H-x86_64-mingw32/nios2-elf/lib\libc.a(lib_a-impure.o)
 .data          0x00000000020345dc        0x0 c:/altera/15.0/nios2eds/bin/gnu/h-x86_64-mingw32/bin/../lib/gcc/nios2-elf/4.9.1/../../../../../H-x86_64-mingw32/nios2-elf/lib\libc.a(lib_a-malloc.o)
 .data          0x00000000020345dc      0x408 c:/altera/15.0/nios2eds/bin/gnu/h-x86_64-mingw32/bin/../lib/gcc/nios2-elf/4.9.1/../../../../../H-x86_64-mingw32/nios2-elf/lib\libc.a(lib_a-mallocr.o)
                0x00000000020345dc                __malloc_av_
 .data          0x00000000020349e4        0x0 c:/altera/15.0/nios2eds/bin/gnu/h-x86_64-mingw32/bin/../lib/gcc/nios2-elf/4.9.1/../../../../../H-x86_64-mingw32/nios2-elf/lib\libc.a(lib_a-memcpy.o)
 .data          0x00000000020349e4        0x0 c:/altera/15.0/nios2eds/bin/gnu/h-x86_64-mingw32/bin/../lib/gcc/nios2-elf/4.9.1/../../../../../H-x86_64-mingw32/nios2-elf/lib\libc.a(lib_a-memset.o)
 .data          0x00000000020349e4        0x0 c:/altera/15.0/nios2eds/bin/gnu/h-x86_64-mingw32/bin/../lib/gcc/nios2-elf/4.9.1/../../../../../H-x86_64-mingw32/nios2-elf/lib\libc.a(lib_a-printf.o)
 .data          0x00000000020349e4        0x0 c:/altera/15.0/nios2eds/bin/gnu/h-x86_64-mingw32/bin/../lib/gcc/nios2-elf/4.9.1/../../../../../H-x86_64-mingw32/nios2-elf/lib\libc.a(lib_a-puts.o)
 .data          0x00000000020349e4        0x0 c:/altera/15.0/nios2eds/bin/gnu/h-x86_64-mingw32/bin/../lib/gcc/nios2-elf/4.9.1/../../../../../H-x86_64-mingw32/nios2-elf/lib\libc.a(lib_a-sbrkr.o)
 .data          0x00000000020349e4        0x0 c:/altera/15.0/nios2eds/bin/gnu/h-x86_64-mingw32/bin/../lib/gcc/nios2-elf/4.9.1/../../../../../H-x86_64-mingw32/nios2-elf/lib\libc.a(lib_a-sprintf.o)
 .data          0x00000000020349e4        0x0 c:/altera/15.0/nios2eds/bin/gnu/h-x86_64-mingw32/bin/../lib/gcc/nios2-elf/4.9.1/../../../../../H-x86_64-mingw32/nios2-elf/lib\libc.a(lib_a-strcpy.o)
 .data          0x00000000020349e4        0x0 c:/altera/15.0/nios2eds/bin/gnu/h-x86_64-mingw32/bin/../lib/gcc/nios2-elf/4.9.1/../../../../../H-x86_64-mingw32/nios2-elf/lib\libc.a(lib_a-strlen.o)
 .data          0x00000000020349e4        0x0 c:/altera/15.0/nios2eds/bin/gnu/h-x86_64-mingw32/bin/../lib/gcc/nios2-elf/4.9.1/../../../../../H-x86_64-mingw32/nios2-elf/lib\libc.a(lib_a-svfprintf.o)
 .data          0x00000000020349e4        0x0 c:/altera/15.0/nios2eds/bin/gnu/h-x86_64-mingw32/bin/../lib/gcc/nios2-elf/4.9.1/../../../../../H-x86_64-mingw32/nios2-elf/lib\libc.a(lib_a-vfprintf.o)
 .data          0x00000000020349e4        0x0 c:/altera/15.0/nios2eds/bin/gnu/h-x86_64-mingw32/bin/../lib/gcc/nios2-elf/4.9.1/../../../../../H-x86_64-mingw32/nios2-elf/lib\libc.a(lib_a-wsetup.o)
 .data          0x00000000020349e4        0x0 c:/altera/15.0/nios2eds/bin/gnu/h-x86_64-mingw32/bin/../lib/gcc/nios2-elf/4.9.1/../../../../../H-x86_64-mingw32/nios2-elf/lib\libc.a(lib_a-dtoa.o)
 .data          0x00000000020349e4        0x0 c:/altera/15.0/nios2eds/bin/gnu/h-x86_64-mingw32/bin/../lib/gcc/nios2-elf/4.9.1/../../../../../H-x86_64-mingw32/nios2-elf/lib\libc.a(lib_a-fflush.o)
 .data          0x00000000020349e4        0x0 c:/altera/15.0/nios2eds/bin/gnu/h-x86_64-mingw32/bin/../lib/gcc/nios2-elf/4.9.1/../../../../../H-x86_64-mingw32/nios2-elf/lib\libc.a(lib_a-findfp.o)
 .data          0x00000000020349e4        0x0 c:/altera/15.0/nios2eds/bin/gnu/h-x86_64-mingw32/bin/../lib/gcc/nios2-elf/4.9.1/../../../../../H-x86_64-mingw32/nios2-elf/lib\libc.a(lib_a-freer.o)
 .data          0x00000000020349e4        0x0 c:/altera/15.0/nios2eds/bin/gnu/h-x86_64-mingw32/bin/../lib/gcc/nios2-elf/4.9.1/../../../../../H-x86_64-mingw32/nios2-elf/lib\libc.a(lib_a-fvwrite.o)
 .data          0x00000000020349e4        0x0 c:/altera/15.0/nios2eds/bin/gnu/h-x86_64-mingw32/bin/../lib/gcc/nios2-elf/4.9.1/../../../../../H-x86_64-mingw32/nios2-elf/lib\libc.a(lib_a-fwalk.o)
 .data          0x00000000020349e4        0x0 c:/altera/15.0/nios2eds/bin/gnu/h-x86_64-mingw32/bin/../lib/gcc/nios2-elf/4.9.1/../../../../../H-x86_64-mingw32/nios2-elf/lib\libc.a(lib_a-int_errno.o)
 .data          0x00000000020349e4       0x78 c:/altera/15.0/nios2eds/bin/gnu/h-x86_64-mingw32/bin/../lib/gcc/nios2-elf/4.9.1/../../../../../H-x86_64-mingw32/nios2-elf/lib\libc.a(lib_a-locale.o)
 .data          0x0000000002034a5c        0x0 c:/altera/15.0/nios2eds/bin/gnu/h-x86_64-mingw32/bin/../lib/gcc/nios2-elf/4.9.1/../../../../../H-x86_64-mingw32/nios2-elf/lib\libc.a(lib_a-makebuf.o)
 .data          0x0000000002034a5c        0x0 c:/altera/15.0/nios2eds/bin/gnu/h-x86_64-mingw32/bin/../lib/gcc/nios2-elf/4.9.1/../../../../../H-x86_64-mingw32/nios2-elf/lib\libc.a(lib_a-memchr.o)
 .data          0x0000000002034a5c        0x0 c:/altera/15.0/nios2eds/bin/gnu/h-x86_64-mingw32/bin/../lib/gcc/nios2-elf/4.9.1/../../../../../H-x86_64-mingw32/nios2-elf/lib\libc.a(lib_a-memmove.o)
 .data          0x0000000002034a5c        0x0 c:/altera/15.0/nios2eds/bin/gnu/h-x86_64-mingw32/bin/../lib/gcc/nios2-elf/4.9.1/../../../../../H-x86_64-mingw32/nios2-elf/lib\libc.a(lib_a-mprec.o)
 .data          0x0000000002034a5c        0x0 c:/altera/15.0/nios2eds/bin/gnu/h-x86_64-mingw32/bin/../lib/gcc/nios2-elf/4.9.1/../../../../../H-x86_64-mingw32/nios2-elf/lib\libc.a(lib_a-reallocr.o)
 .data          0x0000000002034a5c        0x0 c:/altera/15.0/nios2eds/bin/gnu/h-x86_64-mingw32/bin/../lib/gcc/nios2-elf/4.9.1/../../../../../H-x86_64-mingw32/nios2-elf/lib\libc.a(lib_a-stdio.o)
 .data          0x0000000002034a5c        0x0 c:/altera/15.0/nios2eds/bin/gnu/h-x86_64-mingw32/bin/../lib/gcc/nios2-elf/4.9.1/../../../../../H-x86_64-mingw32/nios2-elf/lib\libc.a(lib_a-strcmp.o)
 .data          0x0000000002034a5c        0x0 c:/altera/15.0/nios2eds/bin/gnu/h-x86_64-mingw32/bin/../lib/gcc/nios2-elf/4.9.1/../../../../../H-x86_64-mingw32/nios2-elf/lib\libc.a(lib_a-svfiprintf.o)
 .data          0x0000000002034a5c        0x0 c:/altera/15.0/nios2eds/bin/gnu/h-x86_64-mingw32/bin/../lib/gcc/nios2-elf/4.9.1/../../../../../H-x86_64-mingw32/nios2-elf/lib\libc.a(lib_a-vfiprintf.o)
 .data          0x0000000002034a5c        0x0 c:/altera/15.0/nios2eds/bin/gnu/h-x86_64-mingw32/bin/../lib/gcc/nios2-elf/4.9.1/../../../../../H-x86_64-mingw32/nios2-elf/lib\libc.a(lib_a-writer.o)
 .data          0x0000000002034a5c        0x0 c:/altera/15.0/nios2eds/bin/gnu/h-x86_64-mingw32/bin/../lib/gcc/nios2-elf/4.9.1/../../../../../H-x86_64-mingw32/nios2-elf/lib\libc.a(closer.o)
 .data          0x0000000002034a5c        0x0 c:/altera/15.0/nios2eds/bin/gnu/h-x86_64-mingw32/bin/../lib/gcc/nios2-elf/4.9.1/../../../../../H-x86_64-mingw32/nios2-elf/lib\libc.a(lib_a-callocr.o)
 .data          0x0000000002034a5c        0x0 c:/altera/15.0/nios2eds/bin/gnu/h-x86_64-mingw32/bin/../lib/gcc/nios2-elf/4.9.1/../../../../../H-x86_64-mingw32/nios2-elf/lib\libc.a(lib_a-fclose.o)
 .data          0x0000000002034a5c        0x0 c:/altera/15.0/nios2eds/bin/gnu/h-x86_64-mingw32/bin/../lib/gcc/nios2-elf/4.9.1/../../../../../H-x86_64-mingw32/nios2-elf/lib\libc.a(lib_a-fputwc.o)
 .data          0x0000000002034a5c        0x0 c:/altera/15.0/nios2eds/bin/gnu/h-x86_64-mingw32/bin/../lib/gcc/nios2-elf/4.9.1/../../../../../H-x86_64-mingw32/nios2-elf/lib\libc.a(lib_a-fstatr.o)
 .data          0x0000000002034a5c        0x0 c:/altera/15.0/nios2eds/bin/gnu/h-x86_64-mingw32/bin/../lib/gcc/nios2-elf/4.9.1/../../../../../H-x86_64-mingw32/nios2-elf/lib\libc.a(lib_a-isattyr.o)
 .data          0x0000000002034a5c        0x0 c:/altera/15.0/nios2eds/bin/gnu/h-x86_64-mingw32/bin/../lib/gcc/nios2-elf/4.9.1/../../../../../H-x86_64-mingw32/nios2-elf/lib\libc.a(lib_a-lseekr.o)
 .data          0x0000000002034a5c        0x0 c:/altera/15.0/nios2eds/bin/gnu/h-x86_64-mingw32/bin/../lib/gcc/nios2-elf/4.9.1/../../../../../H-x86_64-mingw32/nios2-elf/lib\libc.a(lib_a-readr.o)
 .data          0x0000000002034a5c        0x0 c:/altera/15.0/nios2eds/bin/gnu/h-x86_64-mingw32/bin/../lib/gcc/nios2-elf/4.9.1/../../../../../H-x86_64-mingw32/nios2-elf/lib\libc.a(lib_a-wbuf.o)
 .data          0x0000000002034a5c        0x0 c:/altera/15.0/nios2eds/bin/gnu/h-x86_64-mingw32/bin/../lib/gcc/nios2-elf/4.9.1/../../../../../H-x86_64-mingw32/nios2-elf/lib\libc.a(lib_a-wcrtomb.o)
 .data          0x0000000002034a5c        0x0 c:/altera/15.0/nios2eds/bin/gnu/h-x86_64-mingw32/bin/../lib/gcc/nios2-elf/4.9.1/../../../../../H-x86_64-mingw32/nios2-elf/lib\libc.a(lib_a-wctomb_r.o)
 .data          0x0000000002034a5c        0x0 c:/altera/15.0/nios2eds/bin/gnu/h-x86_64-mingw32/bin/../lib/gcc/nios2-elf/4.9.1\libgcc.a(_udivdi3.o)
 .data          0x0000000002034a5c        0x0 c:/altera/15.0/nios2eds/bin/gnu/h-x86_64-mingw32/bin/../lib/gcc/nios2-elf/4.9.1\libgcc.a(_umoddi3.o)
 .data          0x0000000002034a5c        0x0 c:/altera/15.0/nios2eds/bin/gnu/h-x86_64-mingw32/bin/../lib/gcc/nios2-elf/4.9.1\libgcc.a(eqdf2.o)
 .data          0x0000000002034a5c        0x0 c:/altera/15.0/nios2eds/bin/gnu/h-x86_64-mingw32/bin/../lib/gcc/nios2-elf/4.9.1\libgcc.a(gedf2.o)
 .data          0x0000000002034a5c        0x0 c:/altera/15.0/nios2eds/bin/gnu/h-x86_64-mingw32/bin/../lib/gcc/nios2-elf/4.9.1\libgcc.a(floatunsidf.o)
 .data          0x0000000002034a5c        0x0 ../temp_bsp/\libhal_bsp.a(alt_alarm_start.o)
 .data          0x0000000002034a5c        0x0 ../temp_bsp/\libhal_bsp.a(alt_close.o)
 .data          0x0000000002034a5c      0x1a8 ../temp_bsp/\libhal_bsp.a(alt_dev.o)
                0x0000000002034a5c                alt_dev_null
                0x0000000002034a84                alt_fd_list
 .data          0x0000000002034c04        0x0 ../temp_bsp/\libhal_bsp.a(alt_errno.o)
 .data          0x0000000002034c04        0x0 ../temp_bsp/\libhal_bsp.a(alt_fstat.o)
 .data          0x0000000002034c04        0x0 ../temp_bsp/\libhal_bsp.a(alt_iic.o)
 .data          0x0000000002034c04        0x0 ../temp_bsp/\libhal_bsp.a(alt_iic_isr_register.o)
 .data          0x0000000002034c04        0x0 ../temp_bsp/\libhal_bsp.a(alt_irq_entry.o)
 .data          0x0000000002034c04        0x0 ../temp_bsp/\libhal_bsp.a(alt_irq_handler.o)
 .data          0x0000000002034c04        0x0 ../temp_bsp/\libhal_bsp.a(alt_irq_vars.o)
 .data          0x0000000002034c04        0x0 ../temp_bsp/\libhal_bsp.a(alt_isatty.o)
 .data          0x0000000002034c04        0x0 ../temp_bsp/\libhal_bsp.a(alt_load.o)
 .data          0x0000000002034c04        0x0 ../temp_bsp/\libhal_bsp.a(alt_lseek.o)
 .data          0x0000000002034c04        0x0 ../temp_bsp/\libhal_bsp.a(alt_main.o)
 .data          0x0000000002034c04        0x0 ../temp_bsp/\libhal_bsp.a(alt_malloc_lock.o)
 .data          0x0000000002034c04        0x0 ../temp_bsp/\libhal_bsp.a(alt_read.o)
 .data          0x0000000002034c04        0x0 ../temp_bsp/\libhal_bsp.a(alt_release_fd.o)
 .data          0x0000000002034c04        0x0 ../temp_bsp/\libhal_bsp.a(alt_sbrk.o)
 .data          0x0000000002034c04        0x0 ../temp_bsp/\libhal_bsp.a(alt_tick.o)
 .data          0x0000000002034c04        0x0 ../temp_bsp/\libhal_bsp.a(alt_usleep.o)
 .data          0x0000000002034c04        0x0 ../temp_bsp/\libhal_bsp.a(alt_write.o)
 .data          0x0000000002034c04     0x1060 ../temp_bsp/\libhal_bsp.a(alt_sys_init.o)
 .data          0x0000000002035c64        0x0 ../temp_bsp/\libhal_bsp.a(altera_avalon_jtag_uart_fd.o)
 .data          0x0000000002035c64        0x0 ../temp_bsp/\libhal_bsp.a(altera_avalon_jtag_uart_init.o)
 .data          0x0000000002035c64        0x0 ../temp_bsp/\libhal_bsp.a(altera_avalon_jtag_uart_ioctl.o)
 .data          0x0000000002035c64        0x0 ../temp_bsp/\libhal_bsp.a(altera_avalon_jtag_uart_read.o)
 .data          0x0000000002035c64        0x0 ../temp_bsp/\libhal_bsp.a(altera_avalon_jtag_uart_write.o)
 .data          0x0000000002035c64        0x0 ../temp_bsp/\libhal_bsp.a(altera_avalon_spi.o)
 .data          0x0000000002035c64        0x0 ../temp_bsp/\libhal_bsp.a(altera_avalon_timer_sc.o)
 .data          0x0000000002035c64        0x0 ../temp_bsp/\libhal_bsp.a(alt_busy_sleep.o)
 .data          0x0000000002035c64        0x0 ../temp_bsp/\libhal_bsp.a(alt_dcache_flush_all.o)
 .data          0x0000000002035c64        0x0 ../temp_bsp/\libhal_bsp.a(alt_dev_llist_insert.o)
 .data          0x0000000002035c64        0x0 ../temp_bsp/\libhal_bsp.a(alt_do_ctors.o)
 .data          0x0000000002035c64        0x0 ../temp_bsp/\libhal_bsp.a(alt_do_dtors.o)
 .data          0x0000000002035c64        0x0 ../temp_bsp/\libhal_bsp.a(alt_exception_entry.o)
 .data          0x0000000002035c64        0x0 ../temp_bsp/\libhal_bsp.a(alt_icache_flush_all.o)
 .data          0x0000000002035c64        0x0 ../temp_bsp/\libhal_bsp.a(alt_io_redirect.o)
 .data          0x0000000002035c64        0x0 ../temp_bsp/\libhal_bsp.a(alt_open.o)
 .data          0x0000000002035c64        0x0 ../temp_bsp/\libhal_bsp.a(altera_nios2_qsys_irq.o)
 .data          0x0000000002035c64        0x0 ../temp_bsp/\libhal_bsp.a(alt_find_dev.o)
 .data          0x0000000002035c64        0x0 ../temp_bsp/\libhal_bsp.a(alt_find_file.o)
 .data          0x0000000002035c64        0x0 ../temp_bsp/\libhal_bsp.a(alt_get_fd.o)
 .data          0x0000000002035c64        0x0 ../temp_bsp/\libhal_bsp.a(alt_icache_flush.o)
 .data          0x0000000002035c64        0x0 c:/altera/15.0/nios2eds/bin/gnu/h-x86_64-mingw32/bin/../lib/gcc/nios2-elf/4.9.1/../../../../../H-x86_64-mingw32/nios2-elf/lib\libc.a(lib_a-atexit.o)
 .data          0x0000000002035c64        0x0 c:/altera/15.0/nios2eds/bin/gnu/h-x86_64-mingw32/bin/../lib/gcc/nios2-elf/4.9.1/../../../../../H-x86_64-mingw32/nios2-elf/lib\libc.a(lib_a-exit.o)
 .data          0x0000000002035c64        0x0 c:/altera/15.0/nios2eds/bin/gnu/h-x86_64-mingw32/bin/../lib/gcc/nios2-elf/4.9.1/../../../../../H-x86_64-mingw32/nios2-elf/lib\libc.a(lib_a-memcmp.o)
 .data          0x0000000002035c64        0x0 c:/altera/15.0/nios2eds/bin/gnu/h-x86_64-mingw32/bin/../lib/gcc/nios2-elf/4.9.1/../../../../../H-x86_64-mingw32/nios2-elf/lib\libc.a(lib_a-__atexit.o)
 .data          0x0000000002035c64        0x0 c:/altera/15.0/nios2eds/bin/gnu/h-x86_64-mingw32/bin/../lib/gcc/nios2-elf/4.9.1/../../../../../H-x86_64-mingw32/nios2-elf/lib\libc.a(lib_a-__call_atexit.o)
 .data          0x0000000002035c64        0x0 ../temp_bsp/\libhal_bsp.a(alt_exit.o)
                0x000000000203dc64                _gp = ABSOLUTE ((. + 0x8000))
                0x000000000203dc64                PROVIDE (gp, _gp)
 *(.rwdata .rwdata.*)
 *(.sdata .sdata.* .gnu.linkonce.s.*)
 .sdata         0x0000000002035c64        0x4 obj/default/demo/gui.o
 .sdata         0x0000000002035c68        0x4 obj/default/graphic_lib/simple_graphics.o
                0x0000000002035c68                cour10_font
 .sdata         0x0000000002035c6c        0x4 c:/altera/15.0/nios2eds/bin/gnu/h-x86_64-mingw32/bin/../lib/gcc/nios2-elf/4.9.1/../../../../../H-x86_64-mingw32/nios2-elf/lib\libm.a(lib_a-s_lib_ver.o)
                0x0000000002035c6c                __fdlib_version
 .sdata         0x0000000002035c70        0x8 c:/altera/15.0/nios2eds/bin/gnu/h-x86_64-mingw32/bin/../lib/gcc/nios2-elf/4.9.1/../../../../../H-x86_64-mingw32/nios2-elf/lib\libc.a(lib_a-impure.o)
                0x0000000002035c70                _global_impure_ptr
                0x0000000002035c74                _impure_ptr
 .sdata         0x0000000002035c78        0x8 c:/altera/15.0/nios2eds/bin/gnu/h-x86_64-mingw32/bin/../lib/gcc/nios2-elf/4.9.1/../../../../../H-x86_64-mingw32/nios2-elf/lib\libc.a(lib_a-mallocr.o)
                0x0000000002035c78                __malloc_sbrk_base
                0x0000000002035c7c                __malloc_trim_threshold
 .sdata         0x0000000002035c80        0x4 c:/altera/15.0/nios2eds/bin/gnu/h-x86_64-mingw32/bin/../lib/gcc/nios2-elf/4.9.1/../../../../../H-x86_64-mingw32/nios2-elf/lib\libc.a(lib_a-locale.o)
                0x0000000002035c80                __mb_cur_max
 .sdata         0x0000000002035c84        0x4 c:/altera/15.0/nios2eds/bin/gnu/h-x86_64-mingw32/bin/../lib/gcc/nios2-elf/4.9.1/../../../../../H-x86_64-mingw32/nios2-elf/lib\libc.a(lib_a-wctomb_r.o)
                0x0000000002035c84                __wctomb
 .sdata         0x0000000002035c88       0x14 ../temp_bsp/\libhal_bsp.a(alt_dev.o)
                0x0000000002035c88                alt_fs_list
                0x0000000002035c90                alt_dev_list
                0x0000000002035c98                alt_max_fd
 .sdata         0x0000000002035c9c        0x4 ../temp_bsp/\libhal_bsp.a(alt_errno.o)
                0x0000000002035c9c                alt_errno
 .sdata         0x0000000002035ca0        0x4 ../temp_bsp/\libhal_bsp.a(alt_irq_vars.o)
                0x0000000002035ca0                alt_priority_mask
 .sdata         0x0000000002035ca4        0x4 ../temp_bsp/\libhal_bsp.a(alt_sbrk.o)
 .sdata         0x0000000002035ca8        0x8 ../temp_bsp/\libhal_bsp.a(alt_tick.o)
                0x0000000002035ca8                alt_alarm_list
 *(.sdata2 .sdata2.* .gnu.linkonce.s2.*)
                0x0000000002035cb0                . = ALIGN (0x4)
                0x0000000002035cb0                _edata = ABSOLUTE (.)
                0x0000000002035cb0                PROVIDE (edata, ABSOLUTE (.))
                0x0000000002035cb0                PROVIDE (__ram_rwdata_end, ABSOLUTE (.))
                0x0000000002035cb0                PROVIDE (__flash_rwdata_start, LOADADDR (.rwdata))

.bss            0x0000000002039354      0x160
                0x0000000002039354                __bss_start = ABSOLUTE (.)
                0x0000000002039354                PROVIDE (__sbss_start, ABSOLUTE (.))
                0x0000000002039354                PROVIDE (___sbss_start, ABSOLUTE (.))
 *(.dynsbss)
 *(.sbss .sbss.* .gnu.linkonce.sb.*)
 .sbss          0x0000000002039354        0x4 obj/default/demo/gui.o
 .sbss          0x0000000002039358        0xc c:/altera/15.0/nios2eds/bin/gnu/h-x86_64-mingw32/bin/../lib/gcc/nios2-elf/4.9.1/../../../../../H-x86_64-mingw32/nios2-elf/lib\libc.a(lib_a-mallocr.o)
                0x0000000002039358                __malloc_max_total_mem
                0x000000000203935c                __malloc_max_sbrked_mem
                0x0000000002039360                __malloc_top_pad
 .sbss          0x0000000002039364        0x4 c:/altera/15.0/nios2eds/bin/gnu/h-x86_64-mingw32/bin/../lib/gcc/nios2-elf/4.9.1/../../../../../H-x86_64-mingw32/nios2-elf/lib\libc.a(lib_a-int_errno.o)
                0x0000000002039364                errno
 .sbss          0x0000000002039368        0xc c:/altera/15.0/nios2eds/bin/gnu/h-x86_64-mingw32/bin/../lib/gcc/nios2-elf/4.9.1/../../../../../H-x86_64-mingw32/nios2-elf/lib\libc.a(lib_a-locale.o)
                0x0000000002039368                _PathLocale
                0x000000000203936c                __mlocale_changed
                0x0000000002039370                __nlocale_changed
 .sbss          0x0000000002039374        0x4 ../temp_bsp/\libhal_bsp.a(alt_irq_vars.o)
                0x0000000002039374                alt_irq_active
 .sbss          0x0000000002039378        0xc ../temp_bsp/\libhal_bsp.a(alt_main.o)
                0x0000000002039378                alt_argc
                0x000000000203937c                alt_argv
                0x0000000002039380                alt_envp
 .sbss          0x0000000002039384        0x8 ../temp_bsp/\libhal_bsp.a(alt_tick.o)
                0x0000000002039384                _alt_tick_rate
                0x0000000002039388                _alt_nticks
 *(.sbss2 .sbss2.* .gnu.linkonce.sb2.*)
 *(.scommon)
                0x000000000203938c                PROVIDE (__sbss_end, ABSOLUTE (.))
                0x000000000203938c                PROVIDE (___sbss_end, ABSOLUTE (.))
 *(.dynbss)
 *(.bss .bss.* .gnu.linkonce.b.*)
 .bss           0x000000000203938c        0x0 ../temp_bsp//obj/HAL/src/crt0.o
 .bss           0x000000000203938c        0x0 obj/default/demo/gui.o
 .bss           0x000000000203938c        0x0 obj/default/demo/gui_vpg.o
 .bss           0x000000000203938c        0x0 obj/default/fonts/tahomabold_20.o
 .bss           0x000000000203938c        0x0 obj/default/fonts/tahomabold_32.o
 .bss           0x000000000203938c        0x0 obj/default/graphic_lib/ILI9341.o
 .bss           0x000000000203938c        0x0 obj/default/graphic_lib/geometry.o
 .bss           0x000000000203938c        0x0 obj/default/graphic_lib/simple_graphics.o
 .bss           0x000000000203938c        0x0 obj/default/graphic_lib/simple_text.o
 .bss           0x000000000203938c        0x0 obj/default/main.o
 .bss           0x000000000203938c        0x0 obj/default/terasic_lib/touch_spi.o
 .bss           0x000000000203938c        0x0 c:/altera/15.0/nios2eds/bin/gnu/h-x86_64-mingw32/bin/../lib/gcc/nios2-elf/4.9.1/../../../../../H-x86_64-mingw32/nios2-elf/lib\libm.a(lib_a-w_sqrt.o)
 .bss           0x000000000203938c        0x0 c:/altera/15.0/nios2eds/bin/gnu/h-x86_64-mingw32/bin/../lib/gcc/nios2-elf/4.9.1/../../../../../H-x86_64-mingw32/nios2-elf/lib\libm.a(lib_a-e_sqrt.o)
 .bss           0x000000000203938c        0x0 c:/altera/15.0/nios2eds/bin/gnu/h-x86_64-mingw32/bin/../lib/gcc/nios2-elf/4.9.1/../../../../../H-x86_64-mingw32/nios2-elf/lib\libm.a(lib_a-s_fpclassify.o)
 .bss           0x000000000203938c        0x0 c:/altera/15.0/nios2eds/bin/gnu/h-x86_64-mingw32/bin/../lib/gcc/nios2-elf/4.9.1/../../../../../H-x86_64-mingw32/nios2-elf/lib\libm.a(lib_a-s_lib_ver.o)
 .bss           0x000000000203938c        0x0 c:/altera/15.0/nios2eds/bin/gnu/h-x86_64-mingw32/bin/../lib/gcc/nios2-elf/4.9.1/../../../../../H-x86_64-mingw32/nios2-elf/lib\libm.a(lib_a-s_matherr.o)
 .bss           0x000000000203938c        0x0 c:/altera/15.0/nios2eds/bin/gnu/h-x86_64-mingw32/bin/../lib/gcc/nios2-elf/4.9.1\libgcc.a(lib2-divmod.o)
 .bss           0x000000000203938c        0x0 c:/altera/15.0/nios2eds/bin/gnu/h-x86_64-mingw32/bin/../lib/gcc/nios2-elf/4.9.1\libgcc.a(adddf3.o)
 .bss           0x000000000203938c        0x0 c:/altera/15.0/nios2eds/bin/gnu/h-x86_64-mingw32/bin/../lib/gcc/nios2-elf/4.9.1\libgcc.a(divdf3.o)
 .bss           0x000000000203938c        0x0 c:/altera/15.0/nios2eds/bin/gnu/h-x86_64-mingw32/bin/../lib/gcc/nios2-elf/4.9.1\libgcc.a(ledf2.o)
 .bss           0x000000000203938c        0x0 c:/altera/15.0/nios2eds/bin/gnu/h-x86_64-mingw32/bin/../lib/gcc/nios2-elf/4.9.1\libgcc.a(muldf3.o)
 .bss           0x000000000203938c        0x0 c:/altera/15.0/nios2eds/bin/gnu/h-x86_64-mingw32/bin/../lib/gcc/nios2-elf/4.9.1\libgcc.a(subdf3.o)
 .bss           0x000000000203938c        0x0 c:/altera/15.0/nios2eds/bin/gnu/h-x86_64-mingw32/bin/../lib/gcc/nios2-elf/4.9.1\libgcc.a(fixdfsi.o)
 .bss           0x000000000203938c        0x0 c:/altera/15.0/nios2eds/bin/gnu/h-x86_64-mingw32/bin/../lib/gcc/nios2-elf/4.9.1\libgcc.a(floatsidf.o)
 .bss           0x000000000203938c        0x0 c:/altera/15.0/nios2eds/bin/gnu/h-x86_64-mingw32/bin/../lib/gcc/nios2-elf/4.9.1\libgcc.a(_clzsi2.o)
 .bss           0x000000000203938c        0x0 c:/altera/15.0/nios2eds/bin/gnu/h-x86_64-mingw32/bin/../lib/gcc/nios2-elf/4.9.1\libgcc.a(_clz.o)
 .bss           0x000000000203938c        0x0 c:/altera/15.0/nios2eds/bin/gnu/h-x86_64-mingw32/bin/../lib/gcc/nios2-elf/4.9.1/../../../../../H-x86_64-mingw32/nios2-elf/lib\libc.a(lib_a-errno.o)
 .bss           0x000000000203938c        0x0 c:/altera/15.0/nios2eds/bin/gnu/h-x86_64-mingw32/bin/../lib/gcc/nios2-elf/4.9.1/../../../../../H-x86_64-mingw32/nios2-elf/lib\libc.a(lib_a-impure.o)
 .bss           0x000000000203938c        0x0 c:/altera/15.0/nios2eds/bin/gnu/h-x86_64-mingw32/bin/../lib/gcc/nios2-elf/4.9.1/../../../../../H-x86_64-mingw32/nios2-elf/lib\libc.a(lib_a-malloc.o)
 .bss           0x000000000203938c       0x28 c:/altera/15.0/nios2eds/bin/gnu/h-x86_64-mingw32/bin/../lib/gcc/nios2-elf/4.9.1/../../../../../H-x86_64-mingw32/nios2-elf/lib\libc.a(lib_a-mallocr.o)
                0x000000000203938c                __malloc_current_mallinfo
 .bss           0x00000000020393b4        0x0 c:/altera/15.0/nios2eds/bin/gnu/h-x86_64-mingw32/bin/../lib/gcc/nios2-elf/4.9.1/../../../../../H-x86_64-mingw32/nios2-elf/lib\libc.a(lib_a-memcpy.o)
 .bss           0x00000000020393b4        0x0 c:/altera/15.0/nios2eds/bin/gnu/h-x86_64-mingw32/bin/../lib/gcc/nios2-elf/4.9.1/../../../../../H-x86_64-mingw32/nios2-elf/lib\libc.a(lib_a-memset.o)
 .bss           0x00000000020393b4        0x0 c:/altera/15.0/nios2eds/bin/gnu/h-x86_64-mingw32/bin/../lib/gcc/nios2-elf/4.9.1/../../../../../H-x86_64-mingw32/nios2-elf/lib\libc.a(lib_a-printf.o)
 .bss           0x00000000020393b4        0x0 c:/altera/15.0/nios2eds/bin/gnu/h-x86_64-mingw32/bin/../lib/gcc/nios2-elf/4.9.1/../../../../../H-x86_64-mingw32/nios2-elf/lib\libc.a(lib_a-puts.o)
 .bss           0x00000000020393b4        0x0 c:/altera/15.0/nios2eds/bin/gnu/h-x86_64-mingw32/bin/../lib/gcc/nios2-elf/4.9.1/../../../../../H-x86_64-mingw32/nios2-elf/lib\libc.a(lib_a-sbrkr.o)
 .bss           0x00000000020393b4        0x0 c:/altera/15.0/nios2eds/bin/gnu/h-x86_64-mingw32/bin/../lib/gcc/nios2-elf/4.9.1/../../../../../H-x86_64-mingw32/nios2-elf/lib\libc.a(lib_a-sprintf.o)
 .bss           0x00000000020393b4        0x0 c:/altera/15.0/nios2eds/bin/gnu/h-x86_64-mingw32/bin/../lib/gcc/nios2-elf/4.9.1/../../../../../H-x86_64-mingw32/nios2-elf/lib\libc.a(lib_a-strcpy.o)
 .bss           0x00000000020393b4        0x0 c:/altera/15.0/nios2eds/bin/gnu/h-x86_64-mingw32/bin/../lib/gcc/nios2-elf/4.9.1/../../../../../H-x86_64-mingw32/nios2-elf/lib\libc.a(lib_a-strlen.o)
 .bss           0x00000000020393b4        0x0 c:/altera/15.0/nios2eds/bin/gnu/h-x86_64-mingw32/bin/../lib/gcc/nios2-elf/4.9.1/../../../../../H-x86_64-mingw32/nios2-elf/lib\libc.a(lib_a-svfprintf.o)
 .bss           0x00000000020393b4        0x0 c:/altera/15.0/nios2eds/bin/gnu/h-x86_64-mingw32/bin/../lib/gcc/nios2-elf/4.9.1/../../../../../H-x86_64-mingw32/nios2-elf/lib\libc.a(lib_a-vfprintf.o)
 .bss           0x00000000020393b4        0x0 c:/altera/15.0/nios2eds/bin/gnu/h-x86_64-mingw32/bin/../lib/gcc/nios2-elf/4.9.1/../../../../../H-x86_64-mingw32/nios2-elf/lib\libc.a(lib_a-wsetup.o)
 .bss           0x00000000020393b4        0x0 c:/altera/15.0/nios2eds/bin/gnu/h-x86_64-mingw32/bin/../lib/gcc/nios2-elf/4.9.1/../../../../../H-x86_64-mingw32/nios2-elf/lib\libc.a(lib_a-dtoa.o)
 .bss           0x00000000020393b4        0x0 c:/altera/15.0/nios2eds/bin/gnu/h-x86_64-mingw32/bin/../lib/gcc/nios2-elf/4.9.1/../../../../../H-x86_64-mingw32/nios2-elf/lib\libc.a(lib_a-fflush.o)
 .bss           0x00000000020393b4        0x0 c:/altera/15.0/nios2eds/bin/gnu/h-x86_64-mingw32/bin/../lib/gcc/nios2-elf/4.9.1/../../../../../H-x86_64-mingw32/nios2-elf/lib\libc.a(lib_a-findfp.o)
 .bss           0x00000000020393b4        0x0 c:/altera/15.0/nios2eds/bin/gnu/h-x86_64-mingw32/bin/../lib/gcc/nios2-elf/4.9.1/../../../../../H-x86_64-mingw32/nios2-elf/lib\libc.a(lib_a-freer.o)
 .bss           0x00000000020393b4        0x0 c:/altera/15.0/nios2eds/bin/gnu/h-x86_64-mingw32/bin/../lib/gcc/nios2-elf/4.9.1/../../../../../H-x86_64-mingw32/nios2-elf/lib\libc.a(lib_a-fvwrite.o)
 .bss           0x00000000020393b4        0x0 c:/altera/15.0/nios2eds/bin/gnu/h-x86_64-mingw32/bin/../lib/gcc/nios2-elf/4.9.1/../../../../../H-x86_64-mingw32/nios2-elf/lib\libc.a(lib_a-fwalk.o)
 .bss           0x00000000020393b4        0x0 c:/altera/15.0/nios2eds/bin/gnu/h-x86_64-mingw32/bin/../lib/gcc/nios2-elf/4.9.1/../../../../../H-x86_64-mingw32/nios2-elf/lib\libc.a(lib_a-int_errno.o)
 .bss           0x00000000020393b4        0x0 c:/altera/15.0/nios2eds/bin/gnu/h-x86_64-mingw32/bin/../lib/gcc/nios2-elf/4.9.1/../../../../../H-x86_64-mingw32/nios2-elf/lib\libc.a(lib_a-locale.o)
 .bss           0x00000000020393b4        0x0 c:/altera/15.0/nios2eds/bin/gnu/h-x86_64-mingw32/bin/../lib/gcc/nios2-elf/4.9.1/../../../../../H-x86_64-mingw32/nios2-elf/lib\libc.a(lib_a-makebuf.o)
 .bss           0x00000000020393b4        0x0 c:/altera/15.0/nios2eds/bin/gnu/h-x86_64-mingw32/bin/../lib/gcc/nios2-elf/4.9.1/../../../../../H-x86_64-mingw32/nios2-elf/lib\libc.a(lib_a-memchr.o)
 .bss           0x00000000020393b4        0x0 c:/altera/15.0/nios2eds/bin/gnu/h-x86_64-mingw32/bin/../lib/gcc/nios2-elf/4.9.1/../../../../../H-x86_64-mingw32/nios2-elf/lib\libc.a(lib_a-memmove.o)
 .bss           0x00000000020393b4        0x0 c:/altera/15.0/nios2eds/bin/gnu/h-x86_64-mingw32/bin/../lib/gcc/nios2-elf/4.9.1/../../../../../H-x86_64-mingw32/nios2-elf/lib\libc.a(lib_a-mprec.o)
 .bss           0x00000000020393b4        0x0 c:/altera/15.0/nios2eds/bin/gnu/h-x86_64-mingw32/bin/../lib/gcc/nios2-elf/4.9.1/../../../../../H-x86_64-mingw32/nios2-elf/lib\libc.a(lib_a-reallocr.o)
 .bss           0x00000000020393b4        0x0 c:/altera/15.0/nios2eds/bin/gnu/h-x86_64-mingw32/bin/../lib/gcc/nios2-elf/4.9.1/../../../../../H-x86_64-mingw32/nios2-elf/lib\libc.a(lib_a-stdio.o)
 .bss           0x00000000020393b4        0x0 c:/altera/15.0/nios2eds/bin/gnu/h-x86_64-mingw32/bin/../lib/gcc/nios2-elf/4.9.1/../../../../../H-x86_64-mingw32/nios2-elf/lib\libc.a(lib_a-strcmp.o)
 .bss           0x00000000020393b4        0x0 c:/altera/15.0/nios2eds/bin/gnu/h-x86_64-mingw32/bin/../lib/gcc/nios2-elf/4.9.1/../../../../../H-x86_64-mingw32/nios2-elf/lib\libc.a(lib_a-svfiprintf.o)
 .bss           0x00000000020393b4        0x0 c:/altera/15.0/nios2eds/bin/gnu/h-x86_64-mingw32/bin/../lib/gcc/nios2-elf/4.9.1/../../../../../H-x86_64-mingw32/nios2-elf/lib\libc.a(lib_a-vfiprintf.o)
 .bss           0x00000000020393b4        0x0 c:/altera/15.0/nios2eds/bin/gnu/h-x86_64-mingw32/bin/../lib/gcc/nios2-elf/4.9.1/../../../../../H-x86_64-mingw32/nios2-elf/lib\libc.a(lib_a-writer.o)
 .bss           0x00000000020393b4        0x0 c:/altera/15.0/nios2eds/bin/gnu/h-x86_64-mingw32/bin/../lib/gcc/nios2-elf/4.9.1/../../../../../H-x86_64-mingw32/nios2-elf/lib\libc.a(closer.o)
 .bss           0x00000000020393b4        0x0 c:/altera/15.0/nios2eds/bin/gnu/h-x86_64-mingw32/bin/../lib/gcc/nios2-elf/4.9.1/../../../../../H-x86_64-mingw32/nios2-elf/lib\libc.a(lib_a-callocr.o)
 .bss           0x00000000020393b4        0x0 c:/altera/15.0/nios2eds/bin/gnu/h-x86_64-mingw32/bin/../lib/gcc/nios2-elf/4.9.1/../../../../../H-x86_64-mingw32/nios2-elf/lib\libc.a(lib_a-fclose.o)
 .bss           0x00000000020393b4        0x0 c:/altera/15.0/nios2eds/bin/gnu/h-x86_64-mingw32/bin/../lib/gcc/nios2-elf/4.9.1/../../../../../H-x86_64-mingw32/nios2-elf/lib\libc.a(lib_a-fputwc.o)
 .bss           0x00000000020393b4        0x0 c:/altera/15.0/nios2eds/bin/gnu/h-x86_64-mingw32/bin/../lib/gcc/nios2-elf/4.9.1/../../../../../H-x86_64-mingw32/nios2-elf/lib\libc.a(lib_a-fstatr.o)
 .bss           0x00000000020393b4        0x0 c:/altera/15.0/nios2eds/bin/gnu/h-x86_64-mingw32/bin/../lib/gcc/nios2-elf/4.9.1/../../../../../H-x86_64-mingw32/nios2-elf/lib\libc.a(lib_a-isattyr.o)
 .bss           0x00000000020393b4        0x0 c:/altera/15.0/nios2eds/bin/gnu/h-x86_64-mingw32/bin/../lib/gcc/nios2-elf/4.9.1/../../../../../H-x86_64-mingw32/nios2-elf/lib\libc.a(lib_a-lseekr.o)
 .bss           0x00000000020393b4        0x0 c:/altera/15.0/nios2eds/bin/gnu/h-x86_64-mingw32/bin/../lib/gcc/nios2-elf/4.9.1/../../../../../H-x86_64-mingw32/nios2-elf/lib\libc.a(lib_a-readr.o)
 .bss           0x00000000020393b4        0x0 c:/altera/15.0/nios2eds/bin/gnu/h-x86_64-mingw32/bin/../lib/gcc/nios2-elf/4.9.1/../../../../../H-x86_64-mingw32/nios2-elf/lib\libc.a(lib_a-wbuf.o)
 .bss           0x00000000020393b4        0x0 c:/altera/15.0/nios2eds/bin/gnu/h-x86_64-mingw32/bin/../lib/gcc/nios2-elf/4.9.1/../../../../../H-x86_64-mingw32/nios2-elf/lib\libc.a(lib_a-wcrtomb.o)
 .bss           0x00000000020393b4        0x0 c:/altera/15.0/nios2eds/bin/gnu/h-x86_64-mingw32/bin/../lib/gcc/nios2-elf/4.9.1/../../../../../H-x86_64-mingw32/nios2-elf/lib\libc.a(lib_a-wctomb_r.o)
 .bss           0x00000000020393b4        0x0 c:/altera/15.0/nios2eds/bin/gnu/h-x86_64-mingw32/bin/../lib/gcc/nios2-elf/4.9.1\libgcc.a(_udivdi3.o)
 .bss           0x00000000020393b4        0x0 c:/altera/15.0/nios2eds/bin/gnu/h-x86_64-mingw32/bin/../lib/gcc/nios2-elf/4.9.1\libgcc.a(_umoddi3.o)
 .bss           0x00000000020393b4        0x0 c:/altera/15.0/nios2eds/bin/gnu/h-x86_64-mingw32/bin/../lib/gcc/nios2-elf/4.9.1\libgcc.a(eqdf2.o)
 .bss           0x00000000020393b4        0x0 c:/altera/15.0/nios2eds/bin/gnu/h-x86_64-mingw32/bin/../lib/gcc/nios2-elf/4.9.1\libgcc.a(gedf2.o)
 .bss           0x00000000020393b4        0x0 c:/altera/15.0/nios2eds/bin/gnu/h-x86_64-mingw32/bin/../lib/gcc/nios2-elf/4.9.1\libgcc.a(floatunsidf.o)
 .bss           0x00000000020393b4        0x0 ../temp_bsp/\libhal_bsp.a(alt_alarm_start.o)
 .bss           0x00000000020393b4        0x0 ../temp_bsp/\libhal_bsp.a(alt_close.o)
 .bss           0x00000000020393b4        0x0 ../temp_bsp/\libhal_bsp.a(alt_dev.o)
 .bss           0x00000000020393b4        0x0 ../temp_bsp/\libhal_bsp.a(alt_errno.o)
 .bss           0x00000000020393b4        0x0 ../temp_bsp/\libhal_bsp.a(alt_fstat.o)
 .bss           0x00000000020393b4        0x0 ../temp_bsp/\libhal_bsp.a(alt_iic.o)
 .bss           0x00000000020393b4        0x0 ../temp_bsp/\libhal_bsp.a(alt_iic_isr_register.o)
 .bss           0x00000000020393b4        0x0 ../temp_bsp/\libhal_bsp.a(alt_irq_entry.o)
 .bss           0x00000000020393b4        0x0 ../temp_bsp/\libhal_bsp.a(alt_irq_handler.o)
 .bss           0x00000000020393b4        0x0 ../temp_bsp/\libhal_bsp.a(alt_irq_vars.o)
 .bss           0x00000000020393b4        0x0 ../temp_bsp/\libhal_bsp.a(alt_isatty.o)
 .bss           0x00000000020393b4        0x0 ../temp_bsp/\libhal_bsp.a(alt_load.o)
 .bss           0x00000000020393b4        0x0 ../temp_bsp/\libhal_bsp.a(alt_lseek.o)
 .bss           0x00000000020393b4        0x0 ../temp_bsp/\libhal_bsp.a(alt_main.o)
 .bss           0x00000000020393b4        0x0 ../temp_bsp/\libhal_bsp.a(alt_malloc_lock.o)
 .bss           0x00000000020393b4        0x0 ../temp_bsp/\libhal_bsp.a(alt_read.o)
 .bss           0x00000000020393b4        0x0 ../temp_bsp/\libhal_bsp.a(alt_release_fd.o)
 .bss           0x00000000020393b4        0x0 ../temp_bsp/\libhal_bsp.a(alt_sbrk.o)
 .bss           0x00000000020393b4        0x0 ../temp_bsp/\libhal_bsp.a(alt_tick.o)
 .bss           0x00000000020393b4        0x0 ../temp_bsp/\libhal_bsp.a(alt_usleep.o)
 .bss           0x00000000020393b4        0x0 ../temp_bsp/\libhal_bsp.a(alt_write.o)
 .bss           0x00000000020393b4        0x0 ../temp_bsp/\libhal_bsp.a(alt_sys_init.o)
 .bss           0x00000000020393b4        0x0 ../temp_bsp/\libhal_bsp.a(altera_avalon_jtag_uart_fd.o)
 .bss           0x00000000020393b4        0x0 ../temp_bsp/\libhal_bsp.a(altera_avalon_jtag_uart_init.o)
 .bss           0x00000000020393b4        0x0 ../temp_bsp/\libhal_bsp.a(altera_avalon_jtag_uart_ioctl.o)
 .bss           0x00000000020393b4        0x0 ../temp_bsp/\libhal_bsp.a(altera_avalon_jtag_uart_read.o)
 .bss           0x00000000020393b4        0x0 ../temp_bsp/\libhal_bsp.a(altera_avalon_jtag_uart_write.o)
 .bss           0x00000000020393b4        0x0 ../temp_bsp/\libhal_bsp.a(altera_avalon_spi.o)
 .bss           0x00000000020393b4        0x0 ../temp_bsp/\libhal_bsp.a(altera_avalon_timer_sc.o)
 .bss           0x00000000020393b4        0x0 ../temp_bsp/\libhal_bsp.a(alt_busy_sleep.o)
 .bss           0x00000000020393b4        0x0 ../temp_bsp/\libhal_bsp.a(alt_dcache_flush_all.o)
 .bss           0x00000000020393b4        0x0 ../temp_bsp/\libhal_bsp.a(alt_dev_llist_insert.o)
 .bss           0x00000000020393b4        0x0 ../temp_bsp/\libhal_bsp.a(alt_do_ctors.o)
 .bss           0x00000000020393b4        0x0 ../temp_bsp/\libhal_bsp.a(alt_do_dtors.o)
 .bss           0x00000000020393b4        0x0 ../temp_bsp/\libhal_bsp.a(alt_exception_entry.o)
 .bss           0x00000000020393b4        0x0 ../temp_bsp/\libhal_bsp.a(alt_icache_flush_all.o)
 .bss           0x00000000020393b4        0x0 ../temp_bsp/\libhal_bsp.a(alt_io_redirect.o)
 .bss           0x00000000020393b4        0x0 ../temp_bsp/\libhal_bsp.a(alt_open.o)
 .bss           0x00000000020393b4        0x0 ../temp_bsp/\libhal_bsp.a(altera_nios2_qsys_irq.o)
 .bss           0x00000000020393b4        0x0 ../temp_bsp/\libhal_bsp.a(alt_find_dev.o)
 .bss           0x00000000020393b4        0x0 ../temp_bsp/\libhal_bsp.a(alt_find_file.o)
 .bss           0x00000000020393b4        0x0 ../temp_bsp/\libhal_bsp.a(alt_get_fd.o)
 .bss           0x00000000020393b4        0x0 ../temp_bsp/\libhal_bsp.a(alt_icache_flush.o)
 .bss           0x00000000020393b4        0x0 c:/altera/15.0/nios2eds/bin/gnu/h-x86_64-mingw32/bin/../lib/gcc/nios2-elf/4.9.1/../../../../../H-x86_64-mingw32/nios2-elf/lib\libc.a(lib_a-atexit.o)
 .bss           0x00000000020393b4        0x0 c:/altera/15.0/nios2eds/bin/gnu/h-x86_64-mingw32/bin/../lib/gcc/nios2-elf/4.9.1/../../../../../H-x86_64-mingw32/nios2-elf/lib\libc.a(lib_a-exit.o)
 .bss           0x00000000020393b4        0x0 c:/altera/15.0/nios2eds/bin/gnu/h-x86_64-mingw32/bin/../lib/gcc/nios2-elf/4.9.1/../../../../../H-x86_64-mingw32/nios2-elf/lib\libc.a(lib_a-memcmp.o)
 .bss           0x00000000020393b4        0x0 c:/altera/15.0/nios2eds/bin/gnu/h-x86_64-mingw32/bin/../lib/gcc/nios2-elf/4.9.1/../../../../../H-x86_64-mingw32/nios2-elf/lib\libc.a(lib_a-__atexit.o)
 .bss           0x00000000020393b4        0x0 c:/altera/15.0/nios2eds/bin/gnu/h-x86_64-mingw32/bin/../lib/gcc/nios2-elf/4.9.1/../../../../../H-x86_64-mingw32/nios2-elf/lib\libc.a(lib_a-__call_atexit.o)
 .bss           0x00000000020393b4        0x0 ../temp_bsp/\libhal_bsp.a(alt_exit.o)
 *(COMMON)
 COMMON         0x00000000020393b4      0x100 ../temp_bsp/\libhal_bsp.a(alt_irq_handler.o)
                0x00000000020393b4                alt_irq
                0x00000000020394b4                . = ALIGN (0x4)
                0x00000000020394b4                __bss_end = ABSOLUTE (.)

.background_mem
                0x0000000000000000        0x0 load address 0x00000000020394b4
                0x0000000000000000                PROVIDE (_alt_partition_background_mem_start, ABSOLUTE (.))
 *(.background_mem .background_mem. background_mem.*)
                0x0000000000000000                . = ALIGN (0x4)
                0x0000000000000000                PROVIDE (_alt_partition_background_mem_end, ABSOLUTE (.))
                0x00000000020394b4                PROVIDE (_alt_partition_background_mem_load_addr, LOADADDR (.background_mem))

.SDRAM          0x00000000020394b4        0x0
                0x00000000020394b4                PROVIDE (_alt_partition_SDRAM_start, ABSOLUTE (.))
 *(.SDRAM .SDRAM. SDRAM.*)
                0x00000000020394b4                . = ALIGN (0x4)
                0x00000000020394b4                PROVIDE (_alt_partition_SDRAM_end, ABSOLUTE (.))
                0x00000000020394b4                _end = ABSOLUTE (.)
                0x00000000020394b4                end = ABSOLUTE (.)
                0x00000000020394b4                __alt_stack_base = ABSOLUTE (.)
                0x00000000020394b4                PROVIDE (_alt_partition_SDRAM_load_addr, LOADADDR (.SDRAM))

.pic_mem        0x0000000004000000        0x0 load address 0x00000000020394b4
                0x0000000004000000                PROVIDE (_alt_partition_pic_mem_start, ABSOLUTE (.))
 *(.pic_mem .pic_mem. pic_mem.*)
                0x0000000004000000                . = ALIGN (0x4)
                0x0000000004000000                PROVIDE (_alt_partition_pic_mem_end, ABSOLUTE (.))
                0x00000000020394b4                PROVIDE (_alt_partition_pic_mem_load_addr, LOADADDR (.pic_mem))

.stab
 *(.stab)

.stabstr
 *(.stabstr)

.stab.excl
 *(.stab.excl)

.stab.exclstr
 *(.stab.exclstr)

.stab.index
 *(.stab.index)

.stab.indexstr
 *(.stab.indexstr)

.comment        0x0000000000000000       0x23
 *(.comment)
 .comment       0x0000000000000000       0x23 obj/default/demo/gui.o
                                         0x24 (size before relaxing)
 .comment       0x0000000000000000       0x24 obj/default/demo/gui_vpg.o
 .comment       0x0000000000000000       0x24 obj/default/fonts/tahomabold_20.o
 .comment       0x0000000000000000       0x24 obj/default/fonts/tahomabold_32.o
 .comment       0x0000000000000000       0x24 obj/default/graphic_lib/ILI9341.o
 .comment       0x0000000000000000       0x24 obj/default/graphic_lib/geometry.o
 .comment       0x0000000000000000       0x24 obj/default/graphic_lib/simple_graphics.o
 .comment       0x0000000000000000       0x24 obj/default/graphic_lib/simple_text.o
 .comment       0x0000000000000000       0x24 obj/default/main.o
 .comment       0x0000000000000000       0x24 obj/default/terasic_lib/touch_spi.o
 .comment       0x0000000000000000       0x24 c:/altera/15.0/nios2eds/bin/gnu/h-x86_64-mingw32/bin/../lib/gcc/nios2-elf/4.9.1/../../../../../H-x86_64-mingw32/nios2-elf/lib\libm.a(lib_a-w_sqrt.o)
 .comment       0x0000000000000000       0x24 c:/altera/15.0/nios2eds/bin/gnu/h-x86_64-mingw32/bin/../lib/gcc/nios2-elf/4.9.1/../../../../../H-x86_64-mingw32/nios2-elf/lib\libm.a(lib_a-e_sqrt.o)
 .comment       0x0000000000000000       0x24 c:/altera/15.0/nios2eds/bin/gnu/h-x86_64-mingw32/bin/../lib/gcc/nios2-elf/4.9.1/../../../../../H-x86_64-mingw32/nios2-elf/lib\libm.a(lib_a-s_fpclassify.o)
 .comment       0x0000000000000000       0x24 c:/altera/15.0/nios2eds/bin/gnu/h-x86_64-mingw32/bin/../lib/gcc/nios2-elf/4.9.1/../../../../../H-x86_64-mingw32/nios2-elf/lib\libm.a(lib_a-s_lib_ver.o)
 .comment       0x0000000000000000       0x24 c:/altera/15.0/nios2eds/bin/gnu/h-x86_64-mingw32/bin/../lib/gcc/nios2-elf/4.9.1/../../../../../H-x86_64-mingw32/nios2-elf/lib\libm.a(lib_a-s_matherr.o)
 .comment       0x0000000000000000       0x24 c:/altera/15.0/nios2eds/bin/gnu/h-x86_64-mingw32/bin/../lib/gcc/nios2-elf/4.9.1\libgcc.a(lib2-divmod.o)
 .comment       0x0000000000000000       0x24 c:/altera/15.0/nios2eds/bin/gnu/h-x86_64-mingw32/bin/../lib/gcc/nios2-elf/4.9.1\libgcc.a(adddf3.o)
 .comment       0x0000000000000000       0x24 c:/altera/15.0/nios2eds/bin/gnu/h-x86_64-mingw32/bin/../lib/gcc/nios2-elf/4.9.1\libgcc.a(divdf3.o)
 .comment       0x0000000000000000       0x24 c:/altera/15.0/nios2eds/bin/gnu/h-x86_64-mingw32/bin/../lib/gcc/nios2-elf/4.9.1\libgcc.a(ledf2.o)
 .comment       0x0000000000000000       0x24 c:/altera/15.0/nios2eds/bin/gnu/h-x86_64-mingw32/bin/../lib/gcc/nios2-elf/4.9.1\libgcc.a(muldf3.o)
 .comment       0x0000000000000000       0x24 c:/altera/15.0/nios2eds/bin/gnu/h-x86_64-mingw32/bin/../lib/gcc/nios2-elf/4.9.1\libgcc.a(subdf3.o)
 .comment       0x0000000000000000       0x24 c:/altera/15.0/nios2eds/bin/gnu/h-x86_64-mingw32/bin/../lib/gcc/nios2-elf/4.9.1\libgcc.a(fixdfsi.o)
 .comment       0x0000000000000000       0x24 c:/altera/15.0/nios2eds/bin/gnu/h-x86_64-mingw32/bin/../lib/gcc/nios2-elf/4.9.1\libgcc.a(floatsidf.o)
 .comment       0x0000000000000000       0x24 c:/altera/15.0/nios2eds/bin/gnu/h-x86_64-mingw32/bin/../lib/gcc/nios2-elf/4.9.1\libgcc.a(_clzsi2.o)
 .comment       0x0000000000000000       0x24 c:/altera/15.0/nios2eds/bin/gnu/h-x86_64-mingw32/bin/../lib/gcc/nios2-elf/4.9.1\libgcc.a(_clz.o)
 .comment       0x0000000000000000       0x24 c:/altera/15.0/nios2eds/bin/gnu/h-x86_64-mingw32/bin/../lib/gcc/nios2-elf/4.9.1/../../../../../H-x86_64-mingw32/nios2-elf/lib\libc.a(lib_a-errno.o)
 .comment       0x0000000000000000       0x24 c:/altera/15.0/nios2eds/bin/gnu/h-x86_64-mingw32/bin/../lib/gcc/nios2-elf/4.9.1/../../../../../H-x86_64-mingw32/nios2-elf/lib\libc.a(lib_a-impure.o)
 .comment       0x0000000000000000       0x24 c:/altera/15.0/nios2eds/bin/gnu/h-x86_64-mingw32/bin/../lib/gcc/nios2-elf/4.9.1/../../../../../H-x86_64-mingw32/nios2-elf/lib\libc.a(lib_a-malloc.o)
 .comment       0x0000000000000000       0x24 c:/altera/15.0/nios2eds/bin/gnu/h-x86_64-mingw32/bin/../lib/gcc/nios2-elf/4.9.1/../../../../../H-x86_64-mingw32/nios2-elf/lib\libc.a(lib_a-mallocr.o)