Archive member included to satisfy reference by file (symbol)

../mtl_bsp/\libhal_bsp.a(alt_load.o)
                              ../mtl_bsp//obj/HAL/src/crt0.o (alt_load)
../mtl_bsp/\libhal_bsp.a(alt_main.o)
                              ../mtl_bsp//obj/HAL/src/crt0.o (alt_main)
../mtl_bsp/\libhal_bsp.a(alt_sys_init.o)
                              ../mtl_bsp/\libhal_bsp.a(alt_main.o) (alt_irq_init)
../mtl_bsp/\libhal_bsp.a(altera_avalon_jtag_uart_fd.o)
                              ../mtl_bsp/\libhal_bsp.a(alt_sys_init.o) (altera_avalon_jtag_uart_read_fd)
../mtl_bsp/\libhal_bsp.a(altera_avalon_jtag_uart_init.o)
                              ../mtl_bsp/\libhal_bsp.a(alt_sys_init.o) (altera_avalon_jtag_uart_init)
../mtl_bsp/\libhal_bsp.a(altera_avalon_jtag_uart_ioctl.o)
                              ../mtl_bsp/\libhal_bsp.a(altera_avalon_jtag_uart_fd.o) (altera_avalon_jtag_uart_ioctl)
../mtl_bsp/\libhal_bsp.a(altera_avalon_jtag_uart_read.o)
                              ../mtl_bsp/\libhal_bsp.a(altera_avalon_jtag_uart_fd.o) (altera_avalon_jtag_uart_read)
../mtl_bsp/\libhal_bsp.a(altera_avalon_jtag_uart_write.o)
                              ../mtl_bsp/\libhal_bsp.a(altera_avalon_jtag_uart_fd.o) (altera_avalon_jtag_uart_write)
../mtl_bsp/\libhal_bsp.a(altera_avalon_timer_sc.o)
                              ../mtl_bsp/\libhal_bsp.a(alt_sys_init.o) (alt_avalon_timer_sc_init)
../mtl_bsp/\libhal_bsp.a(alt_alarm_start.o)
                              ../mtl_bsp/\libhal_bsp.a(altera_avalon_jtag_uart_init.o) (alt_alarm_start)
../mtl_bsp/\libhal_bsp.a(alt_close.o)
                              ../mtl_bsp/\libhal_bsp.a(alt_main.o) (close)
../mtl_bsp/\libhal_bsp.a(alt_dcache_flush_all.o)
                              ../mtl_bsp/\libhal_bsp.a(alt_load.o) (alt_dcache_flush_all)
../mtl_bsp/\libhal_bsp.a(alt_dev.o)
                              ../mtl_bsp/\libhal_bsp.a(alt_sys_init.o) (alt_dev_list)
../mtl_bsp/\libhal_bsp.a(alt_dev_llist_insert.o)
                              ../mtl_bsp/\libhal_bsp.a(alt_sys_init.o) (alt_dev_llist_insert)
../mtl_bsp/\libhal_bsp.a(alt_do_ctors.o)
                              ../mtl_bsp/\libhal_bsp.a(alt_main.o) (_do_ctors)
../mtl_bsp/\libhal_bsp.a(alt_do_dtors.o)
                              ../mtl_bsp/\libhal_bsp.a(alt_main.o) (_do_dtors)
../mtl_bsp/\libhal_bsp.a(alt_errno.o)
                              ../mtl_bsp/\libhal_bsp.a(alt_close.o) (alt_errno)
../mtl_bsp/\libhal_bsp.a(alt_icache_flush_all.o)
                              ../mtl_bsp/\libhal_bsp.a(alt_load.o) (alt_icache_flush_all)
../mtl_bsp/\libhal_bsp.a(alt_iic.o)
                              ../mtl_bsp/\libhal_bsp.a(altera_avalon_jtag_uart_init.o) (alt_ic_isr_register)
../mtl_bsp/\libhal_bsp.a(alt_iic_isr_register.o)
                              ../mtl_bsp/\libhal_bsp.a(alt_iic.o) (alt_iic_isr_register)
../mtl_bsp/\libhal_bsp.a(alt_io_redirect.o)
                              ../mtl_bsp/\libhal_bsp.a(alt_main.o) (alt_io_redirect)
../mtl_bsp/\libhal_bsp.a(alt_irq_entry.o)
                              ../mtl_bsp/\libhal_bsp.a(alt_iic_isr_register.o) (alt_irq_entry)
../mtl_bsp/\libhal_bsp.a(alt_irq_handler.o)
                              ../mtl_bsp/\libhal_bsp.a(alt_iic_isr_register.o) (alt_irq)
../mtl_bsp/\libhal_bsp.a(alt_irq_vars.o)
                              ../mtl_bsp/\libhal_bsp.a(alt_iic.o) (alt_irq_active)
../mtl_bsp/\libhal_bsp.a(alt_open.o)
                              ../mtl_bsp/\libhal_bsp.a(alt_io_redirect.o) (open)
../mtl_bsp/\libhal_bsp.a(alt_release_fd.o)
                              ../mtl_bsp/\libhal_bsp.a(alt_close.o) (alt_release_fd)
../mtl_bsp/\libhal_bsp.a(alt_tick.o)
                              ../mtl_bsp/\libhal_bsp.a(altera_avalon_jtag_uart_init.o) (_alt_tick_rate)
../mtl_bsp/\libhal_bsp.a(altera_nios2_qsys_irq.o)
                              ../mtl_bsp/\libhal_bsp.a(alt_sys_init.o) (altera_nios2_qsys_irq_init)
../mtl_bsp/\libhal_bsp.a(alt_exception_entry.o)
                              ../mtl_bsp/\libhal_bsp.a(alt_irq_entry.o) (alt_exception)
../mtl_bsp/\libhal_bsp.a(alt_find_dev.o)
                              ../mtl_bsp/\libhal_bsp.a(alt_open.o) (alt_find_dev)
../mtl_bsp/\libhal_bsp.a(alt_find_file.o)
                              ../mtl_bsp/\libhal_bsp.a(alt_open.o) (alt_find_file)
../mtl_bsp/\libhal_bsp.a(alt_get_fd.o)
                              ../mtl_bsp/\libhal_bsp.a(alt_open.o) (alt_get_fd)
../mtl_bsp/\libhal_bsp.a(alt_icache_flush.o)
                              ../mtl_bsp/\libhal_bsp.a(alt_icache_flush_all.o) (alt_icache_flush)
c:/altera/15.0/nios2eds/bin/gnu/h-x86_64-mingw32/bin/../lib/gcc/nios2-elf/4.9.1/../../../../../H-x86_64-mingw32/nios2-elf/lib\libc.a(lib_a-atexit.o)
                              ../mtl_bsp/\libhal_bsp.a(alt_main.o) (atexit)
c:/altera/15.0/nios2eds/bin/gnu/h-x86_64-mingw32/bin/../lib/gcc/nios2-elf/4.9.1/../../../../../H-x86_64-mingw32/nios2-elf/lib\libc.a(lib_a-exit.o)
                              ../mtl_bsp/\libhal_bsp.a(alt_main.o) (exit)
c:/altera/15.0/nios2eds/bin/gnu/h-x86_64-mingw32/bin/../lib/gcc/nios2-elf/4.9.1/../../../../../H-x86_64-mingw32/nios2-elf/lib\libc.a(lib_a-impure.o)
                              c:/altera/15.0/nios2eds/bin/gnu/h-x86_64-mingw32/bin/../lib/gcc/nios2-elf/4.9.1/../../../../../H-x86_64-mingw32/nios2-elf/lib\libc.a(lib_a-exit.o) (_global_impure_ptr)
c:/altera/15.0/nios2eds/bin/gnu/h-x86_64-mingw32/bin/../lib/gcc/nios2-elf/4.9.1/../../../../../H-x86_64-mingw32/nios2-elf/lib\libc.a(lib_a-int_errno.o)
                              ../mtl_bsp/\libhal_bsp.a(alt_close.o) (errno)
c:/altera/15.0/nios2eds/bin/gnu/h-x86_64-mingw32/bin/../lib/gcc/nios2-elf/4.9.1/../../../../../H-x86_64-mingw32/nios2-elf/lib\libc.a(lib_a-memcmp.o)
                              ../mtl_bsp/\libhal_bsp.a(alt_find_dev.o) (memcmp)
c:/altera/15.0/nios2eds/bin/gnu/h-x86_64-mingw32/bin/../lib/gcc/nios2-elf/4.9.1/../../../../../H-x86_64-mingw32/nios2-elf/lib\libc.a(lib_a-memcpy.o)
                              ../mtl_bsp/\libhal_bsp.a(altera_avalon_jtag_uart_read.o) (memcpy)
c:/altera/15.0/nios2eds/bin/gnu/h-x86_64-mingw32/bin/../lib/gcc/nios2-elf/4.9.1/../../../../../H-x86_64-mingw32/nios2-elf/lib\libc.a(lib_a-strlen.o)
                              ../mtl_bsp/\libhal_bsp.a(alt_find_dev.o) (strlen)
c:/altera/15.0/nios2eds/bin/gnu/h-x86_64-mingw32/bin/../lib/gcc/nios2-elf/4.9.1/../../../../../H-x86_64-mingw32/nios2-elf/lib\libc.a(lib_a-__atexit.o)
                              c:/altera/15.0/nios2eds/bin/gnu/h-x86_64-mingw32/bin/../lib/gcc/nios2-elf/4.9.1/../../../../../H-x86_64-mingw32/nios2-elf/lib\libc.a(lib_a-atexit.o) (__register_exitproc)
c:/altera/15.0/nios2eds/bin/gnu/h-x86_64-mingw32/bin/../lib/gcc/nios2-elf/4.9.1/../../../../../H-x86_64-mingw32/nios2-elf/lib\libc.a(lib_a-__call_atexit.o)
                              c:/altera/15.0/nios2eds/bin/gnu/h-x86_64-mingw32/bin/../lib/gcc/nios2-elf/4.9.1/../../../../../H-x86_64-mingw32/nios2-elf/lib\libc.a(lib_a-exit.o) (__call_exitprocs)
../mtl_bsp/\libhal_bsp.a(alt_exit.o)
                              c:/altera/15.0/nios2eds/bin/gnu/h-x86_64-mingw32/bin/../lib/gcc/nios2-elf/4.9.1/../../../../../H-x86_64-mingw32/nios2-elf/lib\libc.a(lib_a-exit.o) (_exit)

Allocating common symbols
Common symbol       size              file

alt_irq             0x100             ../mtl_bsp/\libhal_bsp.a(alt_irq_handler.o)
errno               0x4               c:/altera/15.0/nios2eds/bin/gnu/h-x86_64-mingw32/bin/../lib/gcc/nios2-elf/4.9.1/../../../../../H-x86_64-mingw32/nios2-elf/lib\libc.a(lib_a-int_errno.o)

Memory Configuration

Name             Origin             Length             Attributes
reset            0x0000000002000000 0x0000000000000020
SDRAM            0x0000000002000020 0x0000000000ffffe0
*default*        0x0000000000000000 0xffffffffffffffff

Linker script and memory map

LOAD ../mtl_bsp//obj/HAL/src/crt0.o
LOAD c:/altera/15.0/nios2eds/bin/gnu/h-x86_64-mingw32/bin/../lib/gcc/nios2-elf/4.9.1/../../../../../H-x86_64-mingw32/nios2-elf/lib\libstdc++.a
LOAD c:/altera/15.0/nios2eds/bin/gnu/h-x86_64-mingw32/bin/../lib/gcc/nios2-elf/4.9.1/../../../../../H-x86_64-mingw32/nios2-elf/lib\libm.a
LOAD c:/altera/15.0/nios2eds/bin/gnu/h-x86_64-mingw32/bin/../lib/gcc/nios2-elf/4.9.1\libgcc.a
START GROUP
LOAD c:/altera/15.0/nios2eds/bin/gnu/h-x86_64-mingw32/bin/../lib/gcc/nios2-elf/4.9.1/../../../../../H-x86_64-mingw32/nios2-elf/lib\libc.a
LOAD c:/altera/15.0/nios2eds/bin/gnu/h-x86_64-mingw32/bin/../lib/gcc/nios2-elf/4.9.1\libgcc.a
LOAD ../mtl_bsp/\libhal_bsp.a
LOAD c:/altera/15.0/nios2eds/bin/gnu/h-x86_64-mingw32/bin/../lib/gcc/nios2-elf/4.9.1/../../../../../H-x86_64-mingw32/nios2-elf/lib\libm.a
END GROUP
LOAD c:/altera/15.0/nios2eds/bin/gnu/h-x86_64-mingw32/bin/../lib/gcc/nios2-elf/4.9.1\libgcc.a
                0x0000000002000000                __alt_mem_SDRAM = 0x2000000

.entry          0x0000000002000000       0x20
 *(.entry)
 .entry         0x0000000002000000       0x20 ../mtl_bsp//obj/HAL/src/crt0.o
                0x0000000002000000                __reset

.exceptions     0x0000000002000020      0x19c
                0x0000000002000020                PROVIDE (__ram_exceptions_start, ABSOLUTE (.))
                0x0000000002000020                . = ALIGN (0x20)
 *(.irq)
 *(.exceptions.entry.label)
 .exceptions.entry.label
                0x0000000002000020        0x0 ../mtl_bsp/\libhal_bsp.a(alt_irq_entry.o)
                0x0000000002000020                alt_irq_entry
 .exceptions.entry.label
                0x0000000002000020        0x0 ../mtl_bsp/\libhal_bsp.a(alt_exception_entry.o)
                0x0000000002000020                alt_exception
 *(.exceptions.entry.user)
 *(.exceptions.entry.ecc_fatal)
 *(.exceptions.entry)
 .exceptions.entry
                0x0000000002000020       0x54 ../mtl_bsp/\libhal_bsp.a(alt_exception_entry.o)
 *(.exceptions.irqtest.user)
 *(.exceptions.irqtest)
 .exceptions.irqtest
                0x0000000002000074       0x10 ../mtl_bsp/\libhal_bsp.a(alt_irq_entry.o)
 *(.exceptions.irqhandler.user)
 *(.exceptions.irqhandler)
 .exceptions.irqhandler
                0x0000000002000084        0x4 ../mtl_bsp/\libhal_bsp.a(alt_irq_entry.o)
 *(.exceptions.irqreturn.user)
 *(.exceptions.irqreturn)
 .exceptions.irqreturn
                0x0000000002000088        0x4 ../mtl_bsp/\libhal_bsp.a(alt_irq_entry.o)
 *(.exceptions.notirq.label)
 .exceptions.notirq.label
                0x000000000200008c        0x0 ../mtl_bsp/\libhal_bsp.a(alt_irq_entry.o)
 *(.exceptions.notirq.user)
 *(.exceptions.notirq)
 .exceptions.notirq
                0x000000000200008c        0x8 ../mtl_bsp/\libhal_bsp.a(alt_exception_entry.o)
 *(.exceptions.soft.user)
 *(.exceptions.soft)
 *(.exceptions.unknown.user)
 *(.exceptions.unknown)
 .exceptions.unknown
                0x0000000002000094        0x4 ../mtl_bsp/\libhal_bsp.a(alt_exception_entry.o)
 *(.exceptions.exit.label)
 .exceptions.exit.label
                0x0000000002000098        0x0 ../mtl_bsp/\libhal_bsp.a(alt_irq_entry.o)
 .exceptions.exit.label
                0x0000000002000098        0x0 ../mtl_bsp/\libhal_bsp.a(alt_exception_entry.o)
 *(.exceptions.exit.user)
 *(.exceptions.exit)
 .exceptions.exit
                0x0000000002000098       0x54 ../mtl_bsp/\libhal_bsp.a(alt_exception_entry.o)
 *(.exceptions)
 .exceptions    0x00000000020000ec       0xd0 ../mtl_bsp/\libhal_bsp.a(alt_irq_handler.o)
                0x00000000020000ec                alt_irq_handler
                0x00000000020001bc                PROVIDE (__ram_exceptions_end, ABSOLUTE (.))
                0x0000000002000020                PROVIDE (__flash_exceptions_start, LOADADDR (.exceptions))

.text           0x00000000020001bc     0x2354
                0x00000000020001bc                PROVIDE (stext, ABSOLUTE (.))
 *(.interp)
 *(.hash)
 *(.dynsym)
 *(.dynstr)
 *(.gnu.version)
 *(.gnu.version_d)
 *(.gnu.version_r)
 *(.rel.init)
 *(.rela.init)
 *(.rel.text .rel.text.* .rel.gnu.linkonce.t.*)
 *(.rela.text .rela.text.* .rela.gnu.linkonce.t.*)
 *(.rel.fini)
 *(.rela.fini)
 *(.rel.rodata .rel.rodata.* .rel.gnu.linkonce.r.*)
 *(.rela.rodata .rela.rodata.* .rela.gnu.linkonce.r.*)
 *(.rel.data .rel.data.* .rel.gnu.linkonce.d.*)
 *(.rela.data .rela.data.* .rela.gnu.linkonce.d.*)
 *(.rel.tdata .rel.tdata.* .rel.gnu.linkonce.td.*)
 *(.rela.tdata .rela.tdata.* .rela.gnu.linkonce.td.*)
 *(.rel.tbss .rel.tbss.* .rel.gnu.linkonce.tb.*)
 *(.rela.tbss .rela.tbss.* .rela.gnu.linkonce.tb.*)
 *(.rel.ctors)
 *(.rela.ctors)
 *(.rel.dtors)
 *(.rela.dtors)
 *(.rel.got)
 *(.rela.got)
 *(.rel.sdata .rel.sdata.* .rel.gnu.linkonce.s.*)
 *(.rela.sdata .rela.sdata.* .rela.gnu.linkonce.s.*)
 *(.rel.sbss .rel.sbss.* .rel.gnu.linkonce.sb.*)
 *(.rela.sbss .rela.sbss.* .rela.gnu.linkonce.sb.*)
 *(.rel.sdata2 .rel.sdata2.* .rel.gnu.linkonce.s2.*)
 *(.rela.sdata2 .rela.sdata2.* .rela.gnu.linkonce.s2.*)
 *(.rel.sbss2 .rel.sbss2.* .rel.gnu.linkonce.sb2.*)
 *(.rela.sbss2 .rela.sbss2.* .rela.gnu.linkonce.sb2.*)
 *(.rel.bss .rel.bss.* .rel.gnu.linkonce.b.*)
 *(.rela.bss .rela.bss.* .rela.gnu.linkonce.b.*)
 *(.rel.plt)
 *(.rela.plt)
 *(.rel.dyn)
 *(.init)
 *(.plt)
 *(.text .stub .text.* .gnu.linkonce.t.*)
 .text          0x00000000020001bc       0x4c ../mtl_bsp//obj/HAL/src/crt0.o
                0x00000000020001bc                _start
 .text          0x0000000002000208       0xe4 ../mtl_bsp/\libhal_bsp.a(alt_load.o)
                0x000000000200026c                alt_load
 .text          0x00000000020002ec       0x78 ../mtl_bsp/\libhal_bsp.a(alt_main.o)
                0x00000000020002ec                alt_main
 .text          0x0000000002000364       0xc8 ../mtl_bsp/\libhal_bsp.a(alt_sys_init.o)
                0x000000000200039c                alt_irq_init
                0x00000000020003d0                alt_sys_init
 .text          0x000000000200042c      0x164 ../mtl_bsp/\libhal_bsp.a(altera_avalon_jtag_uart_fd.o)
                0x000000000200042c                altera_avalon_jtag_uart_read_fd
                0x000000000200048c                altera_avalon_jtag_uart_write_fd
                0x00000000020004ec                altera_avalon_jtag_uart_close_fd
                0x000000000200053c                altera_avalon_jtag_uart_ioctl_fd
 .text          0x0000000002000590      0x3d8 ../mtl_bsp/\libhal_bsp.a(altera_avalon_jtag_uart_init.o)
                0x0000000002000590                altera_avalon_jtag_uart_init
                0x0000000002000900                altera_avalon_jtag_uart_close
 .text          0x0000000002000968       0xec ../mtl_bsp/\libhal_bsp.a(altera_avalon_jtag_uart_ioctl.o)
                0x0000000002000968                altera_avalon_jtag_uart_ioctl
 .text          0x0000000002000a54      0x20c ../mtl_bsp/\libhal_bsp.a(altera_avalon_jtag_uart_read.o)
                0x0000000002000a54                altera_avalon_jtag_uart_read
 .text          0x0000000002000c60      0x218 ../mtl_bsp/\libhal_bsp.a(altera_avalon_jtag_uart_write.o)
                0x0000000002000c60                altera_avalon_jtag_uart_write
 .text          0x0000000002000e78       0xfc ../mtl_bsp/\libhal_bsp.a(altera_avalon_timer_sc.o)
                0x0000000002000eec                alt_avalon_timer_sc_init
 .text          0x0000000002000f74      0x140 ../mtl_bsp/\libhal_bsp.a(alt_alarm_start.o)
                0x0000000002000f74                alt_alarm_start
 .text          0x00000000020010b4      0x120 ../mtl_bsp/\libhal_bsp.a(alt_close.o)
                0x0000000002001104                close
 .text          0x00000000020011d4       0x44 ../mtl_bsp/\libhal_bsp.a(alt_dcache_flush_all.o)
                0x00000000020011d4                alt_dcache_flush_all
 .text          0x0000000002001218       0x2c ../mtl_bsp/\libhal_bsp.a(alt_dev.o)
 .text          0x0000000002001244       0xf4 ../mtl_bsp/\libhal_bsp.a(alt_dev_llist_insert.o)
                0x0000000002001294                alt_dev_llist_insert
 .text          0x0000000002001338       0x5c ../mtl_bsp/\libhal_bsp.a(alt_do_ctors.o)
                0x0000000002001338                _do_ctors
 .text          0x0000000002001394       0x5c ../mtl_bsp/\libhal_bsp.a(alt_do_dtors.o)
                0x0000000002001394                _do_dtors
 .text          0x00000000020013f0        0x0 ../mtl_bsp/\libhal_bsp.a(alt_errno.o)
 .text          0x00000000020013f0       0x30 ../mtl_bsp/\libhal_bsp.a(alt_icache_flush_all.o)
                0x00000000020013f0                alt_icache_flush_all
 .text          0x0000000002001420      0x1e0 ../mtl_bsp/\libhal_bsp.a(alt_iic.o)
                0x0000000002001420                alt_ic_isr_register
                0x0000000002001470                alt_ic_irq_enable
                0x0000000002001510                alt_ic_irq_disable
                0x00000000020015b4                alt_ic_irq_enabled
 .text          0x0000000002001600       0xf0 ../mtl_bsp/\libhal_bsp.a(alt_iic_isr_register.o)
                0x0000000002001600                alt_iic_isr_register
 .text          0x00000000020016f0      0x138 ../mtl_bsp/\libhal_bsp.a(alt_io_redirect.o)
                0x00000000020017b0                alt_io_redirect
 .text          0x0000000002001828        0x0 ../mtl_bsp/\libhal_bsp.a(alt_irq_entry.o)
 .text          0x0000000002001828        0x0 ../mtl_bsp/\libhal_bsp.a(alt_irq_handler.o)
 .text          0x0000000002001828        0x0 ../mtl_bsp/\libhal_bsp.a(alt_irq_vars.o)
 .text          0x0000000002001828      0x274 ../mtl_bsp/\libhal_bsp.a(alt_open.o)
                0x0000000002001944                open
 .text          0x0000000002001a9c       0x60 ../mtl_bsp/\libhal_bsp.a(alt_release_fd.o)
                0x0000000002001a9c                alt_release_fd
 .text          0x0000000002001afc      0x19c ../mtl_bsp/\libhal_bsp.a(alt_tick.o)
                0x0000000002001afc                alt_alarm_stop
                0x0000000002001b94                alt_tick
 .text          0x0000000002001c98       0x20 ../mtl_bsp/\libhal_bsp.a(altera_nios2_qsys_irq.o)
                0x0000000002001c98                altera_nios2_qsys_irq_init
 .text          0x0000000002001cb8        0x0 ../mtl_bsp/\libhal_bsp.a(alt_exception_entry.o)
 .text          0x0000000002001cb8       0x90 ../mtl_bsp/\libhal_bsp.a(alt_find_dev.o)
                0x0000000002001cb8                alt_find_dev
 .text          0x0000000002001d48      0x114 ../mtl_bsp/\libhal_bsp.a(alt_find_file.o)
                0x0000000002001d48                alt_find_file
 .text          0x0000000002001e5c       0xb4 ../mtl_bsp/\libhal_bsp.a(alt_get_fd.o)
                0x0000000002001e5c                alt_get_fd
 .text          0x0000000002001f10       0x8c ../mtl_bsp/\libhal_bsp.a(alt_icache_flush.o)
                0x0000000002001f10                alt_icache_flush
 .text          0x0000000002001f9c       0x14 c:/altera/15.0/nios2eds/bin/gnu/h-x86_64-mingw32/bin/../lib/gcc/nios2-elf/4.9.1/../../../../../H-x86_64-mingw32/nios2-elf/lib\libc.a(lib_a-atexit.o)
                0x0000000002001f9c                atexit
 .text          0x0000000002001fb0       0x38 c:/altera/15.0/nios2eds/bin/gnu/h-x86_64-mingw32/bin/../lib/gcc/nios2-elf/4.9.1/../../../../../H-x86_64-mingw32/nios2-elf/lib\libc.a(lib_a-exit.o)
                0x0000000002001fb0                exit
 .text          0x0000000002001fe8        0x0 c:/altera/15.0/nios2eds/bin/gnu/h-x86_64-mingw32/bin/../lib/gcc/nios2-elf/4.9.1/../../../../../H-x86_64-mingw32/nios2-elf/lib\libc.a(lib_a-impure.o)
 .text          0x0000000002001fe8        0x0 c:/altera/15.0/nios2eds/bin/gnu/h-x86_64-mingw32/bin/../lib/gcc/nios2-elf/4.9.1/../../../../../H-x86_64-mingw32/nios2-elf/lib\libc.a(lib_a-int_errno.o)
 .text          0x0000000002001fe8       0x7c c:/altera/15.0/nios2eds/bin/gnu/h-x86_64-mingw32/bin/../lib/gcc/nios2-elf/4.9.1/../../../../../H-x86_64-mingw32/nios2-elf/lib\libc.a(lib_a-memcmp.o)
                0x0000000002001fe8                memcmp
 .text          0x0000000002002064      0x138 c:/altera/15.0/nios2eds/bin/gnu/h-x86_64-mingw32/bin/../lib/gcc/nios2-elf/4.9.1/../../../../../H-x86_64-mingw32/nios2-elf/lib\libc.a(lib_a-memcpy.o)
                0x0000000002002064                memcpy
 .text          0x000000000200219c       0x98 c:/altera/15.0/nios2eds/bin/gnu/h-x86_64-mingw32/bin/../lib/gcc/nios2-elf/4.9.1/../../../../../H-x86_64-mingw32/nios2-elf/lib\libc.a(lib_a-strlen.o)
                0x000000000200219c                strlen
 .text          0x0000000002002234      0x114 c:/altera/15.0/nios2eds/bin/gnu/h-x86_64-mingw32/bin/../lib/gcc/nios2-elf/4.9.1/../../../../../H-x86_64-mingw32/nios2-elf/lib\libc.a(lib_a-__atexit.o)
                0x0000000002002234                __register_exitproc
 .text          0x0000000002002348      0x194 c:/altera/15.0/nios2eds/bin/gnu/h-x86_64-mingw32/bin/../lib/gcc/nios2-elf/4.9.1/../../../../../H-x86_64-mingw32/nios2-elf/lib\libc.a(lib_a-__call_atexit.o)
                0x0000000002002348                __call_exitprocs
 .text          0x00000000020024dc       0x34 ../mtl_bsp/\libhal_bsp.a(alt_exit.o)
                0x00000000020024dc                _exit
 *(.gnu.warning.*)
 *(.fini)
                0x0000000002002510                PROVIDE (__etext, ABSOLUTE (.))
                0x0000000002002510                PROVIDE (_etext, ABSOLUTE (.))
                0x0000000002002510                PROVIDE (etext, ABSOLUTE (.))
 *(.eh_frame_hdr)
                0x0000000002002510                . = ALIGN (0x4)
                0x0000000002002510                PROVIDE (__preinit_array_start, ABSOLUTE (.))
 *(.preinit_array)
                0x0000000002002510                PROVIDE (__preinit_array_end, ABSOLUTE (.))
                0x0000000002002510                PROVIDE (__init_array_start, ABSOLUTE (.))
 *(.init_array)
                0x0000000002002510                PROVIDE (__init_array_end, ABSOLUTE (.))
                0x0000000002002510                PROVIDE (__fini_array_start, ABSOLUTE (.))
 *(.fini_array)
                0x0000000002002510                PROVIDE (__fini_array_end, ABSOLUTE (.))
 *(.eh_frame)
 *(.gcc_except_table .gcc_except_table.*)
 *(.dynamic)
                0x0000000002002510                PROVIDE (__CTOR_LIST__, ABSOLUTE (.))
 *(.ctors)
 *(SORT(.ctors.*))
                0x0000000002002510                PROVIDE (__CTOR_END__, ABSOLUTE (.))
                0x0000000002002510                PROVIDE (__DTOR_LIST__, ABSOLUTE (.))
 *(.dtors)
 *(SORT(.dtors.*))
                0x0000000002002510                PROVIDE (__DTOR_END__, ABSOLUTE (.))
 *(.jcr)
                0x0000000002002510                . = ALIGN (0x4)

.rodata         0x0000000002002510       0x30
                0x0000000002002510                PROVIDE (__ram_rodata_start, ABSOLUTE (.))
                0x0000000002002510                . = ALIGN (0x4)
 *(.rodata .rodata.* .gnu.linkonce.r.*)
 .rodata        0x0000000002002510       0x10 ../mtl_bsp/\libhal_bsp.a(alt_main.o)
 .rodata        0x0000000002002520       0x10 ../mtl_bsp/\libhal_bsp.a(alt_sys_init.o)
 .rodata        0x0000000002002530        0xc ../mtl_bsp/\libhal_bsp.a(alt_dev.o)
 .rodata.str1.4
                0x000000000200253c        0x4 c:/altera/15.0/nios2eds/bin/gnu/h-x86_64-mingw32/bin/../lib/gcc/nios2-elf/4.9.1/../../../../../H-x86_64-mingw32/nios2-elf/lib\libc.a(lib_a-impure.o)
 *(.rodata1)
                0x0000000002002540                . = ALIGN (0x4)
                0x0000000002002540                PROVIDE (__ram_rodata_end, ABSOLUTE (.))
                0x0000000002002510                PROVIDE (__flash_rodata_start, LOADADDR (.rodata))

.rwdata         0x0000000002002540     0x1658 load address 0x0000000002003b98
                0x0000000002002540                PROVIDE (__ram_rwdata_start, ABSOLUTE (.))
                0x0000000002002540                . = ALIGN (0x4)
 *(.got.plt)
 *(.got)
 *(.data1)
 *(.data .data.* .gnu.linkonce.d.*)
 .data          0x0000000002002540        0x0 ../mtl_bsp//obj/HAL/src/crt0.o
 .data          0x0000000002002540        0x0 ../mtl_bsp/\libhal_bsp.a(alt_load.o)
 .data          0x0000000002002540        0x0 ../mtl_bsp/\libhal_bsp.a(alt_main.o)
 .data          0x0000000002002540     0x1060 ../mtl_bsp/\libhal_bsp.a(alt_sys_init.o)
 .data          0x00000000020035a0        0x0 ../mtl_bsp/\libhal_bsp.a(altera_avalon_jtag_uart_fd.o)
 .data          0x00000000020035a0        0x0 ../mtl_bsp/\libhal_bsp.a(altera_avalon_jtag_uart_init.o)
 .data          0x00000000020035a0        0x0 ../mtl_bsp/\libhal_bsp.a(altera_avalon_jtag_uart_ioctl.o)
 .data          0x00000000020035a0        0x0 ../mtl_bsp/\libhal_bsp.a(altera_avalon_jtag_uart_read.o)
 .data          0x00000000020035a0        0x0 ../mtl_bsp/\libhal_bsp.a(altera_avalon_jtag_uart_write.o)
 .data          0x00000000020035a0        0x0 ../mtl_bsp/\libhal_bsp.a(altera_avalon_timer_sc.o)
 .data          0x00000000020035a0        0x0 ../mtl_bsp/\libhal_bsp.a(alt_alarm_start.o)
 .data          0x00000000020035a0        0x0 ../mtl_bsp/\libhal_bsp.a(alt_close.o)
 .data          0x00000000020035a0        0x0 ../mtl_bsp/\libhal_bsp.a(alt_dcache_flush_all.o)
 .data          0x00000000020035a0      0x1a8 ../mtl_bsp/\libhal_bsp.a(alt_dev.o)
                0x00000000020035a0                alt_dev_null
                0x00000000020035c8                alt_fd_list
 .data          0x0000000002003748        0x0 ../mtl_bsp/\libhal_bsp.a(alt_dev_llist_insert.o)
 .data          0x0000000002003748        0x0 ../mtl_bsp/\libhal_bsp.a(alt_do_ctors.o)
 .data          0x0000000002003748        0x0 ../mtl_bsp/\libhal_bsp.a(alt_do_dtors.o)
 .data          0x0000000002003748        0x0 ../mtl_bsp/\libhal_bsp.a(alt_errno.o)
 .data          0x0000000002003748        0x0 ../mtl_bsp/\libhal_bsp.a(alt_icache_flush_all.o)
 .data          0x0000000002003748        0x0 ../mtl_bsp/\libhal_bsp.a(alt_iic.o)
 .data          0x0000000002003748        0x0 ../mtl_bsp/\libhal_bsp.a(alt_iic_isr_register.o)
 .data          0x0000000002003748        0x0 ../mtl_bsp/\libhal_bsp.a(alt_io_redirect.o)
 .data          0x0000000002003748        0x0 ../mtl_bsp/\libhal_bsp.a(alt_irq_entry.o)
 .data          0x0000000002003748        0x0 ../mtl_bsp/\libhal_bsp.a(alt_irq_handler.o)
 .data          0x0000000002003748        0x0 ../mtl_bsp/\libhal_bsp.a(alt_irq_vars.o)
 .data          0x0000000002003748        0x0 ../mtl_bsp/\libhal_bsp.a(alt_open.o)
 .data          0x0000000002003748        0x0 ../mtl_bsp/\libhal_bsp.a(alt_release_fd.o)
 .data          0x0000000002003748        0x0 ../mtl_bsp/\libhal_bsp.a(alt_tick.o)
 .data          0x0000000002003748        0x0 ../mtl_bsp/\libhal_bsp.a(altera_nios2_qsys_irq.o)
 .data          0x0000000002003748        0x0 ../mtl_bsp/\libhal_bsp.a(alt_exception_entry.o)
 .data          0x0000000002003748        0x0 ../mtl_bsp/\libhal_bsp.a(alt_find_dev.o)
 .data          0x0000000002003748        0x0 ../mtl_bsp/\libhal_bsp.a(alt_find_file.o)
 .data          0x0000000002003748        0x0 ../mtl_bsp/\libhal_bsp.a(alt_get_fd.o)
 .data          0x0000000002003748        0x0 ../mtl_bsp/\libhal_bsp.a(alt_icache_flush.o)
 .data          0x0000000002003748        0x0 c:/altera/15.0/nios2eds/bin/gnu/h-x86_64-mingw32/bin/../lib/gcc/nios2-elf/4.9.1/../../../../../H-x86_64-mingw32/nios2-elf/lib\libc.a(lib_a-atexit.o)
 .data          0x0000000002003748        0x0 c:/altera/15.0/nios2eds/bin/gnu/h-x86_64-mingw32/bin/../lib/gcc/nios2-elf/4.9.1/../../../../../H-x86_64-mingw32/nios2-elf/lib\libc.a(lib_a-exit.o)
 .data          0x0000000002003748      0x424 c:/altera/15.0/nios2eds/bin/gnu/h-x86_64-mingw32/bin/../lib/gcc/nios2-elf/4.9.1/../../../../../H-x86_64-mingw32/nios2-elf/lib\libc.a(lib_a-impure.o)
 .data          0x0000000002003b6c        0x0 c:/altera/15.0/nios2eds/bin/gnu/h-x86_64-mingw32/bin/../lib/gcc/nios2-elf/4.9.1/../../../../../H-x86_64-mingw32/nios2-elf/lib\libc.a(lib_a-int_errno.o)
 .data          0x0000000002003b6c        0x0 c:/altera/15.0/nios2eds/bin/gnu/h-x86_64-mingw32/bin/../lib/gcc/nios2-elf/4.9.1/../../../../../H-x86_64-mingw32/nios2-elf/lib\libc.a(lib_a-memcmp.o)
 .data          0x0000000002003b6c        0x0 c:/altera/15.0/nios2eds/bin/gnu/h-x86_64-mingw32/bin/../lib/gcc/nios2-elf/4.9.1/../../../../../H-x86_64-mingw32/nios2-elf/lib\libc.a(lib_a-memcpy.o)
 .data          0x0000000002003b6c        0x0 c:/altera/15.0/nios2eds/bin/gnu/h-x86_64-mingw32/bin/../lib/gcc/nios2-elf/4.9.1/../../../../../H-x86_64-mingw32/nios2-elf/lib\libc.a(lib_a-strlen.o)
 .data          0x0000000002003b6c        0x0 c:/altera/15.0/nios2eds/bin/gnu/h-x86_64-mingw32/bin/../lib/gcc/nios2-elf/4.9.1/../../../../../H-x86_64-mingw32/nios2-elf/lib\libc.a(lib_a-__atexit.o)
 .data          0x0000000002003b6c        0x0 c:/altera/15.0/nios2eds/bin/gnu/h-x86_64-mingw32/bin/../lib/gcc/nios2-elf/4.9.1/../../../../../H-x86_64-mingw32/nios2-elf/lib\libc.a(lib_a-__call_atexit.o)
 .data          0x0000000002003b6c        0x0 ../mtl_bsp/\libhal_bsp.a(alt_exit.o)
                0x000000000200bb6c                _gp = ABSOLUTE ((. + 0x8000))
                0x000000000200bb6c                PROVIDE (gp, _gp)
 *(.rwdata .rwdata.*)
 *(.sdata .sdata.* .gnu.linkonce.s.*)
 .sdata         0x0000000002003b6c       0x14 ../mtl_bsp/\libhal_bsp.a(alt_dev.o)
                0x0000000002003b6c                alt_fs_list
                0x0000000002003b74                alt_dev_list
                0x0000000002003b7c                alt_max_fd
 .sdata         0x0000000002003b80        0x4 ../mtl_bsp/\libhal_bsp.a(alt_errno.o)
                0x0000000002003b80                alt_errno
 .sdata         0x0000000002003b84        0x4 ../mtl_bsp/\libhal_bsp.a(alt_irq_vars.o)
                0x0000000002003b84                alt_priority_mask
 .sdata         0x0000000002003b88        0x8 ../mtl_bsp/\libhal_bsp.a(alt_tick.o)
                0x0000000002003b88                alt_alarm_list
 .sdata         0x0000000002003b90        0x8 c:/altera/15.0/nios2eds/bin/gnu/h-x86_64-mingw32/bin/../lib/gcc/nios2-elf/4.9.1/../../../../../H-x86_64-mingw32/nios2-elf/lib\libc.a(lib_a-impure.o)
                0x0000000002003b90                _global_impure_ptr
                0x0000000002003b94                _impure_ptr
 *(.sdata2 .sdata2.* .gnu.linkonce.s2.*)
                0x0000000002003b98                . = ALIGN (0x4)
                0x0000000002003b98                _edata = ABSOLUTE (.)
                0x0000000002003b98                PROVIDE (edata, ABSOLUTE (.))
                0x0000000002003b98                PROVIDE (__ram_rwdata_end, ABSOLUTE (.))
                0x0000000002003b98                PROVIDE (__flash_rwdata_start, LOADADDR (.rwdata))

.bss            0x00000000020051f0      0x11c
                0x00000000020051f0                __bss_start = ABSOLUTE (.)
                0x00000000020051f0                PROVIDE (__sbss_start, ABSOLUTE (.))
                0x00000000020051f0                PROVIDE (___sbss_start, ABSOLUTE (.))
 *(.dynsbss)
 *(.sbss .sbss.* .gnu.linkonce.sb.*)
 .sbss          0x00000000020051f0        0xc ../mtl_bsp/\libhal_bsp.a(alt_main.o)
                0x00000000020051f0                alt_argc
                0x00000000020051f4                alt_argv
                0x00000000020051f8                alt_envp
 .sbss          0x00000000020051fc        0x4 ../mtl_bsp/\libhal_bsp.a(alt_irq_vars.o)
                0x00000000020051fc                alt_irq_active
 .sbss          0x0000000002005200        0x8 ../mtl_bsp/\libhal_bsp.a(alt_tick.o)
                0x0000000002005200                _alt_tick_rate
                0x0000000002005204                _alt_nticks
 .sbss          0x0000000002005208        0x4 c:/altera/15.0/nios2eds/bin/gnu/h-x86_64-mingw32/bin/../lib/gcc/nios2-elf/4.9.1/../../../../../H-x86_64-mingw32/nios2-elf/lib\libc.a(lib_a-int_errno.o)
                0x0000000002005208                errno
 *(.sbss2 .sbss2.* .gnu.linkonce.sb2.*)
 *(.scommon)
                0x000000000200520c                PROVIDE (__sbss_end, ABSOLUTE (.))
                0x000000000200520c                PROVIDE (___sbss_end, ABSOLUTE (.))
 *(.dynbss)
 *(.bss .bss.* .gnu.linkonce.b.*)
 .bss           0x000000000200520c        0x0 ../mtl_bsp//obj/HAL/src/crt0.o
 .bss           0x000000000200520c        0x0 ../mtl_bsp/\libhal_bsp.a(alt_load.o)
 .bss           0x000000000200520c        0x0 ../mtl_bsp/\libhal_bsp.a(alt_main.o)
 .bss           0x000000000200520c        0x0 ../mtl_bsp/\libhal_bsp.a(alt_sys_init.o)
 .bss           0x000000000200520c        0x0 ../mtl_bsp/\libhal_bsp.a(altera_avalon_jtag_uart_fd.o)
 .bss           0x000000000200520c        0x0 ../mtl_bsp/\libhal_bsp.a(altera_avalon_jtag_uart_init.o)
 .bss           0x000000000200520c        0x0 ../mtl_bsp/\libhal_bsp.a(altera_avalon_jtag_uart_ioctl.o)
 .bss           0x000000000200520c        0x0 ../mtl_bsp/\libhal_bsp.a(altera_avalon_jtag_uart_read.o)
 .bss           0x000000000200520c        0x0 ../mtl_bsp/\libhal_bsp.a(altera_avalon_jtag_uart_write.o)
 .bss           0x000000000200520c        0x0 ../mtl_bsp/\libhal_bsp.a(altera_avalon_timer_sc.o)
 .bss           0x000000000200520c        0x0 ../mtl_bsp/\libhal_bsp.a(alt_alarm_start.o)
 .bss           0x000000000200520c        0x0 ../mtl_bsp/\libhal_bsp.a(alt_close.o)
 .bss           0x000000000200520c        0x0 ../mtl_bsp/\libhal_bsp.a(alt_dcache_flush_all.o)
 .bss           0x000000000200520c        0x0 ../mtl_bsp/\libhal_bsp.a(alt_dev.o)
 .bss           0x000000000200520c        0x0 ../mtl_bsp/\libhal_bsp.a(alt_dev_llist_insert.o)
 .bss           0x000000000200520c        0x0 ../mtl_bsp/\libhal_bsp.a(alt_do_ctors.o)
 .bss           0x000000000200520c        0x0 ../mtl_bsp/\libhal_bsp.a(alt_do_dtors.o)
 .bss           0x000000000200520c        0x0 ../mtl_bsp/\libhal_bsp.a(alt_errno.o)
 .bss           0x000000000200520c        0x0 ../mtl_bsp/\libhal_bsp.a(alt_icache_flush_all.o)
 .bss           0x000000000200520c        0x0 ../mtl_bsp/\libhal_bsp.a(alt_iic.o)
 .bss           0x000000000200520c        0x0 ../mtl_bsp/\libhal_bsp.a(alt_iic_isr_register.o)
 .bss           0x000000000200520c        0x0 ../mtl_bsp/\libhal_bsp.a(alt_io_redirect.o)
 .bss           0x000000000200520c        0x0 ../mtl_bsp/\libhal_bsp.a(alt_irq_entry.o)
 .bss           0x000000000200520c        0x0 ../mtl_bsp/\libhal_bsp.a(alt_irq_handler.o)
 .bss           0x000000000200520c        0x0 ../mtl_bsp/\libhal_bsp.a(alt_irq_vars.o)
 .bss           0x000000000200520c        0x0 ../mtl_bsp/\libhal_bsp.a(alt_open.o)
 .bss           0x000000000200520c        0x0 ../mtl_bsp/\libhal_bsp.a(alt_release_fd.o)
 .bss           0x000000000200520c        0x0 ../mtl_bsp/\libhal_bsp.a(alt_tick.o)
 .bss           0x000000000200520c        0x0 ../mtl_bsp/\libhal_bsp.a(altera_nios2_qsys_irq.o)
 .bss           0x000000000200520c        0x0 ../mtl_bsp/\libhal_bsp.a(alt_exception_entry.o)
 .bss           0x000000000200520c        0x0 ../mtl_bsp/\libhal_bsp.a(alt_find_dev.o)
 .bss           0x000000000200520c        0x0 ../mtl_bsp/\libhal_bsp.a(alt_find_file.o)
 .bss           0x000000000200520c        0x0 ../mtl_bsp/\libhal_bsp.a(alt_get_fd.o)
 .bss           0x000000000200520c        0x0 ../mtl_bsp/\libhal_bsp.a(alt_icache_flush.o)
 .bss           0x000000000200520c        0x0 c:/altera/15.0/nios2eds/bin/gnu/h-x86_64-mingw32/bin/../lib/gcc/nios2-elf/4.9.1/../../../../../H-x86_64-mingw32/nios2-elf/lib\libc.a(lib_a-atexit.o)
 .bss           0x000000000200520c        0x0 c:/altera/15.0/nios2eds/bin/gnu/h-x86_64-mingw32/bin/../lib/gcc/nios2-elf/4.9.1/../../../../../H-x86_64-mingw32/nios2-elf/lib\libc.a(lib_a-exit.o)
 .bss           0x000000000200520c        0x0 c:/altera/15.0/nios2eds/bin/gnu/h-x86_64-mingw32/bin/../lib/gcc/nios2-elf/4.9.1/../../../../../H-x86_64-mingw32/nios2-elf/lib\libc.a(lib_a-impure.o)
 .bss           0x000000000200520c        0x0 c:/altera/15.0/nios2eds/bin/gnu/h-x86_64-mingw32/bin/../lib/gcc/nios2-elf/4.9.1/../../../../../H-x86_64-mingw32/nios2-elf/lib\libc.a(lib_a-int_errno.o)
 .bss           0x000000000200520c        0x0 c:/altera/15.0/nios2eds/bin/gnu/h-x86_64-mingw32/bin/../lib/gcc/nios2-elf/4.9.1/../../../../../H-x86_64-mingw32/nios2-elf/lib\libc.a(lib_a-memcmp.o)
 .bss           0x000000000200520c        0x0 c:/altera/15.0/nios2eds/bin/gnu/h-x86_64-mingw32/bin/../lib/gcc/nios2-elf/4.9.1/../../../../../H-x86_64-mingw32/nios2-elf/lib\libc.a(lib_a-memcpy.o)
 .bss           0x000000000200520c        0x0 c:/altera/15.0/nios2eds/bin/gnu/h-x86_64-mingw32/bin/../lib/gcc/nios2-elf/4.9.1/../../../../../H-x86_64-mingw32/nios2-elf/lib\libc.a(lib_a-strlen.o)
 .bss           0x000000000200520c        0x0 c:/altera/15.0/nios2eds/bin/gnu/h-x86_64-mingw32/bin/../lib/gcc/nios2-elf/4.9.1/../../../../../H-x86_64-mingw32/nios2-elf/lib\libc.a(lib_a-__atexit.o)
 .bss           0x000000000200520c        0x0 c:/altera/15.0/nios2eds/bin/gnu/h-x86_64-mingw32/bin/../lib/gcc/nios2-elf/4.9.1/../../../../../H-x86_64-mingw32/nios2-elf/lib\libc.a(lib_a-__call_atexit.o)
 .bss           0x000000000200520c        0x0 ../mtl_bsp/\libhal_bsp.a(alt_exit.o)
 *(COMMON)
 COMMON         0x000000000200520c      0x100 ../mtl_bsp/\libhal_bsp.a(alt_irq_handler.o)
                0x000000000200520c                alt_irq
                0x000000000200530c                . = ALIGN (0x4)
                0x000000000200530c                __bss_end = ABSOLUTE (.)

.SDRAM          0x000000000200530c        0x0
                0x000000000200530c                PROVIDE (_alt_partition_SDRAM_start, ABSOLUTE (.))
 *(.SDRAM .SDRAM. SDRAM.*)
                0x000000000200530c                . = ALIGN (0x4)
                0x000000000200530c                PROVIDE (_alt_partition_SDRAM_end, ABSOLUTE (.))
                0x000000000200530c                _end = ABSOLUTE (.)
                0x000000000200530c                end = ABSOLUTE (.)
                0x000000000200530c                __alt_stack_base = ABSOLUTE (.)
                0x000000000200530c                PROVIDE (_alt_partition_SDRAM_load_addr, LOADADDR (.SDRAM))

.stab
 *(.stab)

.stabstr
 *(.stabstr)

.stab.excl
 *(.stab.excl)

.stab.exclstr
 *(.stab.exclstr)

.stab.index
 *(.stab.index)

.stab.indexstr
 *(.stab.indexstr)

.comment        0x0000000000000000       0x23
 *(.comment)
 .comment       0x0000000000000000       0x23 ../mtl_bsp/\libhal_bsp.a(alt_load.o)
                                         0x24 (size before relaxing)
 .comment       0x0000000000000000       0x24 ../mtl_bsp/\libhal_bsp.a(alt_main.o)
 .comment       0x0000000000000000       0x24 ../mtl_bsp/\libhal_bsp.a(alt_sys_init.o)
 .comment       0x0000000000000000       0x24 ../mtl_bsp/\libhal_bsp.a(altera_avalon_jtag_uart_fd.o)
 .comment       0x0000000000000000       0x24 ../mtl_bsp/\libhal_bsp.a(altera_avalon_jtag_uart_init.o)
 .comment       0x0000000000000000       0x24 ../mtl_bsp/\libhal_bsp.a(altera_avalon_jtag_uart_ioctl.o)
 .comment       0x0000000000000000       0x24 ../mtl_bsp/\libhal_bsp.a(altera_avalon_jtag_uart_read.o)
 .comment       0x0000000000000000       0x24 ../mtl_bsp/\libhal_bsp.a(altera_avalon_jtag_uart_write.o)
 .comment       0x0000000000000000       0x24 ../mtl_bsp/\libhal_bsp.a(altera_avalon_timer_sc.o)
 .comment       0x0000000000000000       0x24 ../mtl_bsp/\libhal_bsp.a(alt_alarm_start.o)
 .comment       0x0000000000000000       0x24 ../mtl_bsp/\libhal_bsp.a(alt_close.o)
 .comment       0x0000000000000000       0x24 ../mtl_bsp/\libhal_bsp.a(alt_dcache_flush_all.o)
 .comment       0x0000000000000000       0x24 ../mtl_bsp/\libhal_bsp.a(alt_dev.o)
 .comment       0x0000000000000000       0x24 ../mtl_bsp/\libhal_bsp.a(alt_dev_llist_insert.o)
 .comment       0x0000000000000000       0x24 ../mtl_bsp/\libhal_bsp.a(alt_do_ctors.o)
 .comment       0x0000000000000000       0x24 ../mtl_bsp/\libhal_bsp.a(alt_do_dtors.o)
 .comment       0x0000000000000000       0x24 ../mtl_bsp/\libhal_bsp.a(alt_errno.o)
 .comment       0x0000000000000000       0x24 ../mtl_bsp/\libhal_bsp.a(alt_icache_flush_all.o)
 .comment       0x0000000000000000       0x24 ../mtl_bsp/\libhal_bsp.a(alt_iic.o)
 .comment       0x0000000000000000       0x24 ../mtl_bsp/\libhal_bsp.a(alt_iic_isr_register.o)
 .comment       0x0000000000000000       0x24 ../mtl_bsp/\libhal_bsp.a(alt_io_redirect.o)
 .comment       0x0000000000000000       0x24 ../mtl_bsp/\libhal_bsp.a(alt_irq_handler.o)
 .comment       0x0000000000000000       0x24 ../mtl_bsp/\libhal_bsp.a(alt_irq_vars.o)
 .comment       0x0000000000000000       0x24 ../mtl_bsp/\libhal_bsp.a(alt_open.o)
 .comment       0x0000000000000000       0x24 ../mtl_bsp/\libhal_bsp.a(alt_release_fd.o)
 .comment       0x0000000000000000       0x24 ../mtl_bsp/\libhal_bsp.a(alt_tick.o)
 .comment       0x0000000000000000       0x24 ../mtl_bsp/\libhal_bsp.a(altera_nios2_qsys_irq.o)
 .comment       0x0000000000000000       0x24 ../mtl_bsp/\libhal_bsp.a(alt_find_dev.o)
 .comment       0x0000000000000000       0x24 ../mtl_bsp/\libhal_bsp.a(alt_find_file.o)
 .comment       0x0000000000000000       0x24 ../mtl_bsp/\libhal_bsp.a(alt_get_fd.o)
 .comment       0x0000000000000000       0x24 ../mtl_bsp/\libhal_bsp.a(alt_icache_flush.o)
 .comment       0x0000000000000000       0x24 c:/altera/15.0/nios2eds/bin/gnu/h-x86_64-mingw32/bin/../lib/gcc/nios2-elf/4.9.1/../../../../../H-x86_64-mingw32/nios2-elf/lib\libc.a(lib_a-atexit.o)
 .comment       0x0000000000000000       0x24 c:/altera/15.0/nios2eds/bin/gnu/h-x86_64-mingw32/bin/../lib/gcc/nios2-elf/4.9.1/../../../../../H-x86_64-mingw32/nios2-elf/lib\libc.a(lib_a-exit.o)
 .comment       0x0000000000000000       0x24 c:/altera/15.0/nios2eds/bin/gnu/h-x86_64-mingw32/bin/../lib/gcc/nios2-elf/4.9.1/../../../../../H-x86_64-mingw32/nios2-elf/lib\libc.a(lib_a-impure.o)
 .comment       0x0000000000000000       0x24 c:/altera/15.0/nios2eds/bin/gnu/h-x86_64-mingw32/bin/../lib/gcc/nios2-elf/4.9.1/../../../../../H-x86_64-mingw32/nios2-elf/lib\libc.a(lib_a-int_errno.o)
 .comment       0x0000000000000000       0x24 c:/altera/15.0/nios2eds/bin/gnu/h-x86_64-mingw32/bin/../lib/gcc/nios2-elf/4.9.1/../../../../../H-x86_64-mingw32/nios2-elf/lib\libc.a(lib_a-memcmp.o)
 .comment       0x0000000000000000       0x24 c:/altera/15.0/nios2eds/bin/gnu/h-x86_64-mingw32/bin/../lib/gcc/nios2-elf/4.9.1/../../../../../H-x86_64-mingw32/nios2-elf/lib\libc.a(lib_a-memcpy.o)
 .comment       0x0000000000000000       0x24 c:/altera/15.0/nios2eds/bin/gnu/h-x86_64-mingw32/bin/../lib/gcc/nios2-elf/4.9.1/../../../../../H-x86_64-mingw32/nios2-elf/lib\libc.a(lib_a-strlen.o)
 .comment       0x0000000000000000       0x24 c:/altera/15.0/nios2eds/bin/gnu/h-x86_64-mingw32/bin/../lib/gcc/nios2-elf/4.9.1/../../../../../H-x86_64-mingw32/nios2-elf/lib\libc.a(lib_a-__atexit.o)
 .comment       0x0000000000000000       0x24 c:/altera/15.0/nios2eds/bin/gnu/h-x86_64-mingw32/bin/../lib/gcc/nios2-elf/4.9.1/../../../../../H-x86_64-mingw32/nios2-elf/lib\libc.a(lib_a-__call_atexit.o)
 .comment       0x0000000000000000       0x24 ../mtl_bsp/\libhal_bsp.a(alt_exit.o)

.debug
 *(.debug)

.line
 *(.line)

.debug_srcinfo
 *(.debug_srcinfo)

.debug_sfnames
 *(.debug_sfnames)

.debug_aranges  0x0000000000000000      0x590
 *(.debug_aranges)
 .debug_aranges
                0x0000000000000000       0x28 ../mtl_bsp//obj/HAL/src/crt0.o
 .debug_aranges
                0x0000000000000028       0x20 ../mtl_bsp/\libhal_bsp.a(alt_load.o)
 .debug_aranges
                0x0000000000000048       0x20 ../mtl_bsp/\libhal_bsp.a(alt_main.o)
 .debug_aranges
                0x0000000000000068       0x20 ../mtl_bsp/\libhal_bsp.a(alt_sys_init.o)
 .debug_aranges
                0x0000000000000088       0x20 ../mtl_bsp/\libhal_bsp.a(altera_avalon_jtag_uart_fd.o)
 .debug_aranges
                0x00000000000000a8       0x20 ../mtl_bsp/\libhal_bsp.a(altera_avalon_jtag_uart_init.o)
 .debug_aranges
                0x00000000000000c8       0x20 ../mtl_bsp/\libhal_bsp.a(altera_avalon_jtag_uart_ioctl.o)
 .debug_aranges
                0x00000000000000e8       0x20 ../mtl_bsp/\libhal_bsp.a(altera_avalon_jtag_uart_read.o)
 .debug_aranges
                0x0000000000000108       0x20 ../mtl_bsp/\libhal_bsp.a(altera_avalon_jtag_uart_write.o)
 .debug_aranges
                0x0000000000000128       0x20 ../mtl_bsp/\libhal_bsp.a(altera_avalon_timer_sc.o)
 .debug_aranges
                0x0000000000000148       0x20 ../mtl_bsp/\libhal_bsp.a(alt_alarm_start.o)
 .debug_aranges
                0x0000000000000168       0x20 ../mtl_bsp/\libhal_bsp.a(alt_close.o)
 .debug_aranges
                0x0000000000000188       0x20 ../mtl_bsp/\libhal_bsp.a(alt_dcache_flush_all.o)
 .debug_aranges
                0x00000000000001a8       0x20 ../mtl_bsp/\libhal_bsp.a(alt_dev.o)
 .debug_aranges
                0x00000000000001c8       0x20 ../mtl_bsp/\libhal_bsp.a(alt_dev_llist_insert.o)
 .debug_aranges
                0x00000000000001e8       0x20 ../mtl_bsp/\libhal_bsp.a(alt_do_ctors.o)
 .debug_aranges
                0x0000000000000208       0x20 ../mtl_bsp/\libhal_bsp.a(alt_do_dtors.o)
 .debug_aranges
                0x0000000000000228       0x18 ../mtl_bsp/\libhal_bsp.a(alt_errno.o)
 .debug_aranges
                0x0000000000000240       0x20 ../mtl_bsp/\libhal_bsp.a(alt_icache_flush_all.o)
 .debug_aranges
                0x0000000000000260       0x20 ../mtl_bsp/\libhal_bsp.a(alt_iic.o)
 .debug_aranges
                0x0000000000000280       0x20 ../mtl_bsp/\libhal_bsp.a(alt_iic_isr_register.o)
 .debug_aranges
                0x00000000000002a0       0x20 ../mtl_bsp/\libhal_bsp.a(alt_io_redirect.o)
 .debug_aranges
                0x00000000000002c0       0x30 ../mtl_bsp/\libhal_bsp.a(alt_irq_entry.o)
 .debug_aranges
                0x00000000000002f0       0x20 ../mtl_bsp/\libhal_bsp.a(alt_irq_handler.o)
 .debug_aranges
                0x0000000000000310       0x18 ../mtl_bsp/\libhal_bsp.a(alt_irq_vars.o)
 .debug_aranges
                0x0000000000000328       0x20 ../mtl_bsp/\libhal_bsp.a(alt_open.o)
 .debug_aranges
                0x0000000000000348       0x20 ../mtl_bsp/\libhal_bsp.a(alt_release_fd.o)
 .debug_aranges
                0x0000000000000368       0x20 ../mtl_bsp/\libhal_bsp.a(alt_tick.o)
 .debug_aranges
                0x0000000000000388       0x20 ../mtl_bsp/\libhal_bsp.a(altera_nios2_qsys_irq.o)
 .debug_aranges
                0x00000000000003a8       0x38 ../mtl_bsp/\libhal_bsp.a(alt_exception_entry.o)
 .debug_aranges
                0x00000000000003e0       0x20 ../mtl_bsp/\libhal_bsp.a(alt_find_dev.o)
 .debug_aranges
                0x0000000000000400       0x20 ../mtl_bsp/\libhal_bsp.a(alt_find_file.o)
 .debug_aranges
                0x0000000000000420       0x20 ../mtl_bsp/\libhal_bsp.a(alt_get_fd.o)
 .debug_aranges
                0x0000000000000440       0x20 ../mtl_bsp/\libhal_bsp.a(alt_icache_flush.o)
 .debug_aranges
                0x0000000000000460       0x20 c:/altera/15.0/nios2eds/bin/gnu/h-x86_64-mingw32/bin/../lib/gcc/nios2-elf/4.9.1/../../../../../H-x86_64-mingw32/nios2-elf/lib\libc.a(lib_a-atexit.o)
 .debug_aranges
                0x0000000000000480       0x20 c:/altera/15.0/nios2eds/bin/gnu/h-x86_64-mingw32/bin/../lib/gcc/nios2-elf/4.9.1/../../../../../H-x86_64-mingw32/nios2-elf/lib\libc.a(lib_a-exit.o)
 .debug_aranges
                0x00000000000004a0       0x18 c:/altera/15.0/nios2eds/bin/gnu/h-x86_64-mingw32/bin/../lib/gcc/nios2-elf/4.9.1/../../../../../H-x86_64-mingw32/nios2-elf/lib\libc.a(lib_a-impure.o)
 .debug_aranges
                0x00000000000004b8       0x18 c:/altera/15.0/nios2eds/bin/gnu/h-x86_64-mingw32/bin/../lib/gcc/nios2-elf/4.9.1/../../../../../H-x86_64-mingw32/nios2-elf/lib\libc.a(lib_a-int_errno.o)
 .debug_aranges
                0x00000000000004d0       0x20 c:/altera/15.0/nios2eds/bin/gnu/h-x86_64-mingw32/bin/../lib/gcc/nios2-elf/4.9.1/../../../../../H-x86_64-mingw32/nios2-elf/lib\libc.a(lib_a-memcmp.o)
 .debug_aranges
                0x00000000000004f0       0x20 c:/altera/15.0/nios2eds/bin/gnu/h-x86_64-mingw32/bin/../lib/gcc/nios2-elf/4.9.1/../../../../../H-x86_64-mingw32/nios2-elf/lib\libc.a(lib_a-memcpy.o)
 .debug_aranges
                0x0000000000000510       0x20 c:/altera/15.0/nios2eds/bin/gnu/h-x86_64-mingw32/bin/../lib/gcc/nios2-elf/4.9.1/../../../../../H-x86_64-mingw32/nios2-elf/lib\libc.a(lib_a-strlen.o)
 .debug_aranges
                0x0000000000000530       0x20 c:/altera/15.0/nios2eds/bin/gnu/h-x86_64-mingw32/bin/../lib/gcc/nios2-elf/4.9.1/../../../../../H-x86_64-mingw32/nios2-elf/lib\libc.a(lib_a-__atexit.o)
 .debug_aranges
                0x0000000000000550       0x20 c:/altera/15.0/nios2eds/bin/gnu/h-x86_64-mingw32/bin/../lib/gcc/nios2-elf/4.9.1/../../../../../H-x86_64-mingw32/nios2-elf/lib\libc.a(lib_a-__call_atexit.o)
 .debug_aranges
                0x0000000000000570       0x20 ../mtl_bsp/\libhal_bsp.a(alt_exit.o)

.debug_pubnames
 *(.debug_pubnames)

.debug_info     0x0000000000000000     0x73fa
 *(.debug_info .gnu.linkonce.wi.*)
 .debug_info    0x0000000000000000       0x7a ../mtl_bsp//obj/HAL/src/crt0.o
 .debug_info    0x000000000000007a      0x13e ../mtl_bsp/\libhal_bsp.a(alt_load.o)
 .debug_info    0x00000000000001b8      0x12a ../mtl_bsp/\libhal_bsp.a(alt_main.o)
 .debug_info    0x00000000000002e2      0x4d2 ../mtl_bsp/\libhal_bsp.a(alt_sys_init.o)
 .debug_info    0x00000000000007b4      0x527 ../mtl_bsp/\libhal_bsp.a(altera_avalon_jtag_uart_fd.o)
 .debug_info    0x0000000000000cdb      0x3a1 ../mtl_bsp/\libhal_bsp.a(altera_avalon_jtag_uart_init.o)
 .debug_info    0x000000000000107c      0x279 ../mtl_bsp/\libhal_bsp.a(altera_avalon_jtag_uart_ioctl.o)
 .debug_info    0x00000000000012f5      0x342 ../mtl_bsp/\libhal_bsp.a(altera_avalon_jtag_uart_read.o)
 .debug_info    0x0000000000001637      0x339 ../mtl_bsp/\libhal_bsp.a(altera_avalon_jtag_uart_write.o)
 .debug_info    0x0000000000001970      0x21f ../mtl_bsp/\libhal_bsp.a(altera_avalon_timer_sc.o)
 .debug_info    0x0000000000001b8f      0x2c5 ../mtl_bsp/\libhal_bsp.a(alt_alarm_start.o)
 .debug_info    0x0000000000001e54      0x31a ../mtl_bsp/\libhal_bsp.a(alt_close.o)
 .debug_info    0x000000000000216e       0x9e ../mtl_bsp/\libhal_bsp.a(alt_dcache_flush_all.o)
 .debug_info    0x000000000000220c      0x495 ../mtl_bsp/\libhal_bsp.a(alt_dev.o)
 .debug_info    0x00000000000026a1      0x1a2 ../mtl_bsp/\libhal_bsp.a(alt_dev_llist_insert.o)
 .debug_info    0x0000000000002843       0x83 ../mtl_bsp/\libhal_bsp.a(alt_do_ctors.o)
 .debug_info    0x00000000000028c6       0x83 ../mtl_bsp/\libhal_bsp.a(alt_do_dtors.o)
 .debug_info    0x0000000000002949       0x9f ../mtl_bsp/\libhal_bsp.a(alt_errno.o)
 .debug_info    0x00000000000029e8       0x8b ../mtl_bsp/\libhal_bsp.a(alt_icache_flush_all.o)
 .debug_info    0x0000000000002a73      0x349 ../mtl_bsp/\libhal_bsp.a(alt_iic.o)
 .debug_info    0x0000000000002dbc      0x1e8 ../mtl_bsp/\libhal_bsp.a(alt_iic_isr_register.o)
 .debug_info    0x0000000000002fa4      0x49e ../mtl_bsp/\libhal_bsp.a(alt_io_redirect.o)
 .debug_info    0x0000000000003442       0x83 ../mtl_bsp/\libhal_bsp.a(alt_irq_entry.o)
 .debug_info    0x00000000000034c5      0x180 ../mtl_bsp/\libhal_bsp.a(alt_irq_handler.o)
 .debug_info    0x0000000000003645       0x88 ../mtl_bsp/\libhal_bsp.a(alt_irq_vars.o)
 .debug_info    0x00000000000036cd      0x3b4 ../mtl_bsp/\libhal_bsp.a(alt_open.o)
 .debug_info    0x0000000000003a81      0x2b0 ../mtl_bsp/\libhal_bsp.a(alt_release_fd.o)
 .debug_info    0x0000000000003d31      0x292 ../mtl_bsp/\libhal_bsp.a(alt_tick.o)
 .debug_info    0x0000000000003fc3       0x8b ../mtl_bsp/\libhal_bsp.a(altera_nios2_qsys_irq.o)
 .debug_info    0x000000000000404e       0x89 ../mtl_bsp/\libhal_bsp.a(alt_exception_entry.o)
 .debug_info    0x00000000000040d7      0x2e2 ../mtl_bsp/\libhal_bsp.a(alt_find_dev.o)
 .debug_info    0x00000000000043b9      0x2df ../mtl_bsp/\libhal_bsp.a(alt_find_file.o)
 .debug_info    0x0000000000004698      0x309 ../mtl_bsp/\libhal_bsp.a(alt_get_fd.o)
 .debug_info    0x00000000000049a1       0xd5 ../mtl_bsp/\libhal_bsp.a(alt_icache_flush.o)
 .debug_info    0x0000000000004a76      0x10a c:/altera/15.0/nios2eds/bin/gnu/h-x86_64-mingw32/bin/../lib/gcc/nios2-elf/4.9.1/../../../../../H-x86_64-mingw32/nios2-elf/lib\libc.a(lib_a-atexit.o)
 .debug_info    0x0000000000004b80      0x8df c:/altera/15.0/nios2eds/bin/gnu/h-x86_64-mingw32/bin/../lib/gcc/nios2-elf/4.9.1/../../../../../H-x86_64-mingw32/nios2-elf/lib\libc.a(lib_a-exit.o)
 .debug_info    0x000000000000545f      0x88f c:/altera/15.0/nios2eds/bin/gnu/h-x86_64-mingw32/bin/../lib/gcc/nios2-elf/4.9.1/../../../../../H-x86_64-mingw32/nios2-elf/lib\libc.a(lib_a-impure.o)
 .debug_info    0x0000000000005cee       0x83 c:/altera/15.0/nios2eds/bin/gnu/h-x86_64-mingw32/bin/../lib/gcc/nios2-elf/4.9.1/../../../../../H-x86_64-mingw32/nios2-elf/lib\libc.a(lib_a-int_errno.o)
 .debug_info    0x0000000000005d71      0x113 c:/altera/15.0/nios2eds/bin/gnu/h-x86_64-mingw32/bin/../lib/gcc/nios2-elf/4.9.1/../../../../../H-x86_64-mingw32/nios2-elf/lib\libc.a(lib_a-memcmp.o)
 .debug_info    0x0000000000005e84      0x133 c:/altera/15.0/nios2eds/bin/gnu/h-x86_64-mingw32/bin/../lib/gcc/nios2-elf/4.9.1/../../../../../H-x86_64-mingw32/nios2-elf/lib\libc.a(lib_a-memcpy.o)
 .debug_info    0x0000000000005fb7       0xdb c:/altera/15.0/nios2eds/bin/gnu/h-x86_64-mingw32/bin/../lib/gcc/nios2-elf/4.9.1/../../../../../H-x86_64-mingw32/nios2-elf/lib\libc.a(lib_a-strlen.o)
 .debug_info    0x0000000000006092      0x93b c:/altera/15.0/nios2eds/bin/gnu/h-x86_64-mingw32/bin/../lib/gcc/nios2-elf/4.9.1/../../../../../H-x86_64-mingw32/nios2-elf/lib\libc.a(lib_a-__atexit.o)
 .debug_info    0x00000000000069cd      0x948 c:/altera/15.0/nios2eds/bin/gnu/h-x86_64-mingw32/bin/../lib/gcc/nios2-elf/4.9.1/../../../../../H-x86_64-mingw32/nios2-elf/lib\libc.a(lib_a-__call_atexit.o)
 .debug_info    0x0000000000007315       0xe5 ../mtl_bsp/\libhal_bsp.a(alt_exit.o)

.debug_abbrev   0x0000000000000000     0x2935
 *(.debug_abbrev)
 .debug_abbrev  0x0000000000000000       0x12 ../mtl_bsp//obj/HAL/src/crt0.o
 .debug_abbrev  0x0000000000000012       0x9f ../mtl_bsp/\libhal_bsp.a(alt_load.o)
 .debug_abbrev  0x00000000000000b1       0xba ../mtl_bsp/\libhal_bsp.a(alt_main.o)
 .debug_abbrev  0x000000000000016b      0x187 ../mtl_bsp/\libhal_bsp.a(alt_sys_init.o)
 .debug_abbrev  0x00000000000002f2      0x127 ../mtl_bsp/\libhal_bsp.a(altera_avalon_jtag_uart_fd.o)
 .debug_abbrev  0x0000000000000419      0x197 ../mtl_bsp/\libhal_bsp.a(altera_avalon_jtag_uart_init.o)
 .debug_abbrev  0x00000000000005b0      0x111 ../mtl_bsp/\libhal_bsp.a(altera_avalon_jtag_uart_ioctl.o)
 .debug_abbrev  0x00000000000006c1      0x1ac ../mtl_bsp/\libhal_bsp.a(altera_avalon_jtag_uart_read.o)
 .debug_abbrev  0x000000000000086d      0x1a8 ../mtl_bsp/\libhal_bsp.a(altera_avalon_jtag_uart_write.o)
 .debug_abbrev  0x0000000000000a15      0x155 ../mtl_bsp/\libhal_bsp.a(altera_avalon_timer_sc.o)
 .debug_abbrev  0x0000000000000b6a      0x162 ../mtl_bsp/\libhal_bsp.a(alt_alarm_start.o)
 .debug_abbrev  0x0000000000000ccc      0x11f ../mtl_bsp/\libhal_bsp.a(alt_close.o)
 .debug_abbrev  0x0000000000000deb       0x5a ../mtl_bsp/\libhal_bsp.a(alt_dcache_flush_all.o)
 .debug_abbrev  0x0000000000000e45       0xd9 ../mtl_bsp/\libhal_bsp.a(alt_dev.o)
 .debug_abbrev  0x0000000000000f1e      0x114 ../mtl_bsp/\libhal_bsp.a(alt_dev_llist_insert.o)
 .debug_abbrev  0x0000000000001032       0x79 ../mtl_bsp/\libhal_bsp.a(alt_do_ctors.o)
 .debug_abbrev  0x00000000000010ab       0x79 ../mtl_bsp/\libhal_bsp.a(alt_do_dtors.o)
 .debug_abbrev  0x0000000000001124       0x5a ../mtl_bsp/\libhal_bsp.a(alt_errno.o)
 .debug_abbrev  0x000000000000117e       0x42 ../mtl_bsp/\libhal_bsp.a(alt_icache_flush_all.o)
 .debug_abbrev  0x00000000000011c0      0x163 ../mtl_bsp/\libhal_bsp.a(alt_iic.o)
 .debug_abbrev  0x0000000000001323      0x169 ../mtl_bsp/\libhal_bsp.a(alt_iic_isr_register.o)
 .debug_abbrev  0x000000000000148c      0x114 ../mtl_bsp/\libhal_bsp.a(alt_io_redirect.o)
 .debug_abbrev  0x00000000000015a0       0x12 ../mtl_bsp/\libhal_bsp.a(alt_irq_entry.o)
 .debug_abbrev  0x00000000000015b2      0x122 ../mtl_bsp/\libhal_bsp.a(alt_irq_handler.o)
 .debug_abbrev  0x00000000000016d4       0x40 ../mtl_bsp/\libhal_bsp.a(alt_irq_vars.o)
 .debug_abbrev  0x0000000000001714      0x148 ../mtl_bsp/\libhal_bsp.a(alt_open.o)
 .debug_abbrev  0x000000000000185c       0xde ../mtl_bsp/\libhal_bsp.a(alt_release_fd.o)
 .debug_abbrev  0x000000000000193a      0x15a ../mtl_bsp/\libhal_bsp.a(alt_tick.o)
 .debug_abbrev  0x0000000000001a94       0x42 ../mtl_bsp/\libhal_bsp.a(altera_nios2_qsys_irq.o)
 .debug_abbrev  0x0000000000001ad6       0x12 ../mtl_bsp/\libhal_bsp.a(alt_exception_entry.o)
 .debug_abbrev  0x0000000000001ae8       0xf0 ../mtl_bsp/\libhal_bsp.a(alt_find_dev.o)
 .debug_abbrev  0x0000000000001bd8       0xf0 ../mtl_bsp/\libhal_bsp.a(alt_find_file.o)
 .debug_abbrev  0x0000000000001cc8      0x10d ../mtl_bsp/\libhal_bsp.a(alt_get_fd.o)
 .debug_abbrev  0x0000000000001dd5       0x8c ../mtl_bsp/\libhal_bsp.a(alt_icache_flush.o)
 .debug_abbrev  0x0000000000001e61       0xb8 c:/altera/15.0/nios2eds/bin/gnu/h-x86_64-mingw32/bin/../lib/gcc/nios2-elf/4.9.1/../../../../../H-x86_64-mingw32/nios2-elf/lib\libc.a(lib_a-atexit.o)
 .debug_abbrev  0x0000000000001f19      0x1e6 c:/altera/15.0/nios2eds/bin/gnu/h-x86_64-mingw32/bin/../lib/gcc/nios2-elf/4.9.1/../../../../../H-x86_64-mingw32/nios2-elf/lib\libc.a(lib_a-exit.o)
 .debug_abbrev  0x00000000000020ff      0x180 c:/altera/15.0/nios2eds/bin/gnu/h-x86_64-mingw32/bin/../lib/gcc/nios2-elf/4.9.1/../../../../../H-x86_64-mingw32/nios2-elf/lib\libc.a(lib_a-impure.o)
 .debug_abbrev  0x000000000000227f       0x37 c:/altera/15.0/nios2eds/bin/gnu/h-x86_64-mingw32/bin/../lib/gcc/nios2-elf/4.9.1/../../../../../H-x86_64-mingw32/nios2-elf/lib\libc.a(lib_a-int_errno.o)
 .debug_abbrev  0x00000000000022b6       0x7f c:/altera/15.0/nios2eds/bin/gnu/h-x86_64-mingw32/bin/../lib/gcc/nios2-elf/4.9.1/../../../../../H-x86_64-mingw32/nios2-elf/lib\libc.a(lib_a-memcmp.o)
 .debug_abbrev  0x0000000000002335       0x9c c:/altera/15.0/nios2eds/bin/gnu/h-x86_64-mingw32/bin/../lib/gcc/nios2-elf/4.9.1/../../../../../H-x86_64-mingw32/nios2-elf/lib\libc.a(lib_a-memcpy.o)
 .debug_abbrev  0x00000000000023d1       0x90 c:/altera/15.0/nios2eds/bin/gnu/h-x86_64-mingw32/bin/../lib/gcc/nios2-elf/4.9.1/../../../../../H-x86_64-mingw32/nios2-elf/lib\libc.a(lib_a-strlen.o)
 .debug_abbrev  0x0000000000002461      0x21e c:/altera/15.0/nios2eds/bin/gnu/h-x86_64-mingw32/bin/../lib/gcc/nios2-elf/4.9.1/../../../../../H-x86_64-mingw32/nios2-elf/lib\libc.a(lib_a-__atexit.o)
 .debug_abbrev  0x000000000000267f      0x210 c:/altera/15.0/nios2eds/bin/gnu/h-x86_64-mingw32/bin/../lib/gcc/nios2-elf/4.9.1/../../../../../H-x86_64-mingw32/nios2-elf/lib\libc.a(lib_a-__call_atexit.o)
 .debug_abbrev  0x000000000000288f       0xa6 ../mtl_bsp/\libhal_bsp.a(alt_exit.o)

.debug_line     0x0000000000000000     0x294f
 *(.debug_line)
 .debug_line    0x0000000000000000       0x72 ../mtl_bsp//obj/HAL/src/crt0.o
 .debug_line    0x0000000000000072       0x8d ../mtl_bsp/\libhal_bsp.a(alt_load.o)
 .debug_line    0x00000000000000ff       0xa4 ../mtl_bsp/\libhal_bsp.a(alt_main.o)
 .debug_line    0x00000000000001a3      0x151 ../mtl_bsp/\libhal_bsp.a(alt_sys_init.o)
 .debug_line    0x00000000000002f4      0x12f ../mtl_bsp/\libhal_bsp.a(altera_avalon_jtag_uart_fd.o)
 .debug_line    0x0000000000000423      0x180 ../mtl_bsp/\libhal_bsp.a(altera_avalon_jtag_uart_init.o)
 .debug_line    0x00000000000005a3      0x12e ../mtl_bsp/\libhal_bsp.a(altera_avalon_jtag_uart_ioctl.o)
 .debug_line    0x00000000000006d1      0x16a ../mtl_bsp/\libhal_bsp.a(altera_avalon_jtag_uart_read.o)
 .debug_line    0x000000000000083b      0x16a ../mtl_bsp/\libhal_bsp.a(altera_avalon_jtag_uart_write.o)
 .debug_line    0x00000000000009a5       0xfd ../mtl_bsp/\libhal_bsp.a(altera_avalon_timer_sc.o)
 .debug_line    0x0000000000000aa2       0xfa ../mtl_bsp/\libhal_bsp.a(alt_alarm_start.o)
 .debug_line    0x0000000000000b9c      0x15e ../mtl_bsp/\libhal_bsp.a(alt_close.o)
 .debug_line    0x0000000000000cfa       0x61 ../mtl_bsp/\libhal_bsp.a(alt_dcache_flush_all.o)
 .debug_line    0x0000000000000d5b       0xf0 ../mtl_bsp/\libhal_bsp.a(alt_dev.o)
 .debug_line    0x0000000000000e4b       0xd0 ../mtl_bsp/\libhal_bsp.a(alt_dev_llist_insert.o)
 .debug_line    0x0000000000000f1b       0x59 ../mtl_bsp/\libhal_bsp.a(alt_do_ctors.o)
 .debug_line    0x0000000000000f74       0x59 ../mtl_bsp/\libhal_bsp.a(alt_do_dtors.o)
 .debug_line    0x0000000000000fcd       0x51 ../mtl_bsp/\libhal_bsp.a(alt_errno.o)
 .debug_line    0x000000000000101e       0x50 ../mtl_bsp/\libhal_bsp.a(alt_icache_flush_all.o)
 .debug_line    0x000000000000106e       0xef ../mtl_bsp/\libhal_bsp.a(alt_iic.o)
 .debug_line    0x000000000000115d       0xdb ../mtl_bsp/\libhal_bsp.a(alt_iic_isr_register.o)
 .debug_line    0x0000000000001238      0x12b ../mtl_bsp/\libhal_bsp.a(alt_io_redirect.o)
 .debug_line    0x0000000000001363       0x6b ../mtl_bsp/\libhal_bsp.a(alt_irq_entry.o)
 .debug_line    0x00000000000013ce       0xaa ../mtl_bsp/\libhal_bsp.a(alt_irq_handler.o)
 .debug_line    0x0000000000001478       0x50 ../mtl_bsp/\libhal_bsp.a(alt_irq_vars.o)
 .debug_line    0x00000000000014c8      0x12a ../mtl_bsp/\libhal_bsp.a(alt_open.o)
 .debug_line    0x00000000000015f2       0xae ../mtl_bsp/\libhal_bsp.a(alt_release_fd.o)
 .debug_line    0x00000000000016a0       0xfe ../mtl_bsp/\libhal_bsp.a(alt_tick.o)
 .debug_line    0x000000000000179e       0x51 ../mtl_bsp/\libhal_bsp.a(altera_nios2_qsys_irq.o)
 .debug_line    0x00000000000017ef       0xab ../mtl_bsp/\libhal_bsp.a(alt_exception_entry.o)
 .debug_line    0x000000000000189a       0xb5 ../mtl_bsp/\libhal_bsp.a(alt_find_dev.o)
 .debug_line    0x000000000000194f       0xd1 ../mtl_bsp/\libhal_bsp.a(alt_find_file.o)
 .debug_line    0x0000000000001a20       0xd5 ../mtl_bsp/\libhal_bsp.a(alt_get_fd.o)
 .debug_line    0x0000000000001af5       0x81 ../mtl_bsp/\libhal_bsp.a(alt_icache_flush.o)
 .debug_line    0x0000000000001b76       0xe6 c:/altera/15.0/nios2eds/bin/gnu/h-x86_64-mingw32/bin/../lib/gcc/nios2-elf/4.9.1/../../../../../H-x86_64-mingw32/nios2-elf/lib\libc.a(lib_a-atexit.o)
 .debug_line    0x0000000000001c5c      0x1fa c:/altera/15.0/nios2eds/bin/gnu/h-x86_64-mingw32/bin/../lib/gcc/nios2-elf/4.9.1/../../../../../H-x86_64-mingw32/nios2-elf/lib\libc.a(lib_a-exit.o)
 .debug_line    0x0000000000001e56      0x15f c:/altera/15.0/nios2eds/bin/gnu/h-x86_64-mingw32/bin/../lib/gcc/nios2-elf/4.9.1/../../../../../H-x86_64-mingw32/nios2-elf/lib\libc.a(lib_a-impure.o)
 .debug_line    0x0000000000001fb5       0x5d c:/altera/15.0/nios2eds/bin/gnu/h-x86_64-mingw32/bin/../lib/gcc/nios2-elf/4.9.1/../../../../../H-x86_64-mingw32/nios2-elf/lib\libc.a(lib_a-int_errno.o)
 .debug_line    0x0000000000002012      0x175 c:/altera/15.0/nios2eds/bin/gnu/h-x86_64-mingw32/bin/../lib/gcc/nios2-elf/4.9.1/../../../../../H-x86_64-mingw32/nios2-elf/lib\libc.a(lib_a-memcmp.o)
 .debug_line    0x0000000000002187      0x184 c:/altera/15.0/nios2eds/bin/gnu/h-x86_64-mingw32/bin/../lib/gcc/nios2-elf/4.9.1/../../../../../H-x86_64-mingw32/nios2-elf/lib\libc.a(lib_a-memcpy.o)
 .debug_line    0x000000000000230b      0x16e c:/altera/15.0/nios2eds/bin/gnu/h-x86_64-mingw32/bin/../lib/gcc/nios2-elf/4.9.1/../../../../../H-x86_64-mingw32/nios2-elf/lib\libc.a(lib_a-strlen.o)
 .debug_line    0x0000000000002479      0x224 c:/altera/15.0/nios2eds/bin/gnu/h-x86_64-mingw32/bin/../lib/gcc/nios2-elf/4.9.1/../../../../../H-x86_64-mingw32/nios2-elf/lib\libc.a(lib_a-__atexit.o)
 .debug_line    0x000000000000269d      0x241 c:/altera/15.0/nios2eds/bin/gnu/h-x86_64-mingw32/bin/../lib/gcc/nios2-elf/4.9.1/../../../../../H-x86_64-mingw32/nios2-elf/lib\libc.a(lib_a-__call_atexit.o)
 .debug_line    0x00000000000028de       0x71 ../mtl_bsp/\libhal_bsp.a(alt_exit.o)

.debug_frame    0x0000000000000000      0xa70
 *(.debug_frame)
 .debug_frame   0x0000000000000000       0x5c ../mtl_bsp/\libhal_bsp.a(alt_load.o)
 .debug_frame   0x000000000000005c       0x2c ../mtl_bsp/\libhal_bsp.a(alt_main.o)
 .debug_frame   0x0000000000000088       0x88 ../mtl_bsp/\libhal_bsp.a(alt_sys_init.o)
 .debug_frame   0x0000000000000110       0xb0 ../mtl_bsp/\libhal_bsp.a(altera_avalon_jtag_uart_fd.o)
 .debug_frame   0x00000000000001c0       0xa4 ../mtl_bsp/\libhal_bsp.a(altera_avalon_jtag_uart_init.o)
 .debug_frame   0x0000000000000264       0x34 ../mtl_bsp/\libhal_bsp.a(altera_avalon_jtag_uart_ioctl.o)
 .debug_frame   0x0000000000000298       0x38 ../mtl_bsp/\libhal_bsp.a(altera_avalon_jtag_uart_read.o)
 .debug_frame   0x00000000000002d0       0x38 ../mtl_bsp/\libhal_bsp.a(altera_avalon_jtag_uart_write.o)
 .debug_frame   0x0000000000000308       0x60 ../mtl_bsp/\libhal_bsp.a(altera_avalon_timer_sc.o)
 .debug_frame   0x0000000000000368       0x34 ../mtl_bsp/\libhal_bsp.a(alt_alarm_start.o)
 .debug_frame   0x000000000000039c       0x60 ../mtl_bsp/\libhal_bsp.a(alt_close.o)
 .debug_frame   0x00000000000003fc       0x34 ../mtl_bsp/\libhal_bsp.a(alt_dcache_flush_all.o)
 .debug_frame   0x0000000000000430       0x34 ../mtl_bsp/\libhal_bsp.a(alt_dev.o)
 .debug_frame   0x0000000000000464       0x60 ../mtl_bsp/\libhal_bsp.a(alt_dev_llist_insert.o)
 .debug_frame   0x00000000000004c4       0x38 ../mtl_bsp/\libhal_bsp.a(alt_do_ctors.o)
 .debug_frame   0x00000000000004fc       0x38 ../mtl_bsp/\libhal_bsp.a(alt_do_dtors.o)
 .debug_frame   0x0000000000000534       0x38 ../mtl_bsp/\libhal_bsp.a(alt_icache_flush_all.o)
 .debug_frame   0x000000000000056c       0xa4 ../mtl_bsp/\libhal_bsp.a(alt_iic.o)
 .debug_frame   0x0000000000000610       0x38 ../mtl_bsp/\libhal_bsp.a(alt_iic_isr_register.o)
 .debug_frame   0x0000000000000648       0x60 ../mtl_bsp/\libhal_bsp.a(alt_io_redirect.o)
 .debug_frame   0x00000000000006a8       0x38 ../mtl_bsp/\libhal_bsp.a(alt_irq_handler.o)
 .debug_frame   0x00000000000006e0       0x84 ../mtl_bsp/\libhal_bsp.a(alt_open.o)
 .debug_frame   0x0000000000000764       0x34 ../mtl_bsp/\libhal_bsp.a(alt_release_fd.o)
 .debug_frame   0x0000000000000798       0x5c ../mtl_bsp/\libhal_bsp.a(alt_tick.o)
 .debug_frame   0x00000000000007f4       0x34 ../mtl_bsp/\libhal_bsp.a(altera_nios2_qsys_irq.o)
 .debug_frame   0x0000000000000828       0x38 ../mtl_bsp/\libhal_bsp.a(alt_find_dev.o)
 .debug_frame   0x0000000000000860       0x38 ../mtl_bsp/\libhal_bsp.a(alt_find_file.o)
 .debug_frame   0x0000000000000898       0x34 ../mtl_bsp/\libhal_bsp.a(alt_get_fd.o)
 .debug_frame   0x00000000000008cc       0x34 ../mtl_bsp/\libhal_bsp.a(alt_icache_flush.o)
 .debug_frame   0x0000000000000900       0x20 c:/altera/15.0/nios2eds/bin/gnu/h-x86_64-mingw32/bin/../lib/gcc/nios2-elf/4.9.1/../../../../../H-x86_64-mingw32/nios2-elf/lib\libc.a(lib_a-atexit.o)
 .debug_frame   0x0000000000000920       0x28 c:/altera/15.0/nios2eds/bin/gnu/h-x86_64-mingw32/bin/../lib/gcc/nios2-elf/4.9.1/../../../../../H-x86_64-mingw32/nios2-elf/lib\libc.a(lib_a-exit.o)
 .debug_frame   0x0000000000000948       0x20 c:/altera/15.0/nios2eds/bin/gnu/h-x86_64-mingw32/bin/../lib/gcc/nios2-elf/4.9.1/../../../../../H-x86_64-mingw32/nios2-elf/lib\libc.a(lib_a-memcmp.o)
 .debug_frame   0x0000000000000968       0x30 c:/altera/15.0/nios2eds/bin/gnu/h-x86_64-mingw32/bin/../lib/gcc/nios2-elf/4.9.1/../../../../../H-x86_64-mingw32/nios2-elf/lib\libc.a(lib_a-memcpy.o)
 .debug_frame   0x0000000000000998       0x20 c:/altera/15.0/nios2eds/bin/gnu/h-x86_64-mingw32/bin/../lib/gcc/nios2-elf/4.9.1/../../../../../H-x86_64-mingw32/nios2-elf/lib\libc.a(lib_a-strlen.o)
 .debug_frame   0x00000000000009b8       0x38 c:/altera/15.0/nios2eds/bin/gnu/h-x86_64-mingw32/bin/../lib/gcc/nios2-elf/4.9.1/../../../../../H-x86_64-mingw32/nios2-elf/lib\libc.a(lib_a-__atexit.o)
 .debug_frame   0x00000000000009f0       0x54 c:/altera/15.0/nios2eds/bin/gnu/h-x86_64-mingw32/bin/../lib/gcc/nios2-elf/4.9.1/../../../../../H-x86_64-mingw32/nios2-elf/lib\libc.a(lib_a-__call_atexit.o)
 .debug_frame   0x0000000000000a44       0x2c ../mtl_bsp/\libhal_bsp.a(alt_exit.o)

.debug_str      0x0000000000000000     0x1593
 *(.debug_str)
 .debug_str     0x0000000000000000      0x1c5 ../mtl_bsp/\libhal_bsp.a(alt_load.o)
                                        0x1fe (size before relaxing)
 .debug_str     0x00000000000001c5       0x70 ../mtl_bsp/\libhal_bsp.a(alt_main.o)
                                        0x189 (size before relaxing)
 .debug_str     0x0000000000000235      0x1d8 ../mtl_bsp/\libhal_bsp.a(alt_sys_init.o)
                                        0x37a (size before relaxing)
 .debug_str     0x000000000000040d       0xb9 ../mtl_bsp/\libhal_bsp.a(altera_avalon_jtag_uart_fd.o)
                                        0x390 (size before relaxing)
 .debug_str     0x00000000000004c6       0xd1 ../mtl_bsp/\libhal_bsp.a(altera_avalon_jtag_uart_init.o)
                                        0x324 (size before relaxing)
 .debug_str     0x0000000000000597       0x4a ../mtl_bsp/\libhal_bsp.a(altera_avalon_jtag_uart_ioctl.o)
                                        0x27f (size before relaxing)
 .debug_str     0x00000000000005e1       0x7f ../mtl_bsp/\libhal_bsp.a(altera_avalon_jtag_uart_read.o)
                                        0x2d4 (size before relaxing)
 .debug_str     0x0000000000000660       0x4a ../mtl_bsp/\libhal_bsp.a(altera_avalon_jtag_uart_write.o)
                                        0x2d5 (size before relaxing)
 .debug_str     0x00000000000006aa       0x6d ../mtl_bsp/\libhal_bsp.a(altera_avalon_timer_sc.o)
                                        0x237 (size before relaxing)
 .debug_str     0x0000000000000717       0x5f ../mtl_bsp/\libhal_bsp.a(alt_alarm_start.o)
                                        0x26a (size before relaxing)
 .debug_str     0x0000000000000776       0x44 ../mtl_bsp/\libhal_bsp.a(alt_close.o)
                                        0x1f7 (size before relaxing)
 .debug_str     0x00000000000007ba       0x34 ../mtl_bsp/\libhal_bsp.a(alt_dcache_flush_all.o)
                                        0x141 (size before relaxing)
 .debug_str     0x00000000000007ee      0x120 ../mtl_bsp/\libhal_bsp.a(alt_dev.o)
                                        0x2f1 (size before relaxing)
 .debug_str     0x000000000000090e       0x34 ../mtl_bsp/\libhal_bsp.a(alt_dev_llist_insert.o)
                                        0x1b8 (size before relaxing)
 .debug_str     0x0000000000000942       0x48 ../mtl_bsp/\libhal_bsp.a(alt_do_ctors.o)
                                         0xc8 (size before relaxing)
 .debug_str     0x000000000000098a       0x4c ../mtl_bsp/\libhal_bsp.a(alt_do_dtors.o)
                                         0xc7 (size before relaxing)
 .debug_str     0x00000000000009d6       0x14 ../mtl_bsp/\libhal_bsp.a(alt_errno.o)
                                        0x131 (size before relaxing)
 .debug_str     0x00000000000009ea       0x34 ../mtl_bsp/\libhal_bsp.a(alt_icache_flush_all.o)
                                        0x141 (size before relaxing)
 .debug_str     0x0000000000000a1e       0xc4 ../mtl_bsp/\libhal_bsp.a(alt_iic.o)
                                        0x22a (size before relaxing)
 .debug_str     0x0000000000000ae2       0x4c ../mtl_bsp/\libhal_bsp.a(alt_iic_isr_register.o)
                                        0x1d4 (size before relaxing)
 .debug_str     0x0000000000000b2e       0x56 ../mtl_bsp/\libhal_bsp.a(alt_io_redirect.o)
                                        0x302 (size before relaxing)
 .debug_str     0x0000000000000b84       0x3a ../mtl_bsp/\libhal_bsp.a(alt_irq_handler.o)
                                        0x183 (size before relaxing)
 .debug_str     0x0000000000000bbe       0x17 ../mtl_bsp/\libhal_bsp.a(alt_irq_vars.o)
                                        0x132 (size before relaxing)
 .debug_str     0x0000000000000bd5       0x2f ../mtl_bsp/\libhal_bsp.a(alt_open.o)
                                        0x237 (size before relaxing)
 .debug_str     0x0000000000000c04       0x28 ../mtl_bsp/\libhal_bsp.a(alt_release_fd.o)
                                        0x1cb (size before relaxing)
 .debug_str     0x0000000000000c2c       0x4a ../mtl_bsp/\libhal_bsp.a(alt_tick.o)
                                        0x23e (size before relaxing)
 .debug_str     0x0000000000000c76       0x3b ../mtl_bsp/\libhal_bsp.a(altera_nios2_qsys_irq.o)
                                        0x148 (size before relaxing)
 .debug_str     0x0000000000000cb1       0x24 ../mtl_bsp/\libhal_bsp.a(alt_find_dev.o)
                                        0x1d8 (size before relaxing)
 .debug_str     0x0000000000000cd5       0x26 ../mtl_bsp/\libhal_bsp.a(alt_find_file.o)
                                        0x1e6 (size before relaxing)
 .debug_str     0x0000000000000cfb       0x30 ../mtl_bsp/\libhal_bsp.a(alt_get_fd.o)
                                        0x208 (size before relaxing)
 .debug_str     0x0000000000000d2b       0x2c ../mtl_bsp/\libhal_bsp.a(alt_icache_flush.o)
                                        0x147 (size before relaxing)
 .debug_str     0x0000000000000d57      0x132 c:/altera/15.0/nios2eds/bin/gnu/h-x86_64-mingw32/bin/../lib/gcc/nios2-elf/4.9.1/../../../../../H-x86_64-mingw32/nios2-elf/lib\libc.a(lib_a-atexit.o)
                                        0x1cb (size before relaxing)
 .debug_str     0x0000000000000e89      0x3b5 c:/altera/15.0/nios2eds/bin/gnu/h-x86_64-mingw32/bin/../lib/gcc/nios2-elf/4.9.1/../../../../../H-x86_64-mingw32/nios2-elf/lib\libc.a(lib_a-exit.o)
                                        0x561 (size before relaxing)
 .debug_str     0x000000000000123e       0xc9 c:/altera/15.0/nios2eds/bin/gnu/h-x86_64-mingw32/bin/../lib/gcc/nios2-elf/4.9.1/../../../../../H-x86_64-mingw32/nios2-elf/lib\libc.a(lib_a-impure.o)
                                        0x558 (size before relaxing)
 .debug_str     0x0000000000001307       0x3d c:/altera/15.0/nios2eds/bin/gnu/h-x86_64-mingw32/bin/../lib/gcc/nios2-elf/4.9.1/../../../../../H-x86_64-mingw32/nios2-elf/lib\libc.a(lib_a-int_errno.o)
                                        0x187 (size before relaxing)
 .debug_str     0x0000000000001344       0xcd c:/altera/15.0/nios2eds/bin/gnu/h-x86_64-mingw32/bin/../lib/gcc/nios2-elf/4.9.1/../../../../../H-x86_64-mingw32/nios2-elf/lib\libc.a(lib_a-memcmp.o)
                                        0x18e (size before relaxing)
 .debug_str     0x0000000000001411       0x69 c:/altera/15.0/nios2eds/bin/gnu/h-x86_64-mingw32/bin/../lib/gcc/nios2-elf/4.9.1/../../../../../H-x86_64-mingw32/nios2-elf/lib\libc.a(lib_a-memcpy.o)
                                        0x1b5 (size before relaxing)
 .debug_str     0x000000000000147a       0x4f c:/altera/15.0/nios2eds/bin/gnu/h-x86_64-mingw32/bin/../lib/gcc/nios2-elf/4.9.1/../../../../../H-x86_64-mingw32/nios2-elf/lib\libc.a(lib_a-strlen.o)
                                        0x1a1 (size before relaxing)
 .debug_str     0x00000000000014c9       0x4b c:/altera/15.0/nios2eds/bin/gnu/h-x86_64-mingw32/bin/../lib/gcc/nios2-elf/4.9.1/../../../../../H-x86_64-mingw32/nios2-elf/lib\libc.a(lib_a-__atexit.o)
                                        0x5ae (size before relaxing)
 .debug_str     0x0000000000001514       0x55 c:/altera/15.0/nios2eds/bin/gnu/h-x86_64-mingw32/bin/../lib/gcc/nios2-elf/4.9.1/../../../../../H-x86_64-mingw32/nios2-elf/lib\libc.a(lib_a-__call_atexit.o)
                                        0x577 (size before relaxing)
 .debug_str     0x0000000000001569       0x2a ../mtl_bsp/\libhal_bsp.a(alt_exit.o)
                                        0x13d (size before relaxing)

.debug_loc      0x0000000000000000      0x784
 *(.debug_loc)
 .debug_loc     0x0000000000000000       0x2c c:/altera/15.0/nios2eds/bin/gnu/h-x86_64-mingw32/bin/../lib/gcc/nios2-elf/4.9.1/../../../../../H-x86_64-mingw32/nios2-elf/lib\libc.a(lib_a-atexit.o)
 .debug_loc     0x000000000000002c       0x1e c:/altera/15.0/nios2eds/bin/gnu/h-x86_64-mingw32/bin/../lib/gcc/nios2-elf/4.9.1/../../../../../H-x86_64-mingw32/nios2-elf/lib\libc.a(lib_a-exit.o)
 .debug_loc     0x000000000000004a      0x126 c:/altera/15.0/nios2eds/bin/gnu/h-x86_64-mingw32/bin/../lib/gcc/nios2-elf/4.9.1/../../../../../H-x86_64-mingw32/nios2-elf/lib\libc.a(lib_a-memcmp.o)
 .debug_loc     0x0000000000000170      0x2a2 c:/altera/15.0/nios2eds/bin/gnu/h-x86_64-mingw32/bin/../lib/gcc/nios2-elf/4.9.1/../../../../../H-x86_64-mingw32/nios2-elf/lib\libc.a(lib_a-memcpy.o)
 .debug_loc     0x0000000000000412       0x47 c:/altera/15.0/nios2eds/bin/gnu/h-x86_64-mingw32/bin/../lib/gcc/nios2-elf/4.9.1/../../../../../H-x86_64-mingw32/nios2-elf/lib\libc.a(lib_a-strlen.o)
 .debug_loc     0x0000000000000459      0x185 c:/altera/15.0/nios2eds/bin/gnu/h-x86_64-mingw32/bin/../lib/gcc/nios2-elf/4.9.1/../../../../../H-x86_64-mingw32/nios2-elf/lib\libc.a(lib_a-__atexit.o)
 .debug_loc     0x00000000000005de      0x1a6 c:/altera/15.0/nios2eds/bin/gnu/h-x86_64-mingw32/bin/../lib/gcc/nios2-elf/4.9.1/../../../../../H-x86_64-mingw32/nios2-elf/lib\libc.a(lib_a-__call_atexit.o)

.debug_macinfo
 *(.debug_macinfo)

.debug_weaknames
 *(.debug_weaknames)

.debug_funcnames
 *(.debug_funcnames)

.debug_typenames
 *(.debug_typenames)

.debug_varnames
 *(.debug_varnames)

.debug_alt_sim_info
                0x0000000000000000       0x30
 *(.debug_alt_sim_info)
 .debug_alt_sim_info
                0x0000000000000000       0x30 ../mtl_bsp//obj/HAL/src/crt0.o
                0x0000000003000000                __alt_data_end = 0x3000000
                0x0000000003000000                PROVIDE (__alt_stack_pointer, __alt_data_end)
                0x000000000200530c                PROVIDE (__alt_stack_limit, __alt_stack_base)
                0x000000000200530c                PROVIDE (__alt_heap_start, end)
                0x0000000003000000                PROVIDE (__alt_heap_limit, 0x3000000)
OUTPUT(mtl.elf elf32-littlenios2)

.debug_ranges   0x0000000000000000       0xa0
 .debug_ranges  0x0000000000000000       0x20 ../mtl_bsp//obj/HAL/src/crt0.o
 .debug_ranges  0x0000000000000020       0x28 ../mtl_bsp/\libhal_bsp.a(alt_irq_entry.o)
 .debug_ranges  0x0000000000000048       0x10 ../mtl_bsp/\libhal_bsp.a(alt_irq_handler.o)
 .debug_ranges  0x0000000000000058       0x30 ../mtl_bsp/\libhal_bsp.a(alt_exception_entry.o)
 .debug_ranges  0x0000000000000088       0x18 c:/altera/15.0/nios2eds/bin/gnu/h-x86_64-mingw32/bin/../lib/gcc/nios2-elf/4.9.1/../../../../../H-x86_64-mingw32/nios2-elf/lib\libc.a(lib_a-__call_atexit.o)
