Archive member included to satisfy reference by file (symbol)

/opt/altera_lite/15.1/nios2eds/bin/gnu/H-x86_64-pc-linux-gnu/bin/../lib/gcc/nios2-elf/4.9.2/mno-hw-mul/libgcc.a(lib2-divmod.o)
                              obj/default/main.o (__divsi3)
/opt/altera_lite/15.1/nios2eds/bin/gnu/H-x86_64-pc-linux-gnu/bin/../lib/gcc/nios2-elf/4.9.2/../../../../../H-x86_64-pc-linux-gnu/nios2-elf/lib/mno-hw-mul/libsmallc.a(lib_a-memcpy.o)
                              obj/default/main.o (memcpy)
/opt/altera_lite/15.1/nios2eds/bin/gnu/H-x86_64-pc-linux-gnu/bin/../lib/gcc/nios2-elf/4.9.2/../../../../../H-x86_64-pc-linux-gnu/nios2-elf/lib/mno-hw-mul/libsmallc.a(lib_a-printf.o)
                              obj/default/main.o (printf)
/opt/altera_lite/15.1/nios2eds/bin/gnu/H-x86_64-pc-linux-gnu/bin/../lib/gcc/nios2-elf/4.9.2/../../../../../H-x86_64-pc-linux-gnu/nios2-elf/lib/mno-hw-mul/libsmallc.a(lib_a-puts.o)
                              obj/default/main.o (puts)
/opt/altera_lite/15.1/nios2eds/bin/gnu/H-x86_64-pc-linux-gnu/bin/../lib/gcc/nios2-elf/4.9.2/../../../../../H-x86_64-pc-linux-gnu/nios2-elf/lib/mno-hw-mul/libsmallc.a(lib_a-strlen.o)
                              /opt/altera_lite/15.1/nios2eds/bin/gnu/H-x86_64-pc-linux-gnu/bin/../lib/gcc/nios2-elf/4.9.2/../../../../../H-x86_64-pc-linux-gnu/nios2-elf/lib/mno-hw-mul/libsmallc.a(lib_a-puts.o) (strlen)
/opt/altera_lite/15.1/nios2eds/bin/gnu/H-x86_64-pc-linux-gnu/bin/../lib/gcc/nios2-elf/4.9.2/../../../../../H-x86_64-pc-linux-gnu/nios2-elf/lib/mno-hw-mul/libsmallc.a(lib_a-vfprintf.o)
                              /opt/altera_lite/15.1/nios2eds/bin/gnu/H-x86_64-pc-linux-gnu/bin/../lib/gcc/nios2-elf/4.9.2/../../../../../H-x86_64-pc-linux-gnu/nios2-elf/lib/mno-hw-mul/libsmallc.a(lib_a-printf.o) (___vfprintf_internal_r)
/opt/altera_lite/15.1/nios2eds/bin/gnu/H-x86_64-pc-linux-gnu/bin/../lib/gcc/nios2-elf/4.9.2/../../../../../H-x86_64-pc-linux-gnu/nios2-elf/lib/mno-hw-mul/libsmallc.a(lib_a-fvwrite_small_dev.o)
                              /opt/altera_lite/15.1/nios2eds/bin/gnu/H-x86_64-pc-linux-gnu/bin/../lib/gcc/nios2-elf/4.9.2/../../../../../H-x86_64-pc-linux-gnu/nios2-elf/lib/mno-hw-mul/libsmallc.a(lib_a-printf.o) (__sfvwrite_small_dev)
/opt/altera_lite/15.1/nios2eds/bin/gnu/H-x86_64-pc-linux-gnu/bin/../lib/gcc/nios2-elf/4.9.2/../../../../../H-x86_64-pc-linux-gnu/nios2-elf/lib/mno-hw-mul/libsmallc.a(lib_a-impure.o)
                              /opt/altera_lite/15.1/nios2eds/bin/gnu/H-x86_64-pc-linux-gnu/bin/../lib/gcc/nios2-elf/4.9.2/../../../../../H-x86_64-pc-linux-gnu/nios2-elf/lib/mno-hw-mul/libsmallc.a(lib_a-printf.o) (_impure_ptr)
/opt/altera_lite/15.1/nios2eds/bin/gnu/H-x86_64-pc-linux-gnu/bin/../lib/gcc/nios2-elf/4.9.2/../../../../../H-x86_64-pc-linux-gnu/nios2-elf/lib/mno-hw-mul/libsmallc.a(lib_a-writer.o)
                              /opt/altera_lite/15.1/nios2eds/bin/gnu/H-x86_64-pc-linux-gnu/bin/../lib/gcc/nios2-elf/4.9.2/../../../../../H-x86_64-pc-linux-gnu/nios2-elf/lib/mno-hw-mul/libsmallc.a(lib_a-fvwrite_small_dev.o) (_write_r)
/opt/altera_lite/15.1/nios2eds/bin/gnu/H-x86_64-pc-linux-gnu/bin/../lib/gcc/nios2-elf/4.9.2/../../../../../H-x86_64-pc-linux-gnu/nios2-elf/lib/mno-hw-mul/libsmallc.a(lib_a-int_errno.o)
                              /opt/altera_lite/15.1/nios2eds/bin/gnu/H-x86_64-pc-linux-gnu/bin/../lib/gcc/nios2-elf/4.9.2/../../../../../H-x86_64-pc-linux-gnu/nios2-elf/lib/mno-hw-mul/libsmallc.a(lib_a-writer.o) (errno)
/opt/altera_lite/15.1/nios2eds/bin/gnu/H-x86_64-pc-linux-gnu/bin/../lib/gcc/nios2-elf/4.9.2/mno-hw-mul/libgcc.a(lib2-mul.o)
                              /opt/altera_lite/15.1/nios2eds/bin/gnu/H-x86_64-pc-linux-gnu/bin/../lib/gcc/nios2-elf/4.9.2/../../../../../H-x86_64-pc-linux-gnu/nios2-elf/lib/mno-hw-mul/libsmallc.a(lib_a-vfprintf.o) (__mulsi3)
../MTL_bsp//libhal_bsp.a(alt_load.o)
                              ../MTL_bsp//obj/HAL/src/crt0.o (alt_load)
../MTL_bsp//libhal_bsp.a(alt_main.o)
                              ../MTL_bsp//obj/HAL/src/crt0.o (alt_main)
../MTL_bsp//libhal_bsp.a(alt_write.o)
                              /opt/altera_lite/15.1/nios2eds/bin/gnu/H-x86_64-pc-linux-gnu/bin/../lib/gcc/nios2-elf/4.9.2/../../../../../H-x86_64-pc-linux-gnu/nios2-elf/lib/mno-hw-mul/libsmallc.a(lib_a-writer.o) (write)
../MTL_bsp//libhal_bsp.a(alt_sys_init.o)
                              ../MTL_bsp//libhal_bsp.a(alt_main.o) (alt_irq_init)
../MTL_bsp//libhal_bsp.a(altera_avalon_jtag_uart_fd.o)
                              ../MTL_bsp//libhal_bsp.a(alt_sys_init.o) (altera_avalon_jtag_uart_read_fd)
../MTL_bsp//libhal_bsp.a(altera_avalon_jtag_uart_read.o)
                              ../MTL_bsp//libhal_bsp.a(altera_avalon_jtag_uart_fd.o) (altera_avalon_jtag_uart_read)
../MTL_bsp//libhal_bsp.a(altera_avalon_jtag_uart_write.o)
                              ../MTL_bsp//libhal_bsp.a(altera_avalon_jtag_uart_fd.o) (altera_avalon_jtag_uart_write)
../MTL_bsp//libhal_bsp.a(altera_avalon_timer_sc.o)
                              ../MTL_bsp//libhal_bsp.a(alt_sys_init.o) (alt_avalon_timer_sc_init)
../MTL_bsp//libhal_bsp.a(alt_close.o)
                              ../MTL_bsp//libhal_bsp.a(alt_main.o) (close)
../MTL_bsp//libhal_bsp.a(alt_dcache_flush_all.o)
                              ../MTL_bsp//libhal_bsp.a(alt_load.o) (alt_dcache_flush_all)
../MTL_bsp//libhal_bsp.a(alt_dev.o)
                              ../MTL_bsp//libhal_bsp.a(alt_sys_init.o) (alt_dev_list)
../MTL_bsp//libhal_bsp.a(alt_dev_llist_insert.o)
                              ../MTL_bsp//libhal_bsp.a(alt_sys_init.o) (alt_dev_llist_insert)
../MTL_bsp//libhal_bsp.a(alt_errno.o)
                              ../MTL_bsp//libhal_bsp.a(alt_write.o) (alt_errno)
../MTL_bsp//libhal_bsp.a(alt_icache_flush_all.o)
                              ../MTL_bsp//libhal_bsp.a(alt_load.o) (alt_icache_flush_all)
../MTL_bsp//libhal_bsp.a(alt_iic.o)
                              ../MTL_bsp//libhal_bsp.a(altera_avalon_timer_sc.o) (alt_ic_isr_register)
../MTL_bsp//libhal_bsp.a(alt_iic_isr_register.o)
                              ../MTL_bsp//libhal_bsp.a(alt_iic.o) (alt_iic_isr_register)
../MTL_bsp//libhal_bsp.a(alt_io_redirect.o)
                              ../MTL_bsp//libhal_bsp.a(alt_main.o) (alt_io_redirect)
../MTL_bsp//libhal_bsp.a(alt_irq_entry.o)
                              ../MTL_bsp//libhal_bsp.a(alt_iic_isr_register.o) (alt_irq_entry)
../MTL_bsp//libhal_bsp.a(alt_irq_handler.o)
                              ../MTL_bsp//libhal_bsp.a(alt_iic_isr_register.o) (alt_irq)
../MTL_bsp//libhal_bsp.a(alt_irq_vars.o)
                              ../MTL_bsp//libhal_bsp.a(alt_iic.o) (alt_irq_active)
../MTL_bsp//libhal_bsp.a(alt_open.o)
                              ../MTL_bsp//libhal_bsp.a(alt_io_redirect.o) (open)
../MTL_bsp//libhal_bsp.a(alt_release_fd.o)
                              ../MTL_bsp//libhal_bsp.a(alt_close.o) (alt_release_fd)
../MTL_bsp//libhal_bsp.a(alt_tick.o)
                              ../MTL_bsp//libhal_bsp.a(altera_avalon_timer_sc.o) (_alt_tick_rate)
../MTL_bsp//libhal_bsp.a(altera_nios2_gen2_irq.o)
                              ../MTL_bsp//libhal_bsp.a(alt_sys_init.o) (altera_nios2_gen2_irq_init)
../MTL_bsp//libhal_bsp.a(alt_exception_entry.o)
                              ../MTL_bsp//libhal_bsp.a(alt_irq_entry.o) (alt_exception)
../MTL_bsp//libhal_bsp.a(alt_find_dev.o)
                              ../MTL_bsp//libhal_bsp.a(alt_open.o) (alt_find_dev)
../MTL_bsp//libhal_bsp.a(alt_find_file.o)
                              ../MTL_bsp//libhal_bsp.a(alt_open.o) (alt_find_file)
../MTL_bsp//libhal_bsp.a(alt_get_fd.o)
                              ../MTL_bsp//libhal_bsp.a(alt_open.o) (alt_get_fd)
/opt/altera_lite/15.1/nios2eds/bin/gnu/H-x86_64-pc-linux-gnu/bin/../lib/gcc/nios2-elf/4.9.2/../../../../../H-x86_64-pc-linux-gnu/nios2-elf/lib/mno-hw-mul/libsmallc.a(lib_a-exit.o)
                              ../MTL_bsp//libhal_bsp.a(alt_main.o) (exit)
/opt/altera_lite/15.1/nios2eds/bin/gnu/H-x86_64-pc-linux-gnu/bin/../lib/gcc/nios2-elf/4.9.2/../../../../../H-x86_64-pc-linux-gnu/nios2-elf/lib/mno-hw-mul/libsmallc.a(lib_a-memcmp.o)
                              ../MTL_bsp//libhal_bsp.a(alt_find_dev.o) (memcmp)
/opt/altera_lite/15.1/nios2eds/bin/gnu/H-x86_64-pc-linux-gnu/bin/../lib/gcc/nios2-elf/4.9.2/../../../../../H-x86_64-pc-linux-gnu/nios2-elf/lib/mno-hw-mul/libsmallc.a(lib_a-__call_atexit.o)
                              /opt/altera_lite/15.1/nios2eds/bin/gnu/H-x86_64-pc-linux-gnu/bin/../lib/gcc/nios2-elf/4.9.2/../../../../../H-x86_64-pc-linux-gnu/nios2-elf/lib/mno-hw-mul/libsmallc.a(lib_a-exit.o) (__call_exitprocs)
../MTL_bsp//libhal_bsp.a(alt_exit.o)
                              /opt/altera_lite/15.1/nios2eds/bin/gnu/H-x86_64-pc-linux-gnu/bin/../lib/gcc/nios2-elf/4.9.2/../../../../../H-x86_64-pc-linux-gnu/nios2-elf/lib/mno-hw-mul/libsmallc.a(lib_a-exit.o) (_exit)

Allocating common symbols
Common symbol       size              file

alt_irq             0x100             ../MTL_bsp//libhal_bsp.a(alt_irq_handler.o)
errno               0x4               /opt/altera_lite/15.1/nios2eds/bin/gnu/H-x86_64-pc-linux-gnu/bin/../lib/gcc/nios2-elf/4.9.2/../../../../../H-x86_64-pc-linux-gnu/nios2-elf/lib/mno-hw-mul/libsmallc.a(lib_a-int_errno.o)

Memory Configuration

Name             Origin             Length             Attributes
reset            0x0000000000008000 0x0000000000000020
mem              0x0000000000008020 0x0000000000004e00
*default*        0x0000000000000000 0xffffffffffffffff

Linker script and memory map

LOAD ../MTL_bsp//obj/HAL/src/crt0.o
LOAD obj/default/main.o
LOAD /opt/altera_lite/15.1/nios2eds/bin/gnu/H-x86_64-pc-linux-gnu/bin/../lib/gcc/nios2-elf/4.9.2/../../../../../H-x86_64-pc-linux-gnu/nios2-elf/lib/mno-hw-mul/libstdc++.a
LOAD /opt/altera_lite/15.1/nios2eds/bin/gnu/H-x86_64-pc-linux-gnu/bin/../lib/gcc/nios2-elf/4.9.2/../../../../../H-x86_64-pc-linux-gnu/nios2-elf/lib/mno-hw-mul/libm.a
LOAD /opt/altera_lite/15.1/nios2eds/bin/gnu/H-x86_64-pc-linux-gnu/bin/../lib/gcc/nios2-elf/4.9.2/mno-hw-mul/libgcc.a
START GROUP
LOAD /opt/altera_lite/15.1/nios2eds/bin/gnu/H-x86_64-pc-linux-gnu/bin/../lib/gcc/nios2-elf/4.9.2/../../../../../H-x86_64-pc-linux-gnu/nios2-elf/lib/mno-hw-mul/libsmallc.a
LOAD /opt/altera_lite/15.1/nios2eds/bin/gnu/H-x86_64-pc-linux-gnu/bin/../lib/gcc/nios2-elf/4.9.2/mno-hw-mul/libgcc.a
LOAD ../MTL_bsp//libhal_bsp.a
LOAD /opt/altera_lite/15.1/nios2eds/bin/gnu/H-x86_64-pc-linux-gnu/bin/../lib/gcc/nios2-elf/4.9.2/../../../../../H-x86_64-pc-linux-gnu/nios2-elf/lib/mno-hw-mul/libm.a
END GROUP
LOAD /opt/altera_lite/15.1/nios2eds/bin/gnu/H-x86_64-pc-linux-gnu/bin/../lib/gcc/nios2-elf/4.9.2/mno-hw-mul/libgcc.a
                0x0000000000008000                __alt_mem_mem = 0x8000

.entry          0x0000000000008000       0x20
 *(.entry)
 .entry         0x0000000000008000       0x20 ../MTL_bsp//obj/HAL/src/crt0.o
                0x0000000000008000                __reset

.exceptions     0x0000000000008020      0x19c
                0x0000000000008020                PROVIDE (__ram_exceptions_start, ABSOLUTE (.))
                0x0000000000008020                . = ALIGN (0x20)
 *(.irq)
 *(.exceptions.entry.label)
 .exceptions.entry.label
                0x0000000000008020        0x0 ../MTL_bsp//libhal_bsp.a(alt_irq_entry.o)
                0x0000000000008020                alt_irq_entry
 .exceptions.entry.label
                0x0000000000008020        0x0 ../MTL_bsp//libhal_bsp.a(alt_exception_entry.o)
                0x0000000000008020                alt_exception
 *(.exceptions.entry.user)
 *(.exceptions.entry.ecc_fatal)
 *(.exceptions.entry)
 .exceptions.entry
                0x0000000000008020       0x54 ../MTL_bsp//libhal_bsp.a(alt_exception_entry.o)
 *(.exceptions.irqtest.user)
 *(.exceptions.irqtest)
 .exceptions.irqtest
                0x0000000000008074       0x10 ../MTL_bsp//libhal_bsp.a(alt_irq_entry.o)
 *(.exceptions.irqhandler.user)
 *(.exceptions.irqhandler)
 .exceptions.irqhandler
                0x0000000000008084        0x4 ../MTL_bsp//libhal_bsp.a(alt_irq_entry.o)
 *(.exceptions.irqreturn.user)
 *(.exceptions.irqreturn)
 .exceptions.irqreturn
                0x0000000000008088        0x4 ../MTL_bsp//libhal_bsp.a(alt_irq_entry.o)
 *(.exceptions.notirq.label)
 .exceptions.notirq.label
                0x000000000000808c        0x0 ../MTL_bsp//libhal_bsp.a(alt_irq_entry.o)
 *(.exceptions.notirq.user)
 *(.exceptions.notirq)
 .exceptions.notirq
                0x000000000000808c        0x8 ../MTL_bsp//libhal_bsp.a(alt_exception_entry.o)
 *(.exceptions.soft.user)
 *(.exceptions.soft)
 *(.exceptions.unknown.user)
 *(.exceptions.unknown)
 .exceptions.unknown
                0x0000000000008094        0x4 ../MTL_bsp//libhal_bsp.a(alt_exception_entry.o)
 *(.exceptions.exit.label)
 .exceptions.exit.label
                0x0000000000008098        0x0 ../MTL_bsp//libhal_bsp.a(alt_irq_entry.o)
 .exceptions.exit.label
                0x0000000000008098        0x0 ../MTL_bsp//libhal_bsp.a(alt_exception_entry.o)
 *(.exceptions.exit.user)
 *(.exceptions.exit)
 .exceptions.exit
                0x0000000000008098       0x54 ../MTL_bsp//libhal_bsp.a(alt_exception_entry.o)
 *(.exceptions)
 .exceptions    0x00000000000080ec       0xd0 ../MTL_bsp//libhal_bsp.a(alt_irq_handler.o)
                0x00000000000080ec                alt_irq_handler
                0x00000000000081bc                PROVIDE (__ram_exceptions_end, ABSOLUTE (.))
                0x0000000000008020                PROVIDE (__flash_exceptions_start, LOADADDR (.exceptions))

.text           0x00000000000081bc     0x24e8
                0x00000000000081bc                PROVIDE (stext, ABSOLUTE (.))
 *(.interp)
 *(.hash)
 *(.dynsym)
 *(.dynstr)
 *(.gnu.version)
 *(.gnu.version_d)
 *(.gnu.version_r)
 *(.rel.init)
 *(.rela.init)
 *(.rel.text .rel.text.* .rel.gnu.linkonce.t.*)
 *(.rela.text .rela.text.* .rela.gnu.linkonce.t.*)
 *(.rel.fini)
 *(.rela.fini)
 *(.rel.rodata .rel.rodata.* .rel.gnu.linkonce.r.*)
 *(.rela.rodata .rela.rodata.* .rela.gnu.linkonce.r.*)
 *(.rel.data .rel.data.* .rel.gnu.linkonce.d.*)
 *(.rela.data .rela.data.* .rela.gnu.linkonce.d.*)
 *(.rel.tdata .rel.tdata.* .rel.gnu.linkonce.td.*)
 *(.rela.tdata .rela.tdata.* .rela.gnu.linkonce.td.*)
 *(.rel.tbss .rel.tbss.* .rel.gnu.linkonce.tb.*)
 *(.rela.tbss .rela.tbss.* .rela.gnu.linkonce.tb.*)
 *(.rel.ctors)
 *(.rela.ctors)
 *(.rel.dtors)
 *(.rela.dtors)
 *(.rel.got)
 *(.rela.got)
 *(.rel.sdata .rel.sdata.* .rel.gnu.linkonce.s.*)
 *(.rela.sdata .rela.sdata.* .rela.gnu.linkonce.s.*)
 *(.rel.sbss .rel.sbss.* .rel.gnu.linkonce.sb.*)
 *(.rela.sbss .rela.sbss.* .rela.gnu.linkonce.sb.*)
 *(.rel.sdata2 .rel.sdata2.* .rel.gnu.linkonce.s2.*)
 *(.rela.sdata2 .rela.sdata2.* .rela.gnu.linkonce.s2.*)
 *(.rel.sbss2 .rel.sbss2.* .rel.gnu.linkonce.sb2.*)
 *(.rela.sbss2 .rela.sbss2.* .rela.gnu.linkonce.sb2.*)
 *(.rel.bss .rel.bss.* .rel.gnu.linkonce.b.*)
 *(.rela.bss .rela.bss.* .rela.gnu.linkonce.b.*)
 *(.rel.plt)
 *(.rela.plt)
 *(.rel.dyn)
 *(.init)
 *(.plt)
 *(.text .stub .text.* .gnu.linkonce.t.*)
 .text          0x00000000000081bc       0x3c ../MTL_bsp//obj/HAL/src/crt0.o
                0x00000000000081bc                _start
 .text          0x00000000000081f8      0x454 obj/default/main.o
                0x00000000000081f8                translateTouchData
                0x000000000000825c                sendMap
                0x0000000000008398                translateToTiles
                0x0000000000008404                manhattan
                0x0000000000008460                main
 .text          0x000000000000864c      0x12c /opt/altera_lite/15.1/nios2eds/bin/gnu/H-x86_64-pc-linux-gnu/bin/../lib/gcc/nios2-elf/4.9.2/mno-hw-mul/libgcc.a(lib2-divmod.o)
                0x00000000000086b8                __divsi3
                0x000000000000870c                __modsi3
                0x0000000000008768                __udivsi3
                0x0000000000008770                __umodsi3
 .text          0x0000000000008778        0x0 /opt/altera_lite/15.1/nios2eds/bin/gnu/H-x86_64-pc-linux-gnu/bin/../lib/gcc/nios2-elf/4.9.2/../../../../../H-x86_64-pc-linux-gnu/nios2-elf/lib/mno-hw-mul/libsmallc.a(lib_a-memcpy.o)
 .text.memcpy   0x0000000000008778       0x28 /opt/altera_lite/15.1/nios2eds/bin/gnu/H-x86_64-pc-linux-gnu/bin/../lib/gcc/nios2-elf/4.9.2/../../../../../H-x86_64-pc-linux-gnu/nios2-elf/lib/mno-hw-mul/libsmallc.a(lib_a-memcpy.o)
                0x0000000000008778                memcpy
 .text          0x00000000000087a0        0x0 /opt/altera_lite/15.1/nios2eds/bin/gnu/H-x86_64-pc-linux-gnu/bin/../lib/gcc/nios2-elf/4.9.2/../../../../../H-x86_64-pc-linux-gnu/nios2-elf/lib/mno-hw-mul/libsmallc.a(lib_a-printf.o)
 .text._printf_r
                0x00000000000087a0       0x3c /opt/altera_lite/15.1/nios2eds/bin/gnu/H-x86_64-pc-linux-gnu/bin/../lib/gcc/nios2-elf/4.9.2/../../../../../H-x86_64-pc-linux-gnu/nios2-elf/lib/mno-hw-mul/libsmallc.a(lib_a-printf.o)
                0x00000000000087a0                _printf_r
 .text.printf   0x00000000000087dc       0x4c /opt/altera_lite/15.1/nios2eds/bin/gnu/H-x86_64-pc-linux-gnu/bin/../lib/gcc/nios2-elf/4.9.2/../../../../../H-x86_64-pc-linux-gnu/nios2-elf/lib/mno-hw-mul/libsmallc.a(lib_a-printf.o)
                0x00000000000087dc                printf
 .text          0x0000000000008828        0x0 /opt/altera_lite/15.1/nios2eds/bin/gnu/H-x86_64-pc-linux-gnu/bin/../lib/gcc/nios2-elf/4.9.2/../../../../../H-x86_64-pc-linux-gnu/nios2-elf/lib/mno-hw-mul/libsmallc.a(lib_a-puts.o)
 .text._puts_r  0x0000000000008828       0x80 /opt/altera_lite/15.1/nios2eds/bin/gnu/H-x86_64-pc-linux-gnu/bin/../lib/gcc/nios2-elf/4.9.2/../../../../../H-x86_64-pc-linux-gnu/nios2-elf/lib/mno-hw-mul/libsmallc.a(lib_a-puts.o)
                0x0000000000008828                _puts_r
 .text.puts     0x00000000000088a8       0x14 /opt/altera_lite/15.1/nios2eds/bin/gnu/H-x86_64-pc-linux-gnu/bin/../lib/gcc/nios2-elf/4.9.2/../../../../../H-x86_64-pc-linux-gnu/nios2-elf/lib/mno-hw-mul/libsmallc.a(lib_a-puts.o)
                0x00000000000088a8                puts
 .text          0x00000000000088bc        0x0 /opt/altera_lite/15.1/nios2eds/bin/gnu/H-x86_64-pc-linux-gnu/bin/../lib/gcc/nios2-elf/4.9.2/../../../../../H-x86_64-pc-linux-gnu/nios2-elf/lib/mno-hw-mul/libsmallc.a(lib_a-strlen.o)
 .text.strlen   0x00000000000088bc       0x1c /opt/altera_lite/15.1/nios2eds/bin/gnu/H-x86_64-pc-linux-gnu/bin/../lib/gcc/nios2-elf/4.9.2/../../../../../H-x86_64-pc-linux-gnu/nios2-elf/lib/mno-hw-mul/libsmallc.a(lib_a-strlen.o)
                0x00000000000088bc                strlen
 .text          0x00000000000088d8        0x0 /opt/altera_lite/15.1/nios2eds/bin/gnu/H-x86_64-pc-linux-gnu/bin/../lib/gcc/nios2-elf/4.9.2/../../../../../H-x86_64-pc-linux-gnu/nios2-elf/lib/mno-hw-mul/libsmallc.a(lib_a-vfprintf.o)
 .text.print_repeat
                0x00000000000088d8       0x6c /opt/altera_lite/15.1/nios2eds/bin/gnu/H-x86_64-pc-linux-gnu/bin/../lib/gcc/nios2-elf/4.9.2/../../../../../H-x86_64-pc-linux-gnu/nios2-elf/lib/mno-hw-mul/libsmallc.a(lib_a-vfprintf.o)
 .text.___vfprintf_internal_r
                0x0000000000008944      0x56c /opt/altera_lite/15.1/nios2eds/bin/gnu/H-x86_64-pc-linux-gnu/bin/../lib/gcc/nios2-elf/4.9.2/../../../../../H-x86_64-pc-linux-gnu/nios2-elf/lib/mno-hw-mul/libsmallc.a(lib_a-vfprintf.o)
                0x0000000000008944                ___vfprintf_internal_r
 .text.__vfprintf_internal
                0x0000000000008eb0       0x24 /opt/altera_lite/15.1/nios2eds/bin/gnu/H-x86_64-pc-linux-gnu/bin/../lib/gcc/nios2-elf/4.9.2/../../../../../H-x86_64-pc-linux-gnu/nios2-elf/lib/mno-hw-mul/libsmallc.a(lib_a-vfprintf.o)
                0x0000000000008eb0                __vfprintf_internal
 .text          0x0000000000008ed4        0x0 /opt/altera_lite/15.1/nios2eds/bin/gnu/H-x86_64-pc-linux-gnu/bin/../lib/gcc/nios2-elf/4.9.2/../../../../../H-x86_64-pc-linux-gnu/nios2-elf/lib/mno-hw-mul/libsmallc.a(lib_a-fvwrite_small_dev.o)
 .text.__sfvwrite_small_dev
                0x0000000000008ed4       0xac /opt/altera_lite/15.1/nios2eds/bin/gnu/H-x86_64-pc-linux-gnu/bin/../lib/gcc/nios2-elf/4.9.2/../../../../../H-x86_64-pc-linux-gnu/nios2-elf/lib/mno-hw-mul/libsmallc.a(lib_a-fvwrite_small_dev.o)
                0x0000000000008ed4                __sfvwrite_small_dev
 .text          0x0000000000008f80        0x0 /opt/altera_lite/15.1/nios2eds/bin/gnu/H-x86_64-pc-linux-gnu/bin/../lib/gcc/nios2-elf/4.9.2/../../../../../H-x86_64-pc-linux-gnu/nios2-elf/lib/mno-hw-mul/libsmallc.a(lib_a-impure.o)
 .text          0x0000000000008f80        0x0 /opt/altera_lite/15.1/nios2eds/bin/gnu/H-x86_64-pc-linux-gnu/bin/../lib/gcc/nios2-elf/4.9.2/../../../../../H-x86_64-pc-linux-gnu/nios2-elf/lib/mno-hw-mul/libsmallc.a(lib_a-writer.o)
 .text._write_r
                0x0000000000008f80       0x58 /opt/altera_lite/15.1/nios2eds/bin/gnu/H-x86_64-pc-linux-gnu/bin/../lib/gcc/nios2-elf/4.9.2/../../../../../H-x86_64-pc-linux-gnu/nios2-elf/lib/mno-hw-mul/libsmallc.a(lib_a-writer.o)
                0x0000000000008f80                _write_r
 .text          0x0000000000008fd8        0x0 /opt/altera_lite/15.1/nios2eds/bin/gnu/H-x86_64-pc-linux-gnu/bin/../lib/gcc/nios2-elf/4.9.2/../../../../../H-x86_64-pc-linux-gnu/nios2-elf/lib/mno-hw-mul/libsmallc.a(lib_a-int_errno.o)
 .text          0x0000000000008fd8       0x28 /opt/altera_lite/15.1/nios2eds/bin/gnu/H-x86_64-pc-linux-gnu/bin/../lib/gcc/nios2-elf/4.9.2/mno-hw-mul/libgcc.a(lib2-mul.o)
                0x0000000000008fd8                __mulsi3
 .text          0x0000000000009000       0xe4 ../MTL_bsp//libhal_bsp.a(alt_load.o)
                0x0000000000009064                alt_load
 .text          0x00000000000090e4       0x68 ../MTL_bsp//libhal_bsp.a(alt_main.o)
                0x00000000000090e4                alt_main
 .text          0x000000000000914c      0x150 ../MTL_bsp//libhal_bsp.a(alt_write.o)
                0x000000000000919c                write
 .text          0x000000000000929c       0xb4 ../MTL_bsp//libhal_bsp.a(alt_sys_init.o)
                0x00000000000092d4                alt_irq_init
                0x0000000000009308                alt_sys_init
 .text          0x0000000000009350       0xc0 ../MTL_bsp//libhal_bsp.a(altera_avalon_jtag_uart_fd.o)
                0x0000000000009350                altera_avalon_jtag_uart_read_fd
                0x00000000000093b0                altera_avalon_jtag_uart_write_fd
 .text          0x0000000000009410       0xe4 ../MTL_bsp//libhal_bsp.a(altera_avalon_jtag_uart_read.o)
                0x0000000000009410                altera_avalon_jtag_uart_read
 .text          0x00000000000094f4       0x94 ../MTL_bsp//libhal_bsp.a(altera_avalon_jtag_uart_write.o)
                0x00000000000094f4                altera_avalon_jtag_uart_write
 .text          0x0000000000009588       0xfc ../MTL_bsp//libhal_bsp.a(altera_avalon_timer_sc.o)
                0x00000000000095fc                alt_avalon_timer_sc_init
 .text          0x0000000000009684      0x128 ../MTL_bsp//libhal_bsp.a(alt_close.o)
                0x00000000000096d4                close
 .text          0x00000000000097ac       0x1c ../MTL_bsp//libhal_bsp.a(alt_dcache_flush_all.o)
                0x00000000000097ac                alt_dcache_flush_all
 .text          0x00000000000097c8       0x2c ../MTL_bsp//libhal_bsp.a(alt_dev.o)
 .text          0x00000000000097f4       0xf4 ../MTL_bsp//libhal_bsp.a(alt_dev_llist_insert.o)
                0x0000000000009844                alt_dev_llist_insert
 .text          0x00000000000098e8        0x0 ../MTL_bsp//libhal_bsp.a(alt_errno.o)
 .text          0x00000000000098e8       0x1c ../MTL_bsp//libhal_bsp.a(alt_icache_flush_all.o)
                0x00000000000098e8                alt_icache_flush_all
 .text          0x0000000000009904      0x1e0 ../MTL_bsp//libhal_bsp.a(alt_iic.o)
                0x0000000000009904                alt_ic_isr_register
                0x0000000000009954                alt_ic_irq_enable
                0x00000000000099f4                alt_ic_irq_disable
                0x0000000000009a98                alt_ic_irq_enabled
 .text          0x0000000000009ae4       0xf0 ../MTL_bsp//libhal_bsp.a(alt_iic_isr_register.o)
                0x0000000000009ae4                alt_iic_isr_register
 .text          0x0000000000009bd4      0x158 ../MTL_bsp//libhal_bsp.a(alt_io_redirect.o)
                0x0000000000009cb4                alt_io_redirect
 .text          0x0000000000009d2c        0x0 ../MTL_bsp//libhal_bsp.a(alt_irq_entry.o)
 .text          0x0000000000009d2c        0x0 ../MTL_bsp//libhal_bsp.a(alt_irq_handler.o)
 .text          0x0000000000009d2c        0x0 ../MTL_bsp//libhal_bsp.a(alt_irq_vars.o)
 .text          0x0000000000009d2c      0x2a4 ../MTL_bsp//libhal_bsp.a(alt_open.o)
                0x0000000000009e70                open
 .text          0x0000000000009fd0       0x80 ../MTL_bsp//libhal_bsp.a(alt_release_fd.o)
                0x0000000000009fd0                alt_release_fd
 .text          0x000000000000a050      0x19c ../MTL_bsp//libhal_bsp.a(alt_tick.o)
                0x000000000000a050                alt_alarm_stop
                0x000000000000a0e8                alt_tick
 .text          0x000000000000a1ec       0x20 ../MTL_bsp//libhal_bsp.a(altera_nios2_gen2_irq.o)
                0x000000000000a1ec                altera_nios2_gen2_irq_init
 .text          0x000000000000a20c        0x0 ../MTL_bsp//libhal_bsp.a(alt_exception_entry.o)
 .text          0x000000000000a20c       0x90 ../MTL_bsp//libhal_bsp.a(alt_find_dev.o)
                0x000000000000a20c                alt_find_dev
 .text          0x000000000000a29c      0x114 ../MTL_bsp//libhal_bsp.a(alt_find_file.o)
                0x000000000000a29c                alt_find_file
 .text          0x000000000000a3b0       0xd4 ../MTL_bsp//libhal_bsp.a(alt_get_fd.o)
                0x000000000000a3b0                alt_get_fd
 .text          0x000000000000a484        0x0 /opt/altera_lite/15.1/nios2eds/bin/gnu/H-x86_64-pc-linux-gnu/bin/../lib/gcc/nios2-elf/4.9.2/../../../../../H-x86_64-pc-linux-gnu/nios2-elf/lib/mno-hw-mul/libsmallc.a(lib_a-exit.o)
 .text.exit     0x000000000000a484       0x20 /opt/altera_lite/15.1/nios2eds/bin/gnu/H-x86_64-pc-linux-gnu/bin/../lib/gcc/nios2-elf/4.9.2/../../../../../H-x86_64-pc-linux-gnu/nios2-elf/lib/mno-hw-mul/libsmallc.a(lib_a-exit.o)
                0x000000000000a484                exit
 .text          0x000000000000a4a4        0x0 /opt/altera_lite/15.1/nios2eds/bin/gnu/H-x86_64-pc-linux-gnu/bin/../lib/gcc/nios2-elf/4.9.2/../../../../../H-x86_64-pc-linux-gnu/nios2-elf/lib/mno-hw-mul/libsmallc.a(lib_a-memcmp.o)
 .text.memcmp   0x000000000000a4a4       0x30 /opt/altera_lite/15.1/nios2eds/bin/gnu/H-x86_64-pc-linux-gnu/bin/../lib/gcc/nios2-elf/4.9.2/../../../../../H-x86_64-pc-linux-gnu/nios2-elf/lib/mno-hw-mul/libsmallc.a(lib_a-memcmp.o)
                0x000000000000a4a4                memcmp
 .text          0x000000000000a4d4        0x0 /opt/altera_lite/15.1/nios2eds/bin/gnu/H-x86_64-pc-linux-gnu/bin/../lib/gcc/nios2-elf/4.9.2/../../../../../H-x86_64-pc-linux-gnu/nios2-elf/lib/mno-hw-mul/libsmallc.a(lib_a-__call_atexit.o)
 .text.__call_exitprocs
                0x000000000000a4d4      0x19c /opt/altera_lite/15.1/nios2eds/bin/gnu/H-x86_64-pc-linux-gnu/bin/../lib/gcc/nios2-elf/4.9.2/../../../../../H-x86_64-pc-linux-gnu/nios2-elf/lib/mno-hw-mul/libsmallc.a(lib_a-__call_atexit.o)
                0x000000000000a4d4                __call_exitprocs
 .text          0x000000000000a670       0x34 ../MTL_bsp//libhal_bsp.a(alt_exit.o)
                0x000000000000a670                _exit
 *(.gnu.warning.*)
 *(.fini)
                0x000000000000a6a4                PROVIDE (__etext, ABSOLUTE (.))
                0x000000000000a6a4                PROVIDE (_etext, ABSOLUTE (.))
                0x000000000000a6a4                PROVIDE (etext, ABSOLUTE (.))
 *(.eh_frame_hdr)
                0x000000000000a6a4                . = ALIGN (0x4)
                0x000000000000a6a4                PROVIDE (__preinit_array_start, ABSOLUTE (.))
 *(.preinit_array)
                0x000000000000a6a4                PROVIDE (__preinit_array_end, ABSOLUTE (.))
                0x000000000000a6a4                PROVIDE (__init_array_start, ABSOLUTE (.))
 *(.init_array)
                0x000000000000a6a4                PROVIDE (__init_array_end, ABSOLUTE (.))
                0x000000000000a6a4                PROVIDE (__fini_array_start, ABSOLUTE (.))
 *(.fini_array)
                0x000000000000a6a4                PROVIDE (__fini_array_end, ABSOLUTE (.))
 *(.eh_frame)
 *(.gcc_except_table .gcc_except_table.*)
 *(.dynamic)
                0x000000000000a6a4                PROVIDE (__CTOR_LIST__, ABSOLUTE (.))
 *(.ctors)
 *(SORT(.ctors.*))
                0x000000000000a6a4                PROVIDE (__CTOR_END__, ABSOLUTE (.))
                0x000000000000a6a4                PROVIDE (__DTOR_LIST__, ABSOLUTE (.))
 *(.dtors)
 *(SORT(.dtors.*))
                0x000000000000a6a4                PROVIDE (__DTOR_END__, ABSOLUTE (.))
 *(.jcr)
                0x000000000000a6a4                . = ALIGN (0x4)

.rodata         0x000000000000a6a4       0xec
                0x000000000000a6a4                PROVIDE (__ram_rodata_start, ABSOLUTE (.))
                0x000000000000a6a4                . = ALIGN (0x4)
 *(.rodata .rodata.* .gnu.linkonce.r.*)
 .rodata        0x000000000000a6a4       0xbc obj/default/main.o
 .rodata.str1.4
                0x000000000000a760        0x4 /opt/altera_lite/15.1/nios2eds/bin/gnu/H-x86_64-pc-linux-gnu/bin/../lib/gcc/nios2-elf/4.9.2/../../../../../H-x86_64-pc-linux-gnu/nios2-elf/lib/mno-hw-mul/libsmallc.a(lib_a-puts.o)
 .rodata        0x000000000000a764       0x10 ../MTL_bsp//libhal_bsp.a(alt_main.o)
 .rodata        0x000000000000a774       0x10 ../MTL_bsp//libhal_bsp.a(alt_sys_init.o)
 .rodata        0x000000000000a784        0xc ../MTL_bsp//libhal_bsp.a(alt_dev.o)
 *(.rodata1)
                0x000000000000a790                . = ALIGN (0x4)
                0x000000000000a790                PROVIDE (__ram_rodata_end, ABSOLUTE (.))
                0x000000000000a6a4                PROVIDE (__flash_rodata_start, LOADADDR (.rodata))

.rwdata         0x000000000000a790      0x2e0 load address 0x000000000000aa70
                0x000000000000a790                PROVIDE (__ram_rwdata_start, ABSOLUTE (.))
                0x000000000000a790                . = ALIGN (0x4)
 *(.got.plt)
 *(.got)
 *(.data1)
 *(.data .data.* .gnu.linkonce.d.*)
 .data          0x000000000000a790        0x0 ../MTL_bsp//obj/HAL/src/crt0.o
 .data          0x000000000000a790        0x0 obj/default/main.o
 .data          0x000000000000a790        0x0 /opt/altera_lite/15.1/nios2eds/bin/gnu/H-x86_64-pc-linux-gnu/bin/../lib/gcc/nios2-elf/4.9.2/mno-hw-mul/libgcc.a(lib2-divmod.o)
 .data          0x000000000000a790        0x0 /opt/altera_lite/15.1/nios2eds/bin/gnu/H-x86_64-pc-linux-gnu/bin/../lib/gcc/nios2-elf/4.9.2/../../../../../H-x86_64-pc-linux-gnu/nios2-elf/lib/mno-hw-mul/libsmallc.a(lib_a-memcpy.o)
 .data          0x000000000000a790        0x0 /opt/altera_lite/15.1/nios2eds/bin/gnu/H-x86_64-pc-linux-gnu/bin/../lib/gcc/nios2-elf/4.9.2/../../../../../H-x86_64-pc-linux-gnu/nios2-elf/lib/mno-hw-mul/libsmallc.a(lib_a-printf.o)
 .data          0x000000000000a790        0x0 /opt/altera_lite/15.1/nios2eds/bin/gnu/H-x86_64-pc-linux-gnu/bin/../lib/gcc/nios2-elf/4.9.2/../../../../../H-x86_64-pc-linux-gnu/nios2-elf/lib/mno-hw-mul/libsmallc.a(lib_a-puts.o)
 .data          0x000000000000a790        0x0 /opt/altera_lite/15.1/nios2eds/bin/gnu/H-x86_64-pc-linux-gnu/bin/../lib/gcc/nios2-elf/4.9.2/../../../../../H-x86_64-pc-linux-gnu/nios2-elf/lib/mno-hw-mul/libsmallc.a(lib_a-strlen.o)
 .data          0x000000000000a790        0x0 /opt/altera_lite/15.1/nios2eds/bin/gnu/H-x86_64-pc-linux-gnu/bin/../lib/gcc/nios2-elf/4.9.2/../../../../../H-x86_64-pc-linux-gnu/nios2-elf/lib/mno-hw-mul/libsmallc.a(lib_a-vfprintf.o)
 .data          0x000000000000a790        0x0 /opt/altera_lite/15.1/nios2eds/bin/gnu/H-x86_64-pc-linux-gnu/bin/../lib/gcc/nios2-elf/4.9.2/../../../../../H-x86_64-pc-linux-gnu/nios2-elf/lib/mno-hw-mul/libsmallc.a(lib_a-fvwrite_small_dev.o)
 .data          0x000000000000a790        0x0 /opt/altera_lite/15.1/nios2eds/bin/gnu/H-x86_64-pc-linux-gnu/bin/../lib/gcc/nios2-elf/4.9.2/../../../../../H-x86_64-pc-linux-gnu/nios2-elf/lib/mno-hw-mul/libsmallc.a(lib_a-impure.o)
 .data.impure_data
                0x000000000000a790       0xe0 /opt/altera_lite/15.1/nios2eds/bin/gnu/H-x86_64-pc-linux-gnu/bin/../lib/gcc/nios2-elf/4.9.2/../../../../../H-x86_64-pc-linux-gnu/nios2-elf/lib/mno-hw-mul/libsmallc.a(lib_a-impure.o)
 .data          0x000000000000a870        0x0 /opt/altera_lite/15.1/nios2eds/bin/gnu/H-x86_64-pc-linux-gnu/bin/../lib/gcc/nios2-elf/4.9.2/../../../../../H-x86_64-pc-linux-gnu/nios2-elf/lib/mno-hw-mul/libsmallc.a(lib_a-writer.o)
 .data          0x000000000000a870        0x0 /opt/altera_lite/15.1/nios2eds/bin/gnu/H-x86_64-pc-linux-gnu/bin/../lib/gcc/nios2-elf/4.9.2/../../../../../H-x86_64-pc-linux-gnu/nios2-elf/lib/mno-hw-mul/libsmallc.a(lib_a-int_errno.o)
 .data          0x000000000000a870        0x0 /opt/altera_lite/15.1/nios2eds/bin/gnu/H-x86_64-pc-linux-gnu/bin/../lib/gcc/nios2-elf/4.9.2/mno-hw-mul/libgcc.a(lib2-mul.o)
 .data          0x000000000000a870        0x0 ../MTL_bsp//libhal_bsp.a(alt_load.o)
 .data          0x000000000000a870        0x0 ../MTL_bsp//libhal_bsp.a(alt_main.o)
 .data          0x000000000000a870        0x0 ../MTL_bsp//libhal_bsp.a(alt_write.o)
 .data          0x000000000000a870       0x2c ../MTL_bsp//libhal_bsp.a(alt_sys_init.o)
 .data          0x000000000000a89c        0x0 ../MTL_bsp//libhal_bsp.a(altera_avalon_jtag_uart_fd.o)
 .data          0x000000000000a89c        0x0 ../MTL_bsp//libhal_bsp.a(altera_avalon_jtag_uart_read.o)
 .data          0x000000000000a89c        0x0 ../MTL_bsp//libhal_bsp.a(altera_avalon_jtag_uart_write.o)
 .data          0x000000000000a89c        0x0 ../MTL_bsp//libhal_bsp.a(altera_avalon_timer_sc.o)
 .data          0x000000000000a89c        0x0 ../MTL_bsp//libhal_bsp.a(alt_close.o)
 .data          0x000000000000a89c        0x0 ../MTL_bsp//libhal_bsp.a(alt_dcache_flush_all.o)
 .data          0x000000000000a89c      0x1a8 ../MTL_bsp//libhal_bsp.a(alt_dev.o)
                0x000000000000a89c                alt_dev_null
                0x000000000000a8c4                alt_fd_list
 .data          0x000000000000aa44        0x0 ../MTL_bsp//libhal_bsp.a(alt_dev_llist_insert.o)
 .data          0x000000000000aa44        0x0 ../MTL_bsp//libhal_bsp.a(alt_errno.o)
 .data          0x000000000000aa44        0x0 ../MTL_bsp//libhal_bsp.a(alt_icache_flush_all.o)
 .data          0x000000000000aa44        0x0 ../MTL_bsp//libhal_bsp.a(alt_iic.o)
 .data          0x000000000000aa44        0x0 ../MTL_bsp//libhal_bsp.a(alt_iic_isr_register.o)
 .data          0x000000000000aa44        0x0 ../MTL_bsp//libhal_bsp.a(alt_io_redirect.o)
 .data          0x000000000000aa44        0x0 ../MTL_bsp//libhal_bsp.a(alt_irq_entry.o)
 .data          0x000000000000aa44        0x0 ../MTL_bsp//libhal_bsp.a(alt_irq_handler.o)
 .data          0x000000000000aa44        0x0 ../MTL_bsp//libhal_bsp.a(alt_irq_vars.o)
 .data          0x000000000000aa44        0x0 ../MTL_bsp//libhal_bsp.a(alt_open.o)
 .data          0x000000000000aa44        0x0 ../MTL_bsp//libhal_bsp.a(alt_release_fd.o)
 .data          0x000000000000aa44        0x0 ../MTL_bsp//libhal_bsp.a(alt_tick.o)
 .data          0x000000000000aa44        0x0 ../MTL_bsp//libhal_bsp.a(altera_nios2_gen2_irq.o)
 .data          0x000000000000aa44        0x0 ../MTL_bsp//libhal_bsp.a(alt_exception_entry.o)
 .data          0x000000000000aa44        0x0 ../MTL_bsp//libhal_bsp.a(alt_find_dev.o)
 .data          0x000000000000aa44        0x0 ../MTL_bsp//libhal_bsp.a(alt_find_file.o)
 .data          0x000000000000aa44        0x0 ../MTL_bsp//libhal_bsp.a(alt_get_fd.o)
 .data          0x000000000000aa44        0x0 /opt/altera_lite/15.1/nios2eds/bin/gnu/H-x86_64-pc-linux-gnu/bin/../lib/gcc/nios2-elf/4.9.2/../../../../../H-x86_64-pc-linux-gnu/nios2-elf/lib/mno-hw-mul/libsmallc.a(lib_a-exit.o)
 .data          0x000000000000aa44        0x0 /opt/altera_lite/15.1/nios2eds/bin/gnu/H-x86_64-pc-linux-gnu/bin/../lib/gcc/nios2-elf/4.9.2/../../../../../H-x86_64-pc-linux-gnu/nios2-elf/lib/mno-hw-mul/libsmallc.a(lib_a-memcmp.o)
 .data          0x000000000000aa44        0x0 /opt/altera_lite/15.1/nios2eds/bin/gnu/H-x86_64-pc-linux-gnu/bin/../lib/gcc/nios2-elf/4.9.2/../../../../../H-x86_64-pc-linux-gnu/nios2-elf/lib/mno-hw-mul/libsmallc.a(lib_a-__call_atexit.o)
 .data          0x000000000000aa44        0x0 ../MTL_bsp//libhal_bsp.a(alt_exit.o)
                0x0000000000012a44                _gp = ABSOLUTE ((. + 0x8000))
                0x0000000000012a44                PROVIDE (gp, _gp)
 *(.rwdata .rwdata.*)
 *(.sdata .sdata.* .gnu.linkonce.s.*)
 .sdata._global_impure_ptr
                0x000000000000aa44        0x4 /opt/altera_lite/15.1/nios2eds/bin/gnu/H-x86_64-pc-linux-gnu/bin/../lib/gcc/nios2-elf/4.9.2/../../../../../H-x86_64-pc-linux-gnu/nios2-elf/lib/mno-hw-mul/libsmallc.a(lib_a-impure.o)
                0x000000000000aa44                _global_impure_ptr
 .sdata._impure_ptr
                0x000000000000aa48        0x4 /opt/altera_lite/15.1/nios2eds/bin/gnu/H-x86_64-pc-linux-gnu/bin/../lib/gcc/nios2-elf/4.9.2/../../../../../H-x86_64-pc-linux-gnu/nios2-elf/lib/mno-hw-mul/libsmallc.a(lib_a-impure.o)
                0x000000000000aa48                _impure_ptr
 .sdata         0x000000000000aa4c       0x14 ../MTL_bsp//libhal_bsp.a(alt_dev.o)
                0x000000000000aa4c                alt_fs_list
                0x000000000000aa54                alt_dev_list
                0x000000000000aa5c                alt_max_fd
 .sdata         0x000000000000aa60        0x4 ../MTL_bsp//libhal_bsp.a(alt_errno.o)
                0x000000000000aa60                alt_errno
 .sdata         0x000000000000aa64        0x4 ../MTL_bsp//libhal_bsp.a(alt_irq_vars.o)
                0x000000000000aa64                alt_priority_mask
 .sdata         0x000000000000aa68        0x8 ../MTL_bsp//libhal_bsp.a(alt_tick.o)
                0x000000000000aa68                alt_alarm_list
 *(.sdata2 .sdata2.* .gnu.linkonce.s2.*)
                0x000000000000aa70                . = ALIGN (0x4)
                0x000000000000aa70                _edata = ABSOLUTE (.)
                0x000000000000aa70                PROVIDE (edata, ABSOLUTE (.))
                0x000000000000aa70                PROVIDE (__ram_rwdata_end, ABSOLUTE (.))
                0x000000000000aa70                PROVIDE (__flash_rwdata_start, LOADADDR (.rwdata))

.bss            0x000000000000ad50      0x11c
                0x000000000000ad50                __bss_start = ABSOLUTE (.)
                0x000000000000ad50                PROVIDE (__sbss_start, ABSOLUTE (.))
                0x000000000000ad50                PROVIDE (___sbss_start, ABSOLUTE (.))
 *(.dynsbss)
 *(.sbss .sbss.* .gnu.linkonce.sb.*)
 .sbss          0x000000000000ad50        0x4 /opt/altera_lite/15.1/nios2eds/bin/gnu/H-x86_64-pc-linux-gnu/bin/../lib/gcc/nios2-elf/4.9.2/../../../../../H-x86_64-pc-linux-gnu/nios2-elf/lib/mno-hw-mul/libsmallc.a(lib_a-int_errno.o)
                0x000000000000ad50                errno
 .sbss          0x000000000000ad54        0xc ../MTL_bsp//libhal_bsp.a(alt_main.o)
                0x000000000000ad54                alt_argc
                0x000000000000ad58                alt_argv
                0x000000000000ad5c                alt_envp
 .sbss          0x000000000000ad60        0x4 ../MTL_bsp//libhal_bsp.a(alt_irq_vars.o)
                0x000000000000ad60                alt_irq_active
 .sbss          0x000000000000ad64        0x8 ../MTL_bsp//libhal_bsp.a(alt_tick.o)
                0x000000000000ad64                _alt_tick_rate
                0x000000000000ad68                _alt_nticks
 *(.sbss2 .sbss2.* .gnu.linkonce.sb2.*)
 *(.scommon)
                0x000000000000ad6c                PROVIDE (__sbss_end, ABSOLUTE (.))
                0x000000000000ad6c                PROVIDE (___sbss_end, ABSOLUTE (.))
 *(.dynbss)
 *(.bss .bss.* .gnu.linkonce.b.*)
 .bss           0x000000000000ad6c        0x0 ../MTL_bsp//obj/HAL/src/crt0.o
 .bss           0x000000000000ad6c        0x0 obj/default/main.o
 .bss           0x000000000000ad6c        0x0 /opt/altera_lite/15.1/nios2eds/bin/gnu/H-x86_64-pc-linux-gnu/bin/../lib/gcc/nios2-elf/4.9.2/mno-hw-mul/libgcc.a(lib2-divmod.o)
 .bss           0x000000000000ad6c        0x0 /opt/altera_lite/15.1/nios2eds/bin/gnu/H-x86_64-pc-linux-gnu/bin/../lib/gcc/nios2-elf/4.9.2/../../../../../H-x86_64-pc-linux-gnu/nios2-elf/lib/mno-hw-mul/libsmallc.a(lib_a-memcpy.o)
 .bss           0x000000000000ad6c        0x0 /opt/altera_lite/15.1/nios2eds/bin/gnu/H-x86_64-pc-linux-gnu/bin/../lib/gcc/nios2-elf/4.9.2/../../../../../H-x86_64-pc-linux-gnu/nios2-elf/lib/mno-hw-mul/libsmallc.a(lib_a-printf.o)
 .bss           0x000000000000ad6c        0x0 /opt/altera_lite/15.1/nios2eds/bin/gnu/H-x86_64-pc-linux-gnu/bin/../lib/gcc/nios2-elf/4.9.2/../../../../../H-x86_64-pc-linux-gnu/nios2-elf/lib/mno-hw-mul/libsmallc.a(lib_a-puts.o)
 .bss           0x000000000000ad6c        0x0 /opt/altera_lite/15.1/nios2eds/bin/gnu/H-x86_64-pc-linux-gnu/bin/../lib/gcc/nios2-elf/4.9.2/../../../../../H-x86_64-pc-linux-gnu/nios2-elf/lib/mno-hw-mul/libsmallc.a(lib_a-strlen.o)
 .bss           0x000000000000ad6c        0x0 /opt/altera_lite/15.1/nios2eds/bin/gnu/H-x86_64-pc-linux-gnu/bin/../lib/gcc/nios2-elf/4.9.2/../../../../../H-x86_64-pc-linux-gnu/nios2-elf/lib/mno-hw-mul/libsmallc.a(lib_a-vfprintf.o)
 .bss           0x000000000000ad6c        0x0 /opt/altera_lite/15.1/nios2eds/bin/gnu/H-x86_64-pc-linux-gnu/bin/../lib/gcc/nios2-elf/4.9.2/../../../../../H-x86_64-pc-linux-gnu/nios2-elf/lib/mno-hw-mul/libsmallc.a(lib_a-fvwrite_small_dev.o)
 .bss           0x000000000000ad6c        0x0 /opt/altera_lite/15.1/nios2eds/bin/gnu/H-x86_64-pc-linux-gnu/bin/../lib/gcc/nios2-elf/4.9.2/../../../../../H-x86_64-pc-linux-gnu/nios2-elf/lib/mno-hw-mul/libsmallc.a(lib_a-impure.o)
 .bss           0x000000000000ad6c        0x0 /opt/altera_lite/15.1/nios2eds/bin/gnu/H-x86_64-pc-linux-gnu/bin/../lib/gcc/nios2-elf/4.9.2/../../../../../H-x86_64-pc-linux-gnu/nios2-elf/lib/mno-hw-mul/libsmallc.a(lib_a-writer.o)
 .bss           0x000000000000ad6c        0x0 /opt/altera_lite/15.1/nios2eds/bin/gnu/H-x86_64-pc-linux-gnu/bin/../lib/gcc/nios2-elf/4.9.2/../../../../../H-x86_64-pc-linux-gnu/nios2-elf/lib/mno-hw-mul/libsmallc.a(lib_a-int_errno.o)
 .bss           0x000000000000ad6c        0x0 /opt/altera_lite/15.1/nios2eds/bin/gnu/H-x86_64-pc-linux-gnu/bin/../lib/gcc/nios2-elf/4.9.2/mno-hw-mul/libgcc.a(lib2-mul.o)
 .bss           0x000000000000ad6c        0x0 ../MTL_bsp//libhal_bsp.a(alt_load.o)
 .bss           0x000000000000ad6c        0x0 ../MTL_bsp//libhal_bsp.a(alt_main.o)
 .bss           0x000000000000ad6c        0x0 ../MTL_bsp//libhal_bsp.a(alt_write.o)
 .bss           0x000000000000ad6c        0x0 ../MTL_bsp//libhal_bsp.a(alt_sys_init.o)
 .bss           0x000000000000ad6c        0x0 ../MTL_bsp//libhal_bsp.a(altera_avalon_jtag_uart_fd.o)
 .bss           0x000000000000ad6c        0x0 ../MTL_bsp//libhal_bsp.a(altera_avalon_jtag_uart_read.o)
 .bss           0x000000000000ad6c        0x0 ../MTL_bsp//libhal_bsp.a(altera_avalon_jtag_uart_write.o)
 .bss           0x000000000000ad6c        0x0 ../MTL_bsp//libhal_bsp.a(altera_avalon_timer_sc.o)
 .bss           0x000000000000ad6c        0x0 ../MTL_bsp//libhal_bsp.a(alt_close.o)
 .bss           0x000000000000ad6c        0x0 ../MTL_bsp//libhal_bsp.a(alt_dcache_flush_all.o)
 .bss           0x000000000000ad6c        0x0 ../MTL_bsp//libhal_bsp.a(alt_dev.o)
 .bss           0x000000000000ad6c        0x0 ../MTL_bsp//libhal_bsp.a(alt_dev_llist_insert.o)
 .bss           0x000000000000ad6c        0x0 ../MTL_bsp//libhal_bsp.a(alt_errno.o)
 .bss           0x000000000000ad6c        0x0 ../MTL_bsp//libhal_bsp.a(alt_icache_flush_all.o)
 .bss           0x000000000000ad6c        0x0 ../MTL_bsp//libhal_bsp.a(alt_iic.o)
 .bss           0x000000000000ad6c        0x0 ../MTL_bsp//libhal_bsp.a(alt_iic_isr_register.o)
 .bss           0x000000000000ad6c        0x0 ../MTL_bsp//libhal_bsp.a(alt_io_redirect.o)
 .bss           0x000000000000ad6c        0x0 ../MTL_bsp//libhal_bsp.a(alt_irq_entry.o)
 .bss           0x000000000000ad6c        0x0 ../MTL_bsp//libhal_bsp.a(alt_irq_handler.o)
 .bss           0x000000000000ad6c        0x0 ../MTL_bsp//libhal_bsp.a(alt_irq_vars.o)
 .bss           0x000000000000ad6c        0x0 ../MTL_bsp//libhal_bsp.a(alt_open.o)
 .bss           0x000000000000ad6c        0x0 ../MTL_bsp//libhal_bsp.a(alt_release_fd.o)
 .bss           0x000000000000ad6c        0x0 ../MTL_bsp//libhal_bsp.a(alt_tick.o)
 .bss           0x000000000000ad6c        0x0 ../MTL_bsp//libhal_bsp.a(altera_nios2_gen2_irq.o)
 .bss           0x000000000000ad6c        0x0 ../MTL_bsp//libhal_bsp.a(alt_exception_entry.o)
 .bss           0x000000000000ad6c        0x0 ../MTL_bsp//libhal_bsp.a(alt_find_dev.o)
 .bss           0x000000000000ad6c        0x0 ../MTL_bsp//libhal_bsp.a(alt_find_file.o)
 .bss           0x000000000000ad6c        0x0 ../MTL_bsp//libhal_bsp.a(alt_get_fd.o)
 .bss           0x000000000000ad6c        0x0 /opt/altera_lite/15.1/nios2eds/bin/gnu/H-x86_64-pc-linux-gnu/bin/../lib/gcc/nios2-elf/4.9.2/../../../../../H-x86_64-pc-linux-gnu/nios2-elf/lib/mno-hw-mul/libsmallc.a(lib_a-exit.o)
 .bss           0x000000000000ad6c        0x0 /opt/altera_lite/15.1/nios2eds/bin/gnu/H-x86_64-pc-linux-gnu/bin/../lib/gcc/nios2-elf/4.9.2/../../../../../H-x86_64-pc-linux-gnu/nios2-elf/lib/mno-hw-mul/libsmallc.a(lib_a-memcmp.o)
 .bss           0x000000000000ad6c        0x0 /opt/altera_lite/15.1/nios2eds/bin/gnu/H-x86_64-pc-linux-gnu/bin/../lib/gcc/nios2-elf/4.9.2/../../../../../H-x86_64-pc-linux-gnu/nios2-elf/lib/mno-hw-mul/libsmallc.a(lib_a-__call_atexit.o)
 .bss           0x000000000000ad6c        0x0 ../MTL_bsp//libhal_bsp.a(alt_exit.o)
 *(COMMON)
 COMMON         0x000000000000ad6c      0x100 ../MTL_bsp//libhal_bsp.a(alt_irq_handler.o)
                0x000000000000ad6c                alt_irq
                0x000000000000ae6c                . = ALIGN (0x4)
                0x000000000000ae6c                __bss_end = ABSOLUTE (.)

.mem            0x000000000000ae6c        0x0
                0x000000000000ae6c                PROVIDE (_alt_partition_mem_start, ABSOLUTE (.))
 *(.mem .mem. mem.*)
                0x000000000000ae6c                . = ALIGN (0x4)
                0x000000000000ae6c                PROVIDE (_alt_partition_mem_end, ABSOLUTE (.))
                0x000000000000ae6c                _end = ABSOLUTE (.)
                0x000000000000ae6c                end = ABSOLUTE (.)
                0x000000000000ae6c                __alt_stack_base = ABSOLUTE (.)
                0x000000000000ae6c                PROVIDE (_alt_partition_mem_load_addr, LOADADDR (.mem))

.stab
 *(.stab)

.stabstr
 *(.stabstr)

.stab.excl
 *(.stab.excl)

.stab.exclstr
 *(.stab.exclstr)

.stab.index
 *(.stab.index)

.stab.indexstr
 *(.stab.indexstr)

.comment        0x0000000000000000       0x23
 *(.comment)
 .comment       0x0000000000000000       0x23 obj/default/main.o
                                         0x24 (size before relaxing)
 .comment       0x0000000000000000       0x24 /opt/altera_lite/15.1/nios2eds/bin/gnu/H-x86_64-pc-linux-gnu/bin/../lib/gcc/nios2-elf/4.9.2/mno-hw-mul/libgcc.a(lib2-divmod.o)
 .comment       0x0000000000000000       0x24 /opt/altera_lite/15.1/nios2eds/bin/gnu/H-x86_64-pc-linux-gnu/bin/../lib/gcc/nios2-elf/4.9.2/../../../../../H-x86_64-pc-linux-gnu/nios2-elf/lib/mno-hw-mul/libsmallc.a(lib_a-memcpy.o)
 .comment       0x0000000000000000       0x24 /opt/altera_lite/15.1/nios2eds/bin/gnu/H-x86_64-pc-linux-gnu/bin/../lib/gcc/nios2-elf/4.9.2/../../../../../H-x86_64-pc-linux-gnu/nios2-elf/lib/mno-hw-mul/libsmallc.a(lib_a-printf.o)
 .comment       0x0000000000000000       0x24 /opt/altera_lite/15.1/nios2eds/bin/gnu/H-x86_64-pc-linux-gnu/bin/../lib/gcc/nios2-elf/4.9.2/../../../../../H-x86_64-pc-linux-gnu/nios2-elf/lib/mno-hw-mul/libsmallc.a(lib_a-puts.o)
 .comment       0x0000000000000000       0x24 /opt/altera_lite/15.1/nios2eds/bin/gnu/H-x86_64-pc-linux-gnu/bin/../lib/gcc/nios2-elf/4.9.2/../../../../../H-x86_64-pc-linux-gnu/nios2-elf/lib/mno-hw-mul/libsmallc.a(lib_a-strlen.o)
 .comment       0x0000000000000000       0x24 /opt/altera_lite/15.1/nios2eds/bin/gnu/H-x86_64-pc-linux-gnu/bin/../lib/gcc/nios2-elf/4.9.2/../../../../../H-x86_64-pc-linux-gnu/nios2-elf/lib/mno-hw-mul/libsmallc.a(lib_a-vfprintf.o)
 .comment       0x0000000000000000       0x24 /opt/altera_lite/15.1/nios2eds/bin/gnu/H-x86_64-pc-linux-gnu/bin/../lib/gcc/nios2-elf/4.9.2/../../../../../H-x86_64-pc-linux-gnu/nios2-elf/lib/mno-hw-mul/libsmallc.a(lib_a-fvwrite_small_dev.o)
 .comment       0x0000000000000000       0x24 /opt/altera_lite/15.1/nios2eds/bin/gnu/H-x86_64-pc-linux-gnu/bin/../lib/gcc/nios2-elf/4.9.2/../../../../../H-x86_64-pc-linux-gnu/nios2-elf/lib/mno-hw-mul/libsmallc.a(lib_a-impure.o)
 .comment       0x0000000000000000       0x24 /opt/altera_lite/15.1/nios2eds/bin/gnu/H-x86_64-pc-linux-gnu/bin/../lib/gcc/nios2-elf/4.9.2/../../../../../H-x86_64-pc-linux-gnu/nios2-elf/lib/mno-hw-mul/libsmallc.a(lib_a-writer.o)
 .comment       0x0000000000000000       0x24 /opt/altera_lite/15.1/nios2eds/bin/gnu/H-x86_64-pc-linux-gnu/bin/../lib/gcc/nios2-elf/4.9.2/../../../../../H-x86_64-pc-linux-gnu/nios2-elf/lib/mno-hw-mul/libsmallc.a(lib_a-int_errno.o)
 .comment       0x0000000000000000       0x24 /opt/altera_lite/15.1/nios2eds/bin/gnu/H-x86_64-pc-linux-gnu/bin/../lib/gcc/nios2-elf/4.9.2/mno-hw-mul/libgcc.a(lib2-mul.o)
 .comment       0x0000000000000000       0x24 ../MTL_bsp//libhal_bsp.a(alt_load.o)
 .comment       0x0000000000000000       0x24 ../MTL_bsp//libhal_bsp.a(alt_main.o)
 .comment       0x0000000000000000       0x24 ../MTL_bsp//libhal_bsp.a(alt_write.o)
 .comment       0x0000000000000000       0x24 ../MTL_bsp//libhal_bsp.a(alt_sys_init.o)
 .comment       0x0000000000000000       0x24 ../MTL_bsp//libhal_bsp.a(altera_avalon_jtag_uart_fd.o)
 .comment       0x0000000000000000       0x24 ../MTL_bsp//libhal_bsp.a(altera_avalon_jtag_uart_read.o)
 .comment       0x0000000000000000       0x24 ../MTL_bsp//libhal_bsp.a(altera_avalon_jtag_uart_write.o)
 .comment       0x0000000000000000       0x24 ../MTL_bsp//libhal_bsp.a(altera_avalon_timer_sc.o)
 .comment       0x0000000000000000       0x24 ../MTL_bsp//libhal_bsp.a(alt_close.o)
 .comment       0x0000000000000000       0x24 ../MTL_bsp//libhal_bsp.a(alt_dcache_flush_all.o)
 .comment       0x0000000000000000       0x24 ../MTL_bsp//libhal_bsp.a(alt_dev.o)
 .comment       0x0000000000000000       0x24 ../MTL_bsp//libhal_bsp.a(alt_dev_llist_insert.o)
 .comment       0x0000000000000000       0x24 ../MTL_bsp//libhal_bsp.a(alt_errno.o)
 .comment       0x0000000000000000       0x24 ../MTL_bsp//libhal_bsp.a(alt_icache_flush_all.o)
 .comment       0x0000000000000000       0x24 ../MTL_bsp//libhal_bsp.a(alt_iic.o)
 .comment       0x0000000000000000       0x24 ../MTL_bsp//libhal_bsp.a(alt_iic_isr_register.o)
 .comment       0x0000000000000000       0x24 ../MTL_bsp//libhal_bsp.a(alt_io_redirect.o)
 .comment       0x0000000000000000       0x24 ../MTL_bsp//libhal_bsp.a(alt_irq_handler.o)
 .comment       0x0000000000000000       0x24 ../MTL_bsp//libhal_bsp.a(alt_irq_vars.o)
 .comment       0x0000000000000000       0x24 ../MTL_bsp//libhal_bsp.a(alt_open.o)
 .comment       0x0000000000000000       0x24 ../MTL_bsp//libhal_bsp.a(alt_release_fd.o)
 .comment       0x0000000000000000       0x24 ../MTL_bsp//libhal_bsp.a(alt_tick.o)
 .comment       0x0000000000000000       0x24 ../MTL_bsp//libhal_bsp.a(altera_nios2_gen2_irq.o)
 .comment       0x0000000000000000       0x24 ../MTL_bsp//libhal_bsp.a(alt_find_dev.o)
 .comment       0x0000000000000000       0x24 ../MTL_bsp//libhal_bsp.a(alt_find_file.o)
 .comment       0x0000000000000000       0x24 ../MTL_bsp//libhal_bsp.a(alt_get_fd.o)
 .comment       0x0000000000000000       0x24 /opt/altera_lite/15.1/nios2eds/bin/gnu/H-x86_64-pc-linux-gnu/bin/../lib/gcc/nios2-elf/4.9.2/../../../../../H-x86_64-pc-linux-gnu/nios2-elf/lib/mno-hw-mul/libsmallc.a(lib_a-exit.o)
 .comment       0x0000000000000000       0x24 /opt/altera_lite/15.1/nios2eds/bin/gnu/H-x86_64-pc-linux-gnu/bin/../lib/gcc/nios2-elf/4.9.2/../../../../../H-x86_64-pc-linux-gnu/nios2-elf/lib/mno-hw-mul/libsmallc.a(lib_a-memcmp.o)
 .comment       0x0000000000000000       0x24 /opt/altera_lite/15.1/nios2eds/bin/gnu/H-x86_64-pc-linux-gnu/bin/../lib/gcc/nios2-elf/4.9.2/../../../../../H-x86_64-pc-linux-gnu/nios2-elf/lib/mno-hw-mul/libsmallc.a(lib_a-__call_atexit.o)
 .comment       0x0000000000000000       0x24 ../MTL_bsp//libhal_bsp.a(alt_exit.o)

.debug
 *(.debug)

.line
 *(.line)

.debug_srcinfo
 *(.debug_srcinfo)

.debug_sfnames
 *(.debug_sfnames)

.debug_aranges  0x0000000000000000      0x5d0
 *(.debug_aranges)
 .debug_aranges
                0x0000000000000000       0x28 ../MTL_bsp//obj/HAL/src/crt0.o
 .debug_aranges
                0x0000000000000028       0x20 obj/default/main.o
 .debug_aranges
                0x0000000000000048       0x20 /opt/altera_lite/15.1/nios2eds/bin/gnu/H-x86_64-pc-linux-gnu/bin/../lib/gcc/nios2-elf/4.9.2/mno-hw-mul/libgcc.a(lib2-divmod.o)
 .debug_aranges
                0x0000000000000068       0x20 /opt/altera_lite/15.1/nios2eds/bin/gnu/H-x86_64-pc-linux-gnu/bin/../lib/gcc/nios2-elf/4.9.2/../../../../../H-x86_64-pc-linux-gnu/nios2-elf/lib/mno-hw-mul/libsmallc.a(lib_a-memcpy.o)
 .debug_aranges
                0x0000000000000088       0x28 /opt/altera_lite/15.1/nios2eds/bin/gnu/H-x86_64-pc-linux-gnu/bin/../lib/gcc/nios2-elf/4.9.2/../../../../../H-x86_64-pc-linux-gnu/nios2-elf/lib/mno-hw-mul/libsmallc.a(lib_a-printf.o)
 .debug_aranges
                0x00000000000000b0       0x28 /opt/altera_lite/15.1/nios2eds/bin/gnu/H-x86_64-pc-linux-gnu/bin/../lib/gcc/nios2-elf/4.9.2/../../../../../H-x86_64-pc-linux-gnu/nios2-elf/lib/mno-hw-mul/libsmallc.a(lib_a-puts.o)
 .debug_aranges
                0x00000000000000d8       0x20 /opt/altera_lite/15.1/nios2eds/bin/gnu/H-x86_64-pc-linux-gnu/bin/../lib/gcc/nios2-elf/4.9.2/../../../../../H-x86_64-pc-linux-gnu/nios2-elf/lib/mno-hw-mul/libsmallc.a(lib_a-strlen.o)
 .debug_aranges
                0x00000000000000f8       0x30 /opt/altera_lite/15.1/nios2eds/bin/gnu/H-x86_64-pc-linux-gnu/bin/../lib/gcc/nios2-elf/4.9.2/../../../../../H-x86_64-pc-linux-gnu/nios2-elf/lib/mno-hw-mul/libsmallc.a(lib_a-vfprintf.o)
 .debug_aranges
                0x0000000000000128       0x20 /opt/altera_lite/15.1/nios2eds/bin/gnu/H-x86_64-pc-linux-gnu/bin/../lib/gcc/nios2-elf/4.9.2/../../../../../H-x86_64-pc-linux-gnu/nios2-elf/lib/mno-hw-mul/libsmallc.a(lib_a-fvwrite_small_dev.o)
 .debug_aranges
                0x0000000000000148       0x18 /opt/altera_lite/15.1/nios2eds/bin/gnu/H-x86_64-pc-linux-gnu/bin/../lib/gcc/nios2-elf/4.9.2/../../../../../H-x86_64-pc-linux-gnu/nios2-elf/lib/mno-hw-mul/libsmallc.a(lib_a-impure.o)
 .debug_aranges
                0x0000000000000160       0x20 /opt/altera_lite/15.1/nios2eds/bin/gnu/H-x86_64-pc-linux-gnu/bin/../lib/gcc/nios2-elf/4.9.2/../../../../../H-x86_64-pc-linux-gnu/nios2-elf/lib/mno-hw-mul/libsmallc.a(lib_a-writer.o)
 .debug_aranges
                0x0000000000000180       0x18 /opt/altera_lite/15.1/nios2eds/bin/gnu/H-x86_64-pc-linux-gnu/bin/../lib/gcc/nios2-elf/4.9.2/../../../../../H-x86_64-pc-linux-gnu/nios2-elf/lib/mno-hw-mul/libsmallc.a(lib_a-int_errno.o)
 .debug_aranges
                0x0000000000000198       0x20 /opt/altera_lite/15.1/nios2eds/bin/gnu/H-x86_64-pc-linux-gnu/bin/../lib/gcc/nios2-elf/4.9.2/mno-hw-mul/libgcc.a(lib2-mul.o)
 .debug_aranges
                0x00000000000001b8       0x20 ../MTL_bsp//libhal_bsp.a(alt_load.o)
 .debug_aranges
                0x00000000000001d8       0x20 ../MTL_bsp//libhal_bsp.a(alt_main.o)
 .debug_aranges
                0x00000000000001f8       0x20 ../MTL_bsp//libhal_bsp.a(alt_write.o)
 .debug_aranges
                0x0000000000000218       0x20 ../MTL_bsp//libhal_bsp.a(alt_sys_init.o)
 .debug_aranges
                0x0000000000000238       0x20 ../MTL_bsp//libhal_bsp.a(altera_avalon_jtag_uart_fd.o)
 .debug_aranges
                0x0000000000000258       0x20 ../MTL_bsp//libhal_bsp.a(altera_avalon_jtag_uart_read.o)
 .debug_aranges
                0x0000000000000278       0x20 ../MTL_bsp//libhal_bsp.a(altera_avalon_jtag_uart_write.o)
 .debug_aranges
                0x0000000000000298       0x20 ../MTL_bsp//libhal_bsp.a(altera_avalon_timer_sc.o)
 .debug_aranges
                0x00000000000002b8       0x20 ../MTL_bsp//libhal_bsp.a(alt_close.o)
 .debug_aranges
                0x00000000000002d8       0x20 ../MTL_bsp//libhal_bsp.a(alt_dcache_flush_all.o)
 .debug_aranges
                0x00000000000002f8       0x20 ../MTL_bsp//libhal_bsp.a(alt_dev.o)
 .debug_aranges
                0x0000000000000318       0x20 ../MTL_bsp//libhal_bsp.a(alt_dev_llist_insert.o)
 .debug_aranges
                0x0000000000000338       0x18 ../MTL_bsp//libhal_bsp.a(alt_errno.o)
 .debug_aranges
                0x0000000000000350       0x20 ../MTL_bsp//libhal_bsp.a(alt_icache_flush_all.o)
 .debug_aranges
                0x0000000000000370       0x20 ../MTL_bsp//libhal_bsp.a(alt_iic.o)
 .debug_aranges
                0x0000000000000390       0x20 ../MTL_bsp//libhal_bsp.a(alt_iic_isr_register.o)
 .debug_aranges
                0x00000000000003b0       0x20 ../MTL_bsp//libhal_bsp.a(alt_io_redirect.o)
 .debug_aranges
                0x00000000000003d0       0x30 ../MTL_bsp//libhal_bsp.a(alt_irq_entry.o)
 .debug_aranges
                0x0000000000000400       0x20 ../MTL_bsp//libhal_bsp.a(alt_irq_handler.o)
 .debug_aranges
                0x0000000000000420       0x18 ../MTL_bsp//libhal_bsp.a(alt_irq_vars.o)
 .debug_aranges
                0x0000000000000438       0x20 ../MTL_bsp//libhal_bsp.a(alt_open.o)
 .debug_aranges
                0x0000000000000458       0x20 ../MTL_bsp//libhal_bsp.a(alt_release_fd.o)
 .debug_aranges
                0x0000000000000478       0x20 ../MTL_bsp//libhal_bsp.a(alt_tick.o)
 .debug_aranges
                0x0000000000000498       0x20 ../MTL_bsp//libhal_bsp.a(altera_nios2_gen2_irq.o)
 .debug_aranges
                0x00000000000004b8       0x38 ../MTL_bsp//libhal_bsp.a(alt_exception_entry.o)
 .debug_aranges
                0x00000000000004f0       0x20 ../MTL_bsp//libhal_bsp.a(alt_find_dev.o)
 .debug_aranges
                0x0000000000000510       0x20 ../MTL_bsp//libhal_bsp.a(alt_find_file.o)
 .debug_aranges
                0x0000000000000530       0x20 ../MTL_bsp//libhal_bsp.a(alt_get_fd.o)
 .debug_aranges
                0x0000000000000550       0x20 /opt/altera_lite/15.1/nios2eds/bin/gnu/H-x86_64-pc-linux-gnu/bin/../lib/gcc/nios2-elf/4.9.2/../../../../../H-x86_64-pc-linux-gnu/nios2-elf/lib/mno-hw-mul/libsmallc.a(lib_a-exit.o)
 .debug_aranges
                0x0000000000000570       0x20 /opt/altera_lite/15.1/nios2eds/bin/gnu/H-x86_64-pc-linux-gnu/bin/../lib/gcc/nios2-elf/4.9.2/../../../../../H-x86_64-pc-linux-gnu/nios2-elf/lib/mno-hw-mul/libsmallc.a(lib_a-memcmp.o)
 .debug_aranges
                0x0000000000000590       0x20 /opt/altera_lite/15.1/nios2eds/bin/gnu/H-x86_64-pc-linux-gnu/bin/../lib/gcc/nios2-elf/4.9.2/../../../../../H-x86_64-pc-linux-gnu/nios2-elf/lib/mno-hw-mul/libsmallc.a(lib_a-__call_atexit.o)
 .debug_aranges
                0x00000000000005b0       0x20 ../MTL_bsp//libhal_bsp.a(alt_exit.o)

.debug_pubnames
 *(.debug_pubnames)

.debug_info     0x0000000000000000     0x7b02
 *(.debug_info .gnu.linkonce.wi.*)
 .debug_info    0x0000000000000000       0x89 ../MTL_bsp//obj/HAL/src/crt0.o
 .debug_info    0x0000000000000089      0x310 obj/default/main.o
 .debug_info    0x0000000000000399      0x234 /opt/altera_lite/15.1/nios2eds/bin/gnu/H-x86_64-pc-linux-gnu/bin/../lib/gcc/nios2-elf/4.9.2/mno-hw-mul/libgcc.a(lib2-divmod.o)
 .debug_info    0x00000000000005cd      0x106 /opt/altera_lite/15.1/nios2eds/bin/gnu/H-x86_64-pc-linux-gnu/bin/../lib/gcc/nios2-elf/4.9.2/../../../../../H-x86_64-pc-linux-gnu/nios2-elf/lib/mno-hw-mul/libsmallc.a(lib_a-memcpy.o)
 .debug_info    0x00000000000006d3      0x6c7 /opt/altera_lite/15.1/nios2eds/bin/gnu/H-x86_64-pc-linux-gnu/bin/../lib/gcc/nios2-elf/4.9.2/../../../../../H-x86_64-pc-linux-gnu/nios2-elf/lib/mno-hw-mul/libsmallc.a(lib_a-printf.o)
 .debug_info    0x0000000000000d9a      0x685 /opt/altera_lite/15.1/nios2eds/bin/gnu/H-x86_64-pc-linux-gnu/bin/../lib/gcc/nios2-elf/4.9.2/../../../../../H-x86_64-pc-linux-gnu/nios2-elf/lib/mno-hw-mul/libsmallc.a(lib_a-puts.o)
 .debug_info    0x000000000000141f       0xc2 /opt/altera_lite/15.1/nios2eds/bin/gnu/H-x86_64-pc-linux-gnu/bin/../lib/gcc/nios2-elf/4.9.2/../../../../../H-x86_64-pc-linux-gnu/nios2-elf/lib/mno-hw-mul/libsmallc.a(lib_a-strlen.o)
 .debug_info    0x00000000000014e1      0xb38 /opt/altera_lite/15.1/nios2eds/bin/gnu/H-x86_64-pc-linux-gnu/bin/../lib/gcc/nios2-elf/4.9.2/../../../../../H-x86_64-pc-linux-gnu/nios2-elf/lib/mno-hw-mul/libsmallc.a(lib_a-vfprintf.o)
 .debug_info    0x0000000000002019      0x656 /opt/altera_lite/15.1/nios2eds/bin/gnu/H-x86_64-pc-linux-gnu/bin/../lib/gcc/nios2-elf/4.9.2/../../../../../H-x86_64-pc-linux-gnu/nios2-elf/lib/mno-hw-mul/libsmallc.a(lib_a-fvwrite_small_dev.o)
 .debug_info    0x000000000000266f      0x5a7 /opt/altera_lite/15.1/nios2eds/bin/gnu/H-x86_64-pc-linux-gnu/bin/../lib/gcc/nios2-elf/4.9.2/../../../../../H-x86_64-pc-linux-gnu/nios2-elf/lib/mno-hw-mul/libsmallc.a(lib_a-impure.o)
 .debug_info    0x0000000000002c16      0x639 /opt/altera_lite/15.1/nios2eds/bin/gnu/H-x86_64-pc-linux-gnu/bin/../lib/gcc/nios2-elf/4.9.2/../../../../../H-x86_64-pc-linux-gnu/nios2-elf/lib/mno-hw-mul/libsmallc.a(lib_a-writer.o)
 .debug_info    0x000000000000324f       0x83 /opt/altera_lite/15.1/nios2eds/bin/gnu/H-x86_64-pc-linux-gnu/bin/../lib/gcc/nios2-elf/4.9.2/../../../../../H-x86_64-pc-linux-gnu/nios2-elf/lib/mno-hw-mul/libsmallc.a(lib_a-int_errno.o)
 .debug_info    0x00000000000032d2       0xb4 /opt/altera_lite/15.1/nios2eds/bin/gnu/H-x86_64-pc-linux-gnu/bin/../lib/gcc/nios2-elf/4.9.2/mno-hw-mul/libgcc.a(lib2-mul.o)
 .debug_info    0x0000000000003386      0x13e ../MTL_bsp//libhal_bsp.a(alt_load.o)
 .debug_info    0x00000000000034c4      0x12a ../MTL_bsp//libhal_bsp.a(alt_main.o)
 .debug_info    0x00000000000035ee      0x4b0 ../MTL_bsp//libhal_bsp.a(alt_write.o)
 .debug_info    0x0000000000003a9e      0x3d8 ../MTL_bsp//libhal_bsp.a(alt_sys_init.o)
 .debug_info    0x0000000000003e76      0x3a0 ../MTL_bsp//libhal_bsp.a(altera_avalon_jtag_uart_fd.o)
 .debug_info    0x0000000000004216      0x1af ../MTL_bsp//libhal_bsp.a(altera_avalon_jtag_uart_read.o)
 .debug_info    0x00000000000043c5      0x18e ../MTL_bsp//libhal_bsp.a(altera_avalon_jtag_uart_write.o)
 .debug_info    0x0000000000004553      0x21f ../MTL_bsp//libhal_bsp.a(altera_avalon_timer_sc.o)
 .debug_info    0x0000000000004772      0x31a ../MTL_bsp//libhal_bsp.a(alt_close.o)
 .debug_info    0x0000000000004a8c       0x8b ../MTL_bsp//libhal_bsp.a(alt_dcache_flush_all.o)
 .debug_info    0x0000000000004b17      0x495 ../MTL_bsp//libhal_bsp.a(alt_dev.o)
 .debug_info    0x0000000000004fac      0x1a2 ../MTL_bsp//libhal_bsp.a(alt_dev_llist_insert.o)
 .debug_info    0x000000000000514e       0x9f ../MTL_bsp//libhal_bsp.a(alt_errno.o)
 .debug_info    0x00000000000051ed       0x8b ../MTL_bsp//libhal_bsp.a(alt_icache_flush_all.o)
 .debug_info    0x0000000000005278      0x349 ../MTL_bsp//libhal_bsp.a(alt_iic.o)
 .debug_info    0x00000000000055c1      0x1e8 ../MTL_bsp//libhal_bsp.a(alt_iic_isr_register.o)
 .debug_info    0x00000000000057a9      0x49e ../MTL_bsp//libhal_bsp.a(alt_io_redirect.o)
 .debug_info    0x0000000000005c47       0x92 ../MTL_bsp//libhal_bsp.a(alt_irq_entry.o)
 .debug_info    0x0000000000005cd9      0x180 ../MTL_bsp//libhal_bsp.a(alt_irq_handler.o)
 .debug_info    0x0000000000005e59       0x88 ../MTL_bsp//libhal_bsp.a(alt_irq_vars.o)
 .debug_info    0x0000000000005ee1      0x3b4 ../MTL_bsp//libhal_bsp.a(alt_open.o)
 .debug_info    0x0000000000006295      0x2b0 ../MTL_bsp//libhal_bsp.a(alt_release_fd.o)
 .debug_info    0x0000000000006545      0x292 ../MTL_bsp//libhal_bsp.a(alt_tick.o)
 .debug_info    0x00000000000067d7       0x8b ../MTL_bsp//libhal_bsp.a(altera_nios2_gen2_irq.o)
 .debug_info    0x0000000000006862       0x98 ../MTL_bsp//libhal_bsp.a(alt_exception_entry.o)
 .debug_info    0x00000000000068fa      0x2e2 ../MTL_bsp//libhal_bsp.a(alt_find_dev.o)
 .debug_info    0x0000000000006bdc      0x2df ../MTL_bsp//libhal_bsp.a(alt_find_file.o)
 .debug_info    0x0000000000006ebb      0x309 ../MTL_bsp//libhal_bsp.a(alt_get_fd.o)
 .debug_info    0x00000000000071c4       0xed /opt/altera_lite/15.1/nios2eds/bin/gnu/H-x86_64-pc-linux-gnu/bin/../lib/gcc/nios2-elf/4.9.2/../../../../../H-x86_64-pc-linux-gnu/nios2-elf/lib/mno-hw-mul/libsmallc.a(lib_a-exit.o)
 .debug_info    0x00000000000072b1       0xed /opt/altera_lite/15.1/nios2eds/bin/gnu/H-x86_64-pc-linux-gnu/bin/../lib/gcc/nios2-elf/4.9.2/../../../../../H-x86_64-pc-linux-gnu/nios2-elf/lib/mno-hw-mul/libsmallc.a(lib_a-memcmp.o)
 .debug_info    0x000000000000739e      0x67f /opt/altera_lite/15.1/nios2eds/bin/gnu/H-x86_64-pc-linux-gnu/bin/../lib/gcc/nios2-elf/4.9.2/../../../../../H-x86_64-pc-linux-gnu/nios2-elf/lib/mno-hw-mul/libsmallc.a(lib_a-__call_atexit.o)
 .debug_info    0x0000000000007a1d       0xe5 ../MTL_bsp//libhal_bsp.a(alt_exit.o)

.debug_abbrev   0x0000000000000000     0x2ac3
 *(.debug_abbrev)
 .debug_abbrev  0x0000000000000000       0x12 ../MTL_bsp//obj/HAL/src/crt0.o
 .debug_abbrev  0x0000000000000012      0x12e obj/default/main.o
 .debug_abbrev  0x0000000000000140       0xd9 /opt/altera_lite/15.1/nios2eds/bin/gnu/H-x86_64-pc-linux-gnu/bin/../lib/gcc/nios2-elf/4.9.2/mno-hw-mul/libgcc.a(lib2-divmod.o)
 .debug_abbrev  0x0000000000000219       0xa4 /opt/altera_lite/15.1/nios2eds/bin/gnu/H-x86_64-pc-linux-gnu/bin/../lib/gcc/nios2-elf/4.9.2/../../../../../H-x86_64-pc-linux-gnu/nios2-elf/lib/mno-hw-mul/libsmallc.a(lib_a-memcpy.o)
 .debug_abbrev  0x00000000000002bd      0x1fe /opt/altera_lite/15.1/nios2eds/bin/gnu/H-x86_64-pc-linux-gnu/bin/../lib/gcc/nios2-elf/4.9.2/../../../../../H-x86_64-pc-linux-gnu/nios2-elf/lib/mno-hw-mul/libsmallc.a(lib_a-printf.o)
 .debug_abbrev  0x00000000000004bb      0x1ed /opt/altera_lite/15.1/nios2eds/bin/gnu/H-x86_64-pc-linux-gnu/bin/../lib/gcc/nios2-elf/4.9.2/../../../../../H-x86_64-pc-linux-gnu/nios2-elf/lib/mno-hw-mul/libsmallc.a(lib_a-puts.o)
 .debug_abbrev  0x00000000000006a8       0x7f /opt/altera_lite/15.1/nios2eds/bin/gnu/H-x86_64-pc-linux-gnu/bin/../lib/gcc/nios2-elf/4.9.2/../../../../../H-x86_64-pc-linux-gnu/nios2-elf/lib/mno-hw-mul/libsmallc.a(lib_a-strlen.o)
 .debug_abbrev  0x0000000000000727      0x2a1 /opt/altera_lite/15.1/nios2eds/bin/gnu/H-x86_64-pc-linux-gnu/bin/../lib/gcc/nios2-elf/4.9.2/../../../../../H-x86_64-pc-linux-gnu/nios2-elf/lib/mno-hw-mul/libsmallc.a(lib_a-vfprintf.o)
 .debug_abbrev  0x00000000000009c8      0x1c3 /opt/altera_lite/15.1/nios2eds/bin/gnu/H-x86_64-pc-linux-gnu/bin/../lib/gcc/nios2-elf/4.9.2/../../../../../H-x86_64-pc-linux-gnu/nios2-elf/lib/mno-hw-mul/libsmallc.a(lib_a-fvwrite_small_dev.o)
 .debug_abbrev  0x0000000000000b8b      0x14a /opt/altera_lite/15.1/nios2eds/bin/gnu/H-x86_64-pc-linux-gnu/bin/../lib/gcc/nios2-elf/4.9.2/../../../../../H-x86_64-pc-linux-gnu/nios2-elf/lib/mno-hw-mul/libsmallc.a(lib_a-impure.o)
 .debug_abbrev  0x0000000000000cd5      0x1a8 /opt/altera_lite/15.1/nios2eds/bin/gnu/H-x86_64-pc-linux-gnu/bin/../lib/gcc/nios2-elf/4.9.2/../../../../../H-x86_64-pc-linux-gnu/nios2-elf/lib/mno-hw-mul/libsmallc.a(lib_a-writer.o)
 .debug_abbrev  0x0000000000000e7d       0x37 /opt/altera_lite/15.1/nios2eds/bin/gnu/H-x86_64-pc-linux-gnu/bin/../lib/gcc/nios2-elf/4.9.2/../../../../../H-x86_64-pc-linux-gnu/nios2-elf/lib/mno-hw-mul/libsmallc.a(lib_a-int_errno.o)
 .debug_abbrev  0x0000000000000eb4       0x6f /opt/altera_lite/15.1/nios2eds/bin/gnu/H-x86_64-pc-linux-gnu/bin/../lib/gcc/nios2-elf/4.9.2/mno-hw-mul/libgcc.a(lib2-mul.o)
 .debug_abbrev  0x0000000000000f23       0x9f ../MTL_bsp//libhal_bsp.a(alt_load.o)
 .debug_abbrev  0x0000000000000fc2       0xba ../MTL_bsp//libhal_bsp.a(alt_main.o)
 .debug_abbrev  0x000000000000107c      0x133 ../MTL_bsp//libhal_bsp.a(alt_write.o)
 .debug_abbrev  0x00000000000011af      0x157 ../MTL_bsp//libhal_bsp.a(alt_sys_init.o)
 .debug_abbrev  0x0000000000001306       0xf7 ../MTL_bsp//libhal_bsp.a(altera_avalon_jtag_uart_fd.o)
 .debug_abbrev  0x00000000000013fd       0xd7 ../MTL_bsp//libhal_bsp.a(altera_avalon_jtag_uart_read.o)
 .debug_abbrev  0x00000000000014d4       0xd5 ../MTL_bsp//libhal_bsp.a(altera_avalon_jtag_uart_write.o)
 .debug_abbrev  0x00000000000015a9      0x155 ../MTL_bsp//libhal_bsp.a(altera_avalon_timer_sc.o)
 .debug_abbrev  0x00000000000016fe      0x11f ../MTL_bsp//libhal_bsp.a(alt_close.o)
 .debug_abbrev  0x000000000000181d       0x42 ../MTL_bsp//libhal_bsp.a(alt_dcache_flush_all.o)
 .debug_abbrev  0x000000000000185f       0xd9 ../MTL_bsp//libhal_bsp.a(alt_dev.o)
 .debug_abbrev  0x0000000000001938      0x114 ../MTL_bsp//libhal_bsp.a(alt_dev_llist_insert.o)
 .debug_abbrev  0x0000000000001a4c       0x5a ../MTL_bsp//libhal_bsp.a(alt_errno.o)
 .debug_abbrev  0x0000000000001aa6       0x42 ../MTL_bsp//libhal_bsp.a(alt_icache_flush_all.o)
 .debug_abbrev  0x0000000000001ae8      0x163 ../MTL_bsp//libhal_bsp.a(alt_iic.o)
 .debug_abbrev  0x0000000000001c4b      0x169 ../MTL_bsp//libhal_bsp.a(alt_iic_isr_register.o)
 .debug_abbrev  0x0000000000001db4      0x114 ../MTL_bsp//libhal_bsp.a(alt_io_redirect.o)
 .debug_abbrev  0x0000000000001ec8       0x12 ../MTL_bsp//libhal_bsp.a(alt_irq_entry.o)
 .debug_abbrev  0x0000000000001eda      0x122 ../MTL_bsp//libhal_bsp.a(alt_irq_handler.o)
 .debug_abbrev  0x0000000000001ffc       0x40 ../MTL_bsp//libhal_bsp.a(alt_irq_vars.o)
 .debug_abbrev  0x000000000000203c      0x148 ../MTL_bsp//libhal_bsp.a(alt_open.o)
 .debug_abbrev  0x0000000000002184       0xde ../MTL_bsp//libhal_bsp.a(alt_release_fd.o)
 .debug_abbrev  0x0000000000002262      0x15a ../MTL_bsp//libhal_bsp.a(alt_tick.o)
 .debug_abbrev  0x00000000000023bc       0x42 ../MTL_bsp//libhal_bsp.a(altera_nios2_gen2_irq.o)
 .debug_abbrev  0x00000000000023fe       0x12 ../MTL_bsp//libhal_bsp.a(alt_exception_entry.o)
 .debug_abbrev  0x0000000000002410       0xf0 ../MTL_bsp//libhal_bsp.a(alt_find_dev.o)
 .debug_abbrev  0x0000000000002500       0xf0 ../MTL_bsp//libhal_bsp.a(alt_find_file.o)
 .debug_abbrev  0x00000000000025f0      0x10d ../MTL_bsp//libhal_bsp.a(alt_get_fd.o)
 .debug_abbrev  0x00000000000026fd       0xa9 /opt/altera_lite/15.1/nios2eds/bin/gnu/H-x86_64-pc-linux-gnu/bin/../lib/gcc/nios2-elf/4.9.2/../../../../../H-x86_64-pc-linux-gnu/nios2-elf/lib/mno-hw-mul/libsmallc.a(lib_a-exit.o)
 .debug_abbrev  0x00000000000027a6       0x7f /opt/altera_lite/15.1/nios2eds/bin/gnu/H-x86_64-pc-linux-gnu/bin/../lib/gcc/nios2-elf/4.9.2/../../../../../H-x86_64-pc-linux-gnu/nios2-elf/lib/mno-hw-mul/libsmallc.a(lib_a-memcmp.o)
 .debug_abbrev  0x0000000000002825      0x1f8 /opt/altera_lite/15.1/nios2eds/bin/gnu/H-x86_64-pc-linux-gnu/bin/../lib/gcc/nios2-elf/4.9.2/../../../../../H-x86_64-pc-linux-gnu/nios2-elf/lib/mno-hw-mul/libsmallc.a(lib_a-__call_atexit.o)
 .debug_abbrev  0x0000000000002a1d       0xa6 ../MTL_bsp//libhal_bsp.a(alt_exit.o)

.debug_line     0x0000000000000000     0x2f51
 *(.debug_line)
 .debug_line    0x0000000000000000       0x66 ../MTL_bsp//obj/HAL/src/crt0.o
 .debug_line    0x0000000000000066      0x160 obj/default/main.o
 .debug_line    0x00000000000001c6       0xc7 /opt/altera_lite/15.1/nios2eds/bin/gnu/H-x86_64-pc-linux-gnu/bin/../lib/gcc/nios2-elf/4.9.2/mno-hw-mul/libgcc.a(lib2-divmod.o)
 .debug_line    0x000000000000028d      0x15e /opt/altera_lite/15.1/nios2eds/bin/gnu/H-x86_64-pc-linux-gnu/bin/../lib/gcc/nios2-elf/4.9.2/../../../../../H-x86_64-pc-linux-gnu/nios2-elf/lib/mno-hw-mul/libsmallc.a(lib_a-memcpy.o)
 .debug_line    0x00000000000003eb      0x208 /opt/altera_lite/15.1/nios2eds/bin/gnu/H-x86_64-pc-linux-gnu/bin/../lib/gcc/nios2-elf/4.9.2/../../../../../H-x86_64-pc-linux-gnu/nios2-elf/lib/mno-hw-mul/libsmallc.a(lib_a-printf.o)
 .debug_line    0x00000000000005f3      0x208 /opt/altera_lite/15.1/nios2eds/bin/gnu/H-x86_64-pc-linux-gnu/bin/../lib/gcc/nios2-elf/4.9.2/../../../../../H-x86_64-pc-linux-gnu/nios2-elf/lib/mno-hw-mul/libsmallc.a(lib_a-puts.o)
 .debug_line    0x00000000000007fb      0x15c /opt/altera_lite/15.1/nios2eds/bin/gnu/H-x86_64-pc-linux-gnu/bin/../lib/gcc/nios2-elf/4.9.2/../../../../../H-x86_64-pc-linux-gnu/nios2-elf/lib/mno-hw-mul/libsmallc.a(lib_a-strlen.o)
 .debug_line    0x0000000000000957      0x355 /opt/altera_lite/15.1/nios2eds/bin/gnu/H-x86_64-pc-linux-gnu/bin/../lib/gcc/nios2-elf/4.9.2/../../../../../H-x86_64-pc-linux-gnu/nios2-elf/lib/mno-hw-mul/libsmallc.a(lib_a-vfprintf.o)
 .debug_line    0x0000000000000cac      0x1f2 /opt/altera_lite/15.1/nios2eds/bin/gnu/H-x86_64-pc-linux-gnu/bin/../lib/gcc/nios2-elf/4.9.2/../../../../../H-x86_64-pc-linux-gnu/nios2-elf/lib/mno-hw-mul/libsmallc.a(lib_a-fvwrite_small_dev.o)
 .debug_line    0x0000000000000e9e      0x156 /opt/altera_lite/15.1/nios2eds/bin/gnu/H-x86_64-pc-linux-gnu/bin/../lib/gcc/nios2-elf/4.9.2/../../../../../H-x86_64-pc-linux-gnu/nios2-elf/lib/mno-hw-mul/libsmallc.a(lib_a-impure.o)
 .debug_line    0x0000000000000ff4      0x1ed /opt/altera_lite/15.1/nios2eds/bin/gnu/H-x86_64-pc-linux-gnu/bin/../lib/gcc/nios2-elf/4.9.2/../../../../../H-x86_64-pc-linux-gnu/nios2-elf/lib/mno-hw-mul/libsmallc.a(lib_a-writer.o)
 .debug_line    0x00000000000011e1       0x5f /opt/altera_lite/15.1/nios2eds/bin/gnu/H-x86_64-pc-linux-gnu/bin/../lib/gcc/nios2-elf/4.9.2/../../../../../H-x86_64-pc-linux-gnu/nios2-elf/lib/mno-hw-mul/libsmallc.a(lib_a-int_errno.o)
 .debug_line    0x0000000000001240       0x80 /opt/altera_lite/15.1/nios2eds/bin/gnu/H-x86_64-pc-linux-gnu/bin/../lib/gcc/nios2-elf/4.9.2/mno-hw-mul/libgcc.a(lib2-mul.o)
 .debug_line    0x00000000000012c0       0x8d ../MTL_bsp//libhal_bsp.a(alt_load.o)
 .debug_line    0x000000000000134d       0x9e ../MTL_bsp//libhal_bsp.a(alt_main.o)
 .debug_line    0x00000000000013eb      0x1e4 ../MTL_bsp//libhal_bsp.a(alt_write.o)
 .debug_line    0x00000000000015cf      0x141 ../MTL_bsp//libhal_bsp.a(alt_sys_init.o)
 .debug_line    0x0000000000001710      0x112 ../MTL_bsp//libhal_bsp.a(altera_avalon_jtag_uart_fd.o)
 .debug_line    0x0000000000001822       0xff ../MTL_bsp//libhal_bsp.a(altera_avalon_jtag_uart_read.o)
 .debug_line    0x0000000000001921       0xf4 ../MTL_bsp//libhal_bsp.a(altera_avalon_jtag_uart_write.o)
 .debug_line    0x0000000000001a15       0xfd ../MTL_bsp//libhal_bsp.a(altera_avalon_timer_sc.o)
 .debug_line    0x0000000000001b12      0x16a ../MTL_bsp//libhal_bsp.a(alt_close.o)
 .debug_line    0x0000000000001c7c       0x51 ../MTL_bsp//libhal_bsp.a(alt_dcache_flush_all.o)
 .debug_line    0x0000000000001ccd       0xfc ../MTL_bsp//libhal_bsp.a(alt_dev.o)
 .debug_line    0x0000000000001dc9       0xd0 ../MTL_bsp//libhal_bsp.a(alt_dev_llist_insert.o)
 .debug_line    0x0000000000001e99       0x51 ../MTL_bsp//libhal_bsp.a(alt_errno.o)
 .debug_line    0x0000000000001eea       0x4f ../MTL_bsp//libhal_bsp.a(alt_icache_flush_all.o)
 .debug_line    0x0000000000001f39       0xef ../MTL_bsp//libhal_bsp.a(alt_iic.o)
 .debug_line    0x0000000000002028       0xdb ../MTL_bsp//libhal_bsp.a(alt_iic_isr_register.o)
 .debug_line    0x0000000000002103      0x139 ../MTL_bsp//libhal_bsp.a(alt_io_redirect.o)
 .debug_line    0x000000000000223c       0x6b ../MTL_bsp//libhal_bsp.a(alt_irq_entry.o)
 .debug_line    0x00000000000022a7       0xaa ../MTL_bsp//libhal_bsp.a(alt_irq_handler.o)
 .debug_line    0x0000000000002351       0x50 ../MTL_bsp//libhal_bsp.a(alt_irq_vars.o)
 .debug_line    0x00000000000023a1      0x12d ../MTL_bsp//libhal_bsp.a(alt_open.o)
 .debug_line    0x00000000000024ce       0xb0 ../MTL_bsp//libhal_bsp.a(alt_release_fd.o)
 .debug_line    0x000000000000257e       0xfe ../MTL_bsp//libhal_bsp.a(alt_tick.o)
 .debug_line    0x000000000000267c       0x51 ../MTL_bsp//libhal_bsp.a(altera_nios2_gen2_irq.o)
 .debug_line    0x00000000000026cd       0xad ../MTL_bsp//libhal_bsp.a(alt_exception_entry.o)
 .debug_line    0x000000000000277a       0xb5 ../MTL_bsp//libhal_bsp.a(alt_find_dev.o)
 .debug_line    0x000000000000282f       0xd1 ../MTL_bsp//libhal_bsp.a(alt_find_file.o)
 .debug_line    0x0000000000002900       0xd8 ../MTL_bsp//libhal_bsp.a(alt_get_fd.o)
 .debug_line    0x00000000000029d8      0x159 /opt/altera_lite/15.1/nios2eds/bin/gnu/H-x86_64-pc-linux-gnu/bin/../lib/gcc/nios2-elf/4.9.2/../../../../../H-x86_64-pc-linux-gnu/nios2-elf/lib/mno-hw-mul/libsmallc.a(lib_a-exit.o)
 .debug_line    0x0000000000002b31      0x160 /opt/altera_lite/15.1/nios2eds/bin/gnu/H-x86_64-pc-linux-gnu/bin/../lib/gcc/nios2-elf/4.9.2/../../../../../H-x86_64-pc-linux-gnu/nios2-elf/lib/mno-hw-mul/libsmallc.a(lib_a-memcmp.o)
 .debug_line    0x0000000000002c91      0x24f /opt/altera_lite/15.1/nios2eds/bin/gnu/H-x86_64-pc-linux-gnu/bin/../lib/gcc/nios2-elf/4.9.2/../../../../../H-x86_64-pc-linux-gnu/nios2-elf/lib/mno-hw-mul/libsmallc.a(lib_a-__call_atexit.o)
 .debug_line    0x0000000000002ee0       0x71 ../MTL_bsp//libhal_bsp.a(alt_exit.o)

.debug_frame    0x0000000000000000      0xb7c
 *(.debug_frame)
 .debug_frame   0x0000000000000000       0xc4 obj/default/main.o
 .debug_frame   0x00000000000000c4       0x8c /opt/altera_lite/15.1/nios2eds/bin/gnu/H-x86_64-pc-linux-gnu/bin/../lib/gcc/nios2-elf/4.9.2/mno-hw-mul/libgcc.a(lib2-divmod.o)
 .debug_frame   0x0000000000000150       0x20 /opt/altera_lite/15.1/nios2eds/bin/gnu/H-x86_64-pc-linux-gnu/bin/../lib/gcc/nios2-elf/4.9.2/../../../../../H-x86_64-pc-linux-gnu/nios2-elf/lib/mno-hw-mul/libsmallc.a(lib_a-memcpy.o)
 .debug_frame   0x0000000000000170       0x48 /opt/altera_lite/15.1/nios2eds/bin/gnu/H-x86_64-pc-linux-gnu/bin/../lib/gcc/nios2-elf/4.9.2/../../../../../H-x86_64-pc-linux-gnu/nios2-elf/lib/mno-hw-mul/libsmallc.a(lib_a-printf.o)
 .debug_frame   0x00000000000001b8       0x48 /opt/altera_lite/15.1/nios2eds/bin/gnu/H-x86_64-pc-linux-gnu/bin/../lib/gcc/nios2-elf/4.9.2/../../../../../H-x86_64-pc-linux-gnu/nios2-elf/lib/mno-hw-mul/libsmallc.a(lib_a-puts.o)
 .debug_frame   0x0000000000000200       0x20 /opt/altera_lite/15.1/nios2eds/bin/gnu/H-x86_64-pc-linux-gnu/bin/../lib/gcc/nios2-elf/4.9.2/../../../../../H-x86_64-pc-linux-gnu/nios2-elf/lib/mno-hw-mul/libsmallc.a(lib_a-strlen.o)
 .debug_frame   0x0000000000000220       0x8c /opt/altera_lite/15.1/nios2eds/bin/gnu/H-x86_64-pc-linux-gnu/bin/../lib/gcc/nios2-elf/4.9.2/../../../../../H-x86_64-pc-linux-gnu/nios2-elf/lib/mno-hw-mul/libsmallc.a(lib_a-vfprintf.o)
 .debug_frame   0x00000000000002ac       0x40 /opt/altera_lite/15.1/nios2eds/bin/gnu/H-x86_64-pc-linux-gnu/bin/../lib/gcc/nios2-elf/4.9.2/../../../../../H-x86_64-pc-linux-gnu/nios2-elf/lib/mno-hw-mul/libsmallc.a(lib_a-fvwrite_small_dev.o)
 .debug_frame   0x00000000000002ec       0x38 /opt/altera_lite/15.1/nios2eds/bin/gnu/H-x86_64-pc-linux-gnu/bin/../lib/gcc/nios2-elf/4.9.2/../../../../../H-x86_64-pc-linux-gnu/nios2-elf/lib/mno-hw-mul/libsmallc.a(lib_a-writer.o)
 .debug_frame   0x0000000000000324       0x20 /opt/altera_lite/15.1/nios2eds/bin/gnu/H-x86_64-pc-linux-gnu/bin/../lib/gcc/nios2-elf/4.9.2/mno-hw-mul/libgcc.a(lib2-mul.o)
 .debug_frame   0x0000000000000344       0x5c ../MTL_bsp//libhal_bsp.a(alt_load.o)
 .debug_frame   0x00000000000003a0       0x2c ../MTL_bsp//libhal_bsp.a(alt_main.o)
 .debug_frame   0x00000000000003cc       0x60 ../MTL_bsp//libhal_bsp.a(alt_write.o)
 .debug_frame   0x000000000000042c       0x88 ../MTL_bsp//libhal_bsp.a(alt_sys_init.o)
 .debug_frame   0x00000000000004b4       0x60 ../MTL_bsp//libhal_bsp.a(altera_avalon_jtag_uart_fd.o)
 .debug_frame   0x0000000000000514       0x34 ../MTL_bsp//libhal_bsp.a(altera_avalon_jtag_uart_read.o)
 .debug_frame   0x0000000000000548       0x34 ../MTL_bsp//libhal_bsp.a(altera_avalon_jtag_uart_write.o)
 .debug_frame   0x000000000000057c       0x60 ../MTL_bsp//libhal_bsp.a(altera_avalon_timer_sc.o)
 .debug_frame   0x00000000000005dc       0x60 ../MTL_bsp//libhal_bsp.a(alt_close.o)
 .debug_frame   0x000000000000063c       0x34 ../MTL_bsp//libhal_bsp.a(alt_dcache_flush_all.o)
 .debug_frame   0x0000000000000670       0x34 ../MTL_bsp//libhal_bsp.a(alt_dev.o)
 .debug_frame   0x00000000000006a4       0x60 ../MTL_bsp//libhal_bsp.a(alt_dev_llist_insert.o)
 .debug_frame   0x0000000000000704       0x34 ../MTL_bsp//libhal_bsp.a(alt_icache_flush_all.o)
 .debug_frame   0x0000000000000738       0xa4 ../MTL_bsp//libhal_bsp.a(alt_iic.o)
 .debug_frame   0x00000000000007dc       0x38 ../MTL_bsp//libhal_bsp.a(alt_iic_isr_register.o)
 .debug_frame   0x0000000000000814       0x64 ../MTL_bsp//libhal_bsp.a(alt_io_redirect.o)
 .debug_frame   0x0000000000000878       0x38 ../MTL_bsp//libhal_bsp.a(alt_irq_handler.o)
 .debug_frame   0x00000000000008b0       0x8c ../MTL_bsp//libhal_bsp.a(alt_open.o)
 .debug_frame   0x000000000000093c       0x3c ../MTL_bsp//libhal_bsp.a(alt_release_fd.o)
 .debug_frame   0x0000000000000978       0x5c ../MTL_bsp//libhal_bsp.a(alt_tick.o)
 .debug_frame   0x00000000000009d4       0x34 ../MTL_bsp//libhal_bsp.a(altera_nios2_gen2_irq.o)
 .debug_frame   0x0000000000000a08       0x38 ../MTL_bsp//libhal_bsp.a(alt_find_dev.o)
 .debug_frame   0x0000000000000a40       0x38 ../MTL_bsp//libhal_bsp.a(alt_find_file.o)
 .debug_frame   0x0000000000000a78       0x3c ../MTL_bsp//libhal_bsp.a(alt_get_fd.o)
 .debug_frame   0x0000000000000ab4       0x28 /opt/altera_lite/15.1/nios2eds/bin/gnu/H-x86_64-pc-linux-gnu/bin/../lib/gcc/nios2-elf/4.9.2/../../../../../H-x86_64-pc-linux-gnu/nios2-elf/lib/mno-hw-mul/libsmallc.a(lib_a-exit.o)
 .debug_frame   0x0000000000000adc       0x20 /opt/altera_lite/15.1/nios2eds/bin/gnu/H-x86_64-pc-linux-gnu/bin/../lib/gcc/nios2-elf/4.9.2/../../../../../H-x86_64-pc-linux-gnu/nios2-elf/lib/mno-hw-mul/libsmallc.a(lib_a-memcmp.o)
 .debug_frame   0x0000000000000afc       0x54 /opt/altera_lite/15.1/nios2eds/bin/gnu/H-x86_64-pc-linux-gnu/bin/../lib/gcc/nios2-elf/4.9.2/../../../../../H-x86_64-pc-linux-gnu/nios2-elf/lib/mno-hw-mul/libsmallc.a(lib_a-__call_atexit.o)
 .debug_frame   0x0000000000000b50       0x2c ../MTL_bsp//libhal_bsp.a(alt_exit.o)

.debug_str      0x0000000000000000     0x190b
 *(.debug_str)
 .debug_str     0x0000000000000000      0x1d1 obj/default/main.o
                                        0x220 (size before relaxing)
 .debug_str     0x00000000000001d1      0x186 /opt/altera_lite/15.1/nios2eds/bin/gnu/H-x86_64-pc-linux-gnu/bin/../lib/gcc/nios2-elf/4.9.2/mno-hw-mul/libgcc.a(lib2-divmod.o)
                                        0x1d1 (size before relaxing)
 .debug_str     0x0000000000000357      0x14d /opt/altera_lite/15.1/nios2eds/bin/gnu/H-x86_64-pc-linux-gnu/bin/../lib/gcc/nios2-elf/4.9.2/../../../../../H-x86_64-pc-linux-gnu/nios2-elf/lib/mno-hw-mul/libsmallc.a(lib_a-memcpy.o)
                                        0x1e6 (size before relaxing)
 .debug_str     0x00000000000004a4      0x3d1 /opt/altera_lite/15.1/nios2eds/bin/gnu/H-x86_64-pc-linux-gnu/bin/../lib/gcc/nios2-elf/4.9.2/../../../../../H-x86_64-pc-linux-gnu/nios2-elf/lib/mno-hw-mul/libsmallc.a(lib_a-printf.o)
                                        0x4fc (size before relaxing)
 .debug_str     0x0000000000000875       0x63 /opt/altera_lite/15.1/nios2eds/bin/gnu/H-x86_64-pc-linux-gnu/bin/../lib/gcc/nios2-elf/4.9.2/../../../../../H-x86_64-pc-linux-gnu/nios2-elf/lib/mno-hw-mul/libsmallc.a(lib_a-puts.o)
                                        0x4c0 (size before relaxing)
 .debug_str     0x00000000000008d8       0x3d /opt/altera_lite/15.1/nios2eds/bin/gnu/H-x86_64-pc-linux-gnu/bin/../lib/gcc/nios2-elf/4.9.2/../../../../../H-x86_64-pc-linux-gnu/nios2-elf/lib/mno-hw-mul/libsmallc.a(lib_a-strlen.o)
                                        0x1d8 (size before relaxing)
 .debug_str     0x0000000000000915      0x202 /opt/altera_lite/15.1/nios2eds/bin/gnu/H-x86_64-pc-linux-gnu/bin/../lib/gcc/nios2-elf/4.9.2/../../../../../H-x86_64-pc-linux-gnu/nios2-elf/lib/mno-hw-mul/libsmallc.a(lib_a-vfprintf.o)
                                        0x685 (size before relaxing)
 .debug_str     0x0000000000000b17       0x6c /opt/altera_lite/15.1/nios2eds/bin/gnu/H-x86_64-pc-linux-gnu/bin/../lib/gcc/nios2-elf/4.9.2/../../../../../H-x86_64-pc-linux-gnu/nios2-elf/lib/mno-hw-mul/libsmallc.a(lib_a-fvwrite_small_dev.o)
                                        0x4d7 (size before relaxing)
 .debug_str     0x0000000000000b83       0xf0 /opt/altera_lite/15.1/nios2eds/bin/gnu/H-x86_64-pc-linux-gnu/bin/../lib/gcc/nios2-elf/4.9.2/../../../../../H-x86_64-pc-linux-gnu/nios2-elf/lib/mno-hw-mul/libsmallc.a(lib_a-impure.o)
                                        0x4b1 (size before relaxing)
 .debug_str     0x0000000000000c73       0x3c /opt/altera_lite/15.1/nios2eds/bin/gnu/H-x86_64-pc-linux-gnu/bin/../lib/gcc/nios2-elf/4.9.2/../../../../../H-x86_64-pc-linux-gnu/nios2-elf/lib/mno-hw-mul/libsmallc.a(lib_a-writer.o)
                                        0x4ab (size before relaxing)
 .debug_str     0x0000000000000caf       0x3f /opt/altera_lite/15.1/nios2eds/bin/gnu/H-x86_64-pc-linux-gnu/bin/../lib/gcc/nios2-elf/4.9.2/../../../../../H-x86_64-pc-linux-gnu/nios2-elf/lib/mno-hw-mul/libsmallc.a(lib_a-int_errno.o)
                                        0x1cb (size before relaxing)
 .debug_str     0x0000000000000cee       0x40 /opt/altera_lite/15.1/nios2eds/bin/gnu/H-x86_64-pc-linux-gnu/bin/../lib/gcc/nios2-elf/4.9.2/mno-hw-mul/libgcc.a(lib2-mul.o)
                                        0x192 (size before relaxing)
 .debug_str     0x0000000000000d2e      0x13e ../MTL_bsp//libhal_bsp.a(alt_load.o)
                                        0x210 (size before relaxing)
 .debug_str     0x0000000000000e6c       0x44 ../MTL_bsp//libhal_bsp.a(alt_main.o)
                                        0x19b (size before relaxing)
 .debug_str     0x0000000000000eb0      0x15f ../MTL_bsp//libhal_bsp.a(alt_write.o)
                                        0x2f6 (size before relaxing)
 .debug_str     0x000000000000100f      0x11b ../MTL_bsp//libhal_bsp.a(alt_sys_init.o)
                                        0x308 (size before relaxing)
 .debug_str     0x000000000000112a       0x77 ../MTL_bsp//libhal_bsp.a(altera_avalon_jtag_uart_fd.o)
                                        0x2d3 (size before relaxing)
 .debug_str     0x00000000000011a1       0x48 ../MTL_bsp//libhal_bsp.a(altera_avalon_jtag_uart_read.o)
                                        0x21d (size before relaxing)
 .debug_str     0x00000000000011e9       0x4a ../MTL_bsp//libhal_bsp.a(altera_avalon_jtag_uart_write.o)
                                        0x213 (size before relaxing)
 .debug_str     0x0000000000001233       0xb6 ../MTL_bsp//libhal_bsp.a(altera_avalon_timer_sc.o)
                                        0x249 (size before relaxing)
 .debug_str     0x00000000000012e9       0x1b ../MTL_bsp//libhal_bsp.a(alt_close.o)
                                        0x209 (size before relaxing)
 .debug_str     0x0000000000001304       0x34 ../MTL_bsp//libhal_bsp.a(alt_dcache_flush_all.o)
                                        0x153 (size before relaxing)
 .debug_str     0x0000000000001338       0x50 ../MTL_bsp//libhal_bsp.a(alt_dev.o)
                                        0x303 (size before relaxing)
 .debug_str     0x0000000000001388       0x4b ../MTL_bsp//libhal_bsp.a(alt_dev_llist_insert.o)
                                        0x1ca (size before relaxing)
 .debug_str     0x00000000000013d3       0x14 ../MTL_bsp//libhal_bsp.a(alt_errno.o)
                                        0x143 (size before relaxing)
 .debug_str     0x00000000000013e7       0x34 ../MTL_bsp//libhal_bsp.a(alt_icache_flush_all.o)
                                        0x153 (size before relaxing)
 .debug_str     0x000000000000141b       0xc4 ../MTL_bsp//libhal_bsp.a(alt_iic.o)
                                        0x23c (size before relaxing)
 .debug_str     0x00000000000014df       0x4c ../MTL_bsp//libhal_bsp.a(alt_iic_isr_register.o)
                                        0x1e6 (size before relaxing)
 .debug_str     0x000000000000152b       0x56 ../MTL_bsp//libhal_bsp.a(alt_io_redirect.o)
                                        0x314 (size before relaxing)
 .debug_str     0x0000000000001581       0x3a ../MTL_bsp//libhal_bsp.a(alt_irq_handler.o)
                                        0x195 (size before relaxing)
 .debug_str     0x00000000000015bb       0x17 ../MTL_bsp//libhal_bsp.a(alt_irq_vars.o)
                                        0x144 (size before relaxing)
 .debug_str     0x00000000000015d2       0x2f ../MTL_bsp//libhal_bsp.a(alt_open.o)
                                        0x249 (size before relaxing)
 .debug_str     0x0000000000001601       0x28 ../MTL_bsp//libhal_bsp.a(alt_release_fd.o)
                                        0x1dd (size before relaxing)
 .debug_str     0x0000000000001629       0x78 ../MTL_bsp//libhal_bsp.a(alt_tick.o)
                                        0x250 (size before relaxing)
 .debug_str     0x00000000000016a1       0x3b ../MTL_bsp//libhal_bsp.a(altera_nios2_gen2_irq.o)
                                        0x15a (size before relaxing)
 .debug_str     0x00000000000016dc       0x24 ../MTL_bsp//libhal_bsp.a(alt_find_dev.o)
                                        0x1ea (size before relaxing)
 .debug_str     0x0000000000001700       0x26 ../MTL_bsp//libhal_bsp.a(alt_find_file.o)
                                        0x1f8 (size before relaxing)
 .debug_str     0x0000000000001726       0x30 ../MTL_bsp//libhal_bsp.a(alt_get_fd.o)
                                        0x21a (size before relaxing)
 .debug_str     0x0000000000001756       0xe2 /opt/altera_lite/15.1/nios2eds/bin/gnu/H-x86_64-pc-linux-gnu/bin/../lib/gcc/nios2-elf/4.9.2/../../../../../H-x86_64-pc-linux-gnu/nios2-elf/lib/mno-hw-mul/libsmallc.a(lib_a-exit.o)
                                        0x1e3 (size before relaxing)
 .debug_str     0x0000000000001838       0x44 /opt/altera_lite/15.1/nios2eds/bin/gnu/H-x86_64-pc-linux-gnu/bin/../lib/gcc/nios2-elf/4.9.2/../../../../../H-x86_64-pc-linux-gnu/nios2-elf/lib/mno-hw-mul/libsmallc.a(lib_a-memcmp.o)
                                        0x1d2 (size before relaxing)
 .debug_str     0x000000000000187c       0x65 /opt/altera_lite/15.1/nios2eds/bin/gnu/H-x86_64-pc-linux-gnu/bin/../lib/gcc/nios2-elf/4.9.2/../../../../../H-x86_64-pc-linux-gnu/nios2-elf/lib/mno-hw-mul/libsmallc.a(lib_a-__call_atexit.o)
                                        0x4de (size before relaxing)
 .debug_str     0x00000000000018e1       0x2a ../MTL_bsp//libhal_bsp.a(alt_exit.o)
                                        0x14f (size before relaxing)

.debug_loc      0x0000000000000000     0x1309
 *(.debug_loc)
 .debug_loc     0x0000000000000000      0x273 /opt/altera_lite/15.1/nios2eds/bin/gnu/H-x86_64-pc-linux-gnu/bin/../lib/gcc/nios2-elf/4.9.2/mno-hw-mul/libgcc.a(lib2-divmod.o)
 .debug_loc     0x0000000000000273      0x11b /opt/altera_lite/15.1/nios2eds/bin/gnu/H-x86_64-pc-linux-gnu/bin/../lib/gcc/nios2-elf/4.9.2/../../../../../H-x86_64-pc-linux-gnu/nios2-elf/lib/mno-hw-mul/libsmallc.a(lib_a-memcpy.o)
 .debug_loc     0x000000000000038e       0xc6 /opt/altera_lite/15.1/nios2eds/bin/gnu/H-x86_64-pc-linux-gnu/bin/../lib/gcc/nios2-elf/4.9.2/../../../../../H-x86_64-pc-linux-gnu/nios2-elf/lib/mno-hw-mul/libsmallc.a(lib_a-printf.o)
 .debug_loc     0x0000000000000454       0x97 /opt/altera_lite/15.1/nios2eds/bin/gnu/H-x86_64-pc-linux-gnu/bin/../lib/gcc/nios2-elf/4.9.2/../../../../../H-x86_64-pc-linux-gnu/nios2-elf/lib/mno-hw-mul/libsmallc.a(lib_a-puts.o)
 .debug_loc     0x00000000000004eb       0x1e /opt/altera_lite/15.1/nios2eds/bin/gnu/H-x86_64-pc-linux-gnu/bin/../lib/gcc/nios2-elf/4.9.2/../../../../../H-x86_64-pc-linux-gnu/nios2-elf/lib/mno-hw-mul/libsmallc.a(lib_a-strlen.o)
 .debug_loc     0x0000000000000509      0xa32 /opt/altera_lite/15.1/nios2eds/bin/gnu/H-x86_64-pc-linux-gnu/bin/../lib/gcc/nios2-elf/4.9.2/../../../../../H-x86_64-pc-linux-gnu/nios2-elf/lib/mno-hw-mul/libsmallc.a(lib_a-vfprintf.o)
 .debug_loc     0x0000000000000f3b       0xbd /opt/altera_lite/15.1/nios2eds/bin/gnu/H-x86_64-pc-linux-gnu/bin/../lib/gcc/nios2-elf/4.9.2/../../../../../H-x86_64-pc-linux-gnu/nios2-elf/lib/mno-hw-mul/libsmallc.a(lib_a-fvwrite_small_dev.o)
 .debug_loc     0x0000000000000ff8       0xa5 /opt/altera_lite/15.1/nios2eds/bin/gnu/H-x86_64-pc-linux-gnu/bin/../lib/gcc/nios2-elf/4.9.2/../../../../../H-x86_64-pc-linux-gnu/nios2-elf/lib/mno-hw-mul/libsmallc.a(lib_a-writer.o)
 .debug_loc     0x000000000000109d       0x93 /opt/altera_lite/15.1/nios2eds/bin/gnu/H-x86_64-pc-linux-gnu/bin/../lib/gcc/nios2-elf/4.9.2/mno-hw-mul/libgcc.a(lib2-mul.o)
 .debug_loc     0x0000000000001130       0x1e /opt/altera_lite/15.1/nios2eds/bin/gnu/H-x86_64-pc-linux-gnu/bin/../lib/gcc/nios2-elf/4.9.2/../../../../../H-x86_64-pc-linux-gnu/nios2-elf/lib/mno-hw-mul/libsmallc.a(lib_a-exit.o)
 .debug_loc     0x000000000000114e       0x94 /opt/altera_lite/15.1/nios2eds/bin/gnu/H-x86_64-pc-linux-gnu/bin/../lib/gcc/nios2-elf/4.9.2/../../../../../H-x86_64-pc-linux-gnu/nios2-elf/lib/mno-hw-mul/libsmallc.a(lib_a-memcmp.o)
 .debug_loc     0x00000000000011e2      0x127 /opt/altera_lite/15.1/nios2eds/bin/gnu/H-x86_64-pc-linux-gnu/bin/../lib/gcc/nios2-elf/4.9.2/../../../../../H-x86_64-pc-linux-gnu/nios2-elf/lib/mno-hw-mul/libsmallc.a(lib_a-__call_atexit.o)

.debug_macinfo
 *(.debug_macinfo)

.debug_weaknames
 *(.debug_weaknames)

.debug_funcnames
 *(.debug_funcnames)

.debug_typenames
 *(.debug_typenames)

.debug_varnames
 *(.debug_varnames)

.debug_alt_sim_info
                0x0000000000000000       0x10
 *(.debug_alt_sim_info)
 .debug_alt_sim_info
                0x0000000000000000       0x10 ../MTL_bsp//obj/HAL/src/crt0.o
                0x000000000000ce20                __alt_data_end = 0xce20
                0x000000000000ce20                PROVIDE (__alt_stack_pointer, __alt_data_end)
                0x000000000000ae6c                PROVIDE (__alt_stack_limit, __alt_stack_base)
                0x000000000000ae6c                PROVIDE (__alt_heap_start, end)
                0x000000000000ce20                PROVIDE (__alt_heap_limit, 0xce20)
OUTPUT(MTL.elf elf32-littlenios2)

.debug_ranges   0x0000000000000000      0x218
 .debug_ranges  0x0000000000000000       0x20 ../MTL_bsp//obj/HAL/src/crt0.o
 .debug_ranges  0x0000000000000020       0x10 /opt/altera_lite/15.1/nios2eds/bin/gnu/H-x86_64-pc-linux-gnu/bin/../lib/gcc/nios2-elf/4.9.2/../../../../../H-x86_64-pc-linux-gnu/nios2-elf/lib/mno-hw-mul/libsmallc.a(lib_a-memcpy.o)
 .debug_ranges  0x0000000000000030       0x18 /opt/altera_lite/15.1/nios2eds/bin/gnu/H-x86_64-pc-linux-gnu/bin/../lib/gcc/nios2-elf/4.9.2/../../../../../H-x86_64-pc-linux-gnu/nios2-elf/lib/mno-hw-mul/libsmallc.a(lib_a-printf.o)
 .debug_ranges  0x0000000000000048       0x18 /opt/altera_lite/15.1/nios2eds/bin/gnu/H-x86_64-pc-linux-gnu/bin/../lib/gcc/nios2-elf/4.9.2/../../../../../H-x86_64-pc-linux-gnu/nios2-elf/lib/mno-hw-mul/libsmallc.a(lib_a-puts.o)
 .debug_ranges  0x0000000000000060       0x10 /opt/altera_lite/15.1/nios2eds/bin/gnu/H-x86_64-pc-linux-gnu/bin/../lib/gcc/nios2-elf/4.9.2/../../../../../H-x86_64-pc-linux-gnu/nios2-elf/lib/mno-hw-mul/libsmallc.a(lib_a-strlen.o)
 .debug_ranges  0x0000000000000070       0xd8 /opt/altera_lite/15.1/nios2eds/bin/gnu/H-x86_64-pc-linux-gnu/bin/../lib/gcc/nios2-elf/4.9.2/../../../../../H-x86_64-pc-linux-gnu/nios2-elf/lib/mno-hw-mul/libsmallc.a(lib_a-vfprintf.o)
 .debug_ranges  0x0000000000000148       0x28 /opt/altera_lite/15.1/nios2eds/bin/gnu/H-x86_64-pc-linux-gnu/bin/../lib/gcc/nios2-elf/4.9.2/../../../../../H-x86_64-pc-linux-gnu/nios2-elf/lib/mno-hw-mul/libsmallc.a(lib_a-fvwrite_small_dev.o)
 .debug_ranges  0x0000000000000170       0x10 /opt/altera_lite/15.1/nios2eds/bin/gnu/H-x86_64-pc-linux-gnu/bin/../lib/gcc/nios2-elf/4.9.2/../../../../../H-x86_64-pc-linux-gnu/nios2-elf/lib/mno-hw-mul/libsmallc.a(lib_a-writer.o)
 .debug_ranges  0x0000000000000180       0x28 ../MTL_bsp//libhal_bsp.a(alt_irq_entry.o)
 .debug_ranges  0x00000000000001a8       0x10 ../MTL_bsp//libhal_bsp.a(alt_irq_handler.o)
 .debug_ranges  0x00000000000001b8       0x30 ../MTL_bsp//libhal_bsp.a(alt_exception_entry.o)
 .debug_ranges  0x00000000000001e8       0x10 /opt/altera_lite/15.1/nios2eds/bin/gnu/H-x86_64-pc-linux-gnu/bin/../lib/gcc/nios2-elf/4.9.2/../../../../../H-x86_64-pc-linux-gnu/nios2-elf/lib/mno-hw-mul/libsmallc.a(lib_a-exit.o)
 .debug_ranges  0x00000000000001f8       0x10 /opt/altera_lite/15.1/nios2eds/bin/gnu/H-x86_64-pc-linux-gnu/bin/../lib/gcc/nios2-elf/4.9.2/../../../../../H-x86_64-pc-linux-gnu/nios2-elf/lib/mno-hw-mul/libsmallc.a(lib_a-memcmp.o)
 .debug_ranges  0x0000000000000208       0x10 /opt/altera_lite/15.1/nios2eds/bin/gnu/H-x86_64-pc-linux-gnu/bin/../lib/gcc/nios2-elf/4.9.2/../../../../../H-x86_64-pc-linux-gnu/nios2-elf/lib/mno-hw-mul/libsmallc.a(lib_a-__call_atexit.o)
