Archive member included to satisfy reference by file (symbol)

c:/altera/15.0/nios2eds/bin/gnu/h-x86_64-mingw32/bin/../lib/gcc/nios2-elf/4.9.1\libgcc.a(lib2-divmod.o)
                              obj/default/main.o (__divsi3)
c:/altera/15.0/nios2eds/bin/gnu/h-x86_64-mingw32/bin/../lib/gcc/nios2-elf/4.9.1/../../../../../H-x86_64-mingw32/nios2-elf/lib\libsmallc.a(lib_a-memcpy.o)
                              obj/default/main.o (memcpy)
c:/altera/15.0/nios2eds/bin/gnu/h-x86_64-mingw32/bin/../lib/gcc/nios2-elf/4.9.1/../../../../../H-x86_64-mingw32/nios2-elf/lib\libsmallc.a(lib_a-printf.o)
                              obj/default/main.o (printf)
c:/altera/15.0/nios2eds/bin/gnu/h-x86_64-mingw32/bin/../lib/gcc/nios2-elf/4.9.1/../../../../../H-x86_64-mingw32/nios2-elf/lib\libsmallc.a(lib_a-puts.o)
                              obj/default/main.o (puts)
c:/altera/15.0/nios2eds/bin/gnu/h-x86_64-mingw32/bin/../lib/gcc/nios2-elf/4.9.1/../../../../../H-x86_64-mingw32/nios2-elf/lib\libsmallc.a(lib_a-strlen.o)
                              c:/altera/15.0/nios2eds/bin/gnu/h-x86_64-mingw32/bin/../lib/gcc/nios2-elf/4.9.1/../../../../../H-x86_64-mingw32/nios2-elf/lib\libsmallc.a(lib_a-puts.o) (strlen)
c:/altera/15.0/nios2eds/bin/gnu/h-x86_64-mingw32/bin/../lib/gcc/nios2-elf/4.9.1/../../../../../H-x86_64-mingw32/nios2-elf/lib\libsmallc.a(lib_a-vfprintf.o)
                              c:/altera/15.0/nios2eds/bin/gnu/h-x86_64-mingw32/bin/../lib/gcc/nios2-elf/4.9.1/../../../../../H-x86_64-mingw32/nios2-elf/lib\libsmallc.a(lib_a-printf.o) (___vfprintf_internal_r)
c:/altera/15.0/nios2eds/bin/gnu/h-x86_64-mingw32/bin/../lib/gcc/nios2-elf/4.9.1/../../../../../H-x86_64-mingw32/nios2-elf/lib\libsmallc.a(lib_a-fvwrite_small_dev.o)
                              c:/altera/15.0/nios2eds/bin/gnu/h-x86_64-mingw32/bin/../lib/gcc/nios2-elf/4.9.1/../../../../../H-x86_64-mingw32/nios2-elf/lib\libsmallc.a(lib_a-printf.o) (__sfvwrite_small_dev)
c:/altera/15.0/nios2eds/bin/gnu/h-x86_64-mingw32/bin/../lib/gcc/nios2-elf/4.9.1/../../../../../H-x86_64-mingw32/nios2-elf/lib\libsmallc.a(lib_a-impure.o)
                              c:/altera/15.0/nios2eds/bin/gnu/h-x86_64-mingw32/bin/../lib/gcc/nios2-elf/4.9.1/../../../../../H-x86_64-mingw32/nios2-elf/lib\libsmallc.a(lib_a-printf.o) (_impure_ptr)
c:/altera/15.0/nios2eds/bin/gnu/h-x86_64-mingw32/bin/../lib/gcc/nios2-elf/4.9.1/../../../../../H-x86_64-mingw32/nios2-elf/lib\libsmallc.a(lib_a-writer.o)
                              c:/altera/15.0/nios2eds/bin/gnu/h-x86_64-mingw32/bin/../lib/gcc/nios2-elf/4.9.1/../../../../../H-x86_64-mingw32/nios2-elf/lib\libsmallc.a(lib_a-fvwrite_small_dev.o) (_write_r)
c:/altera/15.0/nios2eds/bin/gnu/h-x86_64-mingw32/bin/../lib/gcc/nios2-elf/4.9.1/../../../../../H-x86_64-mingw32/nios2-elf/lib\libsmallc.a(lib_a-int_errno.o)
                              c:/altera/15.0/nios2eds/bin/gnu/h-x86_64-mingw32/bin/../lib/gcc/nios2-elf/4.9.1/../../../../../H-x86_64-mingw32/nios2-elf/lib\libsmallc.a(lib_a-writer.o) (errno)
../MTL_bsp/\libhal_bsp.a(alt_load.o)
                              ../MTL_bsp//obj/HAL/src/crt0.o (alt_load)
../MTL_bsp/\libhal_bsp.a(alt_main.o)
                              ../MTL_bsp//obj/HAL/src/crt0.o (alt_main)
../MTL_bsp/\libhal_bsp.a(alt_write.o)
                              c:/altera/15.0/nios2eds/bin/gnu/h-x86_64-mingw32/bin/../lib/gcc/nios2-elf/4.9.1/../../../../../H-x86_64-mingw32/nios2-elf/lib\libsmallc.a(lib_a-writer.o) (write)
../MTL_bsp/\libhal_bsp.a(alt_sys_init.o)
                              ../MTL_bsp/\libhal_bsp.a(alt_main.o) (alt_irq_init)
../MTL_bsp/\libhal_bsp.a(altera_avalon_jtag_uart_fd.o)
                              ../MTL_bsp/\libhal_bsp.a(alt_sys_init.o) (altera_avalon_jtag_uart_read_fd)
../MTL_bsp/\libhal_bsp.a(altera_avalon_jtag_uart_read.o)
                              ../MTL_bsp/\libhal_bsp.a(altera_avalon_jtag_uart_fd.o) (altera_avalon_jtag_uart_read)
../MTL_bsp/\libhal_bsp.a(altera_avalon_jtag_uart_write.o)
                              ../MTL_bsp/\libhal_bsp.a(altera_avalon_jtag_uart_fd.o) (altera_avalon_jtag_uart_write)
../MTL_bsp/\libhal_bsp.a(altera_avalon_timer_sc.o)
                              ../MTL_bsp/\libhal_bsp.a(alt_sys_init.o) (alt_avalon_timer_sc_init)
../MTL_bsp/\libhal_bsp.a(alt_close.o)
                              ../MTL_bsp/\libhal_bsp.a(alt_main.o) (close)
../MTL_bsp/\libhal_bsp.a(alt_dcache_flush_all.o)
                              ../MTL_bsp/\libhal_bsp.a(alt_load.o) (alt_dcache_flush_all)
../MTL_bsp/\libhal_bsp.a(alt_dev.o)
                              ../MTL_bsp/\libhal_bsp.a(alt_sys_init.o) (alt_dev_list)
../MTL_bsp/\libhal_bsp.a(alt_dev_llist_insert.o)
                              ../MTL_bsp/\libhal_bsp.a(alt_sys_init.o) (alt_dev_llist_insert)
../MTL_bsp/\libhal_bsp.a(alt_errno.o)
                              ../MTL_bsp/\libhal_bsp.a(alt_write.o) (alt_errno)
../MTL_bsp/\libhal_bsp.a(alt_icache_flush_all.o)
                              ../MTL_bsp/\libhal_bsp.a(alt_load.o) (alt_icache_flush_all)
../MTL_bsp/\libhal_bsp.a(alt_iic.o)
                              ../MTL_bsp/\libhal_bsp.a(altera_avalon_timer_sc.o) (alt_ic_isr_register)
../MTL_bsp/\libhal_bsp.a(alt_iic_isr_register.o)
                              ../MTL_bsp/\libhal_bsp.a(alt_iic.o) (alt_iic_isr_register)
../MTL_bsp/\libhal_bsp.a(alt_io_redirect.o)
                              ../MTL_bsp/\libhal_bsp.a(alt_main.o) (alt_io_redirect)
../MTL_bsp/\libhal_bsp.a(alt_irq_entry.o)
                              ../MTL_bsp/\libhal_bsp.a(alt_iic_isr_register.o) (alt_irq_entry)
../MTL_bsp/\libhal_bsp.a(alt_irq_handler.o)
                              ../MTL_bsp/\libhal_bsp.a(alt_iic_isr_register.o) (alt_irq)
../MTL_bsp/\libhal_bsp.a(alt_irq_vars.o)
                              ../MTL_bsp/\libhal_bsp.a(alt_iic.o) (alt_irq_active)
../MTL_bsp/\libhal_bsp.a(alt_open.o)
                              ../MTL_bsp/\libhal_bsp.a(alt_io_redirect.o) (open)
../MTL_bsp/\libhal_bsp.a(alt_release_fd.o)
                              ../MTL_bsp/\libhal_bsp.a(alt_close.o) (alt_release_fd)
../MTL_bsp/\libhal_bsp.a(alt_tick.o)
                              ../MTL_bsp/\libhal_bsp.a(altera_avalon_timer_sc.o) (_alt_tick_rate)
../MTL_bsp/\libhal_bsp.a(altera_nios2_qsys_irq.o)
                              ../MTL_bsp/\libhal_bsp.a(alt_sys_init.o) (altera_nios2_qsys_irq_init)
../MTL_bsp/\libhal_bsp.a(alt_exception_entry.o)
                              ../MTL_bsp/\libhal_bsp.a(alt_irq_entry.o) (alt_exception)
../MTL_bsp/\libhal_bsp.a(alt_find_dev.o)
                              ../MTL_bsp/\libhal_bsp.a(alt_open.o) (alt_find_dev)
../MTL_bsp/\libhal_bsp.a(alt_find_file.o)
                              ../MTL_bsp/\libhal_bsp.a(alt_open.o) (alt_find_file)
../MTL_bsp/\libhal_bsp.a(alt_get_fd.o)
                              ../MTL_bsp/\libhal_bsp.a(alt_open.o) (alt_get_fd)
../MTL_bsp/\libhal_bsp.a(alt_icache_flush.o)
                              ../MTL_bsp/\libhal_bsp.a(alt_icache_flush_all.o) (alt_icache_flush)
c:/altera/15.0/nios2eds/bin/gnu/h-x86_64-mingw32/bin/../lib/gcc/nios2-elf/4.9.1/../../../../../H-x86_64-mingw32/nios2-elf/lib\libsmallc.a(lib_a-exit.o)
                              ../MTL_bsp/\libhal_bsp.a(alt_main.o) (exit)
c:/altera/15.0/nios2eds/bin/gnu/h-x86_64-mingw32/bin/../lib/gcc/nios2-elf/4.9.1/../../../../../H-x86_64-mingw32/nios2-elf/lib\libsmallc.a(lib_a-memcmp.o)
                              ../MTL_bsp/\libhal_bsp.a(alt_find_dev.o) (memcmp)
c:/altera/15.0/nios2eds/bin/gnu/h-x86_64-mingw32/bin/../lib/gcc/nios2-elf/4.9.1/../../../../../H-x86_64-mingw32/nios2-elf/lib\libsmallc.a(lib_a-__call_atexit.o)
                              c:/altera/15.0/nios2eds/bin/gnu/h-x86_64-mingw32/bin/../lib/gcc/nios2-elf/4.9.1/../../../../../H-x86_64-mingw32/nios2-elf/lib\libsmallc.a(lib_a-exit.o) (__call_exitprocs)
../MTL_bsp/\libhal_bsp.a(alt_exit.o)
                              c:/altera/15.0/nios2eds/bin/gnu/h-x86_64-mingw32/bin/../lib/gcc/nios2-elf/4.9.1/../../../../../H-x86_64-mingw32/nios2-elf/lib\libsmallc.a(lib_a-exit.o) (_exit)

Allocating common symbols
Common symbol       size              file

alt_irq             0x100             ../MTL_bsp/\libhal_bsp.a(alt_irq_handler.o)
errno               0x4               c:/altera/15.0/nios2eds/bin/gnu/h-x86_64-mingw32/bin/../lib/gcc/nios2-elf/4.9.1/../../../../../H-x86_64-mingw32/nios2-elf/lib\libsmallc.a(lib_a-int_errno.o)

Memory Configuration

Name             Origin             Length             Attributes
reset            0x0000000000008000 0x0000000000000020
mem              0x0000000000008020 0x0000000000004e00
*default*        0x0000000000000000 0xffffffffffffffff

Linker script and memory map

LOAD ../MTL_bsp//obj/HAL/src/crt0.o
LOAD obj/default/main.o
LOAD c:/altera/15.0/nios2eds/bin/gnu/h-x86_64-mingw32/bin/../lib/gcc/nios2-elf/4.9.1/../../../../../H-x86_64-mingw32/nios2-elf/lib\libstdc++.a
LOAD c:/altera/15.0/nios2eds/bin/gnu/h-x86_64-mingw32/bin/../lib/gcc/nios2-elf/4.9.1/../../../../../H-x86_64-mingw32/nios2-elf/lib\libm.a
LOAD c:/altera/15.0/nios2eds/bin/gnu/h-x86_64-mingw32/bin/../lib/gcc/nios2-elf/4.9.1\libgcc.a
START GROUP
LOAD c:/altera/15.0/nios2eds/bin/gnu/h-x86_64-mingw32/bin/../lib/gcc/nios2-elf/4.9.1/../../../../../H-x86_64-mingw32/nios2-elf/lib\libsmallc.a
LOAD c:/altera/15.0/nios2eds/bin/gnu/h-x86_64-mingw32/bin/../lib/gcc/nios2-elf/4.9.1\libgcc.a
LOAD ../MTL_bsp/\libhal_bsp.a
LOAD c:/altera/15.0/nios2eds/bin/gnu/h-x86_64-mingw32/bin/../lib/gcc/nios2-elf/4.9.1/../../../../../H-x86_64-mingw32/nios2-elf/lib\libm.a
END GROUP
LOAD c:/altera/15.0/nios2eds/bin/gnu/h-x86_64-mingw32/bin/../lib/gcc/nios2-elf/4.9.1\libgcc.a
                0x0000000000008000                __alt_mem_mem = 0x8000

.entry          0x0000000000008000       0x20
 *(.entry)
 .entry         0x0000000000008000       0x20 ../MTL_bsp//obj/HAL/src/crt0.o
                0x0000000000008000                __reset

.exceptions     0x0000000000008020      0x19c
                0x0000000000008020                PROVIDE (__ram_exceptions_start, ABSOLUTE (.))
                0x0000000000008020                . = ALIGN (0x20)
 *(.irq)
 *(.exceptions.entry.label)
 .exceptions.entry.label
                0x0000000000008020        0x0 ../MTL_bsp/\libhal_bsp.a(alt_irq_entry.o)
                0x0000000000008020                alt_irq_entry
 .exceptions.entry.label
                0x0000000000008020        0x0 ../MTL_bsp/\libhal_bsp.a(alt_exception_entry.o)
                0x0000000000008020                alt_exception
 *(.exceptions.entry.user)
 *(.exceptions.entry.ecc_fatal)
 *(.exceptions.entry)
 .exceptions.entry
                0x0000000000008020       0x54 ../MTL_bsp/\libhal_bsp.a(alt_exception_entry.o)
 *(.exceptions.irqtest.user)
 *(.exceptions.irqtest)
 .exceptions.irqtest
                0x0000000000008074       0x10 ../MTL_bsp/\libhal_bsp.a(alt_irq_entry.o)
 *(.exceptions.irqhandler.user)
 *(.exceptions.irqhandler)
 .exceptions.irqhandler
                0x0000000000008084        0x4 ../MTL_bsp/\libhal_bsp.a(alt_irq_entry.o)
 *(.exceptions.irqreturn.user)
 *(.exceptions.irqreturn)
 .exceptions.irqreturn
                0x0000000000008088        0x4 ../MTL_bsp/\libhal_bsp.a(alt_irq_entry.o)
 *(.exceptions.notirq.label)
 .exceptions.notirq.label
                0x000000000000808c        0x0 ../MTL_bsp/\libhal_bsp.a(alt_irq_entry.o)
 *(.exceptions.notirq.user)
 *(.exceptions.notirq)
 .exceptions.notirq
                0x000000000000808c        0x8 ../MTL_bsp/\libhal_bsp.a(alt_exception_entry.o)
 *(.exceptions.soft.user)
 *(.exceptions.soft)
 *(.exceptions.unknown.user)
 *(.exceptions.unknown)
 .exceptions.unknown
                0x0000000000008094        0x4 ../MTL_bsp/\libhal_bsp.a(alt_exception_entry.o)
 *(.exceptions.exit.label)
 .exceptions.exit.label
                0x0000000000008098        0x0 ../MTL_bsp/\libhal_bsp.a(alt_irq_entry.o)
 .exceptions.exit.label
                0x0000000000008098        0x0 ../MTL_bsp/\libhal_bsp.a(alt_exception_entry.o)
 *(.exceptions.exit.user)
 *(.exceptions.exit)
 .exceptions.exit
                0x0000000000008098       0x54 ../MTL_bsp/\libhal_bsp.a(alt_exception_entry.o)
 *(.exceptions)
 .exceptions    0x00000000000080ec       0xd0 ../MTL_bsp/\libhal_bsp.a(alt_irq_handler.o)
                0x00000000000080ec                alt_irq_handler
                0x00000000000081bc                PROVIDE (__ram_exceptions_end, ABSOLUTE (.))
                0x0000000000008020                PROVIDE (__flash_exceptions_start, LOADADDR (.exceptions))

.text           0x00000000000081bc     0x24a4
                0x00000000000081bc                PROVIDE (stext, ABSOLUTE (.))
 *(.interp)
 *(.hash)
 *(.dynsym)
 *(.dynstr)
 *(.gnu.version)
 *(.gnu.version_d)
 *(.gnu.version_r)
 *(.rel.init)
 *(.rela.init)
 *(.rel.text .rel.text.* .rel.gnu.linkonce.t.*)
 *(.rela.text .rela.text.* .rela.gnu.linkonce.t.*)
 *(.rel.fini)
 *(.rela.fini)
 *(.rel.rodata .rel.rodata.* .rel.gnu.linkonce.r.*)
 *(.rela.rodata .rela.rodata.* .rela.gnu.linkonce.r.*)
 *(.rel.data .rel.data.* .rel.gnu.linkonce.d.*)
 *(.rela.data .rela.data.* .rela.gnu.linkonce.d.*)
 *(.rel.tdata .rel.tdata.* .rel.gnu.linkonce.td.*)
 *(.rela.tdata .rela.tdata.* .rela.gnu.linkonce.td.*)
 *(.rel.tbss .rel.tbss.* .rel.gnu.linkonce.tb.*)
 *(.rela.tbss .rela.tbss.* .rela.gnu.linkonce.tb.*)
 *(.rel.ctors)
 *(.rela.ctors)
 *(.rel.dtors)
 *(.rela.dtors)
 *(.rel.got)
 *(.rela.got)
 *(.rel.sdata .rel.sdata.* .rel.gnu.linkonce.s.*)
 *(.rela.sdata .rela.sdata.* .rela.gnu.linkonce.s.*)
 *(.rel.sbss .rel.sbss.* .rel.gnu.linkonce.sb.*)
 *(.rela.sbss .rela.sbss.* .rela.gnu.linkonce.sb.*)
 *(.rel.sdata2 .rel.sdata2.* .rel.gnu.linkonce.s2.*)
 *(.rela.sdata2 .rela.sdata2.* .rela.gnu.linkonce.s2.*)
 *(.rel.sbss2 .rel.sbss2.* .rel.gnu.linkonce.sb2.*)
 *(.rela.sbss2 .rela.sbss2.* .rela.gnu.linkonce.sb2.*)
 *(.rel.bss .rel.bss.* .rel.gnu.linkonce.b.*)
 *(.rela.bss .rela.bss.* .rela.gnu.linkonce.b.*)
 *(.rel.plt)
 *(.rela.plt)
 *(.rel.dyn)
 *(.init)
 *(.plt)
 *(.text .stub .text.* .gnu.linkonce.t.*)
 .text          0x00000000000081bc       0x4c ../MTL_bsp//obj/HAL/src/crt0.o
                0x00000000000081bc                _start
 .text          0x0000000000008208      0x428 obj/default/main.o
                0x0000000000008208                translateTouchData
                0x000000000000826c                sendMap
                0x000000000000839c                translateToTiles
                0x0000000000008408                manhattan
                0x0000000000008464                main
 .text          0x0000000000008630      0x12c c:/altera/15.0/nios2eds/bin/gnu/h-x86_64-mingw32/bin/../lib/gcc/nios2-elf/4.9.1\libgcc.a(lib2-divmod.o)
                0x000000000000869c                __divsi3
                0x00000000000086f0                __modsi3
                0x000000000000874c                __udivsi3
                0x0000000000008754                __umodsi3
 .text          0x000000000000875c       0x28 c:/altera/15.0/nios2eds/bin/gnu/h-x86_64-mingw32/bin/../lib/gcc/nios2-elf/4.9.1/../../../../../H-x86_64-mingw32/nios2-elf/lib\libsmallc.a(lib_a-memcpy.o)
                0x000000000000875c                memcpy
 .text          0x0000000000008784       0x88 c:/altera/15.0/nios2eds/bin/gnu/h-x86_64-mingw32/bin/../lib/gcc/nios2-elf/4.9.1/../../../../../H-x86_64-mingw32/nios2-elf/lib\libsmallc.a(lib_a-printf.o)
                0x0000000000008784                _printf_r
                0x00000000000087c0                printf
 .text          0x000000000000880c       0x94 c:/altera/15.0/nios2eds/bin/gnu/h-x86_64-mingw32/bin/../lib/gcc/nios2-elf/4.9.1/../../../../../H-x86_64-mingw32/nios2-elf/lib\libsmallc.a(lib_a-puts.o)
                0x000000000000880c                _puts_r
                0x000000000000888c                puts
 .text          0x00000000000088a0       0x1c c:/altera/15.0/nios2eds/bin/gnu/h-x86_64-mingw32/bin/../lib/gcc/nios2-elf/4.9.1/../../../../../H-x86_64-mingw32/nios2-elf/lib\libsmallc.a(lib_a-strlen.o)
                0x00000000000088a0                strlen
 .text          0x00000000000088bc      0x5d4 c:/altera/15.0/nios2eds/bin/gnu/h-x86_64-mingw32/bin/../lib/gcc/nios2-elf/4.9.1/../../../../../H-x86_64-mingw32/nios2-elf/lib\libsmallc.a(lib_a-vfprintf.o)
                0x0000000000008928                ___vfprintf_internal_r
                0x0000000000008e6c                __vfprintf_internal
 .text          0x0000000000008e90       0xac c:/altera/15.0/nios2eds/bin/gnu/h-x86_64-mingw32/bin/../lib/gcc/nios2-elf/4.9.1/../../../../../H-x86_64-mingw32/nios2-elf/lib\libsmallc.a(lib_a-fvwrite_small_dev.o)
                0x0000000000008e90                __sfvwrite_small_dev
 .text          0x0000000000008f3c        0x0 c:/altera/15.0/nios2eds/bin/gnu/h-x86_64-mingw32/bin/../lib/gcc/nios2-elf/4.9.1/../../../../../H-x86_64-mingw32/nios2-elf/lib\libsmallc.a(lib_a-impure.o)
 .text          0x0000000000008f3c       0x58 c:/altera/15.0/nios2eds/bin/gnu/h-x86_64-mingw32/bin/../lib/gcc/nios2-elf/4.9.1/../../../../../H-x86_64-mingw32/nios2-elf/lib\libsmallc.a(lib_a-writer.o)
                0x0000000000008f3c                _write_r
 .text          0x0000000000008f94        0x0 c:/altera/15.0/nios2eds/bin/gnu/h-x86_64-mingw32/bin/../lib/gcc/nios2-elf/4.9.1/../../../../../H-x86_64-mingw32/nios2-elf/lib\libsmallc.a(lib_a-int_errno.o)
 .text          0x0000000000008f94       0xe4 ../MTL_bsp/\libhal_bsp.a(alt_load.o)
                0x0000000000008ff8                alt_load
 .text          0x0000000000009078       0x68 ../MTL_bsp/\libhal_bsp.a(alt_main.o)
                0x0000000000009078                alt_main
 .text          0x00000000000090e0      0x148 ../MTL_bsp/\libhal_bsp.a(alt_write.o)
                0x0000000000009130                write
 .text          0x0000000000009228       0xb4 ../MTL_bsp/\libhal_bsp.a(alt_sys_init.o)
                0x0000000000009260                alt_irq_init
                0x0000000000009294                alt_sys_init
 .text          0x00000000000092dc       0xc0 ../MTL_bsp/\libhal_bsp.a(altera_avalon_jtag_uart_fd.o)
                0x00000000000092dc                altera_avalon_jtag_uart_read_fd
                0x000000000000933c                altera_avalon_jtag_uart_write_fd
 .text          0x000000000000939c       0xe4 ../MTL_bsp/\libhal_bsp.a(altera_avalon_jtag_uart_read.o)
                0x000000000000939c                altera_avalon_jtag_uart_read
 .text          0x0000000000009480       0x94 ../MTL_bsp/\libhal_bsp.a(altera_avalon_jtag_uart_write.o)
                0x0000000000009480                altera_avalon_jtag_uart_write
 .text          0x0000000000009514       0xfc ../MTL_bsp/\libhal_bsp.a(altera_avalon_timer_sc.o)
                0x0000000000009588                alt_avalon_timer_sc_init
 .text          0x0000000000009610      0x120 ../MTL_bsp/\libhal_bsp.a(alt_close.o)
                0x0000000000009660                close
 .text          0x0000000000009730       0x44 ../MTL_bsp/\libhal_bsp.a(alt_dcache_flush_all.o)
                0x0000000000009730                alt_dcache_flush_all
 .text          0x0000000000009774       0x2c ../MTL_bsp/\libhal_bsp.a(alt_dev.o)
 .text          0x00000000000097a0       0xf4 ../MTL_bsp/\libhal_bsp.a(alt_dev_llist_insert.o)
                0x00000000000097f0                alt_dev_llist_insert
 .text          0x0000000000009894        0x0 ../MTL_bsp/\libhal_bsp.a(alt_errno.o)
 .text          0x0000000000009894       0x30 ../MTL_bsp/\libhal_bsp.a(alt_icache_flush_all.o)
                0x0000000000009894                alt_icache_flush_all
 .text          0x00000000000098c4      0x1e0 ../MTL_bsp/\libhal_bsp.a(alt_iic.o)
                0x00000000000098c4                alt_ic_isr_register
                0x0000000000009914                alt_ic_irq_enable
                0x00000000000099b4                alt_ic_irq_disable
                0x0000000000009a58                alt_ic_irq_enabled
 .text          0x0000000000009aa4       0xf0 ../MTL_bsp/\libhal_bsp.a(alt_iic_isr_register.o)
                0x0000000000009aa4                alt_iic_isr_register
 .text          0x0000000000009b94      0x138 ../MTL_bsp/\libhal_bsp.a(alt_io_redirect.o)
                0x0000000000009c54                alt_io_redirect
 .text          0x0000000000009ccc        0x0 ../MTL_bsp/\libhal_bsp.a(alt_irq_entry.o)
 .text          0x0000000000009ccc        0x0 ../MTL_bsp/\libhal_bsp.a(alt_irq_handler.o)
 .text          0x0000000000009ccc        0x0 ../MTL_bsp/\libhal_bsp.a(alt_irq_vars.o)
 .text          0x0000000000009ccc      0x274 ../MTL_bsp/\libhal_bsp.a(alt_open.o)
                0x0000000000009de8                open
 .text          0x0000000000009f40       0x60 ../MTL_bsp/\libhal_bsp.a(alt_release_fd.o)
                0x0000000000009f40                alt_release_fd
 .text          0x0000000000009fa0      0x19c ../MTL_bsp/\libhal_bsp.a(alt_tick.o)
                0x0000000000009fa0                alt_alarm_stop
                0x000000000000a038                alt_tick
 .text          0x000000000000a13c       0x20 ../MTL_bsp/\libhal_bsp.a(altera_nios2_qsys_irq.o)
                0x000000000000a13c                altera_nios2_qsys_irq_init
 .text          0x000000000000a15c        0x0 ../MTL_bsp/\libhal_bsp.a(alt_exception_entry.o)
 .text          0x000000000000a15c       0x90 ../MTL_bsp/\libhal_bsp.a(alt_find_dev.o)
                0x000000000000a15c                alt_find_dev
 .text          0x000000000000a1ec      0x114 ../MTL_bsp/\libhal_bsp.a(alt_find_file.o)
                0x000000000000a1ec                alt_find_file
 .text          0x000000000000a300       0xb4 ../MTL_bsp/\libhal_bsp.a(alt_get_fd.o)
                0x000000000000a300                alt_get_fd
 .text          0x000000000000a3b4       0x8c ../MTL_bsp/\libhal_bsp.a(alt_icache_flush.o)
                0x000000000000a3b4                alt_icache_flush
 .text          0x000000000000a440       0x20 c:/altera/15.0/nios2eds/bin/gnu/h-x86_64-mingw32/bin/../lib/gcc/nios2-elf/4.9.1/../../../../../H-x86_64-mingw32/nios2-elf/lib\libsmallc.a(lib_a-exit.o)
                0x000000000000a440                exit
 .text          0x000000000000a460       0x30 c:/altera/15.0/nios2eds/bin/gnu/h-x86_64-mingw32/bin/../lib/gcc/nios2-elf/4.9.1/../../../../../H-x86_64-mingw32/nios2-elf/lib\libsmallc.a(lib_a-memcmp.o)
                0x000000000000a460                memcmp
 .text          0x000000000000a490      0x19c c:/altera/15.0/nios2eds/bin/gnu/h-x86_64-mingw32/bin/../lib/gcc/nios2-elf/4.9.1/../../../../../H-x86_64-mingw32/nios2-elf/lib\libsmallc.a(lib_a-__call_atexit.o)
                0x000000000000a490                __call_exitprocs
 .text          0x000000000000a62c       0x34 ../MTL_bsp/\libhal_bsp.a(alt_exit.o)
                0x000000000000a62c                _exit
 *(.gnu.warning.*)
 *(.fini)
                0x000000000000a660                PROVIDE (__etext, ABSOLUTE (.))
                0x000000000000a660                PROVIDE (_etext, ABSOLUTE (.))
                0x000000000000a660                PROVIDE (etext, ABSOLUTE (.))
 *(.eh_frame_hdr)
                0x000000000000a660                . = ALIGN (0x4)
                0x000000000000a660                PROVIDE (__preinit_array_start, ABSOLUTE (.))
 *(.preinit_array)
                0x000000000000a660                PROVIDE (__preinit_array_end, ABSOLUTE (.))
                0x000000000000a660                PROVIDE (__init_array_start, ABSOLUTE (.))
 *(.init_array)
                0x000000000000a660                PROVIDE (__init_array_end, ABSOLUTE (.))
                0x000000000000a660                PROVIDE (__fini_array_start, ABSOLUTE (.))
 *(.fini_array)
                0x000000000000a660                PROVIDE (__fini_array_end, ABSOLUTE (.))
 *(.eh_frame)
 *(.gcc_except_table .gcc_except_table.*)
 *(.dynamic)
                0x000000000000a660                PROVIDE (__CTOR_LIST__, ABSOLUTE (.))
 *(.ctors)
 *(SORT(.ctors.*))
                0x000000000000a660                PROVIDE (__CTOR_END__, ABSOLUTE (.))
                0x000000000000a660                PROVIDE (__DTOR_LIST__, ABSOLUTE (.))
 *(.dtors)
 *(SORT(.dtors.*))
                0x000000000000a660                PROVIDE (__DTOR_END__, ABSOLUTE (.))
 *(.jcr)
                0x000000000000a660                . = ALIGN (0x4)

.rodata         0x000000000000a660       0xe0
                0x000000000000a660                PROVIDE (__ram_rodata_start, ABSOLUTE (.))
                0x000000000000a660                . = ALIGN (0x4)
 *(.rodata .rodata.* .gnu.linkonce.r.*)
 .rodata        0x000000000000a660       0xb0 obj/default/main.o
 .rodata.str1.4
                0x000000000000a710        0x4 c:/altera/15.0/nios2eds/bin/gnu/h-x86_64-mingw32/bin/../lib/gcc/nios2-elf/4.9.1/../../../../../H-x86_64-mingw32/nios2-elf/lib\libsmallc.a(lib_a-puts.o)
 .rodata        0x000000000000a714       0x10 ../MTL_bsp/\libhal_bsp.a(alt_main.o)
 .rodata        0x000000000000a724       0x10 ../MTL_bsp/\libhal_bsp.a(alt_sys_init.o)
 .rodata        0x000000000000a734        0xc ../MTL_bsp/\libhal_bsp.a(alt_dev.o)
 *(.rodata1)
                0x000000000000a740                . = ALIGN (0x4)
                0x000000000000a740                PROVIDE (__ram_rodata_end, ABSOLUTE (.))
                0x000000000000a660                PROVIDE (__flash_rodata_start, LOADADDR (.rodata))

.rwdata         0x000000000000a740      0x2e0 load address 0x000000000000aa20
                0x000000000000a740                PROVIDE (__ram_rwdata_start, ABSOLUTE (.))
                0x000000000000a740                . = ALIGN (0x4)
 *(.got.plt)
 *(.got)
 *(.data1)
 *(.data .data.* .gnu.linkonce.d.*)
 .data          0x000000000000a740        0x0 ../MTL_bsp//obj/HAL/src/crt0.o
 .data          0x000000000000a740        0x0 obj/default/main.o
 .data          0x000000000000a740        0x0 c:/altera/15.0/nios2eds/bin/gnu/h-x86_64-mingw32/bin/../lib/gcc/nios2-elf/4.9.1\libgcc.a(lib2-divmod.o)
 .data          0x000000000000a740        0x0 c:/altera/15.0/nios2eds/bin/gnu/h-x86_64-mingw32/bin/../lib/gcc/nios2-elf/4.9.1/../../../../../H-x86_64-mingw32/nios2-elf/lib\libsmallc.a(lib_a-memcpy.o)
 .data          0x000000000000a740        0x0 c:/altera/15.0/nios2eds/bin/gnu/h-x86_64-mingw32/bin/../lib/gcc/nios2-elf/4.9.1/../../../../../H-x86_64-mingw32/nios2-elf/lib\libsmallc.a(lib_a-printf.o)
 .data          0x000000000000a740        0x0 c:/altera/15.0/nios2eds/bin/gnu/h-x86_64-mingw32/bin/../lib/gcc/nios2-elf/4.9.1/../../../../../H-x86_64-mingw32/nios2-elf/lib\libsmallc.a(lib_a-puts.o)
 .data          0x000000000000a740        0x0 c:/altera/15.0/nios2eds/bin/gnu/h-x86_64-mingw32/bin/../lib/gcc/nios2-elf/4.9.1/../../../../../H-x86_64-mingw32/nios2-elf/lib\libsmallc.a(lib_a-strlen.o)
 .data          0x000000000000a740        0x0 c:/altera/15.0/nios2eds/bin/gnu/h-x86_64-mingw32/bin/../lib/gcc/nios2-elf/4.9.1/../../../../../H-x86_64-mingw32/nios2-elf/lib\libsmallc.a(lib_a-vfprintf.o)
 .data          0x000000000000a740        0x0 c:/altera/15.0/nios2eds/bin/gnu/h-x86_64-mingw32/bin/../lib/gcc/nios2-elf/4.9.1/../../../../../H-x86_64-mingw32/nios2-elf/lib\libsmallc.a(lib_a-fvwrite_small_dev.o)
 .data          0x000000000000a740       0xe0 c:/altera/15.0/nios2eds/bin/gnu/h-x86_64-mingw32/bin/../lib/gcc/nios2-elf/4.9.1/../../../../../H-x86_64-mingw32/nios2-elf/lib\libsmallc.a(lib_a-impure.o)
 .data          0x000000000000a820        0x0 c:/altera/15.0/nios2eds/bin/gnu/h-x86_64-mingw32/bin/../lib/gcc/nios2-elf/4.9.1/../../../../../H-x86_64-mingw32/nios2-elf/lib\libsmallc.a(lib_a-writer.o)
 .data          0x000000000000a820        0x0 c:/altera/15.0/nios2eds/bin/gnu/h-x86_64-mingw32/bin/../lib/gcc/nios2-elf/4.9.1/../../../../../H-x86_64-mingw32/nios2-elf/lib\libsmallc.a(lib_a-int_errno.o)
 .data          0x000000000000a820        0x0 ../MTL_bsp/\libhal_bsp.a(alt_load.o)
 .data          0x000000000000a820        0x0 ../MTL_bsp/\libhal_bsp.a(alt_main.o)
 .data          0x000000000000a820        0x0 ../MTL_bsp/\libhal_bsp.a(alt_write.o)
 .data          0x000000000000a820       0x2c ../MTL_bsp/\libhal_bsp.a(alt_sys_init.o)
 .data          0x000000000000a84c        0x0 ../MTL_bsp/\libhal_bsp.a(altera_avalon_jtag_uart_fd.o)
 .data          0x000000000000a84c        0x0 ../MTL_bsp/\libhal_bsp.a(altera_avalon_jtag_uart_read.o)
 .data          0x000000000000a84c        0x0 ../MTL_bsp/\libhal_bsp.a(altera_avalon_jtag_uart_write.o)
 .data          0x000000000000a84c        0x0 ../MTL_bsp/\libhal_bsp.a(altera_avalon_timer_sc.o)
 .data          0x000000000000a84c        0x0 ../MTL_bsp/\libhal_bsp.a(alt_close.o)
 .data          0x000000000000a84c        0x0 ../MTL_bsp/\libhal_bsp.a(alt_dcache_flush_all.o)
 .data          0x000000000000a84c      0x1a8 ../MTL_bsp/\libhal_bsp.a(alt_dev.o)
                0x000000000000a84c                alt_dev_null
                0x000000000000a874                alt_fd_list
 .data          0x000000000000a9f4        0x0 ../MTL_bsp/\libhal_bsp.a(alt_dev_llist_insert.o)
 .data          0x000000000000a9f4        0x0 ../MTL_bsp/\libhal_bsp.a(alt_errno.o)
 .data          0x000000000000a9f4        0x0 ../MTL_bsp/\libhal_bsp.a(alt_icache_flush_all.o)
 .data          0x000000000000a9f4        0x0 ../MTL_bsp/\libhal_bsp.a(alt_iic.o)
 .data          0x000000000000a9f4        0x0 ../MTL_bsp/\libhal_bsp.a(alt_iic_isr_register.o)
 .data          0x000000000000a9f4        0x0 ../MTL_bsp/\libhal_bsp.a(alt_io_redirect.o)
 .data          0x000000000000a9f4        0x0 ../MTL_bsp/\libhal_bsp.a(alt_irq_entry.o)
 .data          0x000000000000a9f4        0x0 ../MTL_bsp/\libhal_bsp.a(alt_irq_handler.o)
 .data          0x000000000000a9f4        0x0 ../MTL_bsp/\libhal_bsp.a(alt_irq_vars.o)
 .data          0x000000000000a9f4        0x0 ../MTL_bsp/\libhal_bsp.a(alt_open.o)
 .data          0x000000000000a9f4        0x0 ../MTL_bsp/\libhal_bsp.a(alt_release_fd.o)
 .data          0x000000000000a9f4        0x0 ../MTL_bsp/\libhal_bsp.a(alt_tick.o)
 .data          0x000000000000a9f4        0x0 ../MTL_bsp/\libhal_bsp.a(altera_nios2_qsys_irq.o)
 .data          0x000000000000a9f4        0x0 ../MTL_bsp/\libhal_bsp.a(alt_exception_entry.o)
 .data          0x000000000000a9f4        0x0 ../MTL_bsp/\libhal_bsp.a(alt_find_dev.o)
 .data          0x000000000000a9f4        0x0 ../MTL_bsp/\libhal_bsp.a(alt_find_file.o)
 .data          0x000000000000a9f4        0x0 ../MTL_bsp/\libhal_bsp.a(alt_get_fd.o)
 .data          0x000000000000a9f4        0x0 ../MTL_bsp/\libhal_bsp.a(alt_icache_flush.o)
 .data          0x000000000000a9f4        0x0 c:/altera/15.0/nios2eds/bin/gnu/h-x86_64-mingw32/bin/../lib/gcc/nios2-elf/4.9.1/../../../../../H-x86_64-mingw32/nios2-elf/lib\libsmallc.a(lib_a-exit.o)
 .data          0x000000000000a9f4        0x0 c:/altera/15.0/nios2eds/bin/gnu/h-x86_64-mingw32/bin/../lib/gcc/nios2-elf/4.9.1/../../../../../H-x86_64-mingw32/nios2-elf/lib\libsmallc.a(lib_a-memcmp.o)
 .data          0x000000000000a9f4        0x0 c:/altera/15.0/nios2eds/bin/gnu/h-x86_64-mingw32/bin/../lib/gcc/nios2-elf/4.9.1/../../../../../H-x86_64-mingw32/nios2-elf/lib\libsmallc.a(lib_a-__call_atexit.o)
 .data          0x000000000000a9f4        0x0 ../MTL_bsp/\libhal_bsp.a(alt_exit.o)
                0x00000000000129f4                _gp = ABSOLUTE ((. + 0x8000))
                0x00000000000129f4                PROVIDE (gp, _gp)
 *(.rwdata .rwdata.*)
 *(.sdata .sdata.* .gnu.linkonce.s.*)
 .sdata         0x000000000000a9f4        0x8 c:/altera/15.0/nios2eds/bin/gnu/h-x86_64-mingw32/bin/../lib/gcc/nios2-elf/4.9.1/../../../../../H-x86_64-mingw32/nios2-elf/lib\libsmallc.a(lib_a-impure.o)
                0x000000000000a9f4                _global_impure_ptr
                0x000000000000a9f8                _impure_ptr
 .sdata         0x000000000000a9fc       0x14 ../MTL_bsp/\libhal_bsp.a(alt_dev.o)
                0x000000000000a9fc                alt_fs_list
                0x000000000000aa04                alt_dev_list
                0x000000000000aa0c                alt_max_fd
 .sdata         0x000000000000aa10        0x4 ../MTL_bsp/\libhal_bsp.a(alt_errno.o)
                0x000000000000aa10                alt_errno
 .sdata         0x000000000000aa14        0x4 ../MTL_bsp/\libhal_bsp.a(alt_irq_vars.o)
                0x000000000000aa14                alt_priority_mask
 .sdata         0x000000000000aa18        0x8 ../MTL_bsp/\libhal_bsp.a(alt_tick.o)
                0x000000000000aa18                alt_alarm_list
 *(.sdata2 .sdata2.* .gnu.linkonce.s2.*)
                0x000000000000aa20                . = ALIGN (0x4)
                0x000000000000aa20                _edata = ABSOLUTE (.)
                0x000000000000aa20                PROVIDE (edata, ABSOLUTE (.))
                0x000000000000aa20                PROVIDE (__ram_rwdata_end, ABSOLUTE (.))
                0x000000000000aa20                PROVIDE (__flash_rwdata_start, LOADADDR (.rwdata))

.bss            0x000000000000ad00      0x11c
                0x000000000000ad00                __bss_start = ABSOLUTE (.)
                0x000000000000ad00                PROVIDE (__sbss_start, ABSOLUTE (.))
                0x000000000000ad00                PROVIDE (___sbss_start, ABSOLUTE (.))
 *(.dynsbss)
 *(.sbss .sbss.* .gnu.linkonce.sb.*)
 .sbss          0x000000000000ad00        0x4 c:/altera/15.0/nios2eds/bin/gnu/h-x86_64-mingw32/bin/../lib/gcc/nios2-elf/4.9.1/../../../../../H-x86_64-mingw32/nios2-elf/lib\libsmallc.a(lib_a-int_errno.o)
                0x000000000000ad00                errno
 .sbss          0x000000000000ad04        0xc ../MTL_bsp/\libhal_bsp.a(alt_main.o)
                0x000000000000ad04                alt_argc
                0x000000000000ad08                alt_argv
                0x000000000000ad0c                alt_envp
 .sbss          0x000000000000ad10        0x4 ../MTL_bsp/\libhal_bsp.a(alt_irq_vars.o)
                0x000000000000ad10                alt_irq_active
 .sbss          0x000000000000ad14        0x8 ../MTL_bsp/\libhal_bsp.a(alt_tick.o)
                0x000000000000ad14                _alt_tick_rate
                0x000000000000ad18                _alt_nticks
 *(.sbss2 .sbss2.* .gnu.linkonce.sb2.*)
 *(.scommon)
                0x000000000000ad1c                PROVIDE (__sbss_end, ABSOLUTE (.))
                0x000000000000ad1c                PROVIDE (___sbss_end, ABSOLUTE (.))
 *(.dynbss)
 *(.bss .bss.* .gnu.linkonce.b.*)
 .bss           0x000000000000ad1c        0x0 ../MTL_bsp//obj/HAL/src/crt0.o
 .bss           0x000000000000ad1c        0x0 obj/default/main.o
 .bss           0x000000000000ad1c        0x0 c:/altera/15.0/nios2eds/bin/gnu/h-x86_64-mingw32/bin/../lib/gcc/nios2-elf/4.9.1\libgcc.a(lib2-divmod.o)
 .bss           0x000000000000ad1c        0x0 c:/altera/15.0/nios2eds/bin/gnu/h-x86_64-mingw32/bin/../lib/gcc/nios2-elf/4.9.1/../../../../../H-x86_64-mingw32/nios2-elf/lib\libsmallc.a(lib_a-memcpy.o)
 .bss           0x000000000000ad1c        0x0 c:/altera/15.0/nios2eds/bin/gnu/h-x86_64-mingw32/bin/../lib/gcc/nios2-elf/4.9.1/../../../../../H-x86_64-mingw32/nios2-elf/lib\libsmallc.a(lib_a-printf.o)
 .bss           0x000000000000ad1c        0x0 c:/altera/15.0/nios2eds/bin/gnu/h-x86_64-mingw32/bin/../lib/gcc/nios2-elf/4.9.1/../../../../../H-x86_64-mingw32/nios2-elf/lib\libsmallc.a(lib_a-puts.o)
 .bss           0x000000000000ad1c        0x0 c:/altera/15.0/nios2eds/bin/gnu/h-x86_64-mingw32/bin/../lib/gcc/nios2-elf/4.9.1/../../../../../H-x86_64-mingw32/nios2-elf/lib\libsmallc.a(lib_a-strlen.o)
 .bss           0x000000000000ad1c        0x0 c:/altera/15.0/nios2eds/bin/gnu/h-x86_64-mingw32/bin/../lib/gcc/nios2-elf/4.9.1/../../../../../H-x86_64-mingw32/nios2-elf/lib\libsmallc.a(lib_a-vfprintf.o)
 .bss           0x000000000000ad1c        0x0 c:/altera/15.0/nios2eds/bin/gnu/h-x86_64-mingw32/bin/../lib/gcc/nios2-elf/4.9.1/../../../../../H-x86_64-mingw32/nios2-elf/lib\libsmallc.a(lib_a-fvwrite_small_dev.o)
 .bss           0x000000000000ad1c        0x0 c:/altera/15.0/nios2eds/bin/gnu/h-x86_64-mingw32/bin/../lib/gcc/nios2-elf/4.9.1/../../../../../H-x86_64-mingw32/nios2-elf/lib\libsmallc.a(lib_a-impure.o)
 .bss           0x000000000000ad1c        0x0 c:/altera/15.0/nios2eds/bin/gnu/h-x86_64-mingw32/bin/../lib/gcc/nios2-elf/4.9.1/../../../../../H-x86_64-mingw32/nios2-elf/lib\libsmallc.a(lib_a-writer.o)
 .bss           0x000000000000ad1c        0x0 c:/altera/15.0/nios2eds/bin/gnu/h-x86_64-mingw32/bin/../lib/gcc/nios2-elf/4.9.1/../../../../../H-x86_64-mingw32/nios2-elf/lib\libsmallc.a(lib_a-int_errno.o)
 .bss           0x000000000000ad1c        0x0 ../MTL_bsp/\libhal_bsp.a(alt_load.o)
 .bss           0x000000000000ad1c        0x0 ../MTL_bsp/\libhal_bsp.a(alt_main.o)
 .bss           0x000000000000ad1c        0x0 ../MTL_bsp/\libhal_bsp.a(alt_write.o)
 .bss           0x000000000000ad1c        0x0 ../MTL_bsp/\libhal_bsp.a(alt_sys_init.o)
 .bss           0x000000000000ad1c        0x0 ../MTL_bsp/\libhal_bsp.a(altera_avalon_jtag_uart_fd.o)
 .bss           0x000000000000ad1c        0x0 ../MTL_bsp/\libhal_bsp.a(altera_avalon_jtag_uart_read.o)
 .bss           0x000000000000ad1c        0x0 ../MTL_bsp/\libhal_bsp.a(altera_avalon_jtag_uart_write.o)
 .bss           0x000000000000ad1c        0x0 ../MTL_bsp/\libhal_bsp.a(altera_avalon_timer_sc.o)
 .bss           0x000000000000ad1c        0x0 ../MTL_bsp/\libhal_bsp.a(alt_close.o)
 .bss           0x000000000000ad1c        0x0 ../MTL_bsp/\libhal_bsp.a(alt_dcache_flush_all.o)
 .bss           0x000000000000ad1c        0x0 ../MTL_bsp/\libhal_bsp.a(alt_dev.o)
 .bss           0x000000000000ad1c        0x0 ../MTL_bsp/\libhal_bsp.a(alt_dev_llist_insert.o)
 .bss           0x000000000000ad1c        0x0 ../MTL_bsp/\libhal_bsp.a(alt_errno.o)
 .bss           0x000000000000ad1c        0x0 ../MTL_bsp/\libhal_bsp.a(alt_icache_flush_all.o)
 .bss           0x000000000000ad1c        0x0 ../MTL_bsp/\libhal_bsp.a(alt_iic.o)
 .bss           0x000000000000ad1c        0x0 ../MTL_bsp/\libhal_bsp.a(alt_iic_isr_register.o)
 .bss           0x000000000000ad1c        0x0 ../MTL_bsp/\libhal_bsp.a(alt_io_redirect.o)
 .bss           0x000000000000ad1c        0x0 ../MTL_bsp/\libhal_bsp.a(alt_irq_entry.o)
 .bss           0x000000000000ad1c        0x0 ../MTL_bsp/\libhal_bsp.a(alt_irq_handler.o)
 .bss           0x000000000000ad1c        0x0 ../MTL_bsp/\libhal_bsp.a(alt_irq_vars.o)
 .bss           0x000000000000ad1c        0x0 ../MTL_bsp/\libhal_bsp.a(alt_open.o)
 .bss           0x000000000000ad1c        0x0 ../MTL_bsp/\libhal_bsp.a(alt_release_fd.o)
 .bss           0x000000000000ad1c        0x0 ../MTL_bsp/\libhal_bsp.a(alt_tick.o)
 .bss           0x000000000000ad1c        0x0 ../MTL_bsp/\libhal_bsp.a(altera_nios2_qsys_irq.o)
 .bss           0x000000000000ad1c        0x0 ../MTL_bsp/\libhal_bsp.a(alt_exception_entry.o)
 .bss           0x000000000000ad1c        0x0 ../MTL_bsp/\libhal_bsp.a(alt_find_dev.o)
 .bss           0x000000000000ad1c        0x0 ../MTL_bsp/\libhal_bsp.a(alt_find_file.o)
 .bss           0x000000000000ad1c        0x0 ../MTL_bsp/\libhal_bsp.a(alt_get_fd.o)
 .bss           0x000000000000ad1c        0x0 ../MTL_bsp/\libhal_bsp.a(alt_icache_flush.o)
 .bss           0x000000000000ad1c        0x0 c:/altera/15.0/nios2eds/bin/gnu/h-x86_64-mingw32/bin/../lib/gcc/nios2-elf/4.9.1/../../../../../H-x86_64-mingw32/nios2-elf/lib\libsmallc.a(lib_a-exit.o)
 .bss           0x000000000000ad1c        0x0 c:/altera/15.0/nios2eds/bin/gnu/h-x86_64-mingw32/bin/../lib/gcc/nios2-elf/4.9.1/../../../../../H-x86_64-mingw32/nios2-elf/lib\libsmallc.a(lib_a-memcmp.o)
 .bss           0x000000000000ad1c        0x0 c:/altera/15.0/nios2eds/bin/gnu/h-x86_64-mingw32/bin/../lib/gcc/nios2-elf/4.9.1/../../../../../H-x86_64-mingw32/nios2-elf/lib\libsmallc.a(lib_a-__call_atexit.o)
 .bss           0x000000000000ad1c        0x0 ../MTL_bsp/\libhal_bsp.a(alt_exit.o)
 *(COMMON)
 COMMON         0x000000000000ad1c      0x100 ../MTL_bsp/\libhal_bsp.a(alt_irq_handler.o)
                0x000000000000ad1c                alt_irq
                0x000000000000ae1c                . = ALIGN (0x4)
                0x000000000000ae1c                __bss_end = ABSOLUTE (.)

.mem            0x000000000000ae1c        0x0
                0x000000000000ae1c                PROVIDE (_alt_partition_mem_start, ABSOLUTE (.))
 *(.mem .mem. mem.*)
                0x000000000000ae1c                . = ALIGN (0x4)
                0x000000000000ae1c                PROVIDE (_alt_partition_mem_end, ABSOLUTE (.))
                0x000000000000ae1c                _end = ABSOLUTE (.)
                0x000000000000ae1c                end = ABSOLUTE (.)
                0x000000000000ae1c                __alt_stack_base = ABSOLUTE (.)
                0x000000000000ae1c                PROVIDE (_alt_partition_mem_load_addr, LOADADDR (.mem))

.stab
 *(.stab)

.stabstr
 *(.stabstr)

.stab.excl
 *(.stab.excl)

.stab.exclstr
 *(.stab.exclstr)

.stab.index
 *(.stab.index)

.stab.indexstr
 *(.stab.indexstr)

.comment        0x0000000000000000       0x23
 *(.comment)
 .comment       0x0000000000000000       0x23 obj/default/main.o
                                         0x24 (size before relaxing)
 .comment       0x0000000000000000       0x24 c:/altera/15.0/nios2eds/bin/gnu/h-x86_64-mingw32/bin/../lib/gcc/nios2-elf/4.9.1\libgcc.a(lib2-divmod.o)
 .comment       0x0000000000000000       0x24 c:/altera/15.0/nios2eds/bin/gnu/h-x86_64-mingw32/bin/../lib/gcc/nios2-elf/4.9.1/../../../../../H-x86_64-mingw32/nios2-elf/lib\libsmallc.a(lib_a-memcpy.o)
 .comment       0x0000000000000000       0x24 c:/altera/15.0/nios2eds/bin/gnu/h-x86_64-mingw32/bin/../lib/gcc/nios2-elf/4.9.1/../../../../../H-x86_64-mingw32/nios2-elf/lib\libsmallc.a(lib_a-printf.o)
 .comment       0x0000000000000000       0x24 c:/altera/15.0/nios2eds/bin/gnu/h-x86_64-mingw32/bin/../lib/gcc/nios2-elf/4.9.1/../../../../../H-x86_64-mingw32/nios2-elf/lib\libsmallc.a(lib_a-puts.o)
 .comment       0x0000000000000000       0x24 c:/altera/15.0/nios2eds/bin/gnu/h-x86_64-mingw32/bin/../lib/gcc/nios2-elf/4.9.1/../../../../../H-x86_64-mingw32/nios2-elf/lib\libsmallc.a(lib_a-strlen.o)
 .comment       0x0000000000000000       0x24 c:/altera/15.0/nios2eds/bin/gnu/h-x86_64-mingw32/bin/../lib/gcc/nios2-elf/4.9.1/../../../../../H-x86_64-mingw32/nios2-elf/lib\libsmallc.a(lib_a-vfprintf.o)
 .comment       0x0000000000000000       0x24 c:/altera/15.0/nios2eds/bin/gnu/h-x86_64-mingw32/bin/../lib/gcc/nios2-elf/4.9.1/../../../../../H-x86_64-mingw32/nios2-elf/lib\libsmallc.a(lib_a-fvwrite_small_dev.o)
 .comment       0x0000000000000000       0x24 c:/altera/15.0/nios2eds/bin/gnu/h-x86_64-mingw32/bin/../lib/gcc/nios2-elf/4.9.1/../../../../../H-x86_64-mingw32/nios2-elf/lib\libsmallc.a(lib_a-impure.o)
 .comment       0x0000000000000000       0x24 c:/altera/15.0/nios2eds/bin/gnu/h-x86_64-mingw32/bin/../lib/gcc/nios2-elf/4.9.1/../../../../../H-x86_64-mingw32/nios2-elf/lib\libsmallc.a(lib_a-writer.o)
 .comment       0x0000000000000000       0x24 c:/altera/15.0/nios2eds/bin/gnu/h-x86_64-mingw32/bin/../lib/gcc/nios2-elf/4.9.1/../../../../../H-x86_64-mingw32/nios2-elf/lib\libsmallc.a(lib_a-int_errno.o)
 .comment       0x0000000000000000       0x24 ../MTL_bsp/\libhal_bsp.a(alt_load.o)
 .comment       0x0000000000000000       0x24 ../MTL_bsp/\libhal_bsp.a(alt_main.o)
 .comment       0x0000000000000000       0x24 ../MTL_bsp/\libhal_bsp.a(alt_write.o)
 .comment       0x0000000000000000       0x24 ../MTL_bsp/\libhal_bsp.a(alt_sys_init.o)
 .comment       0x0000000000000000       0x24 ../MTL_bsp/\libhal_bsp.a(altera_avalon_jtag_uart_fd.o)
 .comment       0x0000000000000000       0x24 ../MTL_bsp/\libhal_bsp.a(altera_avalon_jtag_uart_read.o)
 .comment       0x0000000000000000       0x24 ../MTL_bsp/\libhal_bsp.a(altera_avalon_jtag_uart_write.o)
 .comment       0x0000000000000000       0x24 ../MTL_bsp/\libhal_bsp.a(altera_avalon_timer_sc.o)
 .comment       0x0000000000000000       0x24 ../MTL_bsp/\libhal_bsp.a(alt_close.o)
 .comment       0x0000000000000000       0x24 ../MTL_bsp/\libhal_bsp.a(alt_dcache_flush_all.o)
 .comment       0x0000000000000000       0x24 ../MTL_bsp/\libhal_bsp.a(alt_dev.o)
 .comment       0x0000000000000000       0x24 ../MTL_bsp/\libhal_bsp.a(alt_dev_llist_insert.o)
 .comment       0x0000000000000000       0x24 ../MTL_bsp/\libhal_bsp.a(alt_errno.o)
 .comment       0x0000000000000000       0x24 ../MTL_bsp/\libhal_bsp.a(alt_icache_flush_all.o)
 .comment       0x0000000000000000       0x24 ../MTL_bsp/\libhal_bsp.a(alt_iic.o)
 .comment       0x0000000000000000       0x24 ../MTL_bsp/\libhal_bsp.a(alt_iic_isr_register.o)
 .comment       0x0000000000000000       0x24 ../MTL_bsp/\libhal_bsp.a(alt_io_redirect.o)
 .comment       0x0000000000000000       0x24 ../MTL_bsp/\libhal_bsp.a(alt_irq_handler.o)
 .comment       0x0000000000000000       0x24 ../MTL_bsp/\libhal_bsp.a(alt_irq_vars.o)
 .comment       0x0000000000000000       0x24 ../MTL_bsp/\libhal_bsp.a(alt_open.o)
 .comment       0x0000000000000000       0x24 ../MTL_bsp/\libhal_bsp.a(alt_release_fd.o)
 .comment       0x0000000000000000       0x24 ../MTL_bsp/\libhal_bsp.a(alt_tick.o)
 .comment       0x0000000000000000       0x24 ../MTL_bsp/\libhal_bsp.a(altera_nios2_qsys_irq.o)
 .comment       0x0000000000000000       0x24 ../MTL_bsp/\libhal_bsp.a(alt_find_dev.o)
 .comment       0x0000000000000000       0x24 ../MTL_bsp/\libhal_bsp.a(alt_find_file.o)
 .comment       0x0000000000000000       0x24 ../MTL_bsp/\libhal_bsp.a(alt_get_fd.o)
 .comment       0x0000000000000000       0x24 ../MTL_bsp/\libhal_bsp.a(alt_icache_flush.o)
 .comment       0x0000000000000000       0x24 c:/altera/15.0/nios2eds/bin/gnu/h-x86_64-mingw32/bin/../lib/gcc/nios2-elf/4.9.1/../../../../../H-x86_64-mingw32/nios2-elf/lib\libsmallc.a(lib_a-exit.o)
 .comment       0x0000000000000000       0x24 c:/altera/15.0/nios2eds/bin/gnu/h-x86_64-mingw32/bin/../lib/gcc/nios2-elf/4.9.1/../../../../../H-x86_64-mingw32/nios2-elf/lib\libsmallc.a(lib_a-memcmp.o)
 .comment       0x0000000000000000       0x24 c:/altera/15.0/nios2eds/bin/gnu/h-x86_64-mingw32/bin/../lib/gcc/nios2-elf/4.9.1/../../../../../H-x86_64-mingw32/nios2-elf/lib\libsmallc.a(lib_a-__call_atexit.o)
 .comment       0x0000000000000000       0x24 ../MTL_bsp/\libhal_bsp.a(alt_exit.o)

.debug
 *(.debug)

.line
 *(.line)

.debug_srcinfo
 *(.debug_srcinfo)

.debug_sfnames
 *(.debug_sfnames)

.debug_aranges  0x0000000000000000      0x5b0
 *(.debug_aranges)
 .debug_aranges
                0x0000000000000000       0x28 ../MTL_bsp//obj/HAL/src/crt0.o
 .debug_aranges
                0x0000000000000028       0x20 obj/default/main.o
 .debug_aranges
                0x0000000000000048       0x20 c:/altera/15.0/nios2eds/bin/gnu/h-x86_64-mingw32/bin/../lib/gcc/nios2-elf/4.9.1\libgcc.a(lib2-divmod.o)
 .debug_aranges
                0x0000000000000068       0x20 c:/altera/15.0/nios2eds/bin/gnu/h-x86_64-mingw32/bin/../lib/gcc/nios2-elf/4.9.1/../../../../../H-x86_64-mingw32/nios2-elf/lib\libsmallc.a(lib_a-memcpy.o)
 .debug_aranges
                0x0000000000000088       0x20 c:/altera/15.0/nios2eds/bin/gnu/h-x86_64-mingw32/bin/../lib/gcc/nios2-elf/4.9.1/../../../../../H-x86_64-mingw32/nios2-elf/lib\libsmallc.a(lib_a-printf.o)
 .debug_aranges
                0x00000000000000a8       0x20 c:/altera/15.0/nios2eds/bin/gnu/h-x86_64-mingw32/bin/../lib/gcc/nios2-elf/4.9.1/../../../../../H-x86_64-mingw32/nios2-elf/lib\libsmallc.a(lib_a-puts.o)
 .debug_aranges
                0x00000000000000c8       0x20 c:/altera/15.0/nios2eds/bin/gnu/h-x86_64-mingw32/bin/../lib/gcc/nios2-elf/4.9.1/../../../../../H-x86_64-mingw32/nios2-elf/lib\libsmallc.a(lib_a-strlen.o)
 .debug_aranges
                0x00000000000000e8       0x20 c:/altera/15.0/nios2eds/bin/gnu/h-x86_64-mingw32/bin/../lib/gcc/nios2-elf/4.9.1/../../../../../H-x86_64-mingw32/nios2-elf/lib\libsmallc.a(lib_a-vfprintf.o)
 .debug_aranges
                0x0000000000000108       0x20 c:/altera/15.0/nios2eds/bin/gnu/h-x86_64-mingw32/bin/../lib/gcc/nios2-elf/4.9.1/../../../../../H-x86_64-mingw32/nios2-elf/lib\libsmallc.a(lib_a-fvwrite_small_dev.o)
 .debug_aranges
                0x0000000000000128       0x18 c:/altera/15.0/nios2eds/bin/gnu/h-x86_64-mingw32/bin/../lib/gcc/nios2-elf/4.9.1/../../../../../H-x86_64-mingw32/nios2-elf/lib\libsmallc.a(lib_a-impure.o)
 .debug_aranges
                0x0000000000000140       0x20 c:/altera/15.0/nios2eds/bin/gnu/h-x86_64-mingw32/bin/../lib/gcc/nios2-elf/4.9.1/../../../../../H-x86_64-mingw32/nios2-elf/lib\libsmallc.a(lib_a-writer.o)
 .debug_aranges
                0x0000000000000160       0x18 c:/altera/15.0/nios2eds/bin/gnu/h-x86_64-mingw32/bin/../lib/gcc/nios2-elf/4.9.1/../../../../../H-x86_64-mingw32/nios2-elf/lib\libsmallc.a(lib_a-int_errno.o)
 .debug_aranges
                0x0000000000000178       0x20 ../MTL_bsp/\libhal_bsp.a(alt_load.o)
 .debug_aranges
                0x0000000000000198       0x20 ../MTL_bsp/\libhal_bsp.a(alt_main.o)
 .debug_aranges
                0x00000000000001b8       0x20 ../MTL_bsp/\libhal_bsp.a(alt_write.o)
 .debug_aranges
                0x00000000000001d8       0x20 ../MTL_bsp/\libhal_bsp.a(alt_sys_init.o)
 .debug_aranges
                0x00000000000001f8       0x20 ../MTL_bsp/\libhal_bsp.a(altera_avalon_jtag_uart_fd.o)
 .debug_aranges
                0x0000000000000218       0x20 ../MTL_bsp/\libhal_bsp.a(altera_avalon_jtag_uart_read.o)
 .debug_aranges
                0x0000000000000238       0x20 ../MTL_bsp/\libhal_bsp.a(altera_avalon_jtag_uart_write.o)
 .debug_aranges
                0x0000000000000258       0x20 ../MTL_bsp/\libhal_bsp.a(altera_avalon_timer_sc.o)
 .debug_aranges
                0x0000000000000278       0x20 ../MTL_bsp/\libhal_bsp.a(alt_close.o)
 .debug_aranges
                0x0000000000000298       0x20 ../MTL_bsp/\libhal_bsp.a(alt_dcache_flush_all.o)
 .debug_aranges
                0x00000000000002b8       0x20 ../MTL_bsp/\libhal_bsp.a(alt_dev.o)
 .debug_aranges
                0x00000000000002d8       0x20 ../MTL_bsp/\libhal_bsp.a(alt_dev_llist_insert.o)
 .debug_aranges
                0x00000000000002f8       0x18 ../MTL_bsp/\libhal_bsp.a(alt_errno.o)
 .debug_aranges
                0x0000000000000310       0x20 ../MTL_bsp/\libhal_bsp.a(alt_icache_flush_all.o)
 .debug_aranges
                0x0000000000000330       0x20 ../MTL_bsp/\libhal_bsp.a(alt_iic.o)
 .debug_aranges
                0x0000000000000350       0x20 ../MTL_bsp/\libhal_bsp.a(alt_iic_isr_register.o)
 .debug_aranges
                0x0000000000000370       0x20 ../MTL_bsp/\libhal_bsp.a(alt_io_redirect.o)
 .debug_aranges
                0x0000000000000390       0x30 ../MTL_bsp/\libhal_bsp.a(alt_irq_entry.o)
 .debug_aranges
                0x00000000000003c0       0x20 ../MTL_bsp/\libhal_bsp.a(alt_irq_handler.o)
 .debug_aranges
                0x00000000000003e0       0x18 ../MTL_bsp/\libhal_bsp.a(alt_irq_vars.o)
 .debug_aranges
                0x00000000000003f8       0x20 ../MTL_bsp/\libhal_bsp.a(alt_open.o)
 .debug_aranges
                0x0000000000000418       0x20 ../MTL_bsp/\libhal_bsp.a(alt_release_fd.o)
 .debug_aranges
                0x0000000000000438       0x20 ../MTL_bsp/\libhal_bsp.a(alt_tick.o)
 .debug_aranges
                0x0000000000000458       0x20 ../MTL_bsp/\libhal_bsp.a(altera_nios2_qsys_irq.o)
 .debug_aranges
                0x0000000000000478       0x38 ../MTL_bsp/\libhal_bsp.a(alt_exception_entry.o)
 .debug_aranges
                0x00000000000004b0       0x20 ../MTL_bsp/\libhal_bsp.a(alt_find_dev.o)
 .debug_aranges
                0x00000000000004d0       0x20 ../MTL_bsp/\libhal_bsp.a(alt_find_file.o)
 .debug_aranges
                0x00000000000004f0       0x20 ../MTL_bsp/\libhal_bsp.a(alt_get_fd.o)
 .debug_aranges
                0x0000000000000510       0x20 ../MTL_bsp/\libhal_bsp.a(alt_icache_flush.o)
 .debug_aranges
                0x0000000000000530       0x20 c:/altera/15.0/nios2eds/bin/gnu/h-x86_64-mingw32/bin/../lib/gcc/nios2-elf/4.9.1/../../../../../H-x86_64-mingw32/nios2-elf/lib\libsmallc.a(lib_a-exit.o)
 .debug_aranges
                0x0000000000000550       0x20 c:/altera/15.0/nios2eds/bin/gnu/h-x86_64-mingw32/bin/../lib/gcc/nios2-elf/4.9.1/../../../../../H-x86_64-mingw32/nios2-elf/lib\libsmallc.a(lib_a-memcmp.o)
 .debug_aranges
                0x0000000000000570       0x20 c:/altera/15.0/nios2eds/bin/gnu/h-x86_64-mingw32/bin/../lib/gcc/nios2-elf/4.9.1/../../../../../H-x86_64-mingw32/nios2-elf/lib\libsmallc.a(lib_a-__call_atexit.o)
 .debug_aranges
                0x0000000000000590       0x20 ../MTL_bsp/\libhal_bsp.a(alt_exit.o)

.debug_pubnames
 *(.debug_pubnames)

.debug_info     0x0000000000000000     0x7b0e
 *(.debug_info .gnu.linkonce.wi.*)
 .debug_info    0x0000000000000000       0x7a ../MTL_bsp//obj/HAL/src/crt0.o
 .debug_info    0x000000000000007a      0x310 obj/default/main.o
 .debug_info    0x000000000000038a      0x234 c:/altera/15.0/nios2eds/bin/gnu/h-x86_64-mingw32/bin/../lib/gcc/nios2-elf/4.9.1\libgcc.a(lib2-divmod.o)
 .debug_info    0x00000000000005be      0x106 c:/altera/15.0/nios2eds/bin/gnu/h-x86_64-mingw32/bin/../lib/gcc/nios2-elf/4.9.1/../../../../../H-x86_64-mingw32/nios2-elf/lib\libsmallc.a(lib_a-memcpy.o)
 .debug_info    0x00000000000006c4      0x6c7 c:/altera/15.0/nios2eds/bin/gnu/h-x86_64-mingw32/bin/../lib/gcc/nios2-elf/4.9.1/../../../../../H-x86_64-mingw32/nios2-elf/lib\libsmallc.a(lib_a-printf.o)
 .debug_info    0x0000000000000d8b      0x685 c:/altera/15.0/nios2eds/bin/gnu/h-x86_64-mingw32/bin/../lib/gcc/nios2-elf/4.9.1/../../../../../H-x86_64-mingw32/nios2-elf/lib\libsmallc.a(lib_a-puts.o)
 .debug_info    0x0000000000001410       0xc2 c:/altera/15.0/nios2eds/bin/gnu/h-x86_64-mingw32/bin/../lib/gcc/nios2-elf/4.9.1/../../../../../H-x86_64-mingw32/nios2-elf/lib\libsmallc.a(lib_a-strlen.o)
 .debug_info    0x00000000000014d2      0xb49 c:/altera/15.0/nios2eds/bin/gnu/h-x86_64-mingw32/bin/../lib/gcc/nios2-elf/4.9.1/../../../../../H-x86_64-mingw32/nios2-elf/lib\libsmallc.a(lib_a-vfprintf.o)
 .debug_info    0x000000000000201b      0x656 c:/altera/15.0/nios2eds/bin/gnu/h-x86_64-mingw32/bin/../lib/gcc/nios2-elf/4.9.1/../../../../../H-x86_64-mingw32/nios2-elf/lib\libsmallc.a(lib_a-fvwrite_small_dev.o)
 .debug_info    0x0000000000002671      0x5a7 c:/altera/15.0/nios2eds/bin/gnu/h-x86_64-mingw32/bin/../lib/gcc/nios2-elf/4.9.1/../../../../../H-x86_64-mingw32/nios2-elf/lib\libsmallc.a(lib_a-impure.o)
 .debug_info    0x0000000000002c18      0x639 c:/altera/15.0/nios2eds/bin/gnu/h-x86_64-mingw32/bin/../lib/gcc/nios2-elf/4.9.1/../../../../../H-x86_64-mingw32/nios2-elf/lib\libsmallc.a(lib_a-writer.o)
 .debug_info    0x0000000000003251       0x83 c:/altera/15.0/nios2eds/bin/gnu/h-x86_64-mingw32/bin/../lib/gcc/nios2-elf/4.9.1/../../../../../H-x86_64-mingw32/nios2-elf/lib\libsmallc.a(lib_a-int_errno.o)
 .debug_info    0x00000000000032d4      0x13e ../MTL_bsp/\libhal_bsp.a(alt_load.o)
 .debug_info    0x0000000000003412      0x12a ../MTL_bsp/\libhal_bsp.a(alt_main.o)
 .debug_info    0x000000000000353c      0x4b0 ../MTL_bsp/\libhal_bsp.a(alt_write.o)
 .debug_info    0x00000000000039ec      0x3d8 ../MTL_bsp/\libhal_bsp.a(alt_sys_init.o)
 .debug_info    0x0000000000003dc4      0x3a0 ../MTL_bsp/\libhal_bsp.a(altera_avalon_jtag_uart_fd.o)
 .debug_info    0x0000000000004164      0x1af ../MTL_bsp/\libhal_bsp.a(altera_avalon_jtag_uart_read.o)
 .debug_info    0x0000000000004313      0x18e ../MTL_bsp/\libhal_bsp.a(altera_avalon_jtag_uart_write.o)
 .debug_info    0x00000000000044a1      0x21f ../MTL_bsp/\libhal_bsp.a(altera_avalon_timer_sc.o)
 .debug_info    0x00000000000046c0      0x31a ../MTL_bsp/\libhal_bsp.a(alt_close.o)
 .debug_info    0x00000000000049da       0x9e ../MTL_bsp/\libhal_bsp.a(alt_dcache_flush_all.o)
 .debug_info    0x0000000000004a78      0x495 ../MTL_bsp/\libhal_bsp.a(alt_dev.o)
 .debug_info    0x0000000000004f0d      0x1a2 ../MTL_bsp/\libhal_bsp.a(alt_dev_llist_insert.o)
 .debug_info    0x00000000000050af       0x9f ../MTL_bsp/\libhal_bsp.a(alt_errno.o)
 .debug_info    0x000000000000514e       0x8b ../MTL_bsp/\libhal_bsp.a(alt_icache_flush_all.o)
 .debug_info    0x00000000000051d9      0x349 ../MTL_bsp/\libhal_bsp.a(alt_iic.o)
 .debug_info    0x0000000000005522      0x1e8 ../MTL_bsp/\libhal_bsp.a(alt_iic_isr_register.o)
 .debug_info    0x000000000000570a      0x49e ../MTL_bsp/\libhal_bsp.a(alt_io_redirect.o)
 .debug_info    0x0000000000005ba8       0x83 ../MTL_bsp/\libhal_bsp.a(alt_irq_entry.o)
 .debug_info    0x0000000000005c2b      0x180 ../MTL_bsp/\libhal_bsp.a(alt_irq_handler.o)
 .debug_info    0x0000000000005dab       0x88 ../MTL_bsp/\libhal_bsp.a(alt_irq_vars.o)
 .debug_info    0x0000000000005e33      0x3b4 ../MTL_bsp/\libhal_bsp.a(alt_open.o)
 .debug_info    0x00000000000061e7      0x2b0 ../MTL_bsp/\libhal_bsp.a(alt_release_fd.o)
 .debug_info    0x0000000000006497      0x292 ../MTL_bsp/\libhal_bsp.a(alt_tick.o)
 .debug_info    0x0000000000006729       0x8b ../MTL_bsp/\libhal_bsp.a(altera_nios2_qsys_irq.o)
 .debug_info    0x00000000000067b4       0x89 ../MTL_bsp/\libhal_bsp.a(alt_exception_entry.o)
 .debug_info    0x000000000000683d      0x2e2 ../MTL_bsp/\libhal_bsp.a(alt_find_dev.o)
 .debug_info    0x0000000000006b1f      0x2df ../MTL_bsp/\libhal_bsp.a(alt_find_file.o)
 .debug_info    0x0000000000006dfe      0x309 ../MTL_bsp/\libhal_bsp.a(alt_get_fd.o)
 .debug_info    0x0000000000007107       0xd5 ../MTL_bsp/\libhal_bsp.a(alt_icache_flush.o)
 .debug_info    0x00000000000071dc       0xed c:/altera/15.0/nios2eds/bin/gnu/h-x86_64-mingw32/bin/../lib/gcc/nios2-elf/4.9.1/../../../../../H-x86_64-mingw32/nios2-elf/lib\libsmallc.a(lib_a-exit.o)
 .debug_info    0x00000000000072c9       0xed c:/altera/15.0/nios2eds/bin/gnu/h-x86_64-mingw32/bin/../lib/gcc/nios2-elf/4.9.1/../../../../../H-x86_64-mingw32/nios2-elf/lib\libsmallc.a(lib_a-memcmp.o)
 .debug_info    0x00000000000073b6      0x673 c:/altera/15.0/nios2eds/bin/gnu/h-x86_64-mingw32/bin/../lib/gcc/nios2-elf/4.9.1/../../../../../H-x86_64-mingw32/nios2-elf/lib\libsmallc.a(lib_a-__call_atexit.o)
 .debug_info    0x0000000000007a29       0xe5 ../MTL_bsp/\libhal_bsp.a(alt_exit.o)

.debug_abbrev   0x0000000000000000     0x2ae9
 *(.debug_abbrev)
 .debug_abbrev  0x0000000000000000       0x12 ../MTL_bsp//obj/HAL/src/crt0.o
 .debug_abbrev  0x0000000000000012      0x12e obj/default/main.o
 .debug_abbrev  0x0000000000000140       0xd9 c:/altera/15.0/nios2eds/bin/gnu/h-x86_64-mingw32/bin/../lib/gcc/nios2-elf/4.9.1\libgcc.a(lib2-divmod.o)
 .debug_abbrev  0x0000000000000219       0xa4 c:/altera/15.0/nios2eds/bin/gnu/h-x86_64-mingw32/bin/../lib/gcc/nios2-elf/4.9.1/../../../../../H-x86_64-mingw32/nios2-elf/lib\libsmallc.a(lib_a-memcpy.o)
 .debug_abbrev  0x00000000000002bd      0x1fe c:/altera/15.0/nios2eds/bin/gnu/h-x86_64-mingw32/bin/../lib/gcc/nios2-elf/4.9.1/../../../../../H-x86_64-mingw32/nios2-elf/lib\libsmallc.a(lib_a-printf.o)
 .debug_abbrev  0x00000000000004bb      0x1ed c:/altera/15.0/nios2eds/bin/gnu/h-x86_64-mingw32/bin/../lib/gcc/nios2-elf/4.9.1/../../../../../H-x86_64-mingw32/nios2-elf/lib\libsmallc.a(lib_a-puts.o)
 .debug_abbrev  0x00000000000006a8       0x7f c:/altera/15.0/nios2eds/bin/gnu/h-x86_64-mingw32/bin/../lib/gcc/nios2-elf/4.9.1/../../../../../H-x86_64-mingw32/nios2-elf/lib\libsmallc.a(lib_a-strlen.o)
 .debug_abbrev  0x0000000000000727      0x2a1 c:/altera/15.0/nios2eds/bin/gnu/h-x86_64-mingw32/bin/../lib/gcc/nios2-elf/4.9.1/../../../../../H-x86_64-mingw32/nios2-elf/lib\libsmallc.a(lib_a-vfprintf.o)
 .debug_abbrev  0x00000000000009c8      0x1c3 c:/altera/15.0/nios2eds/bin/gnu/h-x86_64-mingw32/bin/../lib/gcc/nios2-elf/4.9.1/../../../../../H-x86_64-mingw32/nios2-elf/lib\libsmallc.a(lib_a-fvwrite_small_dev.o)
 .debug_abbrev  0x0000000000000b8b      0x14a c:/altera/15.0/nios2eds/bin/gnu/h-x86_64-mingw32/bin/../lib/gcc/nios2-elf/4.9.1/../../../../../H-x86_64-mingw32/nios2-elf/lib\libsmallc.a(lib_a-impure.o)
 .debug_abbrev  0x0000000000000cd5      0x1a8 c:/altera/15.0/nios2eds/bin/gnu/h-x86_64-mingw32/bin/../lib/gcc/nios2-elf/4.9.1/../../../../../H-x86_64-mingw32/nios2-elf/lib\libsmallc.a(lib_a-writer.o)
 .debug_abbrev  0x0000000000000e7d       0x37 c:/altera/15.0/nios2eds/bin/gnu/h-x86_64-mingw32/bin/../lib/gcc/nios2-elf/4.9.1/../../../../../H-x86_64-mingw32/nios2-elf/lib\libsmallc.a(lib_a-int_errno.o)
 .debug_abbrev  0x0000000000000eb4       0x9f ../MTL_bsp/\libhal_bsp.a(alt_load.o)
 .debug_abbrev  0x0000000000000f53       0xba ../MTL_bsp/\libhal_bsp.a(alt_main.o)
 .debug_abbrev  0x000000000000100d      0x133 ../MTL_bsp/\libhal_bsp.a(alt_write.o)
 .debug_abbrev  0x0000000000001140      0x157 ../MTL_bsp/\libhal_bsp.a(alt_sys_init.o)
 .debug_abbrev  0x0000000000001297       0xf7 ../MTL_bsp/\libhal_bsp.a(altera_avalon_jtag_uart_fd.o)
 .debug_abbrev  0x000000000000138e       0xd7 ../MTL_bsp/\libhal_bsp.a(altera_avalon_jtag_uart_read.o)
 .debug_abbrev  0x0000000000001465       0xd5 ../MTL_bsp/\libhal_bsp.a(altera_avalon_jtag_uart_write.o)
 .debug_abbrev  0x000000000000153a      0x155 ../MTL_bsp/\libhal_bsp.a(altera_avalon_timer_sc.o)
 .debug_abbrev  0x000000000000168f      0x11f ../MTL_bsp/\libhal_bsp.a(alt_close.o)
 .debug_abbrev  0x00000000000017ae       0x5a ../MTL_bsp/\libhal_bsp.a(alt_dcache_flush_all.o)
 .debug_abbrev  0x0000000000001808       0xd9 ../MTL_bsp/\libhal_bsp.a(alt_dev.o)
 .debug_abbrev  0x00000000000018e1      0x114 ../MTL_bsp/\libhal_bsp.a(alt_dev_llist_insert.o)
 .debug_abbrev  0x00000000000019f5       0x5a ../MTL_bsp/\libhal_bsp.a(alt_errno.o)
 .debug_abbrev  0x0000000000001a4f       0x42 ../MTL_bsp/\libhal_bsp.a(alt_icache_flush_all.o)
 .debug_abbrev  0x0000000000001a91      0x163 ../MTL_bsp/\libhal_bsp.a(alt_iic.o)
 .debug_abbrev  0x0000000000001bf4      0x169 ../MTL_bsp/\libhal_bsp.a(alt_iic_isr_register.o)
 .debug_abbrev  0x0000000000001d5d      0x114 ../MTL_bsp/\libhal_bsp.a(alt_io_redirect.o)
 .debug_abbrev  0x0000000000001e71       0x12 ../MTL_bsp/\libhal_bsp.a(alt_irq_entry.o)
 .debug_abbrev  0x0000000000001e83      0x122 ../MTL_bsp/\libhal_bsp.a(alt_irq_handler.o)
 .debug_abbrev  0x0000000000001fa5       0x40 ../MTL_bsp/\libhal_bsp.a(alt_irq_vars.o)
 .debug_abbrev  0x0000000000001fe5      0x148 ../MTL_bsp/\libhal_bsp.a(alt_open.o)
 .debug_abbrev  0x000000000000212d       0xde ../MTL_bsp/\libhal_bsp.a(alt_release_fd.o)
 .debug_abbrev  0x000000000000220b      0x15a ../MTL_bsp/\libhal_bsp.a(alt_tick.o)
 .debug_abbrev  0x0000000000002365       0x42 ../MTL_bsp/\libhal_bsp.a(altera_nios2_qsys_irq.o)
 .debug_abbrev  0x00000000000023a7       0x12 ../MTL_bsp/\libhal_bsp.a(alt_exception_entry.o)
 .debug_abbrev  0x00000000000023b9       0xf0 ../MTL_bsp/\libhal_bsp.a(alt_find_dev.o)
 .debug_abbrev  0x00000000000024a9       0xf0 ../MTL_bsp/\libhal_bsp.a(alt_find_file.o)
 .debug_abbrev  0x0000000000002599      0x10d ../MTL_bsp/\libhal_bsp.a(alt_get_fd.o)
 .debug_abbrev  0x00000000000026a6       0x8c ../MTL_bsp/\libhal_bsp.a(alt_icache_flush.o)
 .debug_abbrev  0x0000000000002732       0xa9 c:/altera/15.0/nios2eds/bin/gnu/h-x86_64-mingw32/bin/../lib/gcc/nios2-elf/4.9.1/../../../../../H-x86_64-mingw32/nios2-elf/lib\libsmallc.a(lib_a-exit.o)
 .debug_abbrev  0x00000000000027db       0x7f c:/altera/15.0/nios2eds/bin/gnu/h-x86_64-mingw32/bin/../lib/gcc/nios2-elf/4.9.1/../../../../../H-x86_64-mingw32/nios2-elf/lib\libsmallc.a(lib_a-memcmp.o)
 .debug_abbrev  0x000000000000285a      0x1e9 c:/altera/15.0/nios2eds/bin/gnu/h-x86_64-mingw32/bin/../lib/gcc/nios2-elf/4.9.1/../../../../../H-x86_64-mingw32/nios2-elf/lib\libsmallc.a(lib_a-__call_atexit.o)
 .debug_abbrev  0x0000000000002a43       0xa6 ../MTL_bsp/\libhal_bsp.a(alt_exit.o)

.debug_line     0x0000000000000000     0x2ef5
 *(.debug_line)
 .debug_line    0x0000000000000000       0x72 ../MTL_bsp//obj/HAL/src/crt0.o
 .debug_line    0x0000000000000072      0x15d obj/default/main.o
 .debug_line    0x00000000000001cf       0xc4 c:/altera/15.0/nios2eds/bin/gnu/h-x86_64-mingw32/bin/../lib/gcc/nios2-elf/4.9.1\libgcc.a(lib2-divmod.o)
 .debug_line    0x0000000000000293      0x15d c:/altera/15.0/nios2eds/bin/gnu/h-x86_64-mingw32/bin/../lib/gcc/nios2-elf/4.9.1/../../../../../H-x86_64-mingw32/nios2-elf/lib\libsmallc.a(lib_a-memcpy.o)
 .debug_line    0x00000000000003f0      0x1fa c:/altera/15.0/nios2eds/bin/gnu/h-x86_64-mingw32/bin/../lib/gcc/nios2-elf/4.9.1/../../../../../H-x86_64-mingw32/nios2-elf/lib\libsmallc.a(lib_a-printf.o)
 .debug_line    0x00000000000005ea      0x1fc c:/altera/15.0/nios2eds/bin/gnu/h-x86_64-mingw32/bin/../lib/gcc/nios2-elf/4.9.1/../../../../../H-x86_64-mingw32/nios2-elf/lib\libsmallc.a(lib_a-puts.o)
 .debug_line    0x00000000000007e6      0x15b c:/altera/15.0/nios2eds/bin/gnu/h-x86_64-mingw32/bin/../lib/gcc/nios2-elf/4.9.1/../../../../../H-x86_64-mingw32/nios2-elf/lib\libsmallc.a(lib_a-strlen.o)
 .debug_line    0x0000000000000941      0x34b c:/altera/15.0/nios2eds/bin/gnu/h-x86_64-mingw32/bin/../lib/gcc/nios2-elf/4.9.1/../../../../../H-x86_64-mingw32/nios2-elf/lib\libsmallc.a(lib_a-vfprintf.o)
 .debug_line    0x0000000000000c8c      0x1f2 c:/altera/15.0/nios2eds/bin/gnu/h-x86_64-mingw32/bin/../lib/gcc/nios2-elf/4.9.1/../../../../../H-x86_64-mingw32/nios2-elf/lib\libsmallc.a(lib_a-fvwrite_small_dev.o)
 .debug_line    0x0000000000000e7e      0x155 c:/altera/15.0/nios2eds/bin/gnu/h-x86_64-mingw32/bin/../lib/gcc/nios2-elf/4.9.1/../../../../../H-x86_64-mingw32/nios2-elf/lib\libsmallc.a(lib_a-impure.o)
 .debug_line    0x0000000000000fd3      0x1ed c:/altera/15.0/nios2eds/bin/gnu/h-x86_64-mingw32/bin/../lib/gcc/nios2-elf/4.9.1/../../../../../H-x86_64-mingw32/nios2-elf/lib\libsmallc.a(lib_a-writer.o)
 .debug_line    0x00000000000011c0       0x5d c:/altera/15.0/nios2eds/bin/gnu/h-x86_64-mingw32/bin/../lib/gcc/nios2-elf/4.9.1/../../../../../H-x86_64-mingw32/nios2-elf/lib\libsmallc.a(lib_a-int_errno.o)
 .debug_line    0x000000000000121d       0x8d ../MTL_bsp/\libhal_bsp.a(alt_load.o)
 .debug_line    0x00000000000012aa       0x9e ../MTL_bsp/\libhal_bsp.a(alt_main.o)
 .debug_line    0x0000000000001348      0x1cc ../MTL_bsp/\libhal_bsp.a(alt_write.o)
 .debug_line    0x0000000000001514      0x141 ../MTL_bsp/\libhal_bsp.a(alt_sys_init.o)
 .debug_line    0x0000000000001655      0x112 ../MTL_bsp/\libhal_bsp.a(altera_avalon_jtag_uart_fd.o)
 .debug_line    0x0000000000001767       0xff ../MTL_bsp/\libhal_bsp.a(altera_avalon_jtag_uart_read.o)
 .debug_line    0x0000000000001866       0xf4 ../MTL_bsp/\libhal_bsp.a(altera_avalon_jtag_uart_write.o)
 .debug_line    0x000000000000195a       0xfd ../MTL_bsp/\libhal_bsp.a(altera_avalon_timer_sc.o)
 .debug_line    0x0000000000001a57      0x15e ../MTL_bsp/\libhal_bsp.a(alt_close.o)
 .debug_line    0x0000000000001bb5       0x61 ../MTL_bsp/\libhal_bsp.a(alt_dcache_flush_all.o)
 .debug_line    0x0000000000001c16       0xf0 ../MTL_bsp/\libhal_bsp.a(alt_dev.o)
 .debug_line    0x0000000000001d06       0xd0 ../MTL_bsp/\libhal_bsp.a(alt_dev_llist_insert.o)
 .debug_line    0x0000000000001dd6       0x51 ../MTL_bsp/\libhal_bsp.a(alt_errno.o)
 .debug_line    0x0000000000001e27       0x50 ../MTL_bsp/\libhal_bsp.a(alt_icache_flush_all.o)
 .debug_line    0x0000000000001e77       0xef ../MTL_bsp/\libhal_bsp.a(alt_iic.o)
 .debug_line    0x0000000000001f66       0xdb ../MTL_bsp/\libhal_bsp.a(alt_iic_isr_register.o)
 .debug_line    0x0000000000002041      0x12b ../MTL_bsp/\libhal_bsp.a(alt_io_redirect.o)
 .debug_line    0x000000000000216c       0x6b ../MTL_bsp/\libhal_bsp.a(alt_irq_entry.o)
 .debug_line    0x00000000000021d7       0xaa ../MTL_bsp/\libhal_bsp.a(alt_irq_handler.o)
 .debug_line    0x0000000000002281       0x50 ../MTL_bsp/\libhal_bsp.a(alt_irq_vars.o)
 .debug_line    0x00000000000022d1      0x12a ../MTL_bsp/\libhal_bsp.a(alt_open.o)
 .debug_line    0x00000000000023fb       0xae ../MTL_bsp/\libhal_bsp.a(alt_release_fd.o)
 .debug_line    0x00000000000024a9       0xfe ../MTL_bsp/\libhal_bsp.a(alt_tick.o)
 .debug_line    0x00000000000025a7       0x51 ../MTL_bsp/\libhal_bsp.a(altera_nios2_qsys_irq.o)
 .debug_line    0x00000000000025f8       0xab ../MTL_bsp/\libhal_bsp.a(alt_exception_entry.o)
 .debug_line    0x00000000000026a3       0xb5 ../MTL_bsp/\libhal_bsp.a(alt_find_dev.o)
 .debug_line    0x0000000000002758       0xd1 ../MTL_bsp/\libhal_bsp.a(alt_find_file.o)
 .debug_line    0x0000000000002829       0xd5 ../MTL_bsp/\libhal_bsp.a(alt_get_fd.o)
 .debug_line    0x00000000000028fe       0x81 ../MTL_bsp/\libhal_bsp.a(alt_icache_flush.o)
 .debug_line    0x000000000000297f      0x157 c:/altera/15.0/nios2eds/bin/gnu/h-x86_64-mingw32/bin/../lib/gcc/nios2-elf/4.9.1/../../../../../H-x86_64-mingw32/nios2-elf/lib\libsmallc.a(lib_a-exit.o)
 .debug_line    0x0000000000002ad6      0x15f c:/altera/15.0/nios2eds/bin/gnu/h-x86_64-mingw32/bin/../lib/gcc/nios2-elf/4.9.1/../../../../../H-x86_64-mingw32/nios2-elf/lib\libsmallc.a(lib_a-memcmp.o)
 .debug_line    0x0000000000002c35      0x24f c:/altera/15.0/nios2eds/bin/gnu/h-x86_64-mingw32/bin/../lib/gcc/nios2-elf/4.9.1/../../../../../H-x86_64-mingw32/nios2-elf/lib\libsmallc.a(lib_a-__call_atexit.o)
 .debug_line    0x0000000000002e84       0x71 ../MTL_bsp/\libhal_bsp.a(alt_exit.o)

.debug_frame    0x0000000000000000      0xb78
 *(.debug_frame)
 .debug_frame   0x0000000000000000       0xc4 obj/default/main.o
 .debug_frame   0x00000000000000c4       0x8c c:/altera/15.0/nios2eds/bin/gnu/h-x86_64-mingw32/bin/../lib/gcc/nios2-elf/4.9.1\libgcc.a(lib2-divmod.o)
 .debug_frame   0x0000000000000150       0x20 c:/altera/15.0/nios2eds/bin/gnu/h-x86_64-mingw32/bin/../lib/gcc/nios2-elf/4.9.1/../../../../../H-x86_64-mingw32/nios2-elf/lib\libsmallc.a(lib_a-memcpy.o)
 .debug_frame   0x0000000000000170       0x48 c:/altera/15.0/nios2eds/bin/gnu/h-x86_64-mingw32/bin/../lib/gcc/nios2-elf/4.9.1/../../../../../H-x86_64-mingw32/nios2-elf/lib\libsmallc.a(lib_a-printf.o)
 .debug_frame   0x00000000000001b8       0x48 c:/altera/15.0/nios2eds/bin/gnu/h-x86_64-mingw32/bin/../lib/gcc/nios2-elf/4.9.1/../../../../../H-x86_64-mingw32/nios2-elf/lib\libsmallc.a(lib_a-puts.o)
 .debug_frame   0x0000000000000200       0x20 c:/altera/15.0/nios2eds/bin/gnu/h-x86_64-mingw32/bin/../lib/gcc/nios2-elf/4.9.1/../../../../../H-x86_64-mingw32/nios2-elf/lib\libsmallc.a(lib_a-strlen.o)
 .debug_frame   0x0000000000000220       0x8c c:/altera/15.0/nios2eds/bin/gnu/h-x86_64-mingw32/bin/../lib/gcc/nios2-elf/4.9.1/../../../../../H-x86_64-mingw32/nios2-elf/lib\libsmallc.a(lib_a-vfprintf.o)
 .debug_frame   0x00000000000002ac       0x40 c:/altera/15.0/nios2eds/bin/gnu/h-x86_64-mingw32/bin/../lib/gcc/nios2-elf/4.9.1/../../../../../H-x86_64-mingw32/nios2-elf/lib\libsmallc.a(lib_a-fvwrite_small_dev.o)
 .debug_frame   0x00000000000002ec       0x38 c:/altera/15.0/nios2eds/bin/gnu/h-x86_64-mingw32/bin/../lib/gcc/nios2-elf/4.9.1/../../../../../H-x86_64-mingw32/nios2-elf/lib\libsmallc.a(lib_a-writer.o)
 .debug_frame   0x0000000000000324       0x5c ../MTL_bsp/\libhal_bsp.a(alt_load.o)
 .debug_frame   0x0000000000000380       0x2c ../MTL_bsp/\libhal_bsp.a(alt_main.o)
 .debug_frame   0x00000000000003ac       0x60 ../MTL_bsp/\libhal_bsp.a(alt_write.o)
 .debug_frame   0x000000000000040c       0x88 ../MTL_bsp/\libhal_bsp.a(alt_sys_init.o)
 .debug_frame   0x0000000000000494       0x60 ../MTL_bsp/\libhal_bsp.a(altera_avalon_jtag_uart_fd.o)
 .debug_frame   0x00000000000004f4       0x34 ../MTL_bsp/\libhal_bsp.a(altera_avalon_jtag_uart_read.o)
 .debug_frame   0x0000000000000528       0x34 ../MTL_bsp/\libhal_bsp.a(altera_avalon_jtag_uart_write.o)
 .debug_frame   0x000000000000055c       0x60 ../MTL_bsp/\libhal_bsp.a(altera_avalon_timer_sc.o)
 .debug_frame   0x00000000000005bc       0x60 ../MTL_bsp/\libhal_bsp.a(alt_close.o)
 .debug_frame   0x000000000000061c       0x34 ../MTL_bsp/\libhal_bsp.a(alt_dcache_flush_all.o)
 .debug_frame   0x0000000000000650       0x34 ../MTL_bsp/\libhal_bsp.a(alt_dev.o)
 .debug_frame   0x0000000000000684       0x60 ../MTL_bsp/\libhal_bsp.a(alt_dev_llist_insert.o)
 .debug_frame   0x00000000000006e4       0x38 ../MTL_bsp/\libhal_bsp.a(alt_icache_flush_all.o)
 .debug_frame   0x000000000000071c       0xa4 ../MTL_bsp/\libhal_bsp.a(alt_iic.o)
 .debug_frame   0x00000000000007c0       0x38 ../MTL_bsp/\libhal_bsp.a(alt_iic_isr_register.o)
 .debug_frame   0x00000000000007f8       0x60 ../MTL_bsp/\libhal_bsp.a(alt_io_redirect.o)
 .debug_frame   0x0000000000000858       0x38 ../MTL_bsp/\libhal_bsp.a(alt_irq_handler.o)
 .debug_frame   0x0000000000000890       0x84 ../MTL_bsp/\libhal_bsp.a(alt_open.o)
 .debug_frame   0x0000000000000914       0x34 ../MTL_bsp/\libhal_bsp.a(alt_release_fd.o)
 .debug_frame   0x0000000000000948       0x5c ../MTL_bsp/\libhal_bsp.a(alt_tick.o)
 .debug_frame   0x00000000000009a4       0x34 ../MTL_bsp/\libhal_bsp.a(altera_nios2_qsys_irq.o)
 .debug_frame   0x00000000000009d8       0x38 ../MTL_bsp/\libhal_bsp.a(alt_find_dev.o)
 .debug_frame   0x0000000000000a10       0x38 ../MTL_bsp/\libhal_bsp.a(alt_find_file.o)
 .debug_frame   0x0000000000000a48       0x34 ../MTL_bsp/\libhal_bsp.a(alt_get_fd.o)
 .debug_frame   0x0000000000000a7c       0x34 ../MTL_bsp/\libhal_bsp.a(alt_icache_flush.o)
 .debug_frame   0x0000000000000ab0       0x28 c:/altera/15.0/nios2eds/bin/gnu/h-x86_64-mingw32/bin/../lib/gcc/nios2-elf/4.9.1/../../../../../H-x86_64-mingw32/nios2-elf/lib\libsmallc.a(lib_a-exit.o)
 .debug_frame   0x0000000000000ad8       0x20 c:/altera/15.0/nios2eds/bin/gnu/h-x86_64-mingw32/bin/../lib/gcc/nios2-elf/4.9.1/../../../../../H-x86_64-mingw32/nios2-elf/lib\libsmallc.a(lib_a-memcmp.o)
 .debug_frame   0x0000000000000af8       0x54 c:/altera/15.0/nios2eds/bin/gnu/h-x86_64-mingw32/bin/../lib/gcc/nios2-elf/4.9.1/../../../../../H-x86_64-mingw32/nios2-elf/lib\libsmallc.a(lib_a-__call_atexit.o)
 .debug_frame   0x0000000000000b4c       0x2c ../MTL_bsp/\libhal_bsp.a(alt_exit.o)

.debug_str      0x0000000000000000     0x17ef
 *(.debug_str)
 .debug_str     0x0000000000000000      0x1bf obj/default/main.o
                                        0x20e (size before relaxing)
 .debug_str     0x00000000000001bf      0x16b c:/altera/15.0/nios2eds/bin/gnu/h-x86_64-mingw32/bin/../lib/gcc/nios2-elf/4.9.1\libgcc.a(lib2-divmod.o)
                                        0x1b6 (size before relaxing)
 .debug_str     0x000000000000032a      0x104 c:/altera/15.0/nios2eds/bin/gnu/h-x86_64-mingw32/bin/../lib/gcc/nios2-elf/4.9.1/../../../../../H-x86_64-mingw32/nios2-elf/lib\libsmallc.a(lib_a-memcpy.o)
                                        0x19d (size before relaxing)
 .debug_str     0x000000000000042e      0x3c3 c:/altera/15.0/nios2eds/bin/gnu/h-x86_64-mingw32/bin/../lib/gcc/nios2-elf/4.9.1/../../../../../H-x86_64-mingw32/nios2-elf/lib\libsmallc.a(lib_a-printf.o)
                                        0x4b3 (size before relaxing)
 .debug_str     0x00000000000007f1       0x61 c:/altera/15.0/nios2eds/bin/gnu/h-x86_64-mingw32/bin/../lib/gcc/nios2-elf/4.9.1/../../../../../H-x86_64-mingw32/nios2-elf/lib\libsmallc.a(lib_a-puts.o)
                                        0x477 (size before relaxing)
 .debug_str     0x0000000000000852       0x3b c:/altera/15.0/nios2eds/bin/gnu/h-x86_64-mingw32/bin/../lib/gcc/nios2-elf/4.9.1/../../../../../H-x86_64-mingw32/nios2-elf/lib\libsmallc.a(lib_a-strlen.o)
                                        0x18f (size before relaxing)
 .debug_str     0x000000000000088d      0x1c5 c:/altera/15.0/nios2eds/bin/gnu/h-x86_64-mingw32/bin/../lib/gcc/nios2-elf/4.9.1/../../../../../H-x86_64-mingw32/nios2-elf/lib\libsmallc.a(lib_a-vfprintf.o)
                                        0x641 (size before relaxing)
 .debug_str     0x0000000000000a52       0x6a c:/altera/15.0/nios2eds/bin/gnu/h-x86_64-mingw32/bin/../lib/gcc/nios2-elf/4.9.1/../../../../../H-x86_64-mingw32/nios2-elf/lib\libsmallc.a(lib_a-fvwrite_small_dev.o)
                                        0x48e (size before relaxing)
 .debug_str     0x0000000000000abc       0xe2 c:/altera/15.0/nios2eds/bin/gnu/h-x86_64-mingw32/bin/../lib/gcc/nios2-elf/4.9.1/../../../../../H-x86_64-mingw32/nios2-elf/lib\libsmallc.a(lib_a-impure.o)
                                        0x468 (size before relaxing)
 .debug_str     0x0000000000000b9e       0x3a c:/altera/15.0/nios2eds/bin/gnu/h-x86_64-mingw32/bin/../lib/gcc/nios2-elf/4.9.1/../../../../../H-x86_64-mingw32/nios2-elf/lib\libsmallc.a(lib_a-writer.o)
                                        0x462 (size before relaxing)
 .debug_str     0x0000000000000bd8       0x3d c:/altera/15.0/nios2eds/bin/gnu/h-x86_64-mingw32/bin/../lib/gcc/nios2-elf/4.9.1/../../../../../H-x86_64-mingw32/nios2-elf/lib\libsmallc.a(lib_a-int_errno.o)
                                        0x182 (size before relaxing)
 .debug_str     0x0000000000000c15      0x12f ../MTL_bsp/\libhal_bsp.a(alt_load.o)
                                        0x1fe (size before relaxing)
 .debug_str     0x0000000000000d44       0x44 ../MTL_bsp/\libhal_bsp.a(alt_main.o)
                                        0x189 (size before relaxing)
 .debug_str     0x0000000000000d88      0x15f ../MTL_bsp/\libhal_bsp.a(alt_write.o)
                                        0x2e4 (size before relaxing)
 .debug_str     0x0000000000000ee7      0x11b ../MTL_bsp/\libhal_bsp.a(alt_sys_init.o)
                                        0x2f6 (size before relaxing)
 .debug_str     0x0000000000001002       0x77 ../MTL_bsp/\libhal_bsp.a(altera_avalon_jtag_uart_fd.o)
                                        0x2c1 (size before relaxing)
 .debug_str     0x0000000000001079       0x48 ../MTL_bsp/\libhal_bsp.a(altera_avalon_jtag_uart_read.o)
                                        0x20b (size before relaxing)
 .debug_str     0x00000000000010c1       0x4a ../MTL_bsp/\libhal_bsp.a(altera_avalon_jtag_uart_write.o)
                                        0x201 (size before relaxing)
 .debug_str     0x000000000000110b       0xb6 ../MTL_bsp/\libhal_bsp.a(altera_avalon_timer_sc.o)
                                        0x237 (size before relaxing)
 .debug_str     0x00000000000011c1       0x1b ../MTL_bsp/\libhal_bsp.a(alt_close.o)
                                        0x1f7 (size before relaxing)
 .debug_str     0x00000000000011dc       0x34 ../MTL_bsp/\libhal_bsp.a(alt_dcache_flush_all.o)
                                        0x141 (size before relaxing)
 .debug_str     0x0000000000001210       0x50 ../MTL_bsp/\libhal_bsp.a(alt_dev.o)
                                        0x2f1 (size before relaxing)
 .debug_str     0x0000000000001260       0x4b ../MTL_bsp/\libhal_bsp.a(alt_dev_llist_insert.o)
                                        0x1b8 (size before relaxing)
 .debug_str     0x00000000000012ab       0x14 ../MTL_bsp/\libhal_bsp.a(alt_errno.o)
                                        0x131 (size before relaxing)
 .debug_str     0x00000000000012bf       0x34 ../MTL_bsp/\libhal_bsp.a(alt_icache_flush_all.o)
                                        0x141 (size before relaxing)
 .debug_str     0x00000000000012f3       0xc4 ../MTL_bsp/\libhal_bsp.a(alt_iic.o)
                                        0x22a (size before relaxing)
 .debug_str     0x00000000000013b7       0x4c ../MTL_bsp/\libhal_bsp.a(alt_iic_isr_register.o)
                                        0x1d4 (size before relaxing)
 .debug_str     0x0000000000001403       0x56 ../MTL_bsp/\libhal_bsp.a(alt_io_redirect.o)
                                        0x302 (size before relaxing)
 .debug_str     0x0000000000001459       0x3a ../MTL_bsp/\libhal_bsp.a(alt_irq_handler.o)
                                        0x183 (size before relaxing)
 .debug_str     0x0000000000001493       0x17 ../MTL_bsp/\libhal_bsp.a(alt_irq_vars.o)
                                        0x132 (size before relaxing)
 .debug_str     0x00000000000014aa       0x2f ../MTL_bsp/\libhal_bsp.a(alt_open.o)
                                        0x237 (size before relaxing)
 .debug_str     0x00000000000014d9       0x28 ../MTL_bsp/\libhal_bsp.a(alt_release_fd.o)
                                        0x1cb (size before relaxing)
 .debug_str     0x0000000000001501       0x78 ../MTL_bsp/\libhal_bsp.a(alt_tick.o)
                                        0x23e (size before relaxing)
 .debug_str     0x0000000000001579       0x3b ../MTL_bsp/\libhal_bsp.a(altera_nios2_qsys_irq.o)
                                        0x148 (size before relaxing)
 .debug_str     0x00000000000015b4       0x24 ../MTL_bsp/\libhal_bsp.a(alt_find_dev.o)
                                        0x1d8 (size before relaxing)
 .debug_str     0x00000000000015d8       0x26 ../MTL_bsp/\libhal_bsp.a(alt_find_file.o)
                                        0x1e6 (size before relaxing)
 .debug_str     0x00000000000015fe       0x30 ../MTL_bsp/\libhal_bsp.a(alt_get_fd.o)
                                        0x208 (size before relaxing)
 .debug_str     0x000000000000162e       0x2c ../MTL_bsp/\libhal_bsp.a(alt_icache_flush.o)
                                        0x147 (size before relaxing)
 .debug_str     0x000000000000165a       0xd4 c:/altera/15.0/nios2eds/bin/gnu/h-x86_64-mingw32/bin/../lib/gcc/nios2-elf/4.9.1/../../../../../H-x86_64-mingw32/nios2-elf/lib\libsmallc.a(lib_a-exit.o)
                                        0x19a (size before relaxing)
 .debug_str     0x000000000000172e       0x42 c:/altera/15.0/nios2eds/bin/gnu/h-x86_64-mingw32/bin/../lib/gcc/nios2-elf/4.9.1/../../../../../H-x86_64-mingw32/nios2-elf/lib\libsmallc.a(lib_a-memcmp.o)
                                        0x189 (size before relaxing)
 .debug_str     0x0000000000001770       0x55 c:/altera/15.0/nios2eds/bin/gnu/h-x86_64-mingw32/bin/../lib/gcc/nios2-elf/4.9.1/../../../../../H-x86_64-mingw32/nios2-elf/lib\libsmallc.a(lib_a-__call_atexit.o)
                                        0x487 (size before relaxing)
 .debug_str     0x00000000000017c5       0x2a ../MTL_bsp/\libhal_bsp.a(alt_exit.o)
                                        0x13d (size before relaxing)

.debug_loc      0x0000000000000000     0x116a
 *(.debug_loc)
 .debug_loc     0x0000000000000000      0x273 c:/altera/15.0/nios2eds/bin/gnu/h-x86_64-mingw32/bin/../lib/gcc/nios2-elf/4.9.1\libgcc.a(lib2-divmod.o)
 .debug_loc     0x0000000000000273      0x11b c:/altera/15.0/nios2eds/bin/gnu/h-x86_64-mingw32/bin/../lib/gcc/nios2-elf/4.9.1/../../../../../H-x86_64-mingw32/nios2-elf/lib\libsmallc.a(lib_a-memcpy.o)
 .debug_loc     0x000000000000038e       0xc6 c:/altera/15.0/nios2eds/bin/gnu/h-x86_64-mingw32/bin/../lib/gcc/nios2-elf/4.9.1/../../../../../H-x86_64-mingw32/nios2-elf/lib\libsmallc.a(lib_a-printf.o)
 .debug_loc     0x0000000000000454       0x97 c:/altera/15.0/nios2eds/bin/gnu/h-x86_64-mingw32/bin/../lib/gcc/nios2-elf/4.9.1/../../../../../H-x86_64-mingw32/nios2-elf/lib\libsmallc.a(lib_a-puts.o)
 .debug_loc     0x00000000000004eb       0x1e c:/altera/15.0/nios2eds/bin/gnu/h-x86_64-mingw32/bin/../lib/gcc/nios2-elf/4.9.1/../../../../../H-x86_64-mingw32/nios2-elf/lib\libsmallc.a(lib_a-strlen.o)
 .debug_loc     0x0000000000000509      0x948 c:/altera/15.0/nios2eds/bin/gnu/h-x86_64-mingw32/bin/../lib/gcc/nios2-elf/4.9.1/../../../../../H-x86_64-mingw32/nios2-elf/lib\libsmallc.a(lib_a-vfprintf.o)
 .debug_loc     0x0000000000000e51       0xbd c:/altera/15.0/nios2eds/bin/gnu/h-x86_64-mingw32/bin/../lib/gcc/nios2-elf/4.9.1/../../../../../H-x86_64-mingw32/nios2-elf/lib\libsmallc.a(lib_a-fvwrite_small_dev.o)
 .debug_loc     0x0000000000000f0e       0xa5 c:/altera/15.0/nios2eds/bin/gnu/h-x86_64-mingw32/bin/../lib/gcc/nios2-elf/4.9.1/../../../../../H-x86_64-mingw32/nios2-elf/lib\libsmallc.a(lib_a-writer.o)
 .debug_loc     0x0000000000000fb3       0x1e c:/altera/15.0/nios2eds/bin/gnu/h-x86_64-mingw32/bin/../lib/gcc/nios2-elf/4.9.1/../../../../../H-x86_64-mingw32/nios2-elf/lib\libsmallc.a(lib_a-exit.o)
 .debug_loc     0x0000000000000fd1       0x94 c:/altera/15.0/nios2eds/bin/gnu/h-x86_64-mingw32/bin/../lib/gcc/nios2-elf/4.9.1/../../../../../H-x86_64-mingw32/nios2-elf/lib\libsmallc.a(lib_a-memcmp.o)
 .debug_loc     0x0000000000001065      0x105 c:/altera/15.0/nios2eds/bin/gnu/h-x86_64-mingw32/bin/../lib/gcc/nios2-elf/4.9.1/../../../../../H-x86_64-mingw32/nios2-elf/lib\libsmallc.a(lib_a-__call_atexit.o)

.debug_macinfo
 *(.debug_macinfo)

.debug_weaknames
 *(.debug_weaknames)

.debug_funcnames
 *(.debug_funcnames)

.debug_typenames
 *(.debug_typenames)

.debug_varnames
 *(.debug_varnames)

.debug_alt_sim_info
                0x0000000000000000       0x30
 *(.debug_alt_sim_info)
 .debug_alt_sim_info
                0x0000000000000000       0x30 ../MTL_bsp//obj/HAL/src/crt0.o
                0x000000000000ce20                __alt_data_end = 0xce20
                0x000000000000ce20                PROVIDE (__alt_stack_pointer, __alt_data_end)
                0x000000000000ae1c                PROVIDE (__alt_stack_limit, __alt_stack_base)
                0x000000000000ae1c                PROVIDE (__alt_heap_start, end)
                0x000000000000ce20                PROVIDE (__alt_heap_limit, 0xce20)
OUTPUT(MTL.elf elf32-littlenios2)

.debug_ranges   0x0000000000000000      0x158
 .debug_ranges  0x0000000000000000       0x20 ../MTL_bsp//obj/HAL/src/crt0.o
 .debug_ranges  0x0000000000000020       0xb8 c:/altera/15.0/nios2eds/bin/gnu/h-x86_64-mingw32/bin/../lib/gcc/nios2-elf/4.9.1/../../../../../H-x86_64-mingw32/nios2-elf/lib\libsmallc.a(lib_a-vfprintf.o)
 .debug_ranges  0x00000000000000d8       0x18 c:/altera/15.0/nios2eds/bin/gnu/h-x86_64-mingw32/bin/../lib/gcc/nios2-elf/4.9.1/../../../../../H-x86_64-mingw32/nios2-elf/lib\libsmallc.a(lib_a-fvwrite_small_dev.o)
 .debug_ranges  0x00000000000000f0       0x28 ../MTL_bsp/\libhal_bsp.a(alt_irq_entry.o)
 .debug_ranges  0x0000000000000118       0x10 ../MTL_bsp/\libhal_bsp.a(alt_irq_handler.o)
 .debug_ranges  0x0000000000000128       0x30 ../MTL_bsp/\libhal_bsp.a(alt_exception_entry.o)
