Archive member included to satisfy reference by file (symbol)

c:/altera/15.0/nios2eds/bin/gnu/h-x86_64-mingw32/bin/../lib/gcc/nios2-elf/4.9.1\libgcc.a(lib2-divmod.o)
                              obj/default/main.o (__divsi3)
c:/altera/15.0/nios2eds/bin/gnu/h-x86_64-mingw32/bin/../lib/gcc/nios2-elf/4.9.1/../../../../../H-x86_64-mingw32/nios2-elf/lib\libsmallc.a(lib_a-printf.o)
                              obj/default/main.o (printf)
c:/altera/15.0/nios2eds/bin/gnu/h-x86_64-mingw32/bin/../lib/gcc/nios2-elf/4.9.1/../../../../../H-x86_64-mingw32/nios2-elf/lib\libsmallc.a(lib_a-puts.o)
                              obj/default/main.o (puts)
c:/altera/15.0/nios2eds/bin/gnu/h-x86_64-mingw32/bin/../lib/gcc/nios2-elf/4.9.1/../../../../../H-x86_64-mingw32/nios2-elf/lib\libsmallc.a(lib_a-strlen.o)
                              c:/altera/15.0/nios2eds/bin/gnu/h-x86_64-mingw32/bin/../lib/gcc/nios2-elf/4.9.1/../../../../../H-x86_64-mingw32/nios2-elf/lib\libsmallc.a(lib_a-puts.o) (strlen)
c:/altera/15.0/nios2eds/bin/gnu/h-x86_64-mingw32/bin/../lib/gcc/nios2-elf/4.9.1/../../../../../H-x86_64-mingw32/nios2-elf/lib\libsmallc.a(lib_a-vfprintf.o)
                              c:/altera/15.0/nios2eds/bin/gnu/h-x86_64-mingw32/bin/../lib/gcc/nios2-elf/4.9.1/../../../../../H-x86_64-mingw32/nios2-elf/lib\libsmallc.a(lib_a-printf.o) (___vfprintf_internal_r)
c:/altera/15.0/nios2eds/bin/gnu/h-x86_64-mingw32/bin/../lib/gcc/nios2-elf/4.9.1/../../../../../H-x86_64-mingw32/nios2-elf/lib\libsmallc.a(lib_a-fvwrite_small_dev.o)
                              c:/altera/15.0/nios2eds/bin/gnu/h-x86_64-mingw32/bin/../lib/gcc/nios2-elf/4.9.1/../../../../../H-x86_64-mingw32/nios2-elf/lib\libsmallc.a(lib_a-printf.o) (__sfvwrite_small_dev)
c:/altera/15.0/nios2eds/bin/gnu/h-x86_64-mingw32/bin/../lib/gcc/nios2-elf/4.9.1/../../../../../H-x86_64-mingw32/nios2-elf/lib\libsmallc.a(lib_a-impure.o)
                              c:/altera/15.0/nios2eds/bin/gnu/h-x86_64-mingw32/bin/../lib/gcc/nios2-elf/4.9.1/../../../../../H-x86_64-mingw32/nios2-elf/lib\libsmallc.a(lib_a-printf.o) (_impure_ptr)
c:/altera/15.0/nios2eds/bin/gnu/h-x86_64-mingw32/bin/../lib/gcc/nios2-elf/4.9.1/../../../../../H-x86_64-mingw32/nios2-elf/lib\libsmallc.a(lib_a-writer.o)
                              c:/altera/15.0/nios2eds/bin/gnu/h-x86_64-mingw32/bin/../lib/gcc/nios2-elf/4.9.1/../../../../../H-x86_64-mingw32/nios2-elf/lib\libsmallc.a(lib_a-fvwrite_small_dev.o) (_write_r)
c:/altera/15.0/nios2eds/bin/gnu/h-x86_64-mingw32/bin/../lib/gcc/nios2-elf/4.9.1/../../../../../H-x86_64-mingw32/nios2-elf/lib\libsmallc.a(lib_a-int_errno.o)
                              c:/altera/15.0/nios2eds/bin/gnu/h-x86_64-mingw32/bin/../lib/gcc/nios2-elf/4.9.1/../../../../../H-x86_64-mingw32/nios2-elf/lib\libsmallc.a(lib_a-writer.o) (errno)
../MTL_bsp/\libhal_bsp.a(alt_iic_isr_register.o)
                              obj/default/main.o (alt_iic_isr_register)
../MTL_bsp/\libhal_bsp.a(alt_irq_entry.o)
                              ../MTL_bsp/\libhal_bsp.a(alt_iic_isr_register.o) (alt_irq_entry)
../MTL_bsp/\libhal_bsp.a(alt_irq_handler.o)
                              ../MTL_bsp/\libhal_bsp.a(alt_iic_isr_register.o) (alt_irq)
../MTL_bsp/\libhal_bsp.a(alt_load.o)
                              ../MTL_bsp//obj/HAL/src/crt0.o (alt_load)
../MTL_bsp/\libhal_bsp.a(alt_main.o)
                              ../MTL_bsp//obj/HAL/src/crt0.o (alt_main)
../MTL_bsp/\libhal_bsp.a(alt_write.o)
                              c:/altera/15.0/nios2eds/bin/gnu/h-x86_64-mingw32/bin/../lib/gcc/nios2-elf/4.9.1/../../../../../H-x86_64-mingw32/nios2-elf/lib\libsmallc.a(lib_a-writer.o) (write)
../MTL_bsp/\libhal_bsp.a(alt_sys_init.o)
                              ../MTL_bsp/\libhal_bsp.a(alt_main.o) (alt_irq_init)
../MTL_bsp/\libhal_bsp.a(altera_avalon_jtag_uart_fd.o)
                              ../MTL_bsp/\libhal_bsp.a(alt_sys_init.o) (altera_avalon_jtag_uart_read_fd)
../MTL_bsp/\libhal_bsp.a(altera_avalon_jtag_uart_read.o)
                              ../MTL_bsp/\libhal_bsp.a(altera_avalon_jtag_uart_fd.o) (altera_avalon_jtag_uart_read)
../MTL_bsp/\libhal_bsp.a(altera_avalon_jtag_uart_write.o)
                              ../MTL_bsp/\libhal_bsp.a(altera_avalon_jtag_uart_fd.o) (altera_avalon_jtag_uart_write)
../MTL_bsp/\libhal_bsp.a(altera_avalon_timer_sc.o)
                              ../MTL_bsp/\libhal_bsp.a(alt_sys_init.o) (alt_avalon_timer_sc_init)
../MTL_bsp/\libhal_bsp.a(alt_close.o)
                              ../MTL_bsp/\libhal_bsp.a(alt_main.o) (close)
../MTL_bsp/\libhal_bsp.a(alt_dcache_flush_all.o)
                              ../MTL_bsp/\libhal_bsp.a(alt_load.o) (alt_dcache_flush_all)
../MTL_bsp/\libhal_bsp.a(alt_dev.o)
                              ../MTL_bsp/\libhal_bsp.a(alt_sys_init.o) (alt_dev_list)
../MTL_bsp/\libhal_bsp.a(alt_dev_llist_insert.o)
                              ../MTL_bsp/\libhal_bsp.a(alt_sys_init.o) (alt_dev_llist_insert)
../MTL_bsp/\libhal_bsp.a(alt_errno.o)
                              ../MTL_bsp/\libhal_bsp.a(alt_write.o) (alt_errno)
../MTL_bsp/\libhal_bsp.a(alt_exception_entry.o)
                              ../MTL_bsp/\libhal_bsp.a(alt_irq_entry.o) (alt_exception)
../MTL_bsp/\libhal_bsp.a(alt_icache_flush_all.o)
                              ../MTL_bsp/\libhal_bsp.a(alt_load.o) (alt_icache_flush_all)
../MTL_bsp/\libhal_bsp.a(alt_iic.o)
                              ../MTL_bsp/\libhal_bsp.a(altera_avalon_timer_sc.o) (alt_ic_isr_register)
../MTL_bsp/\libhal_bsp.a(alt_io_redirect.o)
                              ../MTL_bsp/\libhal_bsp.a(alt_main.o) (alt_io_redirect)
../MTL_bsp/\libhal_bsp.a(alt_irq_vars.o)
                              ../MTL_bsp/\libhal_bsp.a(alt_iic.o) (alt_irq_active)
../MTL_bsp/\libhal_bsp.a(alt_open.o)
                              ../MTL_bsp/\libhal_bsp.a(alt_io_redirect.o) (open)
../MTL_bsp/\libhal_bsp.a(alt_release_fd.o)
                              ../MTL_bsp/\libhal_bsp.a(alt_close.o) (alt_release_fd)
../MTL_bsp/\libhal_bsp.a(alt_tick.o)
                              ../MTL_bsp/\libhal_bsp.a(altera_avalon_timer_sc.o) (_alt_tick_rate)
../MTL_bsp/\libhal_bsp.a(altera_nios2_qsys_irq.o)
                              ../MTL_bsp/\libhal_bsp.a(alt_sys_init.o) (altera_nios2_qsys_irq_init)
../MTL_bsp/\libhal_bsp.a(alt_find_dev.o)
                              ../MTL_bsp/\libhal_bsp.a(alt_open.o) (alt_find_dev)
../MTL_bsp/\libhal_bsp.a(alt_find_file.o)
                              ../MTL_bsp/\libhal_bsp.a(alt_open.o) (alt_find_file)
../MTL_bsp/\libhal_bsp.a(alt_get_fd.o)
                              ../MTL_bsp/\libhal_bsp.a(alt_open.o) (alt_get_fd)
../MTL_bsp/\libhal_bsp.a(alt_icache_flush.o)
                              ../MTL_bsp/\libhal_bsp.a(alt_icache_flush_all.o) (alt_icache_flush)
c:/altera/15.0/nios2eds/bin/gnu/h-x86_64-mingw32/bin/../lib/gcc/nios2-elf/4.9.1/../../../../../H-x86_64-mingw32/nios2-elf/lib\libsmallc.a(lib_a-exit.o)
                              ../MTL_bsp/\libhal_bsp.a(alt_main.o) (exit)
c:/altera/15.0/nios2eds/bin/gnu/h-x86_64-mingw32/bin/../lib/gcc/nios2-elf/4.9.1/../../../../../H-x86_64-mingw32/nios2-elf/lib\libsmallc.a(lib_a-memcmp.o)
                              ../MTL_bsp/\libhal_bsp.a(alt_find_dev.o) (memcmp)
c:/altera/15.0/nios2eds/bin/gnu/h-x86_64-mingw32/bin/../lib/gcc/nios2-elf/4.9.1/../../../../../H-x86_64-mingw32/nios2-elf/lib\libsmallc.a(lib_a-__call_atexit.o)
                              c:/altera/15.0/nios2eds/bin/gnu/h-x86_64-mingw32/bin/../lib/gcc/nios2-elf/4.9.1/../../../../../H-x86_64-mingw32/nios2-elf/lib\libsmallc.a(lib_a-exit.o) (__call_exitprocs)
../MTL_bsp/\libhal_bsp.a(alt_exit.o)
                              c:/altera/15.0/nios2eds/bin/gnu/h-x86_64-mingw32/bin/../lib/gcc/nios2-elf/4.9.1/../../../../../H-x86_64-mingw32/nios2-elf/lib\libsmallc.a(lib_a-exit.o) (_exit)

Allocating common symbols
Common symbol       size              file

alt_irq             0x100             ../MTL_bsp/\libhal_bsp.a(alt_irq_handler.o)
tileY               0x4               obj/default/main.o
selectY             0x4               obj/default/main.o
errno               0x4               c:/altera/15.0/nios2eds/bin/gnu/h-x86_64-mingw32/bin/../lib/gcc/nios2-elf/4.9.1/../../../../../H-x86_64-mingw32/nios2-elf/lib\libsmallc.a(lib_a-int_errno.o)
selectX             0x4               obj/default/main.o
tileX               0x4               obj/default/main.o

Memory Configuration

Name             Origin             Length             Attributes
reset            0x0000000000008000 0x0000000000000020
mem              0x0000000000008020 0x0000000000004e00
*default*        0x0000000000000000 0xffffffffffffffff

Linker script and memory map

LOAD ../MTL_bsp//obj/HAL/src/crt0.o
LOAD obj/default/main.o
LOAD c:/altera/15.0/nios2eds/bin/gnu/h-x86_64-mingw32/bin/../lib/gcc/nios2-elf/4.9.1/../../../../../H-x86_64-mingw32/nios2-elf/lib\libstdc++.a
LOAD c:/altera/15.0/nios2eds/bin/gnu/h-x86_64-mingw32/bin/../lib/gcc/nios2-elf/4.9.1/../../../../../H-x86_64-mingw32/nios2-elf/lib\libm.a
LOAD c:/altera/15.0/nios2eds/bin/gnu/h-x86_64-mingw32/bin/../lib/gcc/nios2-elf/4.9.1\libgcc.a
START GROUP
LOAD c:/altera/15.0/nios2eds/bin/gnu/h-x86_64-mingw32/bin/../lib/gcc/nios2-elf/4.9.1/../../../../../H-x86_64-mingw32/nios2-elf/lib\libsmallc.a
LOAD c:/altera/15.0/nios2eds/bin/gnu/h-x86_64-mingw32/bin/../lib/gcc/nios2-elf/4.9.1\libgcc.a
LOAD ../MTL_bsp/\libhal_bsp.a
LOAD c:/altera/15.0/nios2eds/bin/gnu/h-x86_64-mingw32/bin/../lib/gcc/nios2-elf/4.9.1/../../../../../H-x86_64-mingw32/nios2-elf/lib\libm.a
END GROUP
LOAD c:/altera/15.0/nios2eds/bin/gnu/h-x86_64-mingw32/bin/../lib/gcc/nios2-elf/4.9.1\libgcc.a
                0x0000000000008000                __alt_mem_mem = 0x8000

.entry          0x0000000000008000       0x20
 *(.entry)
 .entry         0x0000000000008000       0x20 ../MTL_bsp//obj/HAL/src/crt0.o
                0x0000000000008000                __reset

.exceptions     0x0000000000008020      0x19c
                0x0000000000008020                PROVIDE (__ram_exceptions_start, ABSOLUTE (.))
                0x0000000000008020                . = ALIGN (0x20)
 *(.irq)
 *(.exceptions.entry.label)
 .exceptions.entry.label
                0x0000000000008020        0x0 ../MTL_bsp/\libhal_bsp.a(alt_irq_entry.o)
                0x0000000000008020                alt_irq_entry
 .exceptions.entry.label
                0x0000000000008020        0x0 ../MTL_bsp/\libhal_bsp.a(alt_exception_entry.o)
                0x0000000000008020                alt_exception
 *(.exceptions.entry.user)
 *(.exceptions.entry.ecc_fatal)
 *(.exceptions.entry)
 .exceptions.entry
                0x0000000000008020       0x54 ../MTL_bsp/\libhal_bsp.a(alt_exception_entry.o)
 *(.exceptions.irqtest.user)
 *(.exceptions.irqtest)
 .exceptions.irqtest
                0x0000000000008074       0x10 ../MTL_bsp/\libhal_bsp.a(alt_irq_entry.o)
 *(.exceptions.irqhandler.user)
 *(.exceptions.irqhandler)
 .exceptions.irqhandler
                0x0000000000008084        0x4 ../MTL_bsp/\libhal_bsp.a(alt_irq_entry.o)
 *(.exceptions.irqreturn.user)
 *(.exceptions.irqreturn)
 .exceptions.irqreturn
                0x0000000000008088        0x4 ../MTL_bsp/\libhal_bsp.a(alt_irq_entry.o)
 *(.exceptions.notirq.label)
 .exceptions.notirq.label
                0x000000000000808c        0x0 ../MTL_bsp/\libhal_bsp.a(alt_irq_entry.o)
 *(.exceptions.notirq.user)
 *(.exceptions.notirq)
 .exceptions.notirq
                0x000000000000808c        0x8 ../MTL_bsp/\libhal_bsp.a(alt_exception_entry.o)
 *(.exceptions.soft.user)
 *(.exceptions.soft)
 *(.exceptions.unknown.user)
 *(.exceptions.unknown)
 .exceptions.unknown
                0x0000000000008094        0x4 ../MTL_bsp/\libhal_bsp.a(alt_exception_entry.o)
 *(.exceptions.exit.label)
 .exceptions.exit.label
                0x0000000000008098        0x0 ../MTL_bsp/\libhal_bsp.a(alt_irq_entry.o)
 .exceptions.exit.label
                0x0000000000008098        0x0 ../MTL_bsp/\libhal_bsp.a(alt_exception_entry.o)
 *(.exceptions.exit.user)
 *(.exceptions.exit)
 .exceptions.exit
                0x0000000000008098       0x54 ../MTL_bsp/\libhal_bsp.a(alt_exception_entry.o)
 *(.exceptions)
 .exceptions    0x00000000000080ec       0xd0 ../MTL_bsp/\libhal_bsp.a(alt_irq_handler.o)
                0x00000000000080ec                alt_irq_handler
                0x00000000000081bc                PROVIDE (__ram_exceptions_end, ABSOLUTE (.))
                0x0000000000008020                PROVIDE (__flash_exceptions_start, LOADADDR (.exceptions))

.text           0x00000000000081bc     0x2944
                0x00000000000081bc                PROVIDE (stext, ABSOLUTE (.))
 *(.interp)
 *(.hash)
 *(.dynsym)
 *(.dynstr)
 *(.gnu.version)
 *(.gnu.version_d)
 *(.gnu.version_r)
 *(.rel.init)
 *(.rela.init)
 *(.rel.text .rel.text.* .rel.gnu.linkonce.t.*)
 *(.rela.text .rela.text.* .rela.gnu.linkonce.t.*)
 *(.rel.fini)
 *(.rela.fini)
 *(.rel.rodata .rel.rodata.* .rel.gnu.linkonce.r.*)
 *(.rela.rodata .rela.rodata.* .rela.gnu.linkonce.r.*)
 *(.rel.data .rel.data.* .rel.gnu.linkonce.d.*)
 *(.rela.data .rela.data.* .rela.gnu.linkonce.d.*)
 *(.rel.tdata .rel.tdata.* .rel.gnu.linkonce.td.*)
 *(.rela.tdata .rela.tdata.* .rela.gnu.linkonce.td.*)
 *(.rel.tbss .rel.tbss.* .rel.gnu.linkonce.tb.*)
 *(.rela.tbss .rela.tbss.* .rela.gnu.linkonce.tb.*)
 *(.rel.ctors)
 *(.rela.ctors)
 *(.rel.dtors)
 *(.rela.dtors)
 *(.rel.got)
 *(.rela.got)
 *(.rel.sdata .rel.sdata.* .rel.gnu.linkonce.s.*)
 *(.rela.sdata .rela.sdata.* .rela.gnu.linkonce.s.*)
 *(.rel.sbss .rel.sbss.* .rel.gnu.linkonce.sb.*)
 *(.rela.sbss .rela.sbss.* .rela.gnu.linkonce.sb.*)
 *(.rel.sdata2 .rel.sdata2.* .rel.gnu.linkonce.s2.*)
 *(.rela.sdata2 .rela.sdata2.* .rela.gnu.linkonce.s2.*)
 *(.rel.sbss2 .rel.sbss2.* .rel.gnu.linkonce.sb2.*)
 *(.rela.sbss2 .rela.sbss2.* .rela.gnu.linkonce.sb2.*)
 *(.rel.bss .rel.bss.* .rel.gnu.linkonce.b.*)
 *(.rela.bss .rela.bss.* .rela.gnu.linkonce.b.*)
 *(.rel.plt)
 *(.rela.plt)
 *(.rel.dyn)
 *(.init)
 *(.plt)
 *(.text .stub .text.* .gnu.linkonce.t.*)
 .text          0x00000000000081bc       0x4c ../MTL_bsp//obj/HAL/src/crt0.o
                0x00000000000081bc                _start
 .text          0x0000000000008208      0x8f0 obj/default/main.o
                0x0000000000008208                translateTouchData
                0x000000000000826c                sendMap
                0x0000000000008390                translateToTiles
                0x00000000000083fc                manhattan
                0x0000000000008458                sendMode
                0x0000000000008498                MTL_ISR
                0x0000000000008678                MTL_reset
                0x00000000000086d0                main
 .text          0x0000000000008af8      0x12c c:/altera/15.0/nios2eds/bin/gnu/h-x86_64-mingw32/bin/../lib/gcc/nios2-elf/4.9.1\libgcc.a(lib2-divmod.o)
                0x0000000000008b64                __divsi3
                0x0000000000008bb8                __modsi3
                0x0000000000008c14                __udivsi3
                0x0000000000008c1c                __umodsi3
 .text          0x0000000000008c24       0x88 c:/altera/15.0/nios2eds/bin/gnu/h-x86_64-mingw32/bin/../lib/gcc/nios2-elf/4.9.1/../../../../../H-x86_64-mingw32/nios2-elf/lib\libsmallc.a(lib_a-printf.o)
                0x0000000000008c24                _printf_r
                0x0000000000008c60                printf
 .text          0x0000000000008cac       0x94 c:/altera/15.0/nios2eds/bin/gnu/h-x86_64-mingw32/bin/../lib/gcc/nios2-elf/4.9.1/../../../../../H-x86_64-mingw32/nios2-elf/lib\libsmallc.a(lib_a-puts.o)
                0x0000000000008cac                _puts_r
                0x0000000000008d2c                puts
 .text          0x0000000000008d40       0x1c c:/altera/15.0/nios2eds/bin/gnu/h-x86_64-mingw32/bin/../lib/gcc/nios2-elf/4.9.1/../../../../../H-x86_64-mingw32/nios2-elf/lib\libsmallc.a(lib_a-strlen.o)
                0x0000000000008d40                strlen
 .text          0x0000000000008d5c      0x5d4 c:/altera/15.0/nios2eds/bin/gnu/h-x86_64-mingw32/bin/../lib/gcc/nios2-elf/4.9.1/../../../../../H-x86_64-mingw32/nios2-elf/lib\libsmallc.a(lib_a-vfprintf.o)
                0x0000000000008dc8                ___vfprintf_internal_r
                0x000000000000930c                __vfprintf_internal
 .text          0x0000000000009330       0xac c:/altera/15.0/nios2eds/bin/gnu/h-x86_64-mingw32/bin/../lib/gcc/nios2-elf/4.9.1/../../../../../H-x86_64-mingw32/nios2-elf/lib\libsmallc.a(lib_a-fvwrite_small_dev.o)
                0x0000000000009330                __sfvwrite_small_dev
 .text          0x00000000000093dc        0x0 c:/altera/15.0/nios2eds/bin/gnu/h-x86_64-mingw32/bin/../lib/gcc/nios2-elf/4.9.1/../../../../../H-x86_64-mingw32/nios2-elf/lib\libsmallc.a(lib_a-impure.o)
 .text          0x00000000000093dc       0x58 c:/altera/15.0/nios2eds/bin/gnu/h-x86_64-mingw32/bin/../lib/gcc/nios2-elf/4.9.1/../../../../../H-x86_64-mingw32/nios2-elf/lib\libsmallc.a(lib_a-writer.o)
                0x00000000000093dc                _write_r
 .text          0x0000000000009434        0x0 c:/altera/15.0/nios2eds/bin/gnu/h-x86_64-mingw32/bin/../lib/gcc/nios2-elf/4.9.1/../../../../../H-x86_64-mingw32/nios2-elf/lib\libsmallc.a(lib_a-int_errno.o)
 .text          0x0000000000009434       0xf0 ../MTL_bsp/\libhal_bsp.a(alt_iic_isr_register.o)
                0x0000000000009434                alt_iic_isr_register
 .text          0x0000000000009524        0x0 ../MTL_bsp/\libhal_bsp.a(alt_irq_entry.o)
 .text          0x0000000000009524        0x0 ../MTL_bsp/\libhal_bsp.a(alt_irq_handler.o)
 .text          0x0000000000009524       0xe4 ../MTL_bsp/\libhal_bsp.a(alt_load.o)
                0x0000000000009588                alt_load
 .text          0x0000000000009608       0x68 ../MTL_bsp/\libhal_bsp.a(alt_main.o)
                0x0000000000009608                alt_main
 .text          0x0000000000009670      0x148 ../MTL_bsp/\libhal_bsp.a(alt_write.o)
                0x00000000000096c0                write
 .text          0x00000000000097b8       0xb4 ../MTL_bsp/\libhal_bsp.a(alt_sys_init.o)
                0x00000000000097f0                alt_irq_init
                0x0000000000009824                alt_sys_init
 .text          0x000000000000986c       0xc0 ../MTL_bsp/\libhal_bsp.a(altera_avalon_jtag_uart_fd.o)
                0x000000000000986c                altera_avalon_jtag_uart_read_fd
                0x00000000000098cc                altera_avalon_jtag_uart_write_fd
 .text          0x000000000000992c       0xe4 ../MTL_bsp/\libhal_bsp.a(altera_avalon_jtag_uart_read.o)
                0x000000000000992c                altera_avalon_jtag_uart_read
 .text          0x0000000000009a10       0x94 ../MTL_bsp/\libhal_bsp.a(altera_avalon_jtag_uart_write.o)
                0x0000000000009a10                altera_avalon_jtag_uart_write
 .text          0x0000000000009aa4       0xfc ../MTL_bsp/\libhal_bsp.a(altera_avalon_timer_sc.o)
                0x0000000000009b18                alt_avalon_timer_sc_init
 .text          0x0000000000009ba0      0x120 ../MTL_bsp/\libhal_bsp.a(alt_close.o)
                0x0000000000009bf0                close
 .text          0x0000000000009cc0       0x44 ../MTL_bsp/\libhal_bsp.a(alt_dcache_flush_all.o)
                0x0000000000009cc0                alt_dcache_flush_all
 .text          0x0000000000009d04       0x2c ../MTL_bsp/\libhal_bsp.a(alt_dev.o)
 .text          0x0000000000009d30       0xf4 ../MTL_bsp/\libhal_bsp.a(alt_dev_llist_insert.o)
                0x0000000000009d80                alt_dev_llist_insert
 .text          0x0000000000009e24        0x0 ../MTL_bsp/\libhal_bsp.a(alt_errno.o)
 .text          0x0000000000009e24        0x0 ../MTL_bsp/\libhal_bsp.a(alt_exception_entry.o)
 .text          0x0000000000009e24       0x30 ../MTL_bsp/\libhal_bsp.a(alt_icache_flush_all.o)
                0x0000000000009e24                alt_icache_flush_all
 .text          0x0000000000009e54      0x1e0 ../MTL_bsp/\libhal_bsp.a(alt_iic.o)
                0x0000000000009e54                alt_ic_isr_register
                0x0000000000009ea4                alt_ic_irq_enable
                0x0000000000009f44                alt_ic_irq_disable
                0x0000000000009fe8                alt_ic_irq_enabled
 .text          0x000000000000a034      0x138 ../MTL_bsp/\libhal_bsp.a(alt_io_redirect.o)
                0x000000000000a0f4                alt_io_redirect
 .text          0x000000000000a16c        0x0 ../MTL_bsp/\libhal_bsp.a(alt_irq_vars.o)
 .text          0x000000000000a16c      0x274 ../MTL_bsp/\libhal_bsp.a(alt_open.o)
                0x000000000000a288                open
 .text          0x000000000000a3e0       0x60 ../MTL_bsp/\libhal_bsp.a(alt_release_fd.o)
                0x000000000000a3e0                alt_release_fd
 .text          0x000000000000a440      0x19c ../MTL_bsp/\libhal_bsp.a(alt_tick.o)
                0x000000000000a440                alt_alarm_stop
                0x000000000000a4d8                alt_tick
 .text          0x000000000000a5dc       0x20 ../MTL_bsp/\libhal_bsp.a(altera_nios2_qsys_irq.o)
                0x000000000000a5dc                altera_nios2_qsys_irq_init
 .text          0x000000000000a5fc       0x90 ../MTL_bsp/\libhal_bsp.a(alt_find_dev.o)
                0x000000000000a5fc                alt_find_dev
 .text          0x000000000000a68c      0x114 ../MTL_bsp/\libhal_bsp.a(alt_find_file.o)
                0x000000000000a68c                alt_find_file
 .text          0x000000000000a7a0       0xb4 ../MTL_bsp/\libhal_bsp.a(alt_get_fd.o)
                0x000000000000a7a0                alt_get_fd
 .text          0x000000000000a854       0x8c ../MTL_bsp/\libhal_bsp.a(alt_icache_flush.o)
                0x000000000000a854                alt_icache_flush
 .text          0x000000000000a8e0       0x20 c:/altera/15.0/nios2eds/bin/gnu/h-x86_64-mingw32/bin/../lib/gcc/nios2-elf/4.9.1/../../../../../H-x86_64-mingw32/nios2-elf/lib\libsmallc.a(lib_a-exit.o)
                0x000000000000a8e0                exit
 .text          0x000000000000a900       0x30 c:/altera/15.0/nios2eds/bin/gnu/h-x86_64-mingw32/bin/../lib/gcc/nios2-elf/4.9.1/../../../../../H-x86_64-mingw32/nios2-elf/lib\libsmallc.a(lib_a-memcmp.o)
                0x000000000000a900                memcmp
 .text          0x000000000000a930      0x19c c:/altera/15.0/nios2eds/bin/gnu/h-x86_64-mingw32/bin/../lib/gcc/nios2-elf/4.9.1/../../../../../H-x86_64-mingw32/nios2-elf/lib\libsmallc.a(lib_a-__call_atexit.o)
                0x000000000000a930                __call_exitprocs
 .text          0x000000000000aacc       0x34 ../MTL_bsp/\libhal_bsp.a(alt_exit.o)
                0x000000000000aacc                _exit
 *(.gnu.warning.*)
 *(.fini)
                0x000000000000ab00                PROVIDE (__etext, ABSOLUTE (.))
                0x000000000000ab00                PROVIDE (_etext, ABSOLUTE (.))
                0x000000000000ab00                PROVIDE (etext, ABSOLUTE (.))
 *(.eh_frame_hdr)
                0x000000000000ab00                . = ALIGN (0x4)
                0x000000000000ab00                PROVIDE (__preinit_array_start, ABSOLUTE (.))
 *(.preinit_array)
                0x000000000000ab00                PROVIDE (__preinit_array_end, ABSOLUTE (.))
                0x000000000000ab00                PROVIDE (__init_array_start, ABSOLUTE (.))
 *(.init_array)
                0x000000000000ab00                PROVIDE (__init_array_end, ABSOLUTE (.))
                0x000000000000ab00                PROVIDE (__fini_array_start, ABSOLUTE (.))
 *(.fini_array)
                0x000000000000ab00                PROVIDE (__fini_array_end, ABSOLUTE (.))
 *(.eh_frame)
 *(.gcc_except_table .gcc_except_table.*)
 *(.dynamic)
                0x000000000000ab00                PROVIDE (__CTOR_LIST__, ABSOLUTE (.))
 *(.ctors)
 *(SORT(.ctors.*))
                0x000000000000ab00                PROVIDE (__CTOR_END__, ABSOLUTE (.))
                0x000000000000ab00                PROVIDE (__DTOR_LIST__, ABSOLUTE (.))
 *(.dtors)
 *(SORT(.dtors.*))
                0x000000000000ab00                PROVIDE (__DTOR_END__, ABSOLUTE (.))
 *(.jcr)
                0x000000000000ab00                . = ALIGN (0x4)

.rodata         0x000000000000ab00      0x134
                0x000000000000ab00                PROVIDE (__ram_rodata_start, ABSOLUTE (.))
                0x000000000000ab00                . = ALIGN (0x4)
 *(.rodata .rodata.* .gnu.linkonce.r.*)
 .rodata        0x000000000000ab00      0x104 obj/default/main.o
 .rodata.str1.4
                0x000000000000ac04        0x4 c:/altera/15.0/nios2eds/bin/gnu/h-x86_64-mingw32/bin/../lib/gcc/nios2-elf/4.9.1/../../../../../H-x86_64-mingw32/nios2-elf/lib\libsmallc.a(lib_a-puts.o)
 .rodata        0x000000000000ac08       0x10 ../MTL_bsp/\libhal_bsp.a(alt_main.o)
 .rodata        0x000000000000ac18       0x10 ../MTL_bsp/\libhal_bsp.a(alt_sys_init.o)
 .rodata        0x000000000000ac28        0xc ../MTL_bsp/\libhal_bsp.a(alt_dev.o)
 *(.rodata1)
                0x000000000000ac34                . = ALIGN (0x4)
                0x000000000000ac34                PROVIDE (__ram_rodata_end, ABSOLUTE (.))
                0x000000000000ab00                PROVIDE (__flash_rodata_start, LOADADDR (.rodata))

.rwdata         0x000000000000ac34      0x364 load address 0x000000000000af98
                0x000000000000ac34                PROVIDE (__ram_rwdata_start, ABSOLUTE (.))
                0x000000000000ac34                . = ALIGN (0x4)
 *(.got.plt)
 *(.got)
 *(.data1)
 *(.data .data.* .gnu.linkonce.d.*)
 .data          0x000000000000ac34        0x0 ../MTL_bsp//obj/HAL/src/crt0.o
 .data          0x000000000000ac34       0x80 obj/default/main.o
                0x000000000000ac34                theMap
 .data          0x000000000000acb4        0x0 c:/altera/15.0/nios2eds/bin/gnu/h-x86_64-mingw32/bin/../lib/gcc/nios2-elf/4.9.1\libgcc.a(lib2-divmod.o)
 .data          0x000000000000acb4        0x0 c:/altera/15.0/nios2eds/bin/gnu/h-x86_64-mingw32/bin/../lib/gcc/nios2-elf/4.9.1/../../../../../H-x86_64-mingw32/nios2-elf/lib\libsmallc.a(lib_a-printf.o)
 .data          0x000000000000acb4        0x0 c:/altera/15.0/nios2eds/bin/gnu/h-x86_64-mingw32/bin/../lib/gcc/nios2-elf/4.9.1/../../../../../H-x86_64-mingw32/nios2-elf/lib\libsmallc.a(lib_a-puts.o)
 .data          0x000000000000acb4        0x0 c:/altera/15.0/nios2eds/bin/gnu/h-x86_64-mingw32/bin/../lib/gcc/nios2-elf/4.9.1/../../../../../H-x86_64-mingw32/nios2-elf/lib\libsmallc.a(lib_a-strlen.o)
 .data          0x000000000000acb4        0x0 c:/altera/15.0/nios2eds/bin/gnu/h-x86_64-mingw32/bin/../lib/gcc/nios2-elf/4.9.1/../../../../../H-x86_64-mingw32/nios2-elf/lib\libsmallc.a(lib_a-vfprintf.o)
 .data          0x000000000000acb4        0x0 c:/altera/15.0/nios2eds/bin/gnu/h-x86_64-mingw32/bin/../lib/gcc/nios2-elf/4.9.1/../../../../../H-x86_64-mingw32/nios2-elf/lib\libsmallc.a(lib_a-fvwrite_small_dev.o)
 .data          0x000000000000acb4       0xe0 c:/altera/15.0/nios2eds/bin/gnu/h-x86_64-mingw32/bin/../lib/gcc/nios2-elf/4.9.1/../../../../../H-x86_64-mingw32/nios2-elf/lib\libsmallc.a(lib_a-impure.o)
 .data          0x000000000000ad94        0x0 c:/altera/15.0/nios2eds/bin/gnu/h-x86_64-mingw32/bin/../lib/gcc/nios2-elf/4.9.1/../../../../../H-x86_64-mingw32/nios2-elf/lib\libsmallc.a(lib_a-writer.o)
 .data          0x000000000000ad94        0x0 c:/altera/15.0/nios2eds/bin/gnu/h-x86_64-mingw32/bin/../lib/gcc/nios2-elf/4.9.1/../../../../../H-x86_64-mingw32/nios2-elf/lib\libsmallc.a(lib_a-int_errno.o)
 .data          0x000000000000ad94        0x0 ../MTL_bsp/\libhal_bsp.a(alt_iic_isr_register.o)
 .data          0x000000000000ad94        0x0 ../MTL_bsp/\libhal_bsp.a(alt_irq_entry.o)
 .data          0x000000000000ad94        0x0 ../MTL_bsp/\libhal_bsp.a(alt_irq_handler.o)
 .data          0x000000000000ad94        0x0 ../MTL_bsp/\libhal_bsp.a(alt_load.o)
 .data          0x000000000000ad94        0x0 ../MTL_bsp/\libhal_bsp.a(alt_main.o)
 .data          0x000000000000ad94        0x0 ../MTL_bsp/\libhal_bsp.a(alt_write.o)
 .data          0x000000000000ad94       0x2c ../MTL_bsp/\libhal_bsp.a(alt_sys_init.o)
 .data          0x000000000000adc0        0x0 ../MTL_bsp/\libhal_bsp.a(altera_avalon_jtag_uart_fd.o)
 .data          0x000000000000adc0        0x0 ../MTL_bsp/\libhal_bsp.a(altera_avalon_jtag_uart_read.o)
 .data          0x000000000000adc0        0x0 ../MTL_bsp/\libhal_bsp.a(altera_avalon_jtag_uart_write.o)
 .data          0x000000000000adc0        0x0 ../MTL_bsp/\libhal_bsp.a(altera_avalon_timer_sc.o)
 .data          0x000000000000adc0        0x0 ../MTL_bsp/\libhal_bsp.a(alt_close.o)
 .data          0x000000000000adc0        0x0 ../MTL_bsp/\libhal_bsp.a(alt_dcache_flush_all.o)
 .data          0x000000000000adc0      0x1a8 ../MTL_bsp/\libhal_bsp.a(alt_dev.o)
                0x000000000000adc0                alt_dev_null
                0x000000000000ade8                alt_fd_list
 .data          0x000000000000af68        0x0 ../MTL_bsp/\libhal_bsp.a(alt_dev_llist_insert.o)
 .data          0x000000000000af68        0x0 ../MTL_bsp/\libhal_bsp.a(alt_errno.o)
 .data          0x000000000000af68        0x0 ../MTL_bsp/\libhal_bsp.a(alt_exception_entry.o)
 .data          0x000000000000af68        0x0 ../MTL_bsp/\libhal_bsp.a(alt_icache_flush_all.o)
 .data          0x000000000000af68        0x0 ../MTL_bsp/\libhal_bsp.a(alt_iic.o)
 .data          0x000000000000af68        0x0 ../MTL_bsp/\libhal_bsp.a(alt_io_redirect.o)
 .data          0x000000000000af68        0x0 ../MTL_bsp/\libhal_bsp.a(alt_irq_vars.o)
 .data          0x000000000000af68        0x0 ../MTL_bsp/\libhal_bsp.a(alt_open.o)
 .data          0x000000000000af68        0x0 ../MTL_bsp/\libhal_bsp.a(alt_release_fd.o)
 .data          0x000000000000af68        0x0 ../MTL_bsp/\libhal_bsp.a(alt_tick.o)
 .data          0x000000000000af68        0x0 ../MTL_bsp/\libhal_bsp.a(altera_nios2_qsys_irq.o)
 .data          0x000000000000af68        0x0 ../MTL_bsp/\libhal_bsp.a(alt_find_dev.o)
 .data          0x000000000000af68        0x0 ../MTL_bsp/\libhal_bsp.a(alt_find_file.o)
 .data          0x000000000000af68        0x0 ../MTL_bsp/\libhal_bsp.a(alt_get_fd.o)
 .data          0x000000000000af68        0x0 ../MTL_bsp/\libhal_bsp.a(alt_icache_flush.o)
 .data          0x000000000000af68        0x0 c:/altera/15.0/nios2eds/bin/gnu/h-x86_64-mingw32/bin/../lib/gcc/nios2-elf/4.9.1/../../../../../H-x86_64-mingw32/nios2-elf/lib\libsmallc.a(lib_a-exit.o)
 .data          0x000000000000af68        0x0 c:/altera/15.0/nios2eds/bin/gnu/h-x86_64-mingw32/bin/../lib/gcc/nios2-elf/4.9.1/../../../../../H-x86_64-mingw32/nios2-elf/lib\libsmallc.a(lib_a-memcmp.o)
 .data          0x000000000000af68        0x0 c:/altera/15.0/nios2eds/bin/gnu/h-x86_64-mingw32/bin/../lib/gcc/nios2-elf/4.9.1/../../../../../H-x86_64-mingw32/nios2-elf/lib\libsmallc.a(lib_a-__call_atexit.o)
 .data          0x000000000000af68        0x0 ../MTL_bsp/\libhal_bsp.a(alt_exit.o)
                0x0000000000012f68                _gp = ABSOLUTE ((. + 0x8000))
                0x0000000000012f68                PROVIDE (gp, _gp)
 *(.rwdata .rwdata.*)
 *(.sdata .sdata.* .gnu.linkonce.s.*)
 .sdata         0x000000000000af68        0x4 obj/default/main.o
                0x000000000000af68                map
 .sdata         0x000000000000af6c        0x8 c:/altera/15.0/nios2eds/bin/gnu/h-x86_64-mingw32/bin/../lib/gcc/nios2-elf/4.9.1/../../../../../H-x86_64-mingw32/nios2-elf/lib\libsmallc.a(lib_a-impure.o)
                0x000000000000af6c                _global_impure_ptr
                0x000000000000af70                _impure_ptr
 .sdata         0x000000000000af74       0x14 ../MTL_bsp/\libhal_bsp.a(alt_dev.o)
                0x000000000000af74                alt_fs_list
                0x000000000000af7c                alt_dev_list
                0x000000000000af84                alt_max_fd
 .sdata         0x000000000000af88        0x4 ../MTL_bsp/\libhal_bsp.a(alt_errno.o)
                0x000000000000af88                alt_errno
 .sdata         0x000000000000af8c        0x4 ../MTL_bsp/\libhal_bsp.a(alt_irq_vars.o)
                0x000000000000af8c                alt_priority_mask
 .sdata         0x000000000000af90        0x8 ../MTL_bsp/\libhal_bsp.a(alt_tick.o)
                0x000000000000af90                alt_alarm_list
 *(.sdata2 .sdata2.* .gnu.linkonce.s2.*)
                0x000000000000af98                . = ALIGN (0x4)
                0x000000000000af98                _edata = ABSOLUTE (.)
                0x000000000000af98                PROVIDE (edata, ABSOLUTE (.))
                0x000000000000af98                PROVIDE (__ram_rwdata_end, ABSOLUTE (.))
                0x000000000000af98                PROVIDE (__flash_rwdata_start, LOADADDR (.rwdata))

.bss            0x000000000000b2fc      0x134
                0x000000000000b2fc                __bss_start = ABSOLUTE (.)
                0x000000000000b2fc                PROVIDE (__sbss_start, ABSOLUTE (.))
                0x000000000000b2fc                PROVIDE (___sbss_start, ABSOLUTE (.))
 *(.dynsbss)
 *(.sbss .sbss.* .gnu.linkonce.sb.*)
 .sbss          0x000000000000b2fc        0x8 obj/default/main.o
                0x000000000000b2fc                MTL_state
                0x000000000000b300                playersTurn
 .sbss          0x000000000000b304       0x10 obj/default/main.o
                0x000000000000b304                tileY
                0x000000000000b308                selectY
                0x000000000000b30c                selectX
                0x000000000000b310                tileX
 .sbss          0x000000000000b314        0x4 c:/altera/15.0/nios2eds/bin/gnu/h-x86_64-mingw32/bin/../lib/gcc/nios2-elf/4.9.1/../../../../../H-x86_64-mingw32/nios2-elf/lib\libsmallc.a(lib_a-int_errno.o)
                0x000000000000b314                errno
 .sbss          0x000000000000b318        0xc ../MTL_bsp/\libhal_bsp.a(alt_main.o)
                0x000000000000b318                alt_argc
                0x000000000000b31c                alt_argv
                0x000000000000b320                alt_envp
 .sbss          0x000000000000b324        0x4 ../MTL_bsp/\libhal_bsp.a(alt_irq_vars.o)
                0x000000000000b324                alt_irq_active
 .sbss          0x000000000000b328        0x8 ../MTL_bsp/\libhal_bsp.a(alt_tick.o)
                0x000000000000b328                _alt_tick_rate
                0x000000000000b32c                _alt_nticks
 *(.sbss2 .sbss2.* .gnu.linkonce.sb2.*)
 *(.scommon)
                0x000000000000b330                PROVIDE (__sbss_end, ABSOLUTE (.))
                0x000000000000b330                PROVIDE (___sbss_end, ABSOLUTE (.))
 *(.dynbss)
 *(.bss .bss.* .gnu.linkonce.b.*)
 .bss           0x000000000000b330        0x0 ../MTL_bsp//obj/HAL/src/crt0.o
 .bss           0x000000000000b330        0x0 obj/default/main.o
 .bss           0x000000000000b330        0x0 c:/altera/15.0/nios2eds/bin/gnu/h-x86_64-mingw32/bin/../lib/gcc/nios2-elf/4.9.1\libgcc.a(lib2-divmod.o)
 .bss           0x000000000000b330        0x0 c:/altera/15.0/nios2eds/bin/gnu/h-x86_64-mingw32/bin/../lib/gcc/nios2-elf/4.9.1/../../../../../H-x86_64-mingw32/nios2-elf/lib\libsmallc.a(lib_a-printf.o)
 .bss           0x000000000000b330        0x0 c:/altera/15.0/nios2eds/bin/gnu/h-x86_64-mingw32/bin/../lib/gcc/nios2-elf/4.9.1/../../../../../H-x86_64-mingw32/nios2-elf/lib\libsmallc.a(lib_a-puts.o)
 .bss           0x000000000000b330        0x0 c:/altera/15.0/nios2eds/bin/gnu/h-x86_64-mingw32/bin/../lib/gcc/nios2-elf/4.9.1/../../../../../H-x86_64-mingw32/nios2-elf/lib\libsmallc.a(lib_a-strlen.o)
 .bss           0x000000000000b330        0x0 c:/altera/15.0/nios2eds/bin/gnu/h-x86_64-mingw32/bin/../lib/gcc/nios2-elf/4.9.1/../../../../../H-x86_64-mingw32/nios2-elf/lib\libsmallc.a(lib_a-vfprintf.o)
 .bss           0x000000000000b330        0x0 c:/altera/15.0/nios2eds/bin/gnu/h-x86_64-mingw32/bin/../lib/gcc/nios2-elf/4.9.1/../../../../../H-x86_64-mingw32/nios2-elf/lib\libsmallc.a(lib_a-fvwrite_small_dev.o)
 .bss           0x000000000000b330        0x0 c:/altera/15.0/nios2eds/bin/gnu/h-x86_64-mingw32/bin/../lib/gcc/nios2-elf/4.9.1/../../../../../H-x86_64-mingw32/nios2-elf/lib\libsmallc.a(lib_a-impure.o)
 .bss           0x000000000000b330        0x0 c:/altera/15.0/nios2eds/bin/gnu/h-x86_64-mingw32/bin/../lib/gcc/nios2-elf/4.9.1/../../../../../H-x86_64-mingw32/nios2-elf/lib\libsmallc.a(lib_a-writer.o)
 .bss           0x000000000000b330        0x0 c:/altera/15.0/nios2eds/bin/gnu/h-x86_64-mingw32/bin/../lib/gcc/nios2-elf/4.9.1/../../../../../H-x86_64-mingw32/nios2-elf/lib\libsmallc.a(lib_a-int_errno.o)
 .bss           0x000000000000b330        0x0 ../MTL_bsp/\libhal_bsp.a(alt_iic_isr_register.o)
 .bss           0x000000000000b330        0x0 ../MTL_bsp/\libhal_bsp.a(alt_irq_entry.o)
 .bss           0x000000000000b330        0x0 ../MTL_bsp/\libhal_bsp.a(alt_irq_handler.o)
 .bss           0x000000000000b330        0x0 ../MTL_bsp/\libhal_bsp.a(alt_load.o)
 .bss           0x000000000000b330        0x0 ../MTL_bsp/\libhal_bsp.a(alt_main.o)
 .bss           0x000000000000b330        0x0 ../MTL_bsp/\libhal_bsp.a(alt_write.o)
 .bss           0x000000000000b330        0x0 ../MTL_bsp/\libhal_bsp.a(alt_sys_init.o)
 .bss           0x000000000000b330        0x0 ../MTL_bsp/\libhal_bsp.a(altera_avalon_jtag_uart_fd.o)
 .bss           0x000000000000b330        0x0 ../MTL_bsp/\libhal_bsp.a(altera_avalon_jtag_uart_read.o)
 .bss           0x000000000000b330        0x0 ../MTL_bsp/\libhal_bsp.a(altera_avalon_jtag_uart_write.o)
 .bss           0x000000000000b330        0x0 ../MTL_bsp/\libhal_bsp.a(altera_avalon_timer_sc.o)
 .bss           0x000000000000b330        0x0 ../MTL_bsp/\libhal_bsp.a(alt_close.o)
 .bss           0x000000000000b330        0x0 ../MTL_bsp/\libhal_bsp.a(alt_dcache_flush_all.o)
 .bss           0x000000000000b330        0x0 ../MTL_bsp/\libhal_bsp.a(alt_dev.o)
 .bss           0x000000000000b330        0x0 ../MTL_bsp/\libhal_bsp.a(alt_dev_llist_insert.o)
 .bss           0x000000000000b330        0x0 ../MTL_bsp/\libhal_bsp.a(alt_errno.o)
 .bss           0x000000000000b330        0x0 ../MTL_bsp/\libhal_bsp.a(alt_exception_entry.o)
 .bss           0x000000000000b330        0x0 ../MTL_bsp/\libhal_bsp.a(alt_icache_flush_all.o)
 .bss           0x000000000000b330        0x0 ../MTL_bsp/\libhal_bsp.a(alt_iic.o)
 .bss           0x000000000000b330        0x0 ../MTL_bsp/\libhal_bsp.a(alt_io_redirect.o)
 .bss           0x000000000000b330        0x0 ../MTL_bsp/\libhal_bsp.a(alt_irq_vars.o)
 .bss           0x000000000000b330        0x0 ../MTL_bsp/\libhal_bsp.a(alt_open.o)
 .bss           0x000000000000b330        0x0 ../MTL_bsp/\libhal_bsp.a(alt_release_fd.o)
 .bss           0x000000000000b330        0x0 ../MTL_bsp/\libhal_bsp.a(alt_tick.o)
 .bss           0x000000000000b330        0x0 ../MTL_bsp/\libhal_bsp.a(altera_nios2_qsys_irq.o)
 .bss           0x000000000000b330        0x0 ../MTL_bsp/\libhal_bsp.a(alt_find_dev.o)
 .bss           0x000000000000b330        0x0 ../MTL_bsp/\libhal_bsp.a(alt_find_file.o)
 .bss           0x000000000000b330        0x0 ../MTL_bsp/\libhal_bsp.a(alt_get_fd.o)
 .bss           0x000000000000b330        0x0 ../MTL_bsp/\libhal_bsp.a(alt_icache_flush.o)
 .bss           0x000000000000b330        0x0 c:/altera/15.0/nios2eds/bin/gnu/h-x86_64-mingw32/bin/../lib/gcc/nios2-elf/4.9.1/../../../../../H-x86_64-mingw32/nios2-elf/lib\libsmallc.a(lib_a-exit.o)
 .bss           0x000000000000b330        0x0 c:/altera/15.0/nios2eds/bin/gnu/h-x86_64-mingw32/bin/../lib/gcc/nios2-elf/4.9.1/../../../../../H-x86_64-mingw32/nios2-elf/lib\libsmallc.a(lib_a-memcmp.o)
 .bss           0x000000000000b330        0x0 c:/altera/15.0/nios2eds/bin/gnu/h-x86_64-mingw32/bin/../lib/gcc/nios2-elf/4.9.1/../../../../../H-x86_64-mingw32/nios2-elf/lib\libsmallc.a(lib_a-__call_atexit.o)
 .bss           0x000000000000b330        0x0 ../MTL_bsp/\libhal_bsp.a(alt_exit.o)
 *(COMMON)
 COMMON         0x000000000000b330      0x100 ../MTL_bsp/\libhal_bsp.a(alt_irq_handler.o)
                0x000000000000b330                alt_irq
                0x000000000000b430                . = ALIGN (0x4)
                0x000000000000b430                __bss_end = ABSOLUTE (.)

.mem            0x000000000000b430        0x0
                0x000000000000b430                PROVIDE (_alt_partition_mem_start, ABSOLUTE (.))
 *(.mem .mem. mem.*)
                0x000000000000b430                . = ALIGN (0x4)
                0x000000000000b430                PROVIDE (_alt_partition_mem_end, ABSOLUTE (.))
                0x000000000000b430                _end = ABSOLUTE (.)
                0x000000000000b430                end = ABSOLUTE (.)
                0x000000000000b430                __alt_stack_base = ABSOLUTE (.)
                0x000000000000b430                PROVIDE (_alt_partition_mem_load_addr, LOADADDR (.mem))

.stab
 *(.stab)

.stabstr
 *(.stabstr)

.stab.excl
 *(.stab.excl)

.stab.exclstr
 *(.stab.exclstr)

.stab.index
 *(.stab.index)

.stab.indexstr
 *(.stab.indexstr)

.comment        0x0000000000000000       0x23
 *(.comment)
 .comment       0x0000000000000000       0x23 obj/default/main.o
                                         0x24 (size before relaxing)
 .comment       0x0000000000000000       0x24 c:/altera/15.0/nios2eds/bin/gnu/h-x86_64-mingw32/bin/../lib/gcc/nios2-elf/4.9.1\libgcc.a(lib2-divmod.o)
 .comment       0x0000000000000000       0x24 c:/altera/15.0/nios2eds/bin/gnu/h-x86_64-mingw32/bin/../lib/gcc/nios2-elf/4.9.1/../../../../../H-x86_64-mingw32/nios2-elf/lib\libsmallc.a(lib_a-printf.o)
 .comment       0x0000000000000000       0x24 c:/altera/15.0/nios2eds/bin/gnu/h-x86_64-mingw32/bin/../lib/gcc/nios2-elf/4.9.1/../../../../../H-x86_64-mingw32/nios2-elf/lib\libsmallc.a(lib_a-puts.o)
 .comment       0x0000000000000000       0x24 c:/altera/15.0/nios2eds/bin/gnu/h-x86_64-mingw32/bin/../lib/gcc/nios2-elf/4.9.1/../../../../../H-x86_64-mingw32/nios2-elf/lib\libsmallc.a(lib_a-strlen.o)
 .comment       0x0000000000000000       0x24 c:/altera/15.0/nios2eds/bin/gnu/h-x86_64-mingw32/bin/../lib/gcc/nios2-elf/4.9.1/../../../../../H-x86_64-mingw32/nios2-elf/lib\libsmallc.a(lib_a-vfprintf.o)
 .comment       0x0000000000000000       0x24 c:/altera/15.0/nios2eds/bin/gnu/h-x86_64-mingw32/bin/../lib/gcc/nios2-elf/4.9.1/../../../../../H-x86_64-mingw32/nios2-elf/lib\libsmallc.a(lib_a-fvwrite_small_dev.o)
 .comment       0x0000000000000000       0x24 c:/altera/15.0/nios2eds/bin/gnu/h-x86_64-mingw32/bin/../lib/gcc/nios2-elf/4.9.1/../../../../../H-x86_64-mingw32/nios2-elf/lib\libsmallc.a(lib_a-impure.o)
 .comment       0x0000000000000000       0x24 c:/altera/15.0/nios2eds/bin/gnu/h-x86_64-mingw32/bin/../lib/gcc/nios2-elf/4.9.1/../../../../../H-x86_64-mingw32/nios2-elf/lib\libsmallc.a(lib_a-writer.o)
 .comment       0x0000000000000000       0x24 c:/altera/15.0/nios2eds/bin/gnu/h-x86_64-mingw32/bin/../lib/gcc/nios2-elf/4.9.1/../../../../../H-x86_64-mingw32/nios2-elf/lib\libsmallc.a(lib_a-int_errno.o)
 .comment       0x0000000000000000       0x24 ../MTL_bsp/\libhal_bsp.a(alt_iic_isr_register.o)
 .comment       0x0000000000000000       0x24 ../MTL_bsp/\libhal_bsp.a(alt_irq_handler.o)
 .comment       0x0000000000000000       0x24 ../MTL_bsp/\libhal_bsp.a(alt_load.o)
 .comment       0x0000000000000000       0x24 ../MTL_bsp/\libhal_bsp.a(alt_main.o)
 .comment       0x0000000000000000       0x24 ../MTL_bsp/\libhal_bsp.a(alt_write.o)
 .comment       0x0000000000000000       0x24 ../MTL_bsp/\libhal_bsp.a(alt_sys_init.o)
 .comment       0x0000000000000000       0x24 ../MTL_bsp/\libhal_bsp.a(altera_avalon_jtag_uart_fd.o)
 .comment       0x0000000000000000       0x24 ../MTL_bsp/\libhal_bsp.a(altera_avalon_jtag_uart_read.o)
 .comment       0x0000000000000000       0x24 ../MTL_bsp/\libhal_bsp.a(altera_avalon_jtag_uart_write.o)
 .comment       0x0000000000000000       0x24 ../MTL_bsp/\libhal_bsp.a(altera_avalon_timer_sc.o)
 .comment       0x0000000000000000       0x24 ../MTL_bsp/\libhal_bsp.a(alt_close.o)
 .comment       0x0000000000000000       0x24 ../MTL_bsp/\libhal_bsp.a(alt_dcache_flush_all.o)
 .comment       0x0000000000000000       0x24 ../MTL_bsp/\libhal_bsp.a(alt_dev.o)
 .comment       0x0000000000000000       0x24 ../MTL_bsp/\libhal_bsp.a(alt_dev_llist_insert.o)
 .comment       0x0000000000000000       0x24 ../MTL_bsp/\libhal_bsp.a(alt_errno.o)
 .comment       0x0000000000000000       0x24 ../MTL_bsp/\libhal_bsp.a(alt_icache_flush_all.o)
 .comment       0x0000000000000000       0x24 ../MTL_bsp/\libhal_bsp.a(alt_iic.o)
 .comment       0x0000000000000000       0x24 ../MTL_bsp/\libhal_bsp.a(alt_io_redirect.o)
 .comment       0x0000000000000000       0x24 ../MTL_bsp/\libhal_bsp.a(alt_irq_vars.o)
 .comment       0x0000000000000000       0x24 ../MTL_bsp/\libhal_bsp.a(alt_open.o)
 .comment       0x0000000000000000       0x24 ../MTL_bsp/\libhal_bsp.a(alt_release_fd.o)
 .comment       0x0000000000000000       0x24 ../MTL_bsp/\libhal_bsp.a(alt_tick.o)
 .comment       0x0000000000000000       0x24 ../MTL_bsp/\libhal_bsp.a(altera_nios2_qsys_irq.o)
 .comment       0x0000000000000000       0x24 ../MTL_bsp/\libhal_bsp.a(alt_find_dev.o)
 .comment       0x0000000000000000       0x24 ../MTL_bsp/\libhal_bsp.a(alt_find_file.o)
 .comment       0x0000000000000000       0x24 ../MTL_bsp/\libhal_bsp.a(alt_get_fd.o)
 .comment       0x0000000000000000       0x24 ../MTL_bsp/\libhal_bsp.a(alt_icache_flush.o)
 .comment       0x0000000000000000       0x24 c:/altera/15.0/nios2eds/bin/gnu/h-x86_64-mingw32/bin/../lib/gcc/nios2-elf/4.9.1/../../../../../H-x86_64-mingw32/nios2-elf/lib\libsmallc.a(lib_a-exit.o)
 .comment       0x0000000000000000       0x24 c:/altera/15.0/nios2eds/bin/gnu/h-x86_64-mingw32/bin/../lib/gcc/nios2-elf/4.9.1/../../../../../H-x86_64-mingw32/nios2-elf/lib\libsmallc.a(lib_a-memcmp.o)
 .comment       0x0000000000000000       0x24 c:/altera/15.0/nios2eds/bin/gnu/h-x86_64-mingw32/bin/../lib/gcc/nios2-elf/4.9.1/../../../../../H-x86_64-mingw32/nios2-elf/lib\libsmallc.a(lib_a-__call_atexit.o)
 .comment       0x0000000000000000       0x24 ../MTL_bsp/\libhal_bsp.a(alt_exit.o)

.debug
 *(.debug)

.line
 *(.line)

.debug_srcinfo
 *(.debug_srcinfo)

.debug_sfnames
 *(.debug_sfnames)

.debug_aranges  0x0000000000000000      0x590
 *(.debug_aranges)
 .debug_aranges
                0x0000000000000000       0x28 ../MTL_bsp//obj/HAL/src/crt0.o
 .debug_aranges
                0x0000000000000028       0x20 obj/default/main.o
 .debug_aranges
                0x0000000000000048       0x20 c:/altera/15.0/nios2eds/bin/gnu/h-x86_64-mingw32/bin/../lib/gcc/nios2-elf/4.9.1\libgcc.a(lib2-divmod.o)
 .debug_aranges
                0x0000000000000068       0x20 c:/altera/15.0/nios2eds/bin/gnu/h-x86_64-mingw32/bin/../lib/gcc/nios2-elf/4.9.1/../../../../../H-x86_64-mingw32/nios2-elf/lib\libsmallc.a(lib_a-printf.o)
 .debug_aranges
                0x0000000000000088       0x20 c:/altera/15.0/nios2eds/bin/gnu/h-x86_64-mingw32/bin/../lib/gcc/nios2-elf/4.9.1/../../../../../H-x86_64-mingw32/nios2-elf/lib\libsmallc.a(lib_a-puts.o)
 .debug_aranges
                0x00000000000000a8       0x20 c:/altera/15.0/nios2eds/bin/gnu/h-x86_64-mingw32/bin/../lib/gcc/nios2-elf/4.9.1/../../../../../H-x86_64-mingw32/nios2-elf/lib\libsmallc.a(lib_a-strlen.o)
 .debug_aranges
                0x00000000000000c8       0x20 c:/altera/15.0/nios2eds/bin/gnu/h-x86_64-mingw32/bin/../lib/gcc/nios2-elf/4.9.1/../../../../../H-x86_64-mingw32/nios2-elf/lib\libsmallc.a(lib_a-vfprintf.o)
 .debug_aranges
                0x00000000000000e8       0x20 c:/altera/15.0/nios2eds/bin/gnu/h-x86_64-mingw32/bin/../lib/gcc/nios2-elf/4.9.1/../../../../../H-x86_64-mingw32/nios2-elf/lib\libsmallc.a(lib_a-fvwrite_small_dev.o)
 .debug_aranges
                0x0000000000000108       0x18 c:/altera/15.0/nios2eds/bin/gnu/h-x86_64-mingw32/bin/../lib/gcc/nios2-elf/4.9.1/../../../../../H-x86_64-mingw32/nios2-elf/lib\libsmallc.a(lib_a-impure.o)
 .debug_aranges
                0x0000000000000120       0x20 c:/altera/15.0/nios2eds/bin/gnu/h-x86_64-mingw32/bin/../lib/gcc/nios2-elf/4.9.1/../../../../../H-x86_64-mingw32/nios2-elf/lib\libsmallc.a(lib_a-writer.o)
 .debug_aranges
                0x0000000000000140       0x18 c:/altera/15.0/nios2eds/bin/gnu/h-x86_64-mingw32/bin/../lib/gcc/nios2-elf/4.9.1/../../../../../H-x86_64-mingw32/nios2-elf/lib\libsmallc.a(lib_a-int_errno.o)
 .debug_aranges
                0x0000000000000158       0x20 ../MTL_bsp/\libhal_bsp.a(alt_iic_isr_register.o)
 .debug_aranges
                0x0000000000000178       0x30 ../MTL_bsp/\libhal_bsp.a(alt_irq_entry.o)
 .debug_aranges
                0x00000000000001a8       0x20 ../MTL_bsp/\libhal_bsp.a(alt_irq_handler.o)
 .debug_aranges
                0x00000000000001c8       0x20 ../MTL_bsp/\libhal_bsp.a(alt_load.o)
 .debug_aranges
                0x00000000000001e8       0x20 ../MTL_bsp/\libhal_bsp.a(alt_main.o)
 .debug_aranges
                0x0000000000000208       0x20 ../MTL_bsp/\libhal_bsp.a(alt_write.o)
 .debug_aranges
                0x0000000000000228       0x20 ../MTL_bsp/\libhal_bsp.a(alt_sys_init.o)
 .debug_aranges
                0x0000000000000248       0x20 ../MTL_bsp/\libhal_bsp.a(altera_avalon_jtag_uart_fd.o)
 .debug_aranges
                0x0000000000000268       0x20 ../MTL_bsp/\libhal_bsp.a(altera_avalon_jtag_uart_read.o)
 .debug_aranges
                0x0000000000000288       0x20 ../MTL_bsp/\libhal_bsp.a(altera_avalon_jtag_uart_write.o)
 .debug_aranges
                0x00000000000002a8       0x20 ../MTL_bsp/\libhal_bsp.a(altera_avalon_timer_sc.o)
 .debug_aranges
                0x00000000000002c8       0x20 ../MTL_bsp/\libhal_bsp.a(alt_close.o)
 .debug_aranges
                0x00000000000002e8       0x20 ../MTL_bsp/\libhal_bsp.a(alt_dcache_flush_all.o)
 .debug_aranges
                0x0000000000000308       0x20 ../MTL_bsp/\libhal_bsp.a(alt_dev.o)
 .debug_aranges
                0x0000000000000328       0x20 ../MTL_bsp/\libhal_bsp.a(alt_dev_llist_insert.o)
 .debug_aranges
                0x0000000000000348       0x18 ../MTL_bsp/\libhal_bsp.a(alt_errno.o)
 .debug_aranges
                0x0000000000000360       0x38 ../MTL_bsp/\libhal_bsp.a(alt_exception_entry.o)
 .debug_aranges
                0x0000000000000398       0x20 ../MTL_bsp/\libhal_bsp.a(alt_icache_flush_all.o)
 .debug_aranges
                0x00000000000003b8       0x20 ../MTL_bsp/\libhal_bsp.a(alt_iic.o)
 .debug_aranges
                0x00000000000003d8       0x20 ../MTL_bsp/\libhal_bsp.a(alt_io_redirect.o)
 .debug_aranges
                0x00000000000003f8       0x18 ../MTL_bsp/\libhal_bsp.a(alt_irq_vars.o)
 .debug_aranges
                0x0000000000000410       0x20 ../MTL_bsp/\libhal_bsp.a(alt_open.o)
 .debug_aranges
                0x0000000000000430       0x20 ../MTL_bsp/\libhal_bsp.a(alt_release_fd.o)
 .debug_aranges
                0x0000000000000450       0x20 ../MTL_bsp/\libhal_bsp.a(alt_tick.o)
 .debug_aranges
                0x0000000000000470       0x20 ../MTL_bsp/\libhal_bsp.a(altera_nios2_qsys_irq.o)
 .debug_aranges
                0x0000000000000490       0x20 ../MTL_bsp/\libhal_bsp.a(alt_find_dev.o)
 .debug_aranges
                0x00000000000004b0       0x20 ../MTL_bsp/\libhal_bsp.a(alt_find_file.o)
 .debug_aranges
                0x00000000000004d0       0x20 ../MTL_bsp/\libhal_bsp.a(alt_get_fd.o)
 .debug_aranges
                0x00000000000004f0       0x20 ../MTL_bsp/\libhal_bsp.a(alt_icache_flush.o)
 .debug_aranges
                0x0000000000000510       0x20 c:/altera/15.0/nios2eds/bin/gnu/h-x86_64-mingw32/bin/../lib/gcc/nios2-elf/4.9.1/../../../../../H-x86_64-mingw32/nios2-elf/lib\libsmallc.a(lib_a-exit.o)
 .debug_aranges
                0x0000000000000530       0x20 c:/altera/15.0/nios2eds/bin/gnu/h-x86_64-mingw32/bin/../lib/gcc/nios2-elf/4.9.1/../../../../../H-x86_64-mingw32/nios2-elf/lib\libsmallc.a(lib_a-memcmp.o)
 .debug_aranges
                0x0000000000000550       0x20 c:/altera/15.0/nios2eds/bin/gnu/h-x86_64-mingw32/bin/../lib/gcc/nios2-elf/4.9.1/../../../../../H-x86_64-mingw32/nios2-elf/lib\libsmallc.a(lib_a-__call_atexit.o)
 .debug_aranges
                0x0000000000000570       0x20 ../MTL_bsp/\libhal_bsp.a(alt_exit.o)

.debug_pubnames
 *(.debug_pubnames)

.debug_info     0x0000000000000000     0x7aca
 *(.debug_info .gnu.linkonce.wi.*)
 .debug_info    0x0000000000000000       0x7a ../MTL_bsp//obj/HAL/src/crt0.o
 .debug_info    0x000000000000007a      0x3d2 obj/default/main.o
 .debug_info    0x000000000000044c      0x234 c:/altera/15.0/nios2eds/bin/gnu/h-x86_64-mingw32/bin/../lib/gcc/nios2-elf/4.9.1\libgcc.a(lib2-divmod.o)
 .debug_info    0x0000000000000680      0x6c7 c:/altera/15.0/nios2eds/bin/gnu/h-x86_64-mingw32/bin/../lib/gcc/nios2-elf/4.9.1/../../../../../H-x86_64-mingw32/nios2-elf/lib\libsmallc.a(lib_a-printf.o)
 .debug_info    0x0000000000000d47      0x685 c:/altera/15.0/nios2eds/bin/gnu/h-x86_64-mingw32/bin/../lib/gcc/nios2-elf/4.9.1/../../../../../H-x86_64-mingw32/nios2-elf/lib\libsmallc.a(lib_a-puts.o)
 .debug_info    0x00000000000013cc       0xc2 c:/altera/15.0/nios2eds/bin/gnu/h-x86_64-mingw32/bin/../lib/gcc/nios2-elf/4.9.1/../../../../../H-x86_64-mingw32/nios2-elf/lib\libsmallc.a(lib_a-strlen.o)
 .debug_info    0x000000000000148e      0xb49 c:/altera/15.0/nios2eds/bin/gnu/h-x86_64-mingw32/bin/../lib/gcc/nios2-elf/4.9.1/../../../../../H-x86_64-mingw32/nios2-elf/lib\libsmallc.a(lib_a-vfprintf.o)
 .debug_info    0x0000000000001fd7      0x656 c:/altera/15.0/nios2eds/bin/gnu/h-x86_64-mingw32/bin/../lib/gcc/nios2-elf/4.9.1/../../../../../H-x86_64-mingw32/nios2-elf/lib\libsmallc.a(lib_a-fvwrite_small_dev.o)
 .debug_info    0x000000000000262d      0x5a7 c:/altera/15.0/nios2eds/bin/gnu/h-x86_64-mingw32/bin/../lib/gcc/nios2-elf/4.9.1/../../../../../H-x86_64-mingw32/nios2-elf/lib\libsmallc.a(lib_a-impure.o)
 .debug_info    0x0000000000002bd4      0x639 c:/altera/15.0/nios2eds/bin/gnu/h-x86_64-mingw32/bin/../lib/gcc/nios2-elf/4.9.1/../../../../../H-x86_64-mingw32/nios2-elf/lib\libsmallc.a(lib_a-writer.o)
 .debug_info    0x000000000000320d       0x83 c:/altera/15.0/nios2eds/bin/gnu/h-x86_64-mingw32/bin/../lib/gcc/nios2-elf/4.9.1/../../../../../H-x86_64-mingw32/nios2-elf/lib\libsmallc.a(lib_a-int_errno.o)
 .debug_info    0x0000000000003290      0x1e8 ../MTL_bsp/\libhal_bsp.a(alt_iic_isr_register.o)
 .debug_info    0x0000000000003478       0x83 ../MTL_bsp/\libhal_bsp.a(alt_irq_entry.o)
 .debug_info    0x00000000000034fb      0x180 ../MTL_bsp/\libhal_bsp.a(alt_irq_handler.o)
 .debug_info    0x000000000000367b      0x13e ../MTL_bsp/\libhal_bsp.a(alt_load.o)
 .debug_info    0x00000000000037b9      0x12a ../MTL_bsp/\libhal_bsp.a(alt_main.o)
 .debug_info    0x00000000000038e3      0x4b0 ../MTL_bsp/\libhal_bsp.a(alt_write.o)
 .debug_info    0x0000000000003d93      0x3d8 ../MTL_bsp/\libhal_bsp.a(alt_sys_init.o)
 .debug_info    0x000000000000416b      0x3a0 ../MTL_bsp/\libhal_bsp.a(altera_avalon_jtag_uart_fd.o)
 .debug_info    0x000000000000450b      0x1af ../MTL_bsp/\libhal_bsp.a(altera_avalon_jtag_uart_read.o)
 .debug_info    0x00000000000046ba      0x18e ../MTL_bsp/\libhal_bsp.a(altera_avalon_jtag_uart_write.o)
 .debug_info    0x0000000000004848      0x21f ../MTL_bsp/\libhal_bsp.a(altera_avalon_timer_sc.o)
 .debug_info    0x0000000000004a67      0x31a ../MTL_bsp/\libhal_bsp.a(alt_close.o)
 .debug_info    0x0000000000004d81       0x9e ../MTL_bsp/\libhal_bsp.a(alt_dcache_flush_all.o)
 .debug_info    0x0000000000004e1f      0x495 ../MTL_bsp/\libhal_bsp.a(alt_dev.o)
 .debug_info    0x00000000000052b4      0x1a2 ../MTL_bsp/\libhal_bsp.a(alt_dev_llist_insert.o)
 .debug_info    0x0000000000005456       0x9f ../MTL_bsp/\libhal_bsp.a(alt_errno.o)
 .debug_info    0x00000000000054f5       0x89 ../MTL_bsp/\libhal_bsp.a(alt_exception_entry.o)
 .debug_info    0x000000000000557e       0x8b ../MTL_bsp/\libhal_bsp.a(alt_icache_flush_all.o)
 .debug_info    0x0000000000005609      0x349 ../MTL_bsp/\libhal_bsp.a(alt_iic.o)
 .debug_info    0x0000000000005952      0x49e ../MTL_bsp/\libhal_bsp.a(alt_io_redirect.o)
 .debug_info    0x0000000000005df0       0x88 ../MTL_bsp/\libhal_bsp.a(alt_irq_vars.o)
 .debug_info    0x0000000000005e78      0x3b4 ../MTL_bsp/\libhal_bsp.a(alt_open.o)
 .debug_info    0x000000000000622c      0x2b0 ../MTL_bsp/\libhal_bsp.a(alt_release_fd.o)
 .debug_info    0x00000000000064dc      0x292 ../MTL_bsp/\libhal_bsp.a(alt_tick.o)
 .debug_info    0x000000000000676e       0x8b ../MTL_bsp/\libhal_bsp.a(altera_nios2_qsys_irq.o)
 .debug_info    0x00000000000067f9      0x2e2 ../MTL_bsp/\libhal_bsp.a(alt_find_dev.o)
 .debug_info    0x0000000000006adb      0x2df ../MTL_bsp/\libhal_bsp.a(alt_find_file.o)
 .debug_info    0x0000000000006dba      0x309 ../MTL_bsp/\libhal_bsp.a(alt_get_fd.o)
 .debug_info    0x00000000000070c3       0xd5 ../MTL_bsp/\libhal_bsp.a(alt_icache_flush.o)
 .debug_info    0x0000000000007198       0xed c:/altera/15.0/nios2eds/bin/gnu/h-x86_64-mingw32/bin/../lib/gcc/nios2-elf/4.9.1/../../../../../H-x86_64-mingw32/nios2-elf/lib\libsmallc.a(lib_a-exit.o)
 .debug_info    0x0000000000007285       0xed c:/altera/15.0/nios2eds/bin/gnu/h-x86_64-mingw32/bin/../lib/gcc/nios2-elf/4.9.1/../../../../../H-x86_64-mingw32/nios2-elf/lib\libsmallc.a(lib_a-memcmp.o)
 .debug_info    0x0000000000007372      0x673 c:/altera/15.0/nios2eds/bin/gnu/h-x86_64-mingw32/bin/../lib/gcc/nios2-elf/4.9.1/../../../../../H-x86_64-mingw32/nios2-elf/lib\libsmallc.a(lib_a-__call_atexit.o)
 .debug_info    0x00000000000079e5       0xe5 ../MTL_bsp/\libhal_bsp.a(alt_exit.o)

.debug_abbrev   0x0000000000000000     0x2a9c
 *(.debug_abbrev)
 .debug_abbrev  0x0000000000000000       0x12 ../MTL_bsp//obj/HAL/src/crt0.o
 .debug_abbrev  0x0000000000000012      0x185 obj/default/main.o
 .debug_abbrev  0x0000000000000197       0xd9 c:/altera/15.0/nios2eds/bin/gnu/h-x86_64-mingw32/bin/../lib/gcc/nios2-elf/4.9.1\libgcc.a(lib2-divmod.o)
 .debug_abbrev  0x0000000000000270      0x1fe c:/altera/15.0/nios2eds/bin/gnu/h-x86_64-mingw32/bin/../lib/gcc/nios2-elf/4.9.1/../../../../../H-x86_64-mingw32/nios2-elf/lib\libsmallc.a(lib_a-printf.o)
 .debug_abbrev  0x000000000000046e      0x1ed c:/altera/15.0/nios2eds/bin/gnu/h-x86_64-mingw32/bin/../lib/gcc/nios2-elf/4.9.1/../../../../../H-x86_64-mingw32/nios2-elf/lib\libsmallc.a(lib_a-puts.o)
 .debug_abbrev  0x000000000000065b       0x7f c:/altera/15.0/nios2eds/bin/gnu/h-x86_64-mingw32/bin/../lib/gcc/nios2-elf/4.9.1/../../../../../H-x86_64-mingw32/nios2-elf/lib\libsmallc.a(lib_a-strlen.o)
 .debug_abbrev  0x00000000000006da      0x2a1 c:/altera/15.0/nios2eds/bin/gnu/h-x86_64-mingw32/bin/../lib/gcc/nios2-elf/4.9.1/../../../../../H-x86_64-mingw32/nios2-elf/lib\libsmallc.a(lib_a-vfprintf.o)
 .debug_abbrev  0x000000000000097b      0x1c3 c:/altera/15.0/nios2eds/bin/gnu/h-x86_64-mingw32/bin/../lib/gcc/nios2-elf/4.9.1/../../../../../H-x86_64-mingw32/nios2-elf/lib\libsmallc.a(lib_a-fvwrite_small_dev.o)
 .debug_abbrev  0x0000000000000b3e      0x14a c:/altera/15.0/nios2eds/bin/gnu/h-x86_64-mingw32/bin/../lib/gcc/nios2-elf/4.9.1/../../../../../H-x86_64-mingw32/nios2-elf/lib\libsmallc.a(lib_a-impure.o)
 .debug_abbrev  0x0000000000000c88      0x1a8 c:/altera/15.0/nios2eds/bin/gnu/h-x86_64-mingw32/bin/../lib/gcc/nios2-elf/4.9.1/../../../../../H-x86_64-mingw32/nios2-elf/lib\libsmallc.a(lib_a-writer.o)
 .debug_abbrev  0x0000000000000e30       0x37 c:/altera/15.0/nios2eds/bin/gnu/h-x86_64-mingw32/bin/../lib/gcc/nios2-elf/4.9.1/../../../../../H-x86_64-mingw32/nios2-elf/lib\libsmallc.a(lib_a-int_errno.o)
 .debug_abbrev  0x0000000000000e67      0x169 ../MTL_bsp/\libhal_bsp.a(alt_iic_isr_register.o)
 .debug_abbrev  0x0000000000000fd0       0x12 ../MTL_bsp/\libhal_bsp.a(alt_irq_entry.o)
 .debug_abbrev  0x0000000000000fe2      0x122 ../MTL_bsp/\libhal_bsp.a(alt_irq_handler.o)
 .debug_abbrev  0x0000000000001104       0x9f ../MTL_bsp/\libhal_bsp.a(alt_load.o)
 .debug_abbrev  0x00000000000011a3       0xba ../MTL_bsp/\libhal_bsp.a(alt_main.o)
 .debug_abbrev  0x000000000000125d      0x133 ../MTL_bsp/\libhal_bsp.a(alt_write.o)
 .debug_abbrev  0x0000000000001390      0x157 ../MTL_bsp/\libhal_bsp.a(alt_sys_init.o)
 .debug_abbrev  0x00000000000014e7       0xf7 ../MTL_bsp/\libhal_bsp.a(altera_avalon_jtag_uart_fd.o)
 .debug_abbrev  0x00000000000015de       0xd7 ../MTL_bsp/\libhal_bsp.a(altera_avalon_jtag_uart_read.o)
 .debug_abbrev  0x00000000000016b5       0xd5 ../MTL_bsp/\libhal_bsp.a(altera_avalon_jtag_uart_write.o)
 .debug_abbrev  0x000000000000178a      0x155 ../MTL_bsp/\libhal_bsp.a(altera_avalon_timer_sc.o)
 .debug_abbrev  0x00000000000018df      0x11f ../MTL_bsp/\libhal_bsp.a(alt_close.o)
 .debug_abbrev  0x00000000000019fe       0x5a ../MTL_bsp/\libhal_bsp.a(alt_dcache_flush_all.o)
 .debug_abbrev  0x0000000000001a58       0xd9 ../MTL_bsp/\libhal_bsp.a(alt_dev.o)
 .debug_abbrev  0x0000000000001b31      0x114 ../MTL_bsp/\libhal_bsp.a(alt_dev_llist_insert.o)
 .debug_abbrev  0x0000000000001c45       0x5a ../MTL_bsp/\libhal_bsp.a(alt_errno.o)
 .debug_abbrev  0x0000000000001c9f       0x12 ../MTL_bsp/\libhal_bsp.a(alt_exception_entry.o)
 .debug_abbrev  0x0000000000001cb1       0x42 ../MTL_bsp/\libhal_bsp.a(alt_icache_flush_all.o)
 .debug_abbrev  0x0000000000001cf3      0x163 ../MTL_bsp/\libhal_bsp.a(alt_iic.o)
 .debug_abbrev  0x0000000000001e56      0x114 ../MTL_bsp/\libhal_bsp.a(alt_io_redirect.o)
 .debug_abbrev  0x0000000000001f6a       0x40 ../MTL_bsp/\libhal_bsp.a(alt_irq_vars.o)
 .debug_abbrev  0x0000000000001faa      0x148 ../MTL_bsp/\libhal_bsp.a(alt_open.o)
 .debug_abbrev  0x00000000000020f2       0xde ../MTL_bsp/\libhal_bsp.a(alt_release_fd.o)
 .debug_abbrev  0x00000000000021d0      0x15a ../MTL_bsp/\libhal_bsp.a(alt_tick.o)
 .debug_abbrev  0x000000000000232a       0x42 ../MTL_bsp/\libhal_bsp.a(altera_nios2_qsys_irq.o)
 .debug_abbrev  0x000000000000236c       0xf0 ../MTL_bsp/\libhal_bsp.a(alt_find_dev.o)
 .debug_abbrev  0x000000000000245c       0xf0 ../MTL_bsp/\libhal_bsp.a(alt_find_file.o)
 .debug_abbrev  0x000000000000254c      0x10d ../MTL_bsp/\libhal_bsp.a(alt_get_fd.o)
 .debug_abbrev  0x0000000000002659       0x8c ../MTL_bsp/\libhal_bsp.a(alt_icache_flush.o)
 .debug_abbrev  0x00000000000026e5       0xa9 c:/altera/15.0/nios2eds/bin/gnu/h-x86_64-mingw32/bin/../lib/gcc/nios2-elf/4.9.1/../../../../../H-x86_64-mingw32/nios2-elf/lib\libsmallc.a(lib_a-exit.o)
 .debug_abbrev  0x000000000000278e       0x7f c:/altera/15.0/nios2eds/bin/gnu/h-x86_64-mingw32/bin/../lib/gcc/nios2-elf/4.9.1/../../../../../H-x86_64-mingw32/nios2-elf/lib\libsmallc.a(lib_a-memcmp.o)
 .debug_abbrev  0x000000000000280d      0x1e9 c:/altera/15.0/nios2eds/bin/gnu/h-x86_64-mingw32/bin/../lib/gcc/nios2-elf/4.9.1/../../../../../H-x86_64-mingw32/nios2-elf/lib\libsmallc.a(lib_a-__call_atexit.o)
 .debug_abbrev  0x00000000000029f6       0xa6 ../MTL_bsp/\libhal_bsp.a(alt_exit.o)

.debug_line     0x0000000000000000     0x2e7d
 *(.debug_line)
 .debug_line    0x0000000000000000       0x72 ../MTL_bsp//obj/HAL/src/crt0.o
 .debug_line    0x0000000000000072      0x242 obj/default/main.o
 .debug_line    0x00000000000002b4       0xc4 c:/altera/15.0/nios2eds/bin/gnu/h-x86_64-mingw32/bin/../lib/gcc/nios2-elf/4.9.1\libgcc.a(lib2-divmod.o)
 .debug_line    0x0000000000000378      0x1fa c:/altera/15.0/nios2eds/bin/gnu/h-x86_64-mingw32/bin/../lib/gcc/nios2-elf/4.9.1/../../../../../H-x86_64-mingw32/nios2-elf/lib\libsmallc.a(lib_a-printf.o)
 .debug_line    0x0000000000000572      0x1fc c:/altera/15.0/nios2eds/bin/gnu/h-x86_64-mingw32/bin/../lib/gcc/nios2-elf/4.9.1/../../../../../H-x86_64-mingw32/nios2-elf/lib\libsmallc.a(lib_a-puts.o)
 .debug_line    0x000000000000076e      0x15b c:/altera/15.0/nios2eds/bin/gnu/h-x86_64-mingw32/bin/../lib/gcc/nios2-elf/4.9.1/../../../../../H-x86_64-mingw32/nios2-elf/lib\libsmallc.a(lib_a-strlen.o)
 .debug_line    0x00000000000008c9      0x34b c:/altera/15.0/nios2eds/bin/gnu/h-x86_64-mingw32/bin/../lib/gcc/nios2-elf/4.9.1/../../../../../H-x86_64-mingw32/nios2-elf/lib\libsmallc.a(lib_a-vfprintf.o)
 .debug_line    0x0000000000000c14      0x1f2 c:/altera/15.0/nios2eds/bin/gnu/h-x86_64-mingw32/bin/../lib/gcc/nios2-elf/4.9.1/../../../../../H-x86_64-mingw32/nios2-elf/lib\libsmallc.a(lib_a-fvwrite_small_dev.o)
 .debug_line    0x0000000000000e06      0x155 c:/altera/15.0/nios2eds/bin/gnu/h-x86_64-mingw32/bin/../lib/gcc/nios2-elf/4.9.1/../../../../../H-x86_64-mingw32/nios2-elf/lib\libsmallc.a(lib_a-impure.o)
 .debug_line    0x0000000000000f5b      0x1ed c:/altera/15.0/nios2eds/bin/gnu/h-x86_64-mingw32/bin/../lib/gcc/nios2-elf/4.9.1/../../../../../H-x86_64-mingw32/nios2-elf/lib\libsmallc.a(lib_a-writer.o)
 .debug_line    0x0000000000001148       0x5d c:/altera/15.0/nios2eds/bin/gnu/h-x86_64-mingw32/bin/../lib/gcc/nios2-elf/4.9.1/../../../../../H-x86_64-mingw32/nios2-elf/lib\libsmallc.a(lib_a-int_errno.o)
 .debug_line    0x00000000000011a5       0xdb ../MTL_bsp/\libhal_bsp.a(alt_iic_isr_register.o)
 .debug_line    0x0000000000001280       0x6b ../MTL_bsp/\libhal_bsp.a(alt_irq_entry.o)
 .debug_line    0x00000000000012eb       0xaa ../MTL_bsp/\libhal_bsp.a(alt_irq_handler.o)
 .debug_line    0x0000000000001395       0x8d ../MTL_bsp/\libhal_bsp.a(alt_load.o)
 .debug_line    0x0000000000001422       0x9e ../MTL_bsp/\libhal_bsp.a(alt_main.o)
 .debug_line    0x00000000000014c0      0x1cc ../MTL_bsp/\libhal_bsp.a(alt_write.o)
 .debug_line    0x000000000000168c      0x141 ../MTL_bsp/\libhal_bsp.a(alt_sys_init.o)
 .debug_line    0x00000000000017cd      0x112 ../MTL_bsp/\libhal_bsp.a(altera_avalon_jtag_uart_fd.o)
 .debug_line    0x00000000000018df       0xff ../MTL_bsp/\libhal_bsp.a(altera_avalon_jtag_uart_read.o)
 .debug_line    0x00000000000019de       0xf4 ../MTL_bsp/\libhal_bsp.a(altera_avalon_jtag_uart_write.o)
 .debug_line    0x0000000000001ad2       0xfd ../MTL_bsp/\libhal_bsp.a(altera_avalon_timer_sc.o)
 .debug_line    0x0000000000001bcf      0x15e ../MTL_bsp/\libhal_bsp.a(alt_close.o)
 .debug_line    0x0000000000001d2d       0x61 ../MTL_bsp/\libhal_bsp.a(alt_dcache_flush_all.o)
 .debug_line    0x0000000000001d8e       0xf0 ../MTL_bsp/\libhal_bsp.a(alt_dev.o)
 .debug_line    0x0000000000001e7e       0xd0 ../MTL_bsp/\libhal_bsp.a(alt_dev_llist_insert.o)
 .debug_line    0x0000000000001f4e       0x51 ../MTL_bsp/\libhal_bsp.a(alt_errno.o)
 .debug_line    0x0000000000001f9f       0xab ../MTL_bsp/\libhal_bsp.a(alt_exception_entry.o)
 .debug_line    0x000000000000204a       0x50 ../MTL_bsp/\libhal_bsp.a(alt_icache_flush_all.o)
 .debug_line    0x000000000000209a       0xef ../MTL_bsp/\libhal_bsp.a(alt_iic.o)
 .debug_line    0x0000000000002189      0x12b ../MTL_bsp/\libhal_bsp.a(alt_io_redirect.o)
 .debug_line    0x00000000000022b4       0x50 ../MTL_bsp/\libhal_bsp.a(alt_irq_vars.o)
 .debug_line    0x0000000000002304      0x12a ../MTL_bsp/\libhal_bsp.a(alt_open.o)
 .debug_line    0x000000000000242e       0xae ../MTL_bsp/\libhal_bsp.a(alt_release_fd.o)
 .debug_line    0x00000000000024dc       0xfe ../MTL_bsp/\libhal_bsp.a(alt_tick.o)
 .debug_line    0x00000000000025da       0x51 ../MTL_bsp/\libhal_bsp.a(altera_nios2_qsys_irq.o)
 .debug_line    0x000000000000262b       0xb5 ../MTL_bsp/\libhal_bsp.a(alt_find_dev.o)
 .debug_line    0x00000000000026e0       0xd1 ../MTL_bsp/\libhal_bsp.a(alt_find_file.o)
 .debug_line    0x00000000000027b1       0xd5 ../MTL_bsp/\libhal_bsp.a(alt_get_fd.o)
 .debug_line    0x0000000000002886       0x81 ../MTL_bsp/\libhal_bsp.a(alt_icache_flush.o)
 .debug_line    0x0000000000002907      0x157 c:/altera/15.0/nios2eds/bin/gnu/h-x86_64-mingw32/bin/../lib/gcc/nios2-elf/4.9.1/../../../../../H-x86_64-mingw32/nios2-elf/lib\libsmallc.a(lib_a-exit.o)
 .debug_line    0x0000000000002a5e      0x15f c:/altera/15.0/nios2eds/bin/gnu/h-x86_64-mingw32/bin/../lib/gcc/nios2-elf/4.9.1/../../../../../H-x86_64-mingw32/nios2-elf/lib\libsmallc.a(lib_a-memcmp.o)
 .debug_line    0x0000000000002bbd      0x24f c:/altera/15.0/nios2eds/bin/gnu/h-x86_64-mingw32/bin/../lib/gcc/nios2-elf/4.9.1/../../../../../H-x86_64-mingw32/nios2-elf/lib\libsmallc.a(lib_a-__call_atexit.o)
 .debug_line    0x0000000000002e0c       0x71 ../MTL_bsp/\libhal_bsp.a(alt_exit.o)

.debug_frame    0x0000000000000000      0xbd0
 *(.debug_frame)
 .debug_frame   0x0000000000000000      0x13c obj/default/main.o
 .debug_frame   0x000000000000013c       0x8c c:/altera/15.0/nios2eds/bin/gnu/h-x86_64-mingw32/bin/../lib/gcc/nios2-elf/4.9.1\libgcc.a(lib2-divmod.o)
 .debug_frame   0x00000000000001c8       0x48 c:/altera/15.0/nios2eds/bin/gnu/h-x86_64-mingw32/bin/../lib/gcc/nios2-elf/4.9.1/../../../../../H-x86_64-mingw32/nios2-elf/lib\libsmallc.a(lib_a-printf.o)
 .debug_frame   0x0000000000000210       0x48 c:/altera/15.0/nios2eds/bin/gnu/h-x86_64-mingw32/bin/../lib/gcc/nios2-elf/4.9.1/../../../../../H-x86_64-mingw32/nios2-elf/lib\libsmallc.a(lib_a-puts.o)
 .debug_frame   0x0000000000000258       0x20 c:/altera/15.0/nios2eds/bin/gnu/h-x86_64-mingw32/bin/../lib/gcc/nios2-elf/4.9.1/../../../../../H-x86_64-mingw32/nios2-elf/lib\libsmallc.a(lib_a-strlen.o)
 .debug_frame   0x0000000000000278       0x8c c:/altera/15.0/nios2eds/bin/gnu/h-x86_64-mingw32/bin/../lib/gcc/nios2-elf/4.9.1/../../../../../H-x86_64-mingw32/nios2-elf/lib\libsmallc.a(lib_a-vfprintf.o)
 .debug_frame   0x0000000000000304       0x40 c:/altera/15.0/nios2eds/bin/gnu/h-x86_64-mingw32/bin/../lib/gcc/nios2-elf/4.9.1/../../../../../H-x86_64-mingw32/nios2-elf/lib\libsmallc.a(lib_a-fvwrite_small_dev.o)
 .debug_frame   0x0000000000000344       0x38 c:/altera/15.0/nios2eds/bin/gnu/h-x86_64-mingw32/bin/../lib/gcc/nios2-elf/4.9.1/../../../../../H-x86_64-mingw32/nios2-elf/lib\libsmallc.a(lib_a-writer.o)
 .debug_frame   0x000000000000037c       0x38 ../MTL_bsp/\libhal_bsp.a(alt_iic_isr_register.o)
 .debug_frame   0x00000000000003b4       0x38 ../MTL_bsp/\libhal_bsp.a(alt_irq_handler.o)
 .debug_frame   0x00000000000003ec       0x5c ../MTL_bsp/\libhal_bsp.a(alt_load.o)
 .debug_frame   0x0000000000000448       0x2c ../MTL_bsp/\libhal_bsp.a(alt_main.o)
 .debug_frame   0x0000000000000474       0x60 ../MTL_bsp/\libhal_bsp.a(alt_write.o)
 .debug_frame   0x00000000000004d4       0x88 ../MTL_bsp/\libhal_bsp.a(alt_sys_init.o)
 .debug_frame   0x000000000000055c       0x60 ../MTL_bsp/\libhal_bsp.a(altera_avalon_jtag_uart_fd.o)
 .debug_frame   0x00000000000005bc       0x34 ../MTL_bsp/\libhal_bsp.a(altera_avalon_jtag_uart_read.o)
 .debug_frame   0x00000000000005f0       0x34 ../MTL_bsp/\libhal_bsp.a(altera_avalon_jtag_uart_write.o)
 .debug_frame   0x0000000000000624       0x60 ../MTL_bsp/\libhal_bsp.a(altera_avalon_timer_sc.o)
 .debug_frame   0x0000000000000684       0x60 ../MTL_bsp/\libhal_bsp.a(alt_close.o)
 .debug_frame   0x00000000000006e4       0x34 ../MTL_bsp/\libhal_bsp.a(alt_dcache_flush_all.o)
 .debug_frame   0x0000000000000718       0x34 ../MTL_bsp/\libhal_bsp.a(alt_dev.o)
 .debug_frame   0x000000000000074c       0x60 ../MTL_bsp/\libhal_bsp.a(alt_dev_llist_insert.o)
 .debug_frame   0x00000000000007ac       0x38 ../MTL_bsp/\libhal_bsp.a(alt_icache_flush_all.o)
 .debug_frame   0x00000000000007e4       0xa4 ../MTL_bsp/\libhal_bsp.a(alt_iic.o)
 .debug_frame   0x0000000000000888       0x60 ../MTL_bsp/\libhal_bsp.a(alt_io_redirect.o)
 .debug_frame   0x00000000000008e8       0x84 ../MTL_bsp/\libhal_bsp.a(alt_open.o)
 .debug_frame   0x000000000000096c       0x34 ../MTL_bsp/\libhal_bsp.a(alt_release_fd.o)
 .debug_frame   0x00000000000009a0       0x5c ../MTL_bsp/\libhal_bsp.a(alt_tick.o)
 .debug_frame   0x00000000000009fc       0x34 ../MTL_bsp/\libhal_bsp.a(altera_nios2_qsys_irq.o)
 .debug_frame   0x0000000000000a30       0x38 ../MTL_bsp/\libhal_bsp.a(alt_find_dev.o)
 .debug_frame   0x0000000000000a68       0x38 ../MTL_bsp/\libhal_bsp.a(alt_find_file.o)
 .debug_frame   0x0000000000000aa0       0x34 ../MTL_bsp/\libhal_bsp.a(alt_get_fd.o)
 .debug_frame   0x0000000000000ad4       0x34 ../MTL_bsp/\libhal_bsp.a(alt_icache_flush.o)
 .debug_frame   0x0000000000000b08       0x28 c:/altera/15.0/nios2eds/bin/gnu/h-x86_64-mingw32/bin/../lib/gcc/nios2-elf/4.9.1/../../../../../H-x86_64-mingw32/nios2-elf/lib\libsmallc.a(lib_a-exit.o)
 .debug_frame   0x0000000000000b30       0x20 c:/altera/15.0/nios2eds/bin/gnu/h-x86_64-mingw32/bin/../lib/gcc/nios2-elf/4.9.1/../../../../../H-x86_64-mingw32/nios2-elf/lib\libsmallc.a(lib_a-memcmp.o)
 .debug_frame   0x0000000000000b50       0x54 c:/altera/15.0/nios2eds/bin/gnu/h-x86_64-mingw32/bin/../lib/gcc/nios2-elf/4.9.1/../../../../../H-x86_64-mingw32/nios2-elf/lib\libsmallc.a(lib_a-__call_atexit.o)
 .debug_frame   0x0000000000000ba4       0x2c ../MTL_bsp/\libhal_bsp.a(alt_exit.o)

.debug_str      0x0000000000000000     0x17eb
 *(.debug_str)
 .debug_str     0x0000000000000000      0x226 obj/default/main.o
                                        0x282 (size before relaxing)
 .debug_str     0x0000000000000226      0x16b c:/altera/15.0/nios2eds/bin/gnu/h-x86_64-mingw32/bin/../lib/gcc/nios2-elf/4.9.1\libgcc.a(lib2-divmod.o)
                                        0x1b6 (size before relaxing)
 .debug_str     0x0000000000000391      0x3e7 c:/altera/15.0/nios2eds/bin/gnu/h-x86_64-mingw32/bin/../lib/gcc/nios2-elf/4.9.1/../../../../../H-x86_64-mingw32/nios2-elf/lib\libsmallc.a(lib_a-printf.o)
                                        0x4b3 (size before relaxing)
 .debug_str     0x0000000000000778       0x61 c:/altera/15.0/nios2eds/bin/gnu/h-x86_64-mingw32/bin/../lib/gcc/nios2-elf/4.9.1/../../../../../H-x86_64-mingw32/nios2-elf/lib\libsmallc.a(lib_a-puts.o)
                                        0x477 (size before relaxing)
 .debug_str     0x00000000000007d9       0xc5 c:/altera/15.0/nios2eds/bin/gnu/h-x86_64-mingw32/bin/../lib/gcc/nios2-elf/4.9.1/../../../../../H-x86_64-mingw32/nios2-elf/lib\libsmallc.a(lib_a-strlen.o)
                                        0x18f (size before relaxing)
 .debug_str     0x000000000000089e      0x1c5 c:/altera/15.0/nios2eds/bin/gnu/h-x86_64-mingw32/bin/../lib/gcc/nios2-elf/4.9.1/../../../../../H-x86_64-mingw32/nios2-elf/lib\libsmallc.a(lib_a-vfprintf.o)
                                        0x641 (size before relaxing)
 .debug_str     0x0000000000000a63       0x6a c:/altera/15.0/nios2eds/bin/gnu/h-x86_64-mingw32/bin/../lib/gcc/nios2-elf/4.9.1/../../../../../H-x86_64-mingw32/nios2-elf/lib\libsmallc.a(lib_a-fvwrite_small_dev.o)
                                        0x48e (size before relaxing)
 .debug_str     0x0000000000000acd       0xe2 c:/altera/15.0/nios2eds/bin/gnu/h-x86_64-mingw32/bin/../lib/gcc/nios2-elf/4.9.1/../../../../../H-x86_64-mingw32/nios2-elf/lib\libsmallc.a(lib_a-impure.o)
                                        0x468 (size before relaxing)
 .debug_str     0x0000000000000baf       0x3a c:/altera/15.0/nios2eds/bin/gnu/h-x86_64-mingw32/bin/../lib/gcc/nios2-elf/4.9.1/../../../../../H-x86_64-mingw32/nios2-elf/lib\libsmallc.a(lib_a-writer.o)
                                        0x462 (size before relaxing)
 .debug_str     0x0000000000000be9       0x3d c:/altera/15.0/nios2eds/bin/gnu/h-x86_64-mingw32/bin/../lib/gcc/nios2-elf/4.9.1/../../../../../H-x86_64-mingw32/nios2-elf/lib\libsmallc.a(lib_a-int_errno.o)
                                        0x182 (size before relaxing)
 .debug_str     0x0000000000000c26       0xda ../MTL_bsp/\libhal_bsp.a(alt_iic_isr_register.o)
                                        0x1d4 (size before relaxing)
 .debug_str     0x0000000000000d00       0x3a ../MTL_bsp/\libhal_bsp.a(alt_irq_handler.o)
                                        0x183 (size before relaxing)
 .debug_str     0x0000000000000d3a       0xe9 ../MTL_bsp/\libhal_bsp.a(alt_load.o)
                                        0x1fe (size before relaxing)
 .debug_str     0x0000000000000e23       0x44 ../MTL_bsp/\libhal_bsp.a(alt_main.o)
                                        0x189 (size before relaxing)
 .debug_str     0x0000000000000e67      0x15f ../MTL_bsp/\libhal_bsp.a(alt_write.o)
                                        0x2e4 (size before relaxing)
 .debug_str     0x0000000000000fc6      0x11b ../MTL_bsp/\libhal_bsp.a(alt_sys_init.o)
                                        0x2f6 (size before relaxing)
 .debug_str     0x00000000000010e1       0x77 ../MTL_bsp/\libhal_bsp.a(altera_avalon_jtag_uart_fd.o)
                                        0x2c1 (size before relaxing)
 .debug_str     0x0000000000001158       0x48 ../MTL_bsp/\libhal_bsp.a(altera_avalon_jtag_uart_read.o)
                                        0x20b (size before relaxing)
 .debug_str     0x00000000000011a0       0x4a ../MTL_bsp/\libhal_bsp.a(altera_avalon_jtag_uart_write.o)
                                        0x201 (size before relaxing)
 .debug_str     0x00000000000011ea       0x7f ../MTL_bsp/\libhal_bsp.a(altera_avalon_timer_sc.o)
                                        0x237 (size before relaxing)
 .debug_str     0x0000000000001269       0x1b ../MTL_bsp/\libhal_bsp.a(alt_close.o)
                                        0x1f7 (size before relaxing)
 .debug_str     0x0000000000001284       0x34 ../MTL_bsp/\libhal_bsp.a(alt_dcache_flush_all.o)
                                        0x141 (size before relaxing)
 .debug_str     0x00000000000012b8       0x50 ../MTL_bsp/\libhal_bsp.a(alt_dev.o)
                                        0x2f1 (size before relaxing)
 .debug_str     0x0000000000001308       0x4b ../MTL_bsp/\libhal_bsp.a(alt_dev_llist_insert.o)
                                        0x1b8 (size before relaxing)
 .debug_str     0x0000000000001353       0x14 ../MTL_bsp/\libhal_bsp.a(alt_errno.o)
                                        0x131 (size before relaxing)
 .debug_str     0x0000000000001367       0x34 ../MTL_bsp/\libhal_bsp.a(alt_icache_flush_all.o)
                                        0x141 (size before relaxing)
 .debug_str     0x000000000000139b       0x9e ../MTL_bsp/\libhal_bsp.a(alt_iic.o)
                                        0x22a (size before relaxing)
 .debug_str     0x0000000000001439       0x56 ../MTL_bsp/\libhal_bsp.a(alt_io_redirect.o)
                                        0x302 (size before relaxing)
 .debug_str     0x000000000000148f       0x17 ../MTL_bsp/\libhal_bsp.a(alt_irq_vars.o)
                                        0x132 (size before relaxing)
 .debug_str     0x00000000000014a6       0x2f ../MTL_bsp/\libhal_bsp.a(alt_open.o)
                                        0x237 (size before relaxing)
 .debug_str     0x00000000000014d5       0x28 ../MTL_bsp/\libhal_bsp.a(alt_release_fd.o)
                                        0x1cb (size before relaxing)
 .debug_str     0x00000000000014fd       0x78 ../MTL_bsp/\libhal_bsp.a(alt_tick.o)
                                        0x23e (size before relaxing)
 .debug_str     0x0000000000001575       0x3b ../MTL_bsp/\libhal_bsp.a(altera_nios2_qsys_irq.o)
                                        0x148 (size before relaxing)
 .debug_str     0x00000000000015b0       0x24 ../MTL_bsp/\libhal_bsp.a(alt_find_dev.o)
                                        0x1d8 (size before relaxing)
 .debug_str     0x00000000000015d4       0x26 ../MTL_bsp/\libhal_bsp.a(alt_find_file.o)
                                        0x1e6 (size before relaxing)
 .debug_str     0x00000000000015fa       0x30 ../MTL_bsp/\libhal_bsp.a(alt_get_fd.o)
                                        0x208 (size before relaxing)
 .debug_str     0x000000000000162a       0x2c ../MTL_bsp/\libhal_bsp.a(alt_icache_flush.o)
                                        0x147 (size before relaxing)
 .debug_str     0x0000000000001656       0xd4 c:/altera/15.0/nios2eds/bin/gnu/h-x86_64-mingw32/bin/../lib/gcc/nios2-elf/4.9.1/../../../../../H-x86_64-mingw32/nios2-elf/lib\libsmallc.a(lib_a-exit.o)
                                        0x19a (size before relaxing)
 .debug_str     0x000000000000172a       0x42 c:/altera/15.0/nios2eds/bin/gnu/h-x86_64-mingw32/bin/../lib/gcc/nios2-elf/4.9.1/../../../../../H-x86_64-mingw32/nios2-elf/lib\libsmallc.a(lib_a-memcmp.o)
                                        0x189 (size before relaxing)
 .debug_str     0x000000000000176c       0x55 c:/altera/15.0/nios2eds/bin/gnu/h-x86_64-mingw32/bin/../lib/gcc/nios2-elf/4.9.1/../../../../../H-x86_64-mingw32/nios2-elf/lib\libsmallc.a(lib_a-__call_atexit.o)
                                        0x487 (size before relaxing)
 .debug_str     0x00000000000017c1       0x2a ../MTL_bsp/\libhal_bsp.a(alt_exit.o)
                                        0x13d (size before relaxing)

.debug_loc      0x0000000000000000     0x104f
 *(.debug_loc)
 .debug_loc     0x0000000000000000      0x273 c:/altera/15.0/nios2eds/bin/gnu/h-x86_64-mingw32/bin/../lib/gcc/nios2-elf/4.9.1\libgcc.a(lib2-divmod.o)
 .debug_loc     0x0000000000000273       0xc6 c:/altera/15.0/nios2eds/bin/gnu/h-x86_64-mingw32/bin/../lib/gcc/nios2-elf/4.9.1/../../../../../H-x86_64-mingw32/nios2-elf/lib\libsmallc.a(lib_a-printf.o)
 .debug_loc     0x0000000000000339       0x97 c:/altera/15.0/nios2eds/bin/gnu/h-x86_64-mingw32/bin/../lib/gcc/nios2-elf/4.9.1/../../../../../H-x86_64-mingw32/nios2-elf/lib\libsmallc.a(lib_a-puts.o)
 .debug_loc     0x00000000000003d0       0x1e c:/altera/15.0/nios2eds/bin/gnu/h-x86_64-mingw32/bin/../lib/gcc/nios2-elf/4.9.1/../../../../../H-x86_64-mingw32/nios2-elf/lib\libsmallc.a(lib_a-strlen.o)
 .debug_loc     0x00000000000003ee      0x948 c:/altera/15.0/nios2eds/bin/gnu/h-x86_64-mingw32/bin/../lib/gcc/nios2-elf/4.9.1/../../../../../H-x86_64-mingw32/nios2-elf/lib\libsmallc.a(lib_a-vfprintf.o)
 .debug_loc     0x0000000000000d36       0xbd c:/altera/15.0/nios2eds/bin/gnu/h-x86_64-mingw32/bin/../lib/gcc/nios2-elf/4.9.1/../../../../../H-x86_64-mingw32/nios2-elf/lib\libsmallc.a(lib_a-fvwrite_small_dev.o)
 .debug_loc     0x0000000000000df3       0xa5 c:/altera/15.0/nios2eds/bin/gnu/h-x86_64-mingw32/bin/../lib/gcc/nios2-elf/4.9.1/../../../../../H-x86_64-mingw32/nios2-elf/lib\libsmallc.a(lib_a-writer.o)
 .debug_loc     0x0000000000000e98       0x1e c:/altera/15.0/nios2eds/bin/gnu/h-x86_64-mingw32/bin/../lib/gcc/nios2-elf/4.9.1/../../../../../H-x86_64-mingw32/nios2-elf/lib\libsmallc.a(lib_a-exit.o)
 .debug_loc     0x0000000000000eb6       0x94 c:/altera/15.0/nios2eds/bin/gnu/h-x86_64-mingw32/bin/../lib/gcc/nios2-elf/4.9.1/../../../../../H-x86_64-mingw32/nios2-elf/lib\libsmallc.a(lib_a-memcmp.o)
 .debug_loc     0x0000000000000f4a      0x105 c:/altera/15.0/nios2eds/bin/gnu/h-x86_64-mingw32/bin/../lib/gcc/nios2-elf/4.9.1/../../../../../H-x86_64-mingw32/nios2-elf/lib\libsmallc.a(lib_a-__call_atexit.o)

.debug_macinfo
 *(.debug_macinfo)

.debug_weaknames
 *(.debug_weaknames)

.debug_funcnames
 *(.debug_funcnames)

.debug_typenames
 *(.debug_typenames)

.debug_varnames
 *(.debug_varnames)

.debug_alt_sim_info
                0x0000000000000000       0x30
 *(.debug_alt_sim_info)
 .debug_alt_sim_info
                0x0000000000000000       0x30 ../MTL_bsp//obj/HAL/src/crt0.o
                0x000000000000ce20                __alt_data_end = 0xce20
                0x000000000000ce20                PROVIDE (__alt_stack_pointer, __alt_data_end)
                0x000000000000b430                PROVIDE (__alt_stack_limit, __alt_stack_base)
                0x000000000000b430                PROVIDE (__alt_heap_start, end)
                0x000000000000ce20                PROVIDE (__alt_heap_limit, 0xce20)
OUTPUT(MTL.elf elf32-littlenios2)

.debug_ranges   0x0000000000000000      0x158
 .debug_ranges  0x0000000000000000       0x20 ../MTL_bsp//obj/HAL/src/crt0.o
 .debug_ranges  0x0000000000000020       0xb8 c:/altera/15.0/nios2eds/bin/gnu/h-x86_64-mingw32/bin/../lib/gcc/nios2-elf/4.9.1/../../../../../H-x86_64-mingw32/nios2-elf/lib\libsmallc.a(lib_a-vfprintf.o)
 .debug_ranges  0x00000000000000d8       0x18 c:/altera/15.0/nios2eds/bin/gnu/h-x86_64-mingw32/bin/../lib/gcc/nios2-elf/4.9.1/../../../../../H-x86_64-mingw32/nios2-elf/lib\libsmallc.a(lib_a-fvwrite_small_dev.o)
 .debug_ranges  0x00000000000000f0       0x28 ../MTL_bsp/\libhal_bsp.a(alt_irq_entry.o)
 .debug_ranges  0x0000000000000118       0x10 ../MTL_bsp/\libhal_bsp.a(alt_irq_handler.o)
 .debug_ranges  0x0000000000000128       0x30 ../MTL_bsp/\libhal_bsp.a(alt_exception_entry.o)
