Archive member included to satisfy reference by file (symbol)

c:/altera/15.0/nios2eds/bin/gnu/h-x86_64-mingw32/bin/../lib/gcc/nios2-elf/4.9.1/../../../../../H-x86_64-mingw32/nios2-elf/lib\libsmallc.a(lib_a-printf.o)
                              obj/default/main.o (printf)
c:/altera/15.0/nios2eds/bin/gnu/h-x86_64-mingw32/bin/../lib/gcc/nios2-elf/4.9.1/../../../../../H-x86_64-mingw32/nios2-elf/lib\libsmallc.a(lib_a-puts.o)
                              obj/default/main.o (puts)
c:/altera/15.0/nios2eds/bin/gnu/h-x86_64-mingw32/bin/../lib/gcc/nios2-elf/4.9.1/../../../../../H-x86_64-mingw32/nios2-elf/lib\libsmallc.a(lib_a-strlen.o)
                              c:/altera/15.0/nios2eds/bin/gnu/h-x86_64-mingw32/bin/../lib/gcc/nios2-elf/4.9.1/../../../../../H-x86_64-mingw32/nios2-elf/lib\libsmallc.a(lib_a-puts.o) (strlen)
c:/altera/15.0/nios2eds/bin/gnu/h-x86_64-mingw32/bin/../lib/gcc/nios2-elf/4.9.1/../../../../../H-x86_64-mingw32/nios2-elf/lib\libsmallc.a(lib_a-vfprintf.o)
                              c:/altera/15.0/nios2eds/bin/gnu/h-x86_64-mingw32/bin/../lib/gcc/nios2-elf/4.9.1/../../../../../H-x86_64-mingw32/nios2-elf/lib\libsmallc.a(lib_a-printf.o) (___vfprintf_internal_r)
c:/altera/15.0/nios2eds/bin/gnu/h-x86_64-mingw32/bin/../lib/gcc/nios2-elf/4.9.1/../../../../../H-x86_64-mingw32/nios2-elf/lib\libsmallc.a(lib_a-fvwrite_small_dev.o)
                              c:/altera/15.0/nios2eds/bin/gnu/h-x86_64-mingw32/bin/../lib/gcc/nios2-elf/4.9.1/../../../../../H-x86_64-mingw32/nios2-elf/lib\libsmallc.a(lib_a-printf.o) (__sfvwrite_small_dev)
c:/altera/15.0/nios2eds/bin/gnu/h-x86_64-mingw32/bin/../lib/gcc/nios2-elf/4.9.1/../../../../../H-x86_64-mingw32/nios2-elf/lib\libsmallc.a(lib_a-impure.o)
                              c:/altera/15.0/nios2eds/bin/gnu/h-x86_64-mingw32/bin/../lib/gcc/nios2-elf/4.9.1/../../../../../H-x86_64-mingw32/nios2-elf/lib\libsmallc.a(lib_a-printf.o) (_impure_ptr)
c:/altera/15.0/nios2eds/bin/gnu/h-x86_64-mingw32/bin/../lib/gcc/nios2-elf/4.9.1/../../../../../H-x86_64-mingw32/nios2-elf/lib\libsmallc.a(lib_a-writer.o)
                              c:/altera/15.0/nios2eds/bin/gnu/h-x86_64-mingw32/bin/../lib/gcc/nios2-elf/4.9.1/../../../../../H-x86_64-mingw32/nios2-elf/lib\libsmallc.a(lib_a-fvwrite_small_dev.o) (_write_r)
c:/altera/15.0/nios2eds/bin/gnu/h-x86_64-mingw32/bin/../lib/gcc/nios2-elf/4.9.1/../../../../../H-x86_64-mingw32/nios2-elf/lib\libsmallc.a(lib_a-int_errno.o)
                              c:/altera/15.0/nios2eds/bin/gnu/h-x86_64-mingw32/bin/../lib/gcc/nios2-elf/4.9.1/../../../../../H-x86_64-mingw32/nios2-elf/lib\libsmallc.a(lib_a-writer.o) (errno)
c:/altera/15.0/nios2eds/bin/gnu/h-x86_64-mingw32/bin/../lib/gcc/nios2-elf/4.9.1\libgcc.a(lib2-divmod.o)
                              c:/altera/15.0/nios2eds/bin/gnu/h-x86_64-mingw32/bin/../lib/gcc/nios2-elf/4.9.1/../../../../../H-x86_64-mingw32/nios2-elf/lib\libsmallc.a(lib_a-vfprintf.o) (__udivsi3)
../MTL_bsp/\libhal_bsp.a(alt_load.o)
                              ../MTL_bsp//obj/HAL/src/crt0.o (alt_load)
../MTL_bsp/\libhal_bsp.a(alt_main.o)
                              ../MTL_bsp//obj/HAL/src/crt0.o (alt_main)
../MTL_bsp/\libhal_bsp.a(alt_write.o)
                              c:/altera/15.0/nios2eds/bin/gnu/h-x86_64-mingw32/bin/../lib/gcc/nios2-elf/4.9.1/../../../../../H-x86_64-mingw32/nios2-elf/lib\libsmallc.a(lib_a-writer.o) (write)
../MTL_bsp/\libhal_bsp.a(alt_sys_init.o)
                              ../MTL_bsp/\libhal_bsp.a(alt_main.o) (alt_irq_init)
../MTL_bsp/\libhal_bsp.a(altera_avalon_jtag_uart_fd.o)
                              ../MTL_bsp/\libhal_bsp.a(alt_sys_init.o) (altera_avalon_jtag_uart_read_fd)
../MTL_bsp/\libhal_bsp.a(altera_avalon_jtag_uart_read.o)
                              ../MTL_bsp/\libhal_bsp.a(altera_avalon_jtag_uart_fd.o) (altera_avalon_jtag_uart_read)
../MTL_bsp/\libhal_bsp.a(altera_avalon_jtag_uart_write.o)
                              ../MTL_bsp/\libhal_bsp.a(altera_avalon_jtag_uart_fd.o) (altera_avalon_jtag_uart_write)
../MTL_bsp/\libhal_bsp.a(altera_avalon_timer_sc.o)
                              ../MTL_bsp/\libhal_bsp.a(alt_sys_init.o) (alt_avalon_timer_sc_init)
../MTL_bsp/\libhal_bsp.a(alt_close.o)
                              ../MTL_bsp/\libhal_bsp.a(alt_main.o) (close)
../MTL_bsp/\libhal_bsp.a(alt_dcache_flush_all.o)
                              ../MTL_bsp/\libhal_bsp.a(alt_load.o) (alt_dcache_flush_all)
../MTL_bsp/\libhal_bsp.a(alt_dev.o)
                              ../MTL_bsp/\libhal_bsp.a(alt_sys_init.o) (alt_dev_list)
../MTL_bsp/\libhal_bsp.a(alt_dev_llist_insert.o)
                              ../MTL_bsp/\libhal_bsp.a(alt_sys_init.o) (alt_dev_llist_insert)
../MTL_bsp/\libhal_bsp.a(alt_errno.o)
                              ../MTL_bsp/\libhal_bsp.a(alt_write.o) (alt_errno)
../MTL_bsp/\libhal_bsp.a(alt_icache_flush_all.o)
                              ../MTL_bsp/\libhal_bsp.a(alt_load.o) (alt_icache_flush_all)
../MTL_bsp/\libhal_bsp.a(alt_iic.o)
                              ../MTL_bsp/\libhal_bsp.a(altera_avalon_timer_sc.o) (alt_ic_isr_register)
../MTL_bsp/\libhal_bsp.a(alt_iic_isr_register.o)
                              ../MTL_bsp/\libhal_bsp.a(alt_iic.o) (alt_iic_isr_register)
../MTL_bsp/\libhal_bsp.a(alt_io_redirect.o)
                              ../MTL_bsp/\libhal_bsp.a(alt_main.o) (alt_io_redirect)
../MTL_bsp/\libhal_bsp.a(alt_irq_entry.o)
                              ../MTL_bsp/\libhal_bsp.a(alt_iic_isr_register.o) (alt_irq_entry)
../MTL_bsp/\libhal_bsp.a(alt_irq_handler.o)
                              ../MTL_bsp/\libhal_bsp.a(alt_iic_isr_register.o) (alt_irq)
../MTL_bsp/\libhal_bsp.a(alt_irq_vars.o)
                              ../MTL_bsp/\libhal_bsp.a(alt_iic.o) (alt_irq_active)
../MTL_bsp/\libhal_bsp.a(alt_open.o)
                              ../MTL_bsp/\libhal_bsp.a(alt_io_redirect.o) (open)
../MTL_bsp/\libhal_bsp.a(alt_release_fd.o)
                              ../MTL_bsp/\libhal_bsp.a(alt_close.o) (alt_release_fd)
../MTL_bsp/\libhal_bsp.a(alt_tick.o)
                              ../MTL_bsp/\libhal_bsp.a(altera_avalon_timer_sc.o) (_alt_tick_rate)
../MTL_bsp/\libhal_bsp.a(altera_nios2_qsys_irq.o)
                              ../MTL_bsp/\libhal_bsp.a(alt_sys_init.o) (altera_nios2_qsys_irq_init)
../MTL_bsp/\libhal_bsp.a(alt_exception_entry.o)
                              ../MTL_bsp/\libhal_bsp.a(alt_irq_entry.o) (alt_exception)
../MTL_bsp/\libhal_bsp.a(alt_find_dev.o)
                              ../MTL_bsp/\libhal_bsp.a(alt_open.o) (alt_find_dev)
../MTL_bsp/\libhal_bsp.a(alt_find_file.o)
                              ../MTL_bsp/\libhal_bsp.a(alt_open.o) (alt_find_file)
../MTL_bsp/\libhal_bsp.a(alt_get_fd.o)
                              ../MTL_bsp/\libhal_bsp.a(alt_open.o) (alt_get_fd)
../MTL_bsp/\libhal_bsp.a(alt_icache_flush.o)
                              ../MTL_bsp/\libhal_bsp.a(alt_icache_flush_all.o) (alt_icache_flush)
c:/altera/15.0/nios2eds/bin/gnu/h-x86_64-mingw32/bin/../lib/gcc/nios2-elf/4.9.1/../../../../../H-x86_64-mingw32/nios2-elf/lib\libsmallc.a(lib_a-exit.o)
                              ../MTL_bsp/\libhal_bsp.a(alt_main.o) (exit)
c:/altera/15.0/nios2eds/bin/gnu/h-x86_64-mingw32/bin/../lib/gcc/nios2-elf/4.9.1/../../../../../H-x86_64-mingw32/nios2-elf/lib\libsmallc.a(lib_a-memcmp.o)
                              ../MTL_bsp/\libhal_bsp.a(alt_find_dev.o) (memcmp)
c:/altera/15.0/nios2eds/bin/gnu/h-x86_64-mingw32/bin/../lib/gcc/nios2-elf/4.9.1/../../../../../H-x86_64-mingw32/nios2-elf/lib\libsmallc.a(lib_a-__call_atexit.o)
                              c:/altera/15.0/nios2eds/bin/gnu/h-x86_64-mingw32/bin/../lib/gcc/nios2-elf/4.9.1/../../../../../H-x86_64-mingw32/nios2-elf/lib\libsmallc.a(lib_a-exit.o) (__call_exitprocs)
../MTL_bsp/\libhal_bsp.a(alt_exit.o)
                              c:/altera/15.0/nios2eds/bin/gnu/h-x86_64-mingw32/bin/../lib/gcc/nios2-elf/4.9.1/../../../../../H-x86_64-mingw32/nios2-elf/lib\libsmallc.a(lib_a-exit.o) (_exit)

Allocating common symbols
Common symbol       size              file

alt_irq             0x100             ../MTL_bsp/\libhal_bsp.a(alt_irq_handler.o)
errno               0x4               c:/altera/15.0/nios2eds/bin/gnu/h-x86_64-mingw32/bin/../lib/gcc/nios2-elf/4.9.1/../../../../../H-x86_64-mingw32/nios2-elf/lib\libsmallc.a(lib_a-int_errno.o)

Memory Configuration

Name             Origin             Length             Attributes
reset            0x0000000000008000 0x0000000000000020
mem              0x0000000000008020 0x0000000000004e00
*default*        0x0000000000000000 0xffffffffffffffff

Linker script and memory map

LOAD ../MTL_bsp//obj/HAL/src/crt0.o
LOAD obj/default/main.o
LOAD c:/altera/15.0/nios2eds/bin/gnu/h-x86_64-mingw32/bin/../lib/gcc/nios2-elf/4.9.1/../../../../../H-x86_64-mingw32/nios2-elf/lib\libstdc++.a
LOAD c:/altera/15.0/nios2eds/bin/gnu/h-x86_64-mingw32/bin/../lib/gcc/nios2-elf/4.9.1/../../../../../H-x86_64-mingw32/nios2-elf/lib\libm.a
LOAD c:/altera/15.0/nios2eds/bin/gnu/h-x86_64-mingw32/bin/../lib/gcc/nios2-elf/4.9.1\libgcc.a
START GROUP
LOAD c:/altera/15.0/nios2eds/bin/gnu/h-x86_64-mingw32/bin/../lib/gcc/nios2-elf/4.9.1/../../../../../H-x86_64-mingw32/nios2-elf/lib\libsmallc.a
LOAD c:/altera/15.0/nios2eds/bin/gnu/h-x86_64-mingw32/bin/../lib/gcc/nios2-elf/4.9.1\libgcc.a
LOAD ../MTL_bsp/\libhal_bsp.a
LOAD c:/altera/15.0/nios2eds/bin/gnu/h-x86_64-mingw32/bin/../lib/gcc/nios2-elf/4.9.1/../../../../../H-x86_64-mingw32/nios2-elf/lib\libm.a
END GROUP
LOAD c:/altera/15.0/nios2eds/bin/gnu/h-x86_64-mingw32/bin/../lib/gcc/nios2-elf/4.9.1\libgcc.a
                0x0000000000008000                __alt_mem_mem = 0x8000

.entry          0x0000000000008000       0x20
 *(.entry)
 .entry         0x0000000000008000       0x20 ../MTL_bsp//obj/HAL/src/crt0.o
                0x0000000000008000                __reset

.exceptions     0x0000000000008020      0x19c
                0x0000000000008020                PROVIDE (__ram_exceptions_start, ABSOLUTE (.))
                0x0000000000008020                . = ALIGN (0x20)
 *(.irq)
 *(.exceptions.entry.label)
 .exceptions.entry.label
                0x0000000000008020        0x0 ../MTL_bsp/\libhal_bsp.a(alt_irq_entry.o)
                0x0000000000008020                alt_irq_entry
 .exceptions.entry.label
                0x0000000000008020        0x0 ../MTL_bsp/\libhal_bsp.a(alt_exception_entry.o)
                0x0000000000008020                alt_exception
 *(.exceptions.entry.user)
 *(.exceptions.entry.ecc_fatal)
 *(.exceptions.entry)
 .exceptions.entry
                0x0000000000008020       0x54 ../MTL_bsp/\libhal_bsp.a(alt_exception_entry.o)
 *(.exceptions.irqtest.user)
 *(.exceptions.irqtest)
 .exceptions.irqtest
                0x0000000000008074       0x10 ../MTL_bsp/\libhal_bsp.a(alt_irq_entry.o)
 *(.exceptions.irqhandler.user)
 *(.exceptions.irqhandler)
 .exceptions.irqhandler
                0x0000000000008084        0x4 ../MTL_bsp/\libhal_bsp.a(alt_irq_entry.o)
 *(.exceptions.irqreturn.user)
 *(.exceptions.irqreturn)
 .exceptions.irqreturn
                0x0000000000008088        0x4 ../MTL_bsp/\libhal_bsp.a(alt_irq_entry.o)
 *(.exceptions.notirq.label)
 .exceptions.notirq.label
                0x000000000000808c        0x0 ../MTL_bsp/\libhal_bsp.a(alt_irq_entry.o)
 *(.exceptions.notirq.user)
 *(.exceptions.notirq)
 .exceptions.notirq
                0x000000000000808c        0x8 ../MTL_bsp/\libhal_bsp.a(alt_exception_entry.o)
 *(.exceptions.soft.user)
 *(.exceptions.soft)
 *(.exceptions.unknown.user)
 *(.exceptions.unknown)
 .exceptions.unknown
                0x0000000000008094        0x4 ../MTL_bsp/\libhal_bsp.a(alt_exception_entry.o)
 *(.exceptions.exit.label)
 .exceptions.exit.label
                0x0000000000008098        0x0 ../MTL_bsp/\libhal_bsp.a(alt_irq_entry.o)
 .exceptions.exit.label
                0x0000000000008098        0x0 ../MTL_bsp/\libhal_bsp.a(alt_exception_entry.o)
 *(.exceptions.exit.user)
 *(.exceptions.exit)
 .exceptions.exit
                0x0000000000008098       0x54 ../MTL_bsp/\libhal_bsp.a(alt_exception_entry.o)
 *(.exceptions)
 .exceptions    0x00000000000080ec       0xd0 ../MTL_bsp/\libhal_bsp.a(alt_irq_handler.o)
                0x00000000000080ec                alt_irq_handler
                0x00000000000081bc                PROVIDE (__ram_exceptions_end, ABSOLUTE (.))
                0x0000000000008020                PROVIDE (__flash_exceptions_start, LOADADDR (.exceptions))

.text           0x00000000000081bc     0x2134
                0x00000000000081bc                PROVIDE (stext, ABSOLUTE (.))
 *(.interp)
 *(.hash)
 *(.dynsym)
 *(.dynstr)
 *(.gnu.version)
 *(.gnu.version_d)
 *(.gnu.version_r)
 *(.rel.init)
 *(.rela.init)
 *(.rel.text .rel.text.* .rel.gnu.linkonce.t.*)
 *(.rela.text .rela.text.* .rela.gnu.linkonce.t.*)
 *(.rel.fini)
 *(.rela.fini)
 *(.rel.rodata .rel.rodata.* .rel.gnu.linkonce.r.*)
 *(.rela.rodata .rela.rodata.* .rela.gnu.linkonce.r.*)
 *(.rel.data .rel.data.* .rel.gnu.linkonce.d.*)
 *(.rela.data .rela.data.* .rela.gnu.linkonce.d.*)
 *(.rel.tdata .rel.tdata.* .rel.gnu.linkonce.td.*)
 *(.rela.tdata .rela.tdata.* .rela.gnu.linkonce.td.*)
 *(.rel.tbss .rel.tbss.* .rel.gnu.linkonce.tb.*)
 *(.rela.tbss .rela.tbss.* .rela.gnu.linkonce.tb.*)
 *(.rel.ctors)
 *(.rela.ctors)
 *(.rel.dtors)
 *(.rela.dtors)
 *(.rel.got)
 *(.rela.got)
 *(.rel.sdata .rel.sdata.* .rel.gnu.linkonce.s.*)
 *(.rela.sdata .rela.sdata.* .rela.gnu.linkonce.s.*)
 *(.rel.sbss .rel.sbss.* .rel.gnu.linkonce.sb.*)
 *(.rela.sbss .rela.sbss.* .rela.gnu.linkonce.sb.*)
 *(.rel.sdata2 .rel.sdata2.* .rel.gnu.linkonce.s2.*)
 *(.rela.sdata2 .rela.sdata2.* .rela.gnu.linkonce.s2.*)
 *(.rel.sbss2 .rel.sbss2.* .rel.gnu.linkonce.sb2.*)
 *(.rela.sbss2 .rela.sbss2.* .rela.gnu.linkonce.sb2.*)
 *(.rel.bss .rel.bss.* .rel.gnu.linkonce.b.*)
 *(.rela.bss .rela.bss.* .rela.gnu.linkonce.b.*)
 *(.rel.plt)
 *(.rela.plt)
 *(.rel.dyn)
 *(.init)
 *(.plt)
 *(.text .stub .text.* .gnu.linkonce.t.*)
 .text          0x00000000000081bc       0x4c ../MTL_bsp//obj/HAL/src/crt0.o
                0x00000000000081bc                _start
 .text          0x0000000000008208       0xe0 obj/default/main.o
                0x0000000000008208                translateTouchData
                0x000000000000826c                main
 .text          0x00000000000082e8       0x88 c:/altera/15.0/nios2eds/bin/gnu/h-x86_64-mingw32/bin/../lib/gcc/nios2-elf/4.9.1/../../../../../H-x86_64-mingw32/nios2-elf/lib\libsmallc.a(lib_a-printf.o)
                0x00000000000082e8                _printf_r
                0x0000000000008324                printf
 .text          0x0000000000008370       0x94 c:/altera/15.0/nios2eds/bin/gnu/h-x86_64-mingw32/bin/../lib/gcc/nios2-elf/4.9.1/../../../../../H-x86_64-mingw32/nios2-elf/lib\libsmallc.a(lib_a-puts.o)
                0x0000000000008370                _puts_r
                0x00000000000083f0                puts
 .text          0x0000000000008404       0x1c c:/altera/15.0/nios2eds/bin/gnu/h-x86_64-mingw32/bin/../lib/gcc/nios2-elf/4.9.1/../../../../../H-x86_64-mingw32/nios2-elf/lib\libsmallc.a(lib_a-strlen.o)
                0x0000000000008404                strlen
 .text          0x0000000000008420      0x5d4 c:/altera/15.0/nios2eds/bin/gnu/h-x86_64-mingw32/bin/../lib/gcc/nios2-elf/4.9.1/../../../../../H-x86_64-mingw32/nios2-elf/lib\libsmallc.a(lib_a-vfprintf.o)
                0x000000000000848c                ___vfprintf_internal_r
                0x00000000000089d0                __vfprintf_internal
 .text          0x00000000000089f4       0xac c:/altera/15.0/nios2eds/bin/gnu/h-x86_64-mingw32/bin/../lib/gcc/nios2-elf/4.9.1/../../../../../H-x86_64-mingw32/nios2-elf/lib\libsmallc.a(lib_a-fvwrite_small_dev.o)
                0x00000000000089f4                __sfvwrite_small_dev
 .text          0x0000000000008aa0        0x0 c:/altera/15.0/nios2eds/bin/gnu/h-x86_64-mingw32/bin/../lib/gcc/nios2-elf/4.9.1/../../../../../H-x86_64-mingw32/nios2-elf/lib\libsmallc.a(lib_a-impure.o)
 .text          0x0000000000008aa0       0x58 c:/altera/15.0/nios2eds/bin/gnu/h-x86_64-mingw32/bin/../lib/gcc/nios2-elf/4.9.1/../../../../../H-x86_64-mingw32/nios2-elf/lib\libsmallc.a(lib_a-writer.o)
                0x0000000000008aa0                _write_r
 .text          0x0000000000008af8        0x0 c:/altera/15.0/nios2eds/bin/gnu/h-x86_64-mingw32/bin/../lib/gcc/nios2-elf/4.9.1/../../../../../H-x86_64-mingw32/nios2-elf/lib\libsmallc.a(lib_a-int_errno.o)
 .text          0x0000000000008af8      0x12c c:/altera/15.0/nios2eds/bin/gnu/h-x86_64-mingw32/bin/../lib/gcc/nios2-elf/4.9.1\libgcc.a(lib2-divmod.o)
                0x0000000000008b64                __divsi3
                0x0000000000008bb8                __modsi3
                0x0000000000008c14                __udivsi3
                0x0000000000008c1c                __umodsi3
 .text          0x0000000000008c24       0xe4 ../MTL_bsp/\libhal_bsp.a(alt_load.o)
                0x0000000000008c88                alt_load
 .text          0x0000000000008d08       0x68 ../MTL_bsp/\libhal_bsp.a(alt_main.o)
                0x0000000000008d08                alt_main
 .text          0x0000000000008d70      0x148 ../MTL_bsp/\libhal_bsp.a(alt_write.o)
                0x0000000000008dc0                write
 .text          0x0000000000008eb8       0xb4 ../MTL_bsp/\libhal_bsp.a(alt_sys_init.o)
                0x0000000000008ef0                alt_irq_init
                0x0000000000008f24                alt_sys_init
 .text          0x0000000000008f6c       0xc0 ../MTL_bsp/\libhal_bsp.a(altera_avalon_jtag_uart_fd.o)
                0x0000000000008f6c                altera_avalon_jtag_uart_read_fd
                0x0000000000008fcc                altera_avalon_jtag_uart_write_fd
 .text          0x000000000000902c       0xe4 ../MTL_bsp/\libhal_bsp.a(altera_avalon_jtag_uart_read.o)
                0x000000000000902c                altera_avalon_jtag_uart_read
 .text          0x0000000000009110       0x94 ../MTL_bsp/\libhal_bsp.a(altera_avalon_jtag_uart_write.o)
                0x0000000000009110                altera_avalon_jtag_uart_write
 .text          0x00000000000091a4       0xfc ../MTL_bsp/\libhal_bsp.a(altera_avalon_timer_sc.o)
                0x0000000000009218                alt_avalon_timer_sc_init
 .text          0x00000000000092a0      0x120 ../MTL_bsp/\libhal_bsp.a(alt_close.o)
                0x00000000000092f0                close
 .text          0x00000000000093c0       0x44 ../MTL_bsp/\libhal_bsp.a(alt_dcache_flush_all.o)
                0x00000000000093c0                alt_dcache_flush_all
 .text          0x0000000000009404       0x2c ../MTL_bsp/\libhal_bsp.a(alt_dev.o)
 .text          0x0000000000009430       0xf4 ../MTL_bsp/\libhal_bsp.a(alt_dev_llist_insert.o)
                0x0000000000009480                alt_dev_llist_insert
 .text          0x0000000000009524        0x0 ../MTL_bsp/\libhal_bsp.a(alt_errno.o)
 .text          0x0000000000009524       0x30 ../MTL_bsp/\libhal_bsp.a(alt_icache_flush_all.o)
                0x0000000000009524                alt_icache_flush_all
 .text          0x0000000000009554      0x1e0 ../MTL_bsp/\libhal_bsp.a(alt_iic.o)
                0x0000000000009554                alt_ic_isr_register
                0x00000000000095a4                alt_ic_irq_enable
                0x0000000000009644                alt_ic_irq_disable
                0x00000000000096e8                alt_ic_irq_enabled
 .text          0x0000000000009734       0xf0 ../MTL_bsp/\libhal_bsp.a(alt_iic_isr_register.o)
                0x0000000000009734                alt_iic_isr_register
 .text          0x0000000000009824      0x138 ../MTL_bsp/\libhal_bsp.a(alt_io_redirect.o)
                0x00000000000098e4                alt_io_redirect
 .text          0x000000000000995c        0x0 ../MTL_bsp/\libhal_bsp.a(alt_irq_entry.o)
 .text          0x000000000000995c        0x0 ../MTL_bsp/\libhal_bsp.a(alt_irq_handler.o)
 .text          0x000000000000995c        0x0 ../MTL_bsp/\libhal_bsp.a(alt_irq_vars.o)
 .text          0x000000000000995c      0x274 ../MTL_bsp/\libhal_bsp.a(alt_open.o)
                0x0000000000009a78                open
 .text          0x0000000000009bd0       0x60 ../MTL_bsp/\libhal_bsp.a(alt_release_fd.o)
                0x0000000000009bd0                alt_release_fd
 .text          0x0000000000009c30      0x19c ../MTL_bsp/\libhal_bsp.a(alt_tick.o)
                0x0000000000009c30                alt_alarm_stop
                0x0000000000009cc8                alt_tick
 .text          0x0000000000009dcc       0x20 ../MTL_bsp/\libhal_bsp.a(altera_nios2_qsys_irq.o)
                0x0000000000009dcc                altera_nios2_qsys_irq_init
 .text          0x0000000000009dec        0x0 ../MTL_bsp/\libhal_bsp.a(alt_exception_entry.o)
 .text          0x0000000000009dec       0x90 ../MTL_bsp/\libhal_bsp.a(alt_find_dev.o)
                0x0000000000009dec                alt_find_dev
 .text          0x0000000000009e7c      0x114 ../MTL_bsp/\libhal_bsp.a(alt_find_file.o)
                0x0000000000009e7c                alt_find_file
 .text          0x0000000000009f90       0xb4 ../MTL_bsp/\libhal_bsp.a(alt_get_fd.o)
                0x0000000000009f90                alt_get_fd
 .text          0x000000000000a044       0x8c ../MTL_bsp/\libhal_bsp.a(alt_icache_flush.o)
                0x000000000000a044                alt_icache_flush
 .text          0x000000000000a0d0       0x20 c:/altera/15.0/nios2eds/bin/gnu/h-x86_64-mingw32/bin/../lib/gcc/nios2-elf/4.9.1/../../../../../H-x86_64-mingw32/nios2-elf/lib\libsmallc.a(lib_a-exit.o)
                0x000000000000a0d0                exit
 .text          0x000000000000a0f0       0x30 c:/altera/15.0/nios2eds/bin/gnu/h-x86_64-mingw32/bin/../lib/gcc/nios2-elf/4.9.1/../../../../../H-x86_64-mingw32/nios2-elf/lib\libsmallc.a(lib_a-memcmp.o)
                0x000000000000a0f0                memcmp
 .text          0x000000000000a120      0x19c c:/altera/15.0/nios2eds/bin/gnu/h-x86_64-mingw32/bin/../lib/gcc/nios2-elf/4.9.1/../../../../../H-x86_64-mingw32/nios2-elf/lib\libsmallc.a(lib_a-__call_atexit.o)
                0x000000000000a120                __call_exitprocs
 .text          0x000000000000a2bc       0x34 ../MTL_bsp/\libhal_bsp.a(alt_exit.o)
                0x000000000000a2bc                _exit
 *(.gnu.warning.*)
 *(.fini)
                0x000000000000a2f0                PROVIDE (__etext, ABSOLUTE (.))
                0x000000000000a2f0                PROVIDE (_etext, ABSOLUTE (.))
                0x000000000000a2f0                PROVIDE (etext, ABSOLUTE (.))
 *(.eh_frame_hdr)
                0x000000000000a2f0                . = ALIGN (0x4)
                0x000000000000a2f0                PROVIDE (__preinit_array_start, ABSOLUTE (.))
 *(.preinit_array)
                0x000000000000a2f0                PROVIDE (__preinit_array_end, ABSOLUTE (.))
                0x000000000000a2f0                PROVIDE (__init_array_start, ABSOLUTE (.))
 *(.init_array)
                0x000000000000a2f0                PROVIDE (__init_array_end, ABSOLUTE (.))
                0x000000000000a2f0                PROVIDE (__fini_array_start, ABSOLUTE (.))
 *(.fini_array)
                0x000000000000a2f0                PROVIDE (__fini_array_end, ABSOLUTE (.))
 *(.eh_frame)
 *(.gcc_except_table .gcc_except_table.*)
 *(.dynamic)
                0x000000000000a2f0                PROVIDE (__CTOR_LIST__, ABSOLUTE (.))
 *(.ctors)
 *(SORT(.ctors.*))
                0x000000000000a2f0                PROVIDE (__CTOR_END__, ABSOLUTE (.))
                0x000000000000a2f0                PROVIDE (__DTOR_LIST__, ABSOLUTE (.))
 *(.dtors)
 *(SORT(.dtors.*))
                0x000000000000a2f0                PROVIDE (__DTOR_END__, ABSOLUTE (.))
 *(.jcr)
                0x000000000000a2f0                . = ALIGN (0x4)

.rodata         0x000000000000a2f0       0x58
                0x000000000000a2f0                PROVIDE (__ram_rodata_start, ABSOLUTE (.))
                0x000000000000a2f0                . = ALIGN (0x4)
 *(.rodata .rodata.* .gnu.linkonce.r.*)
 .rodata        0x000000000000a2f0       0x28 obj/default/main.o
 .rodata.str1.4
                0x000000000000a318        0x4 c:/altera/15.0/nios2eds/bin/gnu/h-x86_64-mingw32/bin/../lib/gcc/nios2-elf/4.9.1/../../../../../H-x86_64-mingw32/nios2-elf/lib\libsmallc.a(lib_a-puts.o)
 .rodata        0x000000000000a31c       0x10 ../MTL_bsp/\libhal_bsp.a(alt_main.o)
 .rodata        0x000000000000a32c       0x10 ../MTL_bsp/\libhal_bsp.a(alt_sys_init.o)
 .rodata        0x000000000000a33c        0xc ../MTL_bsp/\libhal_bsp.a(alt_dev.o)
 *(.rodata1)
                0x000000000000a348                . = ALIGN (0x4)
                0x000000000000a348                PROVIDE (__ram_rodata_end, ABSOLUTE (.))
                0x000000000000a2f0                PROVIDE (__flash_rodata_start, LOADADDR (.rodata))

.rwdata         0x000000000000a348      0x2e0 load address 0x000000000000a628
                0x000000000000a348                PROVIDE (__ram_rwdata_start, ABSOLUTE (.))
                0x000000000000a348                . = ALIGN (0x4)
 *(.got.plt)
 *(.got)
 *(.data1)
 *(.data .data.* .gnu.linkonce.d.*)
 .data          0x000000000000a348        0x0 ../MTL_bsp//obj/HAL/src/crt0.o
 .data          0x000000000000a348        0x0 obj/default/main.o
 .data          0x000000000000a348        0x0 c:/altera/15.0/nios2eds/bin/gnu/h-x86_64-mingw32/bin/../lib/gcc/nios2-elf/4.9.1/../../../../../H-x86_64-mingw32/nios2-elf/lib\libsmallc.a(lib_a-printf.o)
 .data          0x000000000000a348        0x0 c:/altera/15.0/nios2eds/bin/gnu/h-x86_64-mingw32/bin/../lib/gcc/nios2-elf/4.9.1/../../../../../H-x86_64-mingw32/nios2-elf/lib\libsmallc.a(lib_a-puts.o)
 .data          0x000000000000a348        0x0 c:/altera/15.0/nios2eds/bin/gnu/h-x86_64-mingw32/bin/../lib/gcc/nios2-elf/4.9.1/../../../../../H-x86_64-mingw32/nios2-elf/lib\libsmallc.a(lib_a-strlen.o)
 .data          0x000000000000a348        0x0 c:/altera/15.0/nios2eds/bin/gnu/h-x86_64-mingw32/bin/../lib/gcc/nios2-elf/4.9.1/../../../../../H-x86_64-mingw32/nios2-elf/lib\libsmallc.a(lib_a-vfprintf.o)
 .data          0x000000000000a348        0x0 c:/altera/15.0/nios2eds/bin/gnu/h-x86_64-mingw32/bin/../lib/gcc/nios2-elf/4.9.1/../../../../../H-x86_64-mingw32/nios2-elf/lib\libsmallc.a(lib_a-fvwrite_small_dev.o)
 .data          0x000000000000a348       0xe0 c:/altera/15.0/nios2eds/bin/gnu/h-x86_64-mingw32/bin/../lib/gcc/nios2-elf/4.9.1/../../../../../H-x86_64-mingw32/nios2-elf/lib\libsmallc.a(lib_a-impure.o)
 .data          0x000000000000a428        0x0 c:/altera/15.0/nios2eds/bin/gnu/h-x86_64-mingw32/bin/../lib/gcc/nios2-elf/4.9.1/../../../../../H-x86_64-mingw32/nios2-elf/lib\libsmallc.a(lib_a-writer.o)
 .data          0x000000000000a428        0x0 c:/altera/15.0/nios2eds/bin/gnu/h-x86_64-mingw32/bin/../lib/gcc/nios2-elf/4.9.1/../../../../../H-x86_64-mingw32/nios2-elf/lib\libsmallc.a(lib_a-int_errno.o)
 .data          0x000000000000a428        0x0 c:/altera/15.0/nios2eds/bin/gnu/h-x86_64-mingw32/bin/../lib/gcc/nios2-elf/4.9.1\libgcc.a(lib2-divmod.o)
 .data          0x000000000000a428        0x0 ../MTL_bsp/\libhal_bsp.a(alt_load.o)
 .data          0x000000000000a428        0x0 ../MTL_bsp/\libhal_bsp.a(alt_main.o)
 .data          0x000000000000a428        0x0 ../MTL_bsp/\libhal_bsp.a(alt_write.o)
 .data          0x000000000000a428       0x2c ../MTL_bsp/\libhal_bsp.a(alt_sys_init.o)
 .data          0x000000000000a454        0x0 ../MTL_bsp/\libhal_bsp.a(altera_avalon_jtag_uart_fd.o)
 .data          0x000000000000a454        0x0 ../MTL_bsp/\libhal_bsp.a(altera_avalon_jtag_uart_read.o)
 .data          0x000000000000a454        0x0 ../MTL_bsp/\libhal_bsp.a(altera_avalon_jtag_uart_write.o)
 .data          0x000000000000a454        0x0 ../MTL_bsp/\libhal_bsp.a(altera_avalon_timer_sc.o)
 .data          0x000000000000a454        0x0 ../MTL_bsp/\libhal_bsp.a(alt_close.o)
 .data          0x000000000000a454        0x0 ../MTL_bsp/\libhal_bsp.a(alt_dcache_flush_all.o)
 .data          0x000000000000a454      0x1a8 ../MTL_bsp/\libhal_bsp.a(alt_dev.o)
                0x000000000000a454                alt_dev_null
                0x000000000000a47c                alt_fd_list
 .data          0x000000000000a5fc        0x0 ../MTL_bsp/\libhal_bsp.a(alt_dev_llist_insert.o)
 .data          0x000000000000a5fc        0x0 ../MTL_bsp/\libhal_bsp.a(alt_errno.o)
 .data          0x000000000000a5fc        0x0 ../MTL_bsp/\libhal_bsp.a(alt_icache_flush_all.o)
 .data          0x000000000000a5fc        0x0 ../MTL_bsp/\libhal_bsp.a(alt_iic.o)
 .data          0x000000000000a5fc        0x0 ../MTL_bsp/\libhal_bsp.a(alt_iic_isr_register.o)
 .data          0x000000000000a5fc        0x0 ../MTL_bsp/\libhal_bsp.a(alt_io_redirect.o)
 .data          0x000000000000a5fc        0x0 ../MTL_bsp/\libhal_bsp.a(alt_irq_entry.o)
 .data          0x000000000000a5fc        0x0 ../MTL_bsp/\libhal_bsp.a(alt_irq_handler.o)
 .data          0x000000000000a5fc        0x0 ../MTL_bsp/\libhal_bsp.a(alt_irq_vars.o)
 .data          0x000000000000a5fc        0x0 ../MTL_bsp/\libhal_bsp.a(alt_open.o)
 .data          0x000000000000a5fc        0x0 ../MTL_bsp/\libhal_bsp.a(alt_release_fd.o)
 .data          0x000000000000a5fc        0x0 ../MTL_bsp/\libhal_bsp.a(alt_tick.o)
 .data          0x000000000000a5fc        0x0 ../MTL_bsp/\libhal_bsp.a(altera_nios2_qsys_irq.o)
 .data          0x000000000000a5fc        0x0 ../MTL_bsp/\libhal_bsp.a(alt_exception_entry.o)
 .data          0x000000000000a5fc        0x0 ../MTL_bsp/\libhal_bsp.a(alt_find_dev.o)
 .data          0x000000000000a5fc        0x0 ../MTL_bsp/\libhal_bsp.a(alt_find_file.o)
 .data          0x000000000000a5fc        0x0 ../MTL_bsp/\libhal_bsp.a(alt_get_fd.o)
 .data          0x000000000000a5fc        0x0 ../MTL_bsp/\libhal_bsp.a(alt_icache_flush.o)
 .data          0x000000000000a5fc        0x0 c:/altera/15.0/nios2eds/bin/gnu/h-x86_64-mingw32/bin/../lib/gcc/nios2-elf/4.9.1/../../../../../H-x86_64-mingw32/nios2-elf/lib\libsmallc.a(lib_a-exit.o)
 .data          0x000000000000a5fc        0x0 c:/altera/15.0/nios2eds/bin/gnu/h-x86_64-mingw32/bin/../lib/gcc/nios2-elf/4.9.1/../../../../../H-x86_64-mingw32/nios2-elf/lib\libsmallc.a(lib_a-memcmp.o)
 .data          0x000000000000a5fc        0x0 c:/altera/15.0/nios2eds/bin/gnu/h-x86_64-mingw32/bin/../lib/gcc/nios2-elf/4.9.1/../../../../../H-x86_64-mingw32/nios2-elf/lib\libsmallc.a(lib_a-__call_atexit.o)
 .data          0x000000000000a5fc        0x0 ../MTL_bsp/\libhal_bsp.a(alt_exit.o)
                0x00000000000125fc                _gp = ABSOLUTE ((. + 0x8000))
                0x00000000000125fc                PROVIDE (gp, _gp)
 *(.rwdata .rwdata.*)
 *(.sdata .sdata.* .gnu.linkonce.s.*)
 .sdata         0x000000000000a5fc        0x8 c:/altera/15.0/nios2eds/bin/gnu/h-x86_64-mingw32/bin/../lib/gcc/nios2-elf/4.9.1/../../../../../H-x86_64-mingw32/nios2-elf/lib\libsmallc.a(lib_a-impure.o)
                0x000000000000a5fc                _global_impure_ptr
                0x000000000000a600                _impure_ptr
 .sdata         0x000000000000a604       0x14 ../MTL_bsp/\libhal_bsp.a(alt_dev.o)
                0x000000000000a604                alt_fs_list
                0x000000000000a60c                alt_dev_list
                0x000000000000a614                alt_max_fd
 .sdata         0x000000000000a618        0x4 ../MTL_bsp/\libhal_bsp.a(alt_errno.o)
                0x000000000000a618                alt_errno
 .sdata         0x000000000000a61c        0x4 ../MTL_bsp/\libhal_bsp.a(alt_irq_vars.o)
                0x000000000000a61c                alt_priority_mask
 .sdata         0x000000000000a620        0x8 ../MTL_bsp/\libhal_bsp.a(alt_tick.o)
                0x000000000000a620                alt_alarm_list
 *(.sdata2 .sdata2.* .gnu.linkonce.s2.*)
                0x000000000000a628                . = ALIGN (0x4)
                0x000000000000a628                _edata = ABSOLUTE (.)
                0x000000000000a628                PROVIDE (edata, ABSOLUTE (.))
                0x000000000000a628                PROVIDE (__ram_rwdata_end, ABSOLUTE (.))
                0x000000000000a628                PROVIDE (__flash_rwdata_start, LOADADDR (.rwdata))

.bss            0x000000000000a908      0x11c
                0x000000000000a908                __bss_start = ABSOLUTE (.)
                0x000000000000a908                PROVIDE (__sbss_start, ABSOLUTE (.))
                0x000000000000a908                PROVIDE (___sbss_start, ABSOLUTE (.))
 *(.dynsbss)
 *(.sbss .sbss.* .gnu.linkonce.sb.*)
 .sbss          0x000000000000a908        0x4 c:/altera/15.0/nios2eds/bin/gnu/h-x86_64-mingw32/bin/../lib/gcc/nios2-elf/4.9.1/../../../../../H-x86_64-mingw32/nios2-elf/lib\libsmallc.a(lib_a-int_errno.o)
                0x000000000000a908                errno
 .sbss          0x000000000000a90c        0xc ../MTL_bsp/\libhal_bsp.a(alt_main.o)
                0x000000000000a90c                alt_argc
                0x000000000000a910                alt_argv
                0x000000000000a914                alt_envp
 .sbss          0x000000000000a918        0x4 ../MTL_bsp/\libhal_bsp.a(alt_irq_vars.o)
                0x000000000000a918                alt_irq_active
 .sbss          0x000000000000a91c        0x8 ../MTL_bsp/\libhal_bsp.a(alt_tick.o)
                0x000000000000a91c                _alt_tick_rate
                0x000000000000a920                _alt_nticks
 *(.sbss2 .sbss2.* .gnu.linkonce.sb2.*)
 *(.scommon)
                0x000000000000a924                PROVIDE (__sbss_end, ABSOLUTE (.))
                0x000000000000a924                PROVIDE (___sbss_end, ABSOLUTE (.))
 *(.dynbss)
 *(.bss .bss.* .gnu.linkonce.b.*)
 .bss           0x000000000000a924        0x0 ../MTL_bsp//obj/HAL/src/crt0.o
 .bss           0x000000000000a924        0x0 obj/default/main.o
 .bss           0x000000000000a924        0x0 c:/altera/15.0/nios2eds/bin/gnu/h-x86_64-mingw32/bin/../lib/gcc/nios2-elf/4.9.1/../../../../../H-x86_64-mingw32/nios2-elf/lib\libsmallc.a(lib_a-printf.o)
 .bss           0x000000000000a924        0x0 c:/altera/15.0/nios2eds/bin/gnu/h-x86_64-mingw32/bin/../lib/gcc/nios2-elf/4.9.1/../../../../../H-x86_64-mingw32/nios2-elf/lib\libsmallc.a(lib_a-puts.o)
 .bss           0x000000000000a924        0x0 c:/altera/15.0/nios2eds/bin/gnu/h-x86_64-mingw32/bin/../lib/gcc/nios2-elf/4.9.1/../../../../../H-x86_64-mingw32/nios2-elf/lib\libsmallc.a(lib_a-strlen.o)
 .bss           0x000000000000a924        0x0 c:/altera/15.0/nios2eds/bin/gnu/h-x86_64-mingw32/bin/../lib/gcc/nios2-elf/4.9.1/../../../../../H-x86_64-mingw32/nios2-elf/lib\libsmallc.a(lib_a-vfprintf.o)
 .bss           0x000000000000a924        0x0 c:/altera/15.0/nios2eds/bin/gnu/h-x86_64-mingw32/bin/../lib/gcc/nios2-elf/4.9.1/../../../../../H-x86_64-mingw32/nios2-elf/lib\libsmallc.a(lib_a-fvwrite_small_dev.o)
 .bss           0x000000000000a924        0x0 c:/altera/15.0/nios2eds/bin/gnu/h-x86_64-mingw32/bin/../lib/gcc/nios2-elf/4.9.1/../../../../../H-x86_64-mingw32/nios2-elf/lib\libsmallc.a(lib_a-impure.o)
 .bss           0x000000000000a924        0x0 c:/altera/15.0/nios2eds/bin/gnu/h-x86_64-mingw32/bin/../lib/gcc/nios2-elf/4.9.1/../../../../../H-x86_64-mingw32/nios2-elf/lib\libsmallc.a(lib_a-writer.o)
 .bss           0x000000000000a924        0x0 c:/altera/15.0/nios2eds/bin/gnu/h-x86_64-mingw32/bin/../lib/gcc/nios2-elf/4.9.1/../../../../../H-x86_64-mingw32/nios2-elf/lib\libsmallc.a(lib_a-int_errno.o)
 .bss           0x000000000000a924        0x0 c:/altera/15.0/nios2eds/bin/gnu/h-x86_64-mingw32/bin/../lib/gcc/nios2-elf/4.9.1\libgcc.a(lib2-divmod.o)
 .bss           0x000000000000a924        0x0 ../MTL_bsp/\libhal_bsp.a(alt_load.o)
 .bss           0x000000000000a924        0x0 ../MTL_bsp/\libhal_bsp.a(alt_main.o)
 .bss           0x000000000000a924        0x0 ../MTL_bsp/\libhal_bsp.a(alt_write.o)
 .bss           0x000000000000a924        0x0 ../MTL_bsp/\libhal_bsp.a(alt_sys_init.o)
 .bss           0x000000000000a924        0x0 ../MTL_bsp/\libhal_bsp.a(altera_avalon_jtag_uart_fd.o)
 .bss           0x000000000000a924        0x0 ../MTL_bsp/\libhal_bsp.a(altera_avalon_jtag_uart_read.o)
 .bss           0x000000000000a924        0x0 ../MTL_bsp/\libhal_bsp.a(altera_avalon_jtag_uart_write.o)
 .bss           0x000000000000a924        0x0 ../MTL_bsp/\libhal_bsp.a(altera_avalon_timer_sc.o)
 .bss           0x000000000000a924        0x0 ../MTL_bsp/\libhal_bsp.a(alt_close.o)
 .bss           0x000000000000a924        0x0 ../MTL_bsp/\libhal_bsp.a(alt_dcache_flush_all.o)
 .bss           0x000000000000a924        0x0 ../MTL_bsp/\libhal_bsp.a(alt_dev.o)
 .bss           0x000000000000a924        0x0 ../MTL_bsp/\libhal_bsp.a(alt_dev_llist_insert.o)
 .bss           0x000000000000a924        0x0 ../MTL_bsp/\libhal_bsp.a(alt_errno.o)
 .bss           0x000000000000a924        0x0 ../MTL_bsp/\libhal_bsp.a(alt_icache_flush_all.o)
 .bss           0x000000000000a924        0x0 ../MTL_bsp/\libhal_bsp.a(alt_iic.o)
 .bss           0x000000000000a924        0x0 ../MTL_bsp/\libhal_bsp.a(alt_iic_isr_register.o)
 .bss           0x000000000000a924        0x0 ../MTL_bsp/\libhal_bsp.a(alt_io_redirect.o)
 .bss           0x000000000000a924        0x0 ../MTL_bsp/\libhal_bsp.a(alt_irq_entry.o)
 .bss           0x000000000000a924        0x0 ../MTL_bsp/\libhal_bsp.a(alt_irq_handler.o)
 .bss           0x000000000000a924        0x0 ../MTL_bsp/\libhal_bsp.a(alt_irq_vars.o)
 .bss           0x000000000000a924        0x0 ../MTL_bsp/\libhal_bsp.a(alt_open.o)
 .bss           0x000000000000a924        0x0 ../MTL_bsp/\libhal_bsp.a(alt_release_fd.o)
 .bss           0x000000000000a924        0x0 ../MTL_bsp/\libhal_bsp.a(alt_tick.o)
 .bss           0x000000000000a924        0x0 ../MTL_bsp/\libhal_bsp.a(altera_nios2_qsys_irq.o)
 .bss           0x000000000000a924        0x0 ../MTL_bsp/\libhal_bsp.a(alt_exception_entry.o)
 .bss           0x000000000000a924        0x0 ../MTL_bsp/\libhal_bsp.a(alt_find_dev.o)
 .bss           0x000000000000a924        0x0 ../MTL_bsp/\libhal_bsp.a(alt_find_file.o)
 .bss           0x000000000000a924        0x0 ../MTL_bsp/\libhal_bsp.a(alt_get_fd.o)
 .bss           0x000000000000a924        0x0 ../MTL_bsp/\libhal_bsp.a(alt_icache_flush.o)
 .bss           0x000000000000a924        0x0 c:/altera/15.0/nios2eds/bin/gnu/h-x86_64-mingw32/bin/../lib/gcc/nios2-elf/4.9.1/../../../../../H-x86_64-mingw32/nios2-elf/lib\libsmallc.a(lib_a-exit.o)
 .bss           0x000000000000a924        0x0 c:/altera/15.0/nios2eds/bin/gnu/h-x86_64-mingw32/bin/../lib/gcc/nios2-elf/4.9.1/../../../../../H-x86_64-mingw32/nios2-elf/lib\libsmallc.a(lib_a-memcmp.o)
 .bss           0x000000000000a924        0x0 c:/altera/15.0/nios2eds/bin/gnu/h-x86_64-mingw32/bin/../lib/gcc/nios2-elf/4.9.1/../../../../../H-x86_64-mingw32/nios2-elf/lib\libsmallc.a(lib_a-__call_atexit.o)
 .bss           0x000000000000a924        0x0 ../MTL_bsp/\libhal_bsp.a(alt_exit.o)
 *(COMMON)
 COMMON         0x000000000000a924      0x100 ../MTL_bsp/\libhal_bsp.a(alt_irq_handler.o)
                0x000000000000a924                alt_irq
                0x000000000000aa24                . = ALIGN (0x4)
                0x000000000000aa24                __bss_end = ABSOLUTE (.)

.mem            0x000000000000aa24        0x0
                0x000000000000aa24                PROVIDE (_alt_partition_mem_start, ABSOLUTE (.))
 *(.mem .mem. mem.*)
                0x000000000000aa24                . = ALIGN (0x4)
                0x000000000000aa24                PROVIDE (_alt_partition_mem_end, ABSOLUTE (.))
                0x000000000000aa24                _end = ABSOLUTE (.)
                0x000000000000aa24                end = ABSOLUTE (.)
                0x000000000000aa24                __alt_stack_base = ABSOLUTE (.)
                0x000000000000aa24                PROVIDE (_alt_partition_mem_load_addr, LOADADDR (.mem))

.stab
 *(.stab)

.stabstr
 *(.stabstr)

.stab.excl
 *(.stab.excl)

.stab.exclstr
 *(.stab.exclstr)

.stab.index
 *(.stab.index)

.stab.indexstr
 *(.stab.indexstr)

.comment        0x0000000000000000       0x23
 *(.comment)
 .comment       0x0000000000000000       0x23 obj/default/main.o
                                         0x24 (size before relaxing)
 .comment       0x0000000000000000       0x24 c:/altera/15.0/nios2eds/bin/gnu/h-x86_64-mingw32/bin/../lib/gcc/nios2-elf/4.9.1/../../../../../H-x86_64-mingw32/nios2-elf/lib\libsmallc.a(lib_a-printf.o)
 .comment       0x0000000000000000       0x24 c:/altera/15.0/nios2eds/bin/gnu/h-x86_64-mingw32/bin/../lib/gcc/nios2-elf/4.9.1/../../../../../H-x86_64-mingw32/nios2-elf/lib\libsmallc.a(lib_a-puts.o)
 .comment       0x0000000000000000       0x24 c:/altera/15.0/nios2eds/bin/gnu/h-x86_64-mingw32/bin/../lib/gcc/nios2-elf/4.9.1/../../../../../H-x86_64-mingw32/nios2-elf/lib\libsmallc.a(lib_a-strlen.o)
 .comment       0x0000000000000000       0x24 c:/altera/15.0/nios2eds/bin/gnu/h-x86_64-mingw32/bin/../lib/gcc/nios2-elf/4.9.1/../../../../../H-x86_64-mingw32/nios2-elf/lib\libsmallc.a(lib_a-vfprintf.o)
 .comment       0x0000000000000000       0x24 c:/altera/15.0/nios2eds/bin/gnu/h-x86_64-mingw32/bin/../lib/gcc/nios2-elf/4.9.1/../../../../../H-x86_64-mingw32/nios2-elf/lib\libsmallc.a(lib_a-fvwrite_small_dev.o)
 .comment       0x0000000000000000       0x24 c:/altera/15.0/nios2eds/bin/gnu/h-x86_64-mingw32/bin/../lib/gcc/nios2-elf/4.9.1/../../../../../H-x86_64-mingw32/nios2-elf/lib\libsmallc.a(lib_a-impure.o)
 .comment       0x0000000000000000       0x24 c:/altera/15.0/nios2eds/bin/gnu/h-x86_64-mingw32/bin/../lib/gcc/nios2-elf/4.9.1/../../../../../H-x86_64-mingw32/nios2-elf/lib\libsmallc.a(lib_a-writer.o)
 .comment       0x0000000000000000       0x24 c:/altera/15.0/nios2eds/bin/gnu/h-x86_64-mingw32/bin/../lib/gcc/nios2-elf/4.9.1/../../../../../H-x86_64-mingw32/nios2-elf/lib\libsmallc.a(lib_a-int_errno.o)
 .comment       0x0000000000000000       0x24 c:/altera/15.0/nios2eds/bin/gnu/h-x86_64-mingw32/bin/../lib/gcc/nios2-elf/4.9.1\libgcc.a(lib2-divmod.o)
 .comment       0x0000000000000000       0x24 ../MTL_bsp/\libhal_bsp.a(alt_load.o)
 .comment       0x0000000000000000       0x24 ../MTL_bsp/\libhal_bsp.a(alt_main.o)
 .comment       0x0000000000000000       0x24 ../MTL_bsp/\libhal_bsp.a(alt_write.o)
 .comment       0x0000000000000000       0x24 ../MTL_bsp/\libhal_bsp.a(alt_sys_init.o)
 .comment       0x0000000000000000       0x24 ../MTL_bsp/\libhal_bsp.a(altera_avalon_jtag_uart_fd.o)
 .comment       0x0000000000000000       0x24 ../MTL_bsp/\libhal_bsp.a(altera_avalon_jtag_uart_read.o)
 .comment       0x0000000000000000       0x24 ../MTL_bsp/\libhal_bsp.a(altera_avalon_jtag_uart_write.o)
 .comment       0x0000000000000000       0x24 ../MTL_bsp/\libhal_bsp.a(altera_avalon_timer_sc.o)
 .comment       0x0000000000000000       0x24 ../MTL_bsp/\libhal_bsp.a(alt_close.o)
 .comment       0x0000000000000000       0x24 ../MTL_bsp/\libhal_bsp.a(alt_dcache_flush_all.o)
 .comment       0x0000000000000000       0x24 ../MTL_bsp/\libhal_bsp.a(alt_dev.o)
 .comment       0x0000000000000000       0x24 ../MTL_bsp/\libhal_bsp.a(alt_dev_llist_insert.o)
 .comment       0x0000000000000000       0x24 ../MTL_bsp/\libhal_bsp.a(alt_errno.o)
 .comment       0x0000000000000000       0x24 ../MTL_bsp/\libhal_bsp.a(alt_icache_flush_all.o)
 .comment       0x0000000000000000       0x24 ../MTL_bsp/\libhal_bsp.a(alt_iic.o)
 .comment       0x0000000000000000       0x24 ../MTL_bsp/\libhal_bsp.a(alt_iic_isr_register.o)
 .comment       0x0000000000000000       0x24 ../MTL_bsp/\libhal_bsp.a(alt_io_redirect.o)
 .comment       0x0000000000000000       0x24 ../MTL_bsp/\libhal_bsp.a(alt_irq_handler.o)
 .comment       0x0000000000000000       0x24 ../MTL_bsp/\libhal_bsp.a(alt_irq_vars.o)
 .comment       0x0000000000000000       0x24 ../MTL_bsp/\libhal_bsp.a(alt_open.o)
 .comment       0x0000000000000000       0x24 ../MTL_bsp/\libhal_bsp.a(alt_release_fd.o)
 .comment       0x0000000000000000       0x24 ../MTL_bsp/\libhal_bsp.a(alt_tick.o)
 .comment       0x0000000000000000       0x24 ../MTL_bsp/\libhal_bsp.a(altera_nios2_qsys_irq.o)
 .comment       0x0000000000000000       0x24 ../MTL_bsp/\libhal_bsp.a(alt_find_dev.o)
 .comment       0x0000000000000000       0x24 ../MTL_bsp/\libhal_bsp.a(alt_find_file.o)
 .comment       0x0000000000000000       0x24 ../MTL_bsp/\libhal_bsp.a(alt_get_fd.o)
 .comment       0x0000000000000000       0x24 ../MTL_bsp/\libhal_bsp.a(alt_icache_flush.o)
 .comment       0x0000000000000000       0x24 c:/altera/15.0/nios2eds/bin/gnu/h-x86_64-mingw32/bin/../lib/gcc/nios2-elf/4.9.1/../../../../../H-x86_64-mingw32/nios2-elf/lib\libsmallc.a(lib_a-exit.o)
 .comment       0x0000000000000000       0x24 c:/altera/15.0/nios2eds/bin/gnu/h-x86_64-mingw32/bin/../lib/gcc/nios2-elf/4.9.1/../../../../../H-x86_64-mingw32/nios2-elf/lib\libsmallc.a(lib_a-memcmp.o)
 .comment       0x0000000000000000       0x24 c:/altera/15.0/nios2eds/bin/gnu/h-x86_64-mingw32/bin/../lib/gcc/nios2-elf/4.9.1/../../../../../H-x86_64-mingw32/nios2-elf/lib\libsmallc.a(lib_a-__call_atexit.o)
 .comment       0x0000000000000000       0x24 ../MTL_bsp/\libhal_bsp.a(alt_exit.o)

.debug
 *(.debug)

.line
 *(.line)

.debug_srcinfo
 *(.debug_srcinfo)

.debug_sfnames
 *(.debug_sfnames)

.debug_aranges  0x0000000000000000      0x590
 *(.debug_aranges)
 .debug_aranges
                0x0000000000000000       0x28 ../MTL_bsp//obj/HAL/src/crt0.o
 .debug_aranges
                0x0000000000000028       0x20 obj/default/main.o
 .debug_aranges
                0x0000000000000048       0x20 c:/altera/15.0/nios2eds/bin/gnu/h-x86_64-mingw32/bin/../lib/gcc/nios2-elf/4.9.1/../../../../../H-x86_64-mingw32/nios2-elf/lib\libsmallc.a(lib_a-printf.o)
 .debug_aranges
                0x0000000000000068       0x20 c:/altera/15.0/nios2eds/bin/gnu/h-x86_64-mingw32/bin/../lib/gcc/nios2-elf/4.9.1/../../../../../H-x86_64-mingw32/nios2-elf/lib\libsmallc.a(lib_a-puts.o)
 .debug_aranges
                0x0000000000000088       0x20 c:/altera/15.0/nios2eds/bin/gnu/h-x86_64-mingw32/bin/../lib/gcc/nios2-elf/4.9.1/../../../../../H-x86_64-mingw32/nios2-elf/lib\libsmallc.a(lib_a-strlen.o)
 .debug_aranges
                0x00000000000000a8       0x20 c:/altera/15.0/nios2eds/bin/gnu/h-x86_64-mingw32/bin/../lib/gcc/nios2-elf/4.9.1/../../../../../H-x86_64-mingw32/nios2-elf/lib\libsmallc.a(lib_a-vfprintf.o)
 .debug_aranges
                0x00000000000000c8       0x20 c:/altera/15.0/nios2eds/bin/gnu/h-x86_64-mingw32/bin/../lib/gcc/nios2-elf/4.9.1/../../../../../H-x86_64-mingw32/nios2-elf/lib\libsmallc.a(lib_a-fvwrite_small_dev.o)
 .debug_aranges
                0x00000000000000e8       0x18 c:/altera/15.0/nios2eds/bin/gnu/h-x86_64-mingw32/bin/../lib/gcc/nios2-elf/4.9.1/../../../../../H-x86_64-mingw32/nios2-elf/lib\libsmallc.a(lib_a-impure.o)
 .debug_aranges
                0x0000000000000100       0x20 c:/altera/15.0/nios2eds/bin/gnu/h-x86_64-mingw32/bin/../lib/gcc/nios2-elf/4.9.1/../../../../../H-x86_64-mingw32/nios2-elf/lib\libsmallc.a(lib_a-writer.o)
 .debug_aranges
                0x0000000000000120       0x18 c:/altera/15.0/nios2eds/bin/gnu/h-x86_64-mingw32/bin/../lib/gcc/nios2-elf/4.9.1/../../../../../H-x86_64-mingw32/nios2-elf/lib\libsmallc.a(lib_a-int_errno.o)
 .debug_aranges
                0x0000000000000138       0x20 c:/altera/15.0/nios2eds/bin/gnu/h-x86_64-mingw32/bin/../lib/gcc/nios2-elf/4.9.1\libgcc.a(lib2-divmod.o)
 .debug_aranges
                0x0000000000000158       0x20 ../MTL_bsp/\libhal_bsp.a(alt_load.o)
 .debug_aranges
                0x0000000000000178       0x20 ../MTL_bsp/\libhal_bsp.a(alt_main.o)
 .debug_aranges
                0x0000000000000198       0x20 ../MTL_bsp/\libhal_bsp.a(alt_write.o)
 .debug_aranges
                0x00000000000001b8       0x20 ../MTL_bsp/\libhal_bsp.a(alt_sys_init.o)
 .debug_aranges
                0x00000000000001d8       0x20 ../MTL_bsp/\libhal_bsp.a(altera_avalon_jtag_uart_fd.o)
 .debug_aranges
                0x00000000000001f8       0x20 ../MTL_bsp/\libhal_bsp.a(altera_avalon_jtag_uart_read.o)
 .debug_aranges
                0x0000000000000218       0x20 ../MTL_bsp/\libhal_bsp.a(altera_avalon_jtag_uart_write.o)
 .debug_aranges
                0x0000000000000238       0x20 ../MTL_bsp/\libhal_bsp.a(altera_avalon_timer_sc.o)
 .debug_aranges
                0x0000000000000258       0x20 ../MTL_bsp/\libhal_bsp.a(alt_close.o)
 .debug_aranges
                0x0000000000000278       0x20 ../MTL_bsp/\libhal_bsp.a(alt_dcache_flush_all.o)
 .debug_aranges
                0x0000000000000298       0x20 ../MTL_bsp/\libhal_bsp.a(alt_dev.o)
 .debug_aranges
                0x00000000000002b8       0x20 ../MTL_bsp/\libhal_bsp.a(alt_dev_llist_insert.o)
 .debug_aranges
                0x00000000000002d8       0x18 ../MTL_bsp/\libhal_bsp.a(alt_errno.o)
 .debug_aranges
                0x00000000000002f0       0x20 ../MTL_bsp/\libhal_bsp.a(alt_icache_flush_all.o)
 .debug_aranges
                0x0000000000000310       0x20 ../MTL_bsp/\libhal_bsp.a(alt_iic.o)
 .debug_aranges
                0x0000000000000330       0x20 ../MTL_bsp/\libhal_bsp.a(alt_iic_isr_register.o)
 .debug_aranges
                0x0000000000000350       0x20 ../MTL_bsp/\libhal_bsp.a(alt_io_redirect.o)
 .debug_aranges
                0x0000000000000370       0x30 ../MTL_bsp/\libhal_bsp.a(alt_irq_entry.o)
 .debug_aranges
                0x00000000000003a0       0x20 ../MTL_bsp/\libhal_bsp.a(alt_irq_handler.o)
 .debug_aranges
                0x00000000000003c0       0x18 ../MTL_bsp/\libhal_bsp.a(alt_irq_vars.o)
 .debug_aranges
                0x00000000000003d8       0x20 ../MTL_bsp/\libhal_bsp.a(alt_open.o)
 .debug_aranges
                0x00000000000003f8       0x20 ../MTL_bsp/\libhal_bsp.a(alt_release_fd.o)
 .debug_aranges
                0x0000000000000418       0x20 ../MTL_bsp/\libhal_bsp.a(alt_tick.o)
 .debug_aranges
                0x0000000000000438       0x20 ../MTL_bsp/\libhal_bsp.a(altera_nios2_qsys_irq.o)
 .debug_aranges
                0x0000000000000458       0x38 ../MTL_bsp/\libhal_bsp.a(alt_exception_entry.o)
 .debug_aranges
                0x0000000000000490       0x20 ../MTL_bsp/\libhal_bsp.a(alt_find_dev.o)
 .debug_aranges
                0x00000000000004b0       0x20 ../MTL_bsp/\libhal_bsp.a(alt_find_file.o)
 .debug_aranges
                0x00000000000004d0       0x20 ../MTL_bsp/\libhal_bsp.a(alt_get_fd.o)
 .debug_aranges
                0x00000000000004f0       0x20 ../MTL_bsp/\libhal_bsp.a(alt_icache_flush.o)
 .debug_aranges
                0x0000000000000510       0x20 c:/altera/15.0/nios2eds/bin/gnu/h-x86_64-mingw32/bin/../lib/gcc/nios2-elf/4.9.1/../../../../../H-x86_64-mingw32/nios2-elf/lib\libsmallc.a(lib_a-exit.o)
 .debug_aranges
                0x0000000000000530       0x20 c:/altera/15.0/nios2eds/bin/gnu/h-x86_64-mingw32/bin/../lib/gcc/nios2-elf/4.9.1/../../../../../H-x86_64-mingw32/nios2-elf/lib\libsmallc.a(lib_a-memcmp.o)
 .debug_aranges
                0x0000000000000550       0x20 c:/altera/15.0/nios2eds/bin/gnu/h-x86_64-mingw32/bin/../lib/gcc/nios2-elf/4.9.1/../../../../../H-x86_64-mingw32/nios2-elf/lib\libsmallc.a(lib_a-__call_atexit.o)
 .debug_aranges
                0x0000000000000570       0x20 ../MTL_bsp/\libhal_bsp.a(alt_exit.o)

.debug_pubnames
 *(.debug_pubnames)

.debug_info     0x0000000000000000     0x788d
 *(.debug_info .gnu.linkonce.wi.*)
 .debug_info    0x0000000000000000       0x7a ../MTL_bsp//obj/HAL/src/crt0.o
 .debug_info    0x000000000000007a      0x195 obj/default/main.o
 .debug_info    0x000000000000020f      0x6c7 c:/altera/15.0/nios2eds/bin/gnu/h-x86_64-mingw32/bin/../lib/gcc/nios2-elf/4.9.1/../../../../../H-x86_64-mingw32/nios2-elf/lib\libsmallc.a(lib_a-printf.o)
 .debug_info    0x00000000000008d6      0x685 c:/altera/15.0/nios2eds/bin/gnu/h-x86_64-mingw32/bin/../lib/gcc/nios2-elf/4.9.1/../../../../../H-x86_64-mingw32/nios2-elf/lib\libsmallc.a(lib_a-puts.o)
 .debug_info    0x0000000000000f5b       0xc2 c:/altera/15.0/nios2eds/bin/gnu/h-x86_64-mingw32/bin/../lib/gcc/nios2-elf/4.9.1/../../../../../H-x86_64-mingw32/nios2-elf/lib\libsmallc.a(lib_a-strlen.o)
 .debug_info    0x000000000000101d      0xb49 c:/altera/15.0/nios2eds/bin/gnu/h-x86_64-mingw32/bin/../lib/gcc/nios2-elf/4.9.1/../../../../../H-x86_64-mingw32/nios2-elf/lib\libsmallc.a(lib_a-vfprintf.o)
 .debug_info    0x0000000000001b66      0x656 c:/altera/15.0/nios2eds/bin/gnu/h-x86_64-mingw32/bin/../lib/gcc/nios2-elf/4.9.1/../../../../../H-x86_64-mingw32/nios2-elf/lib\libsmallc.a(lib_a-fvwrite_small_dev.o)
 .debug_info    0x00000000000021bc      0x5a7 c:/altera/15.0/nios2eds/bin/gnu/h-x86_64-mingw32/bin/../lib/gcc/nios2-elf/4.9.1/../../../../../H-x86_64-mingw32/nios2-elf/lib\libsmallc.a(lib_a-impure.o)
 .debug_info    0x0000000000002763      0x639 c:/altera/15.0/nios2eds/bin/gnu/h-x86_64-mingw32/bin/../lib/gcc/nios2-elf/4.9.1/../../../../../H-x86_64-mingw32/nios2-elf/lib\libsmallc.a(lib_a-writer.o)
 .debug_info    0x0000000000002d9c       0x83 c:/altera/15.0/nios2eds/bin/gnu/h-x86_64-mingw32/bin/../lib/gcc/nios2-elf/4.9.1/../../../../../H-x86_64-mingw32/nios2-elf/lib\libsmallc.a(lib_a-int_errno.o)
 .debug_info    0x0000000000002e1f      0x234 c:/altera/15.0/nios2eds/bin/gnu/h-x86_64-mingw32/bin/../lib/gcc/nios2-elf/4.9.1\libgcc.a(lib2-divmod.o)
 .debug_info    0x0000000000003053      0x13e ../MTL_bsp/\libhal_bsp.a(alt_load.o)
 .debug_info    0x0000000000003191      0x12a ../MTL_bsp/\libhal_bsp.a(alt_main.o)
 .debug_info    0x00000000000032bb      0x4b0 ../MTL_bsp/\libhal_bsp.a(alt_write.o)
 .debug_info    0x000000000000376b      0x3d8 ../MTL_bsp/\libhal_bsp.a(alt_sys_init.o)
 .debug_info    0x0000000000003b43      0x3a0 ../MTL_bsp/\libhal_bsp.a(altera_avalon_jtag_uart_fd.o)
 .debug_info    0x0000000000003ee3      0x1af ../MTL_bsp/\libhal_bsp.a(altera_avalon_jtag_uart_read.o)
 .debug_info    0x0000000000004092      0x18e ../MTL_bsp/\libhal_bsp.a(altera_avalon_jtag_uart_write.o)
 .debug_info    0x0000000000004220      0x21f ../MTL_bsp/\libhal_bsp.a(altera_avalon_timer_sc.o)
 .debug_info    0x000000000000443f      0x31a ../MTL_bsp/\libhal_bsp.a(alt_close.o)
 .debug_info    0x0000000000004759       0x9e ../MTL_bsp/\libhal_bsp.a(alt_dcache_flush_all.o)
 .debug_info    0x00000000000047f7      0x495 ../MTL_bsp/\libhal_bsp.a(alt_dev.o)
 .debug_info    0x0000000000004c8c      0x1a2 ../MTL_bsp/\libhal_bsp.a(alt_dev_llist_insert.o)
 .debug_info    0x0000000000004e2e       0x9f ../MTL_bsp/\libhal_bsp.a(alt_errno.o)
 .debug_info    0x0000000000004ecd       0x8b ../MTL_bsp/\libhal_bsp.a(alt_icache_flush_all.o)
 .debug_info    0x0000000000004f58      0x349 ../MTL_bsp/\libhal_bsp.a(alt_iic.o)
 .debug_info    0x00000000000052a1      0x1e8 ../MTL_bsp/\libhal_bsp.a(alt_iic_isr_register.o)
 .debug_info    0x0000000000005489      0x49e ../MTL_bsp/\libhal_bsp.a(alt_io_redirect.o)
 .debug_info    0x0000000000005927       0x83 ../MTL_bsp/\libhal_bsp.a(alt_irq_entry.o)
 .debug_info    0x00000000000059aa      0x180 ../MTL_bsp/\libhal_bsp.a(alt_irq_handler.o)
 .debug_info    0x0000000000005b2a       0x88 ../MTL_bsp/\libhal_bsp.a(alt_irq_vars.o)
 .debug_info    0x0000000000005bb2      0x3b4 ../MTL_bsp/\libhal_bsp.a(alt_open.o)
 .debug_info    0x0000000000005f66      0x2b0 ../MTL_bsp/\libhal_bsp.a(alt_release_fd.o)
 .debug_info    0x0000000000006216      0x292 ../MTL_bsp/\libhal_bsp.a(alt_tick.o)
 .debug_info    0x00000000000064a8       0x8b ../MTL_bsp/\libhal_bsp.a(altera_nios2_qsys_irq.o)
 .debug_info    0x0000000000006533       0x89 ../MTL_bsp/\libhal_bsp.a(alt_exception_entry.o)
 .debug_info    0x00000000000065bc      0x2e2 ../MTL_bsp/\libhal_bsp.a(alt_find_dev.o)
 .debug_info    0x000000000000689e      0x2df ../MTL_bsp/\libhal_bsp.a(alt_find_file.o)
 .debug_info    0x0000000000006b7d      0x309 ../MTL_bsp/\libhal_bsp.a(alt_get_fd.o)
 .debug_info    0x0000000000006e86       0xd5 ../MTL_bsp/\libhal_bsp.a(alt_icache_flush.o)
 .debug_info    0x0000000000006f5b       0xed c:/altera/15.0/nios2eds/bin/gnu/h-x86_64-mingw32/bin/../lib/gcc/nios2-elf/4.9.1/../../../../../H-x86_64-mingw32/nios2-elf/lib\libsmallc.a(lib_a-exit.o)
 .debug_info    0x0000000000007048       0xed c:/altera/15.0/nios2eds/bin/gnu/h-x86_64-mingw32/bin/../lib/gcc/nios2-elf/4.9.1/../../../../../H-x86_64-mingw32/nios2-elf/lib\libsmallc.a(lib_a-memcmp.o)
 .debug_info    0x0000000000007135      0x673 c:/altera/15.0/nios2eds/bin/gnu/h-x86_64-mingw32/bin/../lib/gcc/nios2-elf/4.9.1/../../../../../H-x86_64-mingw32/nios2-elf/lib\libsmallc.a(lib_a-__call_atexit.o)
 .debug_info    0x00000000000077a8       0xe5 ../MTL_bsp/\libhal_bsp.a(alt_exit.o)

.debug_abbrev   0x0000000000000000     0x29fd
 *(.debug_abbrev)
 .debug_abbrev  0x0000000000000000       0x12 ../MTL_bsp//obj/HAL/src/crt0.o
 .debug_abbrev  0x0000000000000012       0xe6 obj/default/main.o
 .debug_abbrev  0x00000000000000f8      0x1fe c:/altera/15.0/nios2eds/bin/gnu/h-x86_64-mingw32/bin/../lib/gcc/nios2-elf/4.9.1/../../../../../H-x86_64-mingw32/nios2-elf/lib\libsmallc.a(lib_a-printf.o)
 .debug_abbrev  0x00000000000002f6      0x1ed c:/altera/15.0/nios2eds/bin/gnu/h-x86_64-mingw32/bin/../lib/gcc/nios2-elf/4.9.1/../../../../../H-x86_64-mingw32/nios2-elf/lib\libsmallc.a(lib_a-puts.o)
 .debug_abbrev  0x00000000000004e3       0x7f c:/altera/15.0/nios2eds/bin/gnu/h-x86_64-mingw32/bin/../lib/gcc/nios2-elf/4.9.1/../../../../../H-x86_64-mingw32/nios2-elf/lib\libsmallc.a(lib_a-strlen.o)
 .debug_abbrev  0x0000000000000562      0x2a1 c:/altera/15.0/nios2eds/bin/gnu/h-x86_64-mingw32/bin/../lib/gcc/nios2-elf/4.9.1/../../../../../H-x86_64-mingw32/nios2-elf/lib\libsmallc.a(lib_a-vfprintf.o)
 .debug_abbrev  0x0000000000000803      0x1c3 c:/altera/15.0/nios2eds/bin/gnu/h-x86_64-mingw32/bin/../lib/gcc/nios2-elf/4.9.1/../../../../../H-x86_64-mingw32/nios2-elf/lib\libsmallc.a(lib_a-fvwrite_small_dev.o)
 .debug_abbrev  0x00000000000009c6      0x14a c:/altera/15.0/nios2eds/bin/gnu/h-x86_64-mingw32/bin/../lib/gcc/nios2-elf/4.9.1/../../../../../H-x86_64-mingw32/nios2-elf/lib\libsmallc.a(lib_a-impure.o)
 .debug_abbrev  0x0000000000000b10      0x1a8 c:/altera/15.0/nios2eds/bin/gnu/h-x86_64-mingw32/bin/../lib/gcc/nios2-elf/4.9.1/../../../../../H-x86_64-mingw32/nios2-elf/lib\libsmallc.a(lib_a-writer.o)
 .debug_abbrev  0x0000000000000cb8       0x37 c:/altera/15.0/nios2eds/bin/gnu/h-x86_64-mingw32/bin/../lib/gcc/nios2-elf/4.9.1/../../../../../H-x86_64-mingw32/nios2-elf/lib\libsmallc.a(lib_a-int_errno.o)
 .debug_abbrev  0x0000000000000cef       0xd9 c:/altera/15.0/nios2eds/bin/gnu/h-x86_64-mingw32/bin/../lib/gcc/nios2-elf/4.9.1\libgcc.a(lib2-divmod.o)
 .debug_abbrev  0x0000000000000dc8       0x9f ../MTL_bsp/\libhal_bsp.a(alt_load.o)
 .debug_abbrev  0x0000000000000e67       0xba ../MTL_bsp/\libhal_bsp.a(alt_main.o)
 .debug_abbrev  0x0000000000000f21      0x133 ../MTL_bsp/\libhal_bsp.a(alt_write.o)
 .debug_abbrev  0x0000000000001054      0x157 ../MTL_bsp/\libhal_bsp.a(alt_sys_init.o)
 .debug_abbrev  0x00000000000011ab       0xf7 ../MTL_bsp/\libhal_bsp.a(altera_avalon_jtag_uart_fd.o)
 .debug_abbrev  0x00000000000012a2       0xd7 ../MTL_bsp/\libhal_bsp.a(altera_avalon_jtag_uart_read.o)
 .debug_abbrev  0x0000000000001379       0xd5 ../MTL_bsp/\libhal_bsp.a(altera_avalon_jtag_uart_write.o)
 .debug_abbrev  0x000000000000144e      0x155 ../MTL_bsp/\libhal_bsp.a(altera_avalon_timer_sc.o)
 .debug_abbrev  0x00000000000015a3      0x11f ../MTL_bsp/\libhal_bsp.a(alt_close.o)
 .debug_abbrev  0x00000000000016c2       0x5a ../MTL_bsp/\libhal_bsp.a(alt_dcache_flush_all.o)
 .debug_abbrev  0x000000000000171c       0xd9 ../MTL_bsp/\libhal_bsp.a(alt_dev.o)
 .debug_abbrev  0x00000000000017f5      0x114 ../MTL_bsp/\libhal_bsp.a(alt_dev_llist_insert.o)
 .debug_abbrev  0x0000000000001909       0x5a ../MTL_bsp/\libhal_bsp.a(alt_errno.o)
 .debug_abbrev  0x0000000000001963       0x42 ../MTL_bsp/\libhal_bsp.a(alt_icache_flush_all.o)
 .debug_abbrev  0x00000000000019a5      0x163 ../MTL_bsp/\libhal_bsp.a(alt_iic.o)
 .debug_abbrev  0x0000000000001b08      0x169 ../MTL_bsp/\libhal_bsp.a(alt_iic_isr_register.o)
 .debug_abbrev  0x0000000000001c71      0x114 ../MTL_bsp/\libhal_bsp.a(alt_io_redirect.o)
 .debug_abbrev  0x0000000000001d85       0x12 ../MTL_bsp/\libhal_bsp.a(alt_irq_entry.o)
 .debug_abbrev  0x0000000000001d97      0x122 ../MTL_bsp/\libhal_bsp.a(alt_irq_handler.o)
 .debug_abbrev  0x0000000000001eb9       0x40 ../MTL_bsp/\libhal_bsp.a(alt_irq_vars.o)
 .debug_abbrev  0x0000000000001ef9      0x148 ../MTL_bsp/\libhal_bsp.a(alt_open.o)
 .debug_abbrev  0x0000000000002041       0xde ../MTL_bsp/\libhal_bsp.a(alt_release_fd.o)
 .debug_abbrev  0x000000000000211f      0x15a ../MTL_bsp/\libhal_bsp.a(alt_tick.o)
 .debug_abbrev  0x0000000000002279       0x42 ../MTL_bsp/\libhal_bsp.a(altera_nios2_qsys_irq.o)
 .debug_abbrev  0x00000000000022bb       0x12 ../MTL_bsp/\libhal_bsp.a(alt_exception_entry.o)
 .debug_abbrev  0x00000000000022cd       0xf0 ../MTL_bsp/\libhal_bsp.a(alt_find_dev.o)
 .debug_abbrev  0x00000000000023bd       0xf0 ../MTL_bsp/\libhal_bsp.a(alt_find_file.o)
 .debug_abbrev  0x00000000000024ad      0x10d ../MTL_bsp/\libhal_bsp.a(alt_get_fd.o)
 .debug_abbrev  0x00000000000025ba       0x8c ../MTL_bsp/\libhal_bsp.a(alt_icache_flush.o)
 .debug_abbrev  0x0000000000002646       0xa9 c:/altera/15.0/nios2eds/bin/gnu/h-x86_64-mingw32/bin/../lib/gcc/nios2-elf/4.9.1/../../../../../H-x86_64-mingw32/nios2-elf/lib\libsmallc.a(lib_a-exit.o)
 .debug_abbrev  0x00000000000026ef       0x7f c:/altera/15.0/nios2eds/bin/gnu/h-x86_64-mingw32/bin/../lib/gcc/nios2-elf/4.9.1/../../../../../H-x86_64-mingw32/nios2-elf/lib\libsmallc.a(lib_a-memcmp.o)
 .debug_abbrev  0x000000000000276e      0x1e9 c:/altera/15.0/nios2eds/bin/gnu/h-x86_64-mingw32/bin/../lib/gcc/nios2-elf/4.9.1/../../../../../H-x86_64-mingw32/nios2-elf/lib\libsmallc.a(lib_a-__call_atexit.o)
 .debug_abbrev  0x0000000000002957       0xa6 ../MTL_bsp/\libhal_bsp.a(alt_exit.o)

.debug_line     0x0000000000000000     0x2d14
 *(.debug_line)
 .debug_line    0x0000000000000000       0x72 ../MTL_bsp//obj/HAL/src/crt0.o
 .debug_line    0x0000000000000072       0xd9 obj/default/main.o
 .debug_line    0x000000000000014b      0x1fa c:/altera/15.0/nios2eds/bin/gnu/h-x86_64-mingw32/bin/../lib/gcc/nios2-elf/4.9.1/../../../../../H-x86_64-mingw32/nios2-elf/lib\libsmallc.a(lib_a-printf.o)
 .debug_line    0x0000000000000345      0x1fc c:/altera/15.0/nios2eds/bin/gnu/h-x86_64-mingw32/bin/../lib/gcc/nios2-elf/4.9.1/../../../../../H-x86_64-mingw32/nios2-elf/lib\libsmallc.a(lib_a-puts.o)
 .debug_line    0x0000000000000541      0x15b c:/altera/15.0/nios2eds/bin/gnu/h-x86_64-mingw32/bin/../lib/gcc/nios2-elf/4.9.1/../../../../../H-x86_64-mingw32/nios2-elf/lib\libsmallc.a(lib_a-strlen.o)
 .debug_line    0x000000000000069c      0x34b c:/altera/15.0/nios2eds/bin/gnu/h-x86_64-mingw32/bin/../lib/gcc/nios2-elf/4.9.1/../../../../../H-x86_64-mingw32/nios2-elf/lib\libsmallc.a(lib_a-vfprintf.o)
 .debug_line    0x00000000000009e7      0x1f2 c:/altera/15.0/nios2eds/bin/gnu/h-x86_64-mingw32/bin/../lib/gcc/nios2-elf/4.9.1/../../../../../H-x86_64-mingw32/nios2-elf/lib\libsmallc.a(lib_a-fvwrite_small_dev.o)
 .debug_line    0x0000000000000bd9      0x155 c:/altera/15.0/nios2eds/bin/gnu/h-x86_64-mingw32/bin/../lib/gcc/nios2-elf/4.9.1/../../../../../H-x86_64-mingw32/nios2-elf/lib\libsmallc.a(lib_a-impure.o)
 .debug_line    0x0000000000000d2e      0x1ed c:/altera/15.0/nios2eds/bin/gnu/h-x86_64-mingw32/bin/../lib/gcc/nios2-elf/4.9.1/../../../../../H-x86_64-mingw32/nios2-elf/lib\libsmallc.a(lib_a-writer.o)
 .debug_line    0x0000000000000f1b       0x5d c:/altera/15.0/nios2eds/bin/gnu/h-x86_64-mingw32/bin/../lib/gcc/nios2-elf/4.9.1/../../../../../H-x86_64-mingw32/nios2-elf/lib\libsmallc.a(lib_a-int_errno.o)
 .debug_line    0x0000000000000f78       0xc4 c:/altera/15.0/nios2eds/bin/gnu/h-x86_64-mingw32/bin/../lib/gcc/nios2-elf/4.9.1\libgcc.a(lib2-divmod.o)
 .debug_line    0x000000000000103c       0x8d ../MTL_bsp/\libhal_bsp.a(alt_load.o)
 .debug_line    0x00000000000010c9       0x9e ../MTL_bsp/\libhal_bsp.a(alt_main.o)
 .debug_line    0x0000000000001167      0x1cc ../MTL_bsp/\libhal_bsp.a(alt_write.o)
 .debug_line    0x0000000000001333      0x141 ../MTL_bsp/\libhal_bsp.a(alt_sys_init.o)
 .debug_line    0x0000000000001474      0x112 ../MTL_bsp/\libhal_bsp.a(altera_avalon_jtag_uart_fd.o)
 .debug_line    0x0000000000001586       0xff ../MTL_bsp/\libhal_bsp.a(altera_avalon_jtag_uart_read.o)
 .debug_line    0x0000000000001685       0xf4 ../MTL_bsp/\libhal_bsp.a(altera_avalon_jtag_uart_write.o)
 .debug_line    0x0000000000001779       0xfd ../MTL_bsp/\libhal_bsp.a(altera_avalon_timer_sc.o)
 .debug_line    0x0000000000001876      0x15e ../MTL_bsp/\libhal_bsp.a(alt_close.o)
 .debug_line    0x00000000000019d4       0x61 ../MTL_bsp/\libhal_bsp.a(alt_dcache_flush_all.o)
 .debug_line    0x0000000000001a35       0xf0 ../MTL_bsp/\libhal_bsp.a(alt_dev.o)
 .debug_line    0x0000000000001b25       0xd0 ../MTL_bsp/\libhal_bsp.a(alt_dev_llist_insert.o)
 .debug_line    0x0000000000001bf5       0x51 ../MTL_bsp/\libhal_bsp.a(alt_errno.o)
 .debug_line    0x0000000000001c46       0x50 ../MTL_bsp/\libhal_bsp.a(alt_icache_flush_all.o)
 .debug_line    0x0000000000001c96       0xef ../MTL_bsp/\libhal_bsp.a(alt_iic.o)
 .debug_line    0x0000000000001d85       0xdb ../MTL_bsp/\libhal_bsp.a(alt_iic_isr_register.o)
 .debug_line    0x0000000000001e60      0x12b ../MTL_bsp/\libhal_bsp.a(alt_io_redirect.o)
 .debug_line    0x0000000000001f8b       0x6b ../MTL_bsp/\libhal_bsp.a(alt_irq_entry.o)
 .debug_line    0x0000000000001ff6       0xaa ../MTL_bsp/\libhal_bsp.a(alt_irq_handler.o)
 .debug_line    0x00000000000020a0       0x50 ../MTL_bsp/\libhal_bsp.a(alt_irq_vars.o)
 .debug_line    0x00000000000020f0      0x12a ../MTL_bsp/\libhal_bsp.a(alt_open.o)
 .debug_line    0x000000000000221a       0xae ../MTL_bsp/\libhal_bsp.a(alt_release_fd.o)
 .debug_line    0x00000000000022c8       0xfe ../MTL_bsp/\libhal_bsp.a(alt_tick.o)
 .debug_line    0x00000000000023c6       0x51 ../MTL_bsp/\libhal_bsp.a(altera_nios2_qsys_irq.o)
 .debug_line    0x0000000000002417       0xab ../MTL_bsp/\libhal_bsp.a(alt_exception_entry.o)
 .debug_line    0x00000000000024c2       0xb5 ../MTL_bsp/\libhal_bsp.a(alt_find_dev.o)
 .debug_line    0x0000000000002577       0xd1 ../MTL_bsp/\libhal_bsp.a(alt_find_file.o)
 .debug_line    0x0000000000002648       0xd5 ../MTL_bsp/\libhal_bsp.a(alt_get_fd.o)
 .debug_line    0x000000000000271d       0x81 ../MTL_bsp/\libhal_bsp.a(alt_icache_flush.o)
 .debug_line    0x000000000000279e      0x157 c:/altera/15.0/nios2eds/bin/gnu/h-x86_64-mingw32/bin/../lib/gcc/nios2-elf/4.9.1/../../../../../H-x86_64-mingw32/nios2-elf/lib\libsmallc.a(lib_a-exit.o)
 .debug_line    0x00000000000028f5      0x15f c:/altera/15.0/nios2eds/bin/gnu/h-x86_64-mingw32/bin/../lib/gcc/nios2-elf/4.9.1/../../../../../H-x86_64-mingw32/nios2-elf/lib\libsmallc.a(lib_a-memcmp.o)
 .debug_line    0x0000000000002a54      0x24f c:/altera/15.0/nios2eds/bin/gnu/h-x86_64-mingw32/bin/../lib/gcc/nios2-elf/4.9.1/../../../../../H-x86_64-mingw32/nios2-elf/lib\libsmallc.a(lib_a-__call_atexit.o)
 .debug_line    0x0000000000002ca3       0x71 ../MTL_bsp/\libhal_bsp.a(alt_exit.o)

.debug_frame    0x0000000000000000      0xae4
 *(.debug_frame)
 .debug_frame   0x0000000000000000       0x50 obj/default/main.o
 .debug_frame   0x0000000000000050       0x48 c:/altera/15.0/nios2eds/bin/gnu/h-x86_64-mingw32/bin/../lib/gcc/nios2-elf/4.9.1/../../../../../H-x86_64-mingw32/nios2-elf/lib\libsmallc.a(lib_a-printf.o)
 .debug_frame   0x0000000000000098       0x48 c:/altera/15.0/nios2eds/bin/gnu/h-x86_64-mingw32/bin/../lib/gcc/nios2-elf/4.9.1/../../../../../H-x86_64-mingw32/nios2-elf/lib\libsmallc.a(lib_a-puts.o)
 .debug_frame   0x00000000000000e0       0x20 c:/altera/15.0/nios2eds/bin/gnu/h-x86_64-mingw32/bin/../lib/gcc/nios2-elf/4.9.1/../../../../../H-x86_64-mingw32/nios2-elf/lib\libsmallc.a(lib_a-strlen.o)
 .debug_frame   0x0000000000000100       0x8c c:/altera/15.0/nios2eds/bin/gnu/h-x86_64-mingw32/bin/../lib/gcc/nios2-elf/4.9.1/../../../../../H-x86_64-mingw32/nios2-elf/lib\libsmallc.a(lib_a-vfprintf.o)
 .debug_frame   0x000000000000018c       0x40 c:/altera/15.0/nios2eds/bin/gnu/h-x86_64-mingw32/bin/../lib/gcc/nios2-elf/4.9.1/../../../../../H-x86_64-mingw32/nios2-elf/lib\libsmallc.a(lib_a-fvwrite_small_dev.o)
 .debug_frame   0x00000000000001cc       0x38 c:/altera/15.0/nios2eds/bin/gnu/h-x86_64-mingw32/bin/../lib/gcc/nios2-elf/4.9.1/../../../../../H-x86_64-mingw32/nios2-elf/lib\libsmallc.a(lib_a-writer.o)
 .debug_frame   0x0000000000000204       0x8c c:/altera/15.0/nios2eds/bin/gnu/h-x86_64-mingw32/bin/../lib/gcc/nios2-elf/4.9.1\libgcc.a(lib2-divmod.o)
 .debug_frame   0x0000000000000290       0x5c ../MTL_bsp/\libhal_bsp.a(alt_load.o)
 .debug_frame   0x00000000000002ec       0x2c ../MTL_bsp/\libhal_bsp.a(alt_main.o)
 .debug_frame   0x0000000000000318       0x60 ../MTL_bsp/\libhal_bsp.a(alt_write.o)
 .debug_frame   0x0000000000000378       0x88 ../MTL_bsp/\libhal_bsp.a(alt_sys_init.o)
 .debug_frame   0x0000000000000400       0x60 ../MTL_bsp/\libhal_bsp.a(altera_avalon_jtag_uart_fd.o)
 .debug_frame   0x0000000000000460       0x34 ../MTL_bsp/\libhal_bsp.a(altera_avalon_jtag_uart_read.o)
 .debug_frame   0x0000000000000494       0x34 ../MTL_bsp/\libhal_bsp.a(altera_avalon_jtag_uart_write.o)
 .debug_frame   0x00000000000004c8       0x60 ../MTL_bsp/\libhal_bsp.a(altera_avalon_timer_sc.o)
 .debug_frame   0x0000000000000528       0x60 ../MTL_bsp/\libhal_bsp.a(alt_close.o)
 .debug_frame   0x0000000000000588       0x34 ../MTL_bsp/\libhal_bsp.a(alt_dcache_flush_all.o)
 .debug_frame   0x00000000000005bc       0x34 ../MTL_bsp/\libhal_bsp.a(alt_dev.o)
 .debug_frame   0x00000000000005f0       0x60 ../MTL_bsp/\libhal_bsp.a(alt_dev_llist_insert.o)
 .debug_frame   0x0000000000000650       0x38 ../MTL_bsp/\libhal_bsp.a(alt_icache_flush_all.o)
 .debug_frame   0x0000000000000688       0xa4 ../MTL_bsp/\libhal_bsp.a(alt_iic.o)
 .debug_frame   0x000000000000072c       0x38 ../MTL_bsp/\libhal_bsp.a(alt_iic_isr_register.o)
 .debug_frame   0x0000000000000764       0x60 ../MTL_bsp/\libhal_bsp.a(alt_io_redirect.o)
 .debug_frame   0x00000000000007c4       0x38 ../MTL_bsp/\libhal_bsp.a(alt_irq_handler.o)
 .debug_frame   0x00000000000007fc       0x84 ../MTL_bsp/\libhal_bsp.a(alt_open.o)
 .debug_frame   0x0000000000000880       0x34 ../MTL_bsp/\libhal_bsp.a(alt_release_fd.o)
 .debug_frame   0x00000000000008b4       0x5c ../MTL_bsp/\libhal_bsp.a(alt_tick.o)
 .debug_frame   0x0000000000000910       0x34 ../MTL_bsp/\libhal_bsp.a(altera_nios2_qsys_irq.o)
 .debug_frame   0x0000000000000944       0x38 ../MTL_bsp/\libhal_bsp.a(alt_find_dev.o)
 .debug_frame   0x000000000000097c       0x38 ../MTL_bsp/\libhal_bsp.a(alt_find_file.o)
 .debug_frame   0x00000000000009b4       0x34 ../MTL_bsp/\libhal_bsp.a(alt_get_fd.o)
 .debug_frame   0x00000000000009e8       0x34 ../MTL_bsp/\libhal_bsp.a(alt_icache_flush.o)
 .debug_frame   0x0000000000000a1c       0x28 c:/altera/15.0/nios2eds/bin/gnu/h-x86_64-mingw32/bin/../lib/gcc/nios2-elf/4.9.1/../../../../../H-x86_64-mingw32/nios2-elf/lib\libsmallc.a(lib_a-exit.o)
 .debug_frame   0x0000000000000a44       0x20 c:/altera/15.0/nios2eds/bin/gnu/h-x86_64-mingw32/bin/../lib/gcc/nios2-elf/4.9.1/../../../../../H-x86_64-mingw32/nios2-elf/lib\libsmallc.a(lib_a-memcmp.o)
 .debug_frame   0x0000000000000a64       0x54 c:/altera/15.0/nios2eds/bin/gnu/h-x86_64-mingw32/bin/../lib/gcc/nios2-elf/4.9.1/../../../../../H-x86_64-mingw32/nios2-elf/lib\libsmallc.a(lib_a-__call_atexit.o)
 .debug_frame   0x0000000000000ab8       0x2c ../MTL_bsp/\libhal_bsp.a(alt_exit.o)

.debug_str      0x0000000000000000     0x173f
 *(.debug_str)
 .debug_str     0x0000000000000000      0x165 obj/default/main.o
                                        0x1af (size before relaxing)
 .debug_str     0x0000000000000165      0x3e7 c:/altera/15.0/nios2eds/bin/gnu/h-x86_64-mingw32/bin/../lib/gcc/nios2-elf/4.9.1/../../../../../H-x86_64-mingw32/nios2-elf/lib\libsmallc.a(lib_a-printf.o)
                                        0x4b3 (size before relaxing)
 .debug_str     0x000000000000054c       0x61 c:/altera/15.0/nios2eds/bin/gnu/h-x86_64-mingw32/bin/../lib/gcc/nios2-elf/4.9.1/../../../../../H-x86_64-mingw32/nios2-elf/lib\libsmallc.a(lib_a-puts.o)
                                        0x477 (size before relaxing)
 .debug_str     0x00000000000005ad       0xc5 c:/altera/15.0/nios2eds/bin/gnu/h-x86_64-mingw32/bin/../lib/gcc/nios2-elf/4.9.1/../../../../../H-x86_64-mingw32/nios2-elf/lib\libsmallc.a(lib_a-strlen.o)
                                        0x18f (size before relaxing)
 .debug_str     0x0000000000000672      0x1c5 c:/altera/15.0/nios2eds/bin/gnu/h-x86_64-mingw32/bin/../lib/gcc/nios2-elf/4.9.1/../../../../../H-x86_64-mingw32/nios2-elf/lib\libsmallc.a(lib_a-vfprintf.o)
                                        0x641 (size before relaxing)
 .debug_str     0x0000000000000837       0x6a c:/altera/15.0/nios2eds/bin/gnu/h-x86_64-mingw32/bin/../lib/gcc/nios2-elf/4.9.1/../../../../../H-x86_64-mingw32/nios2-elf/lib\libsmallc.a(lib_a-fvwrite_small_dev.o)
                                        0x48e (size before relaxing)
 .debug_str     0x00000000000008a1       0xe2 c:/altera/15.0/nios2eds/bin/gnu/h-x86_64-mingw32/bin/../lib/gcc/nios2-elf/4.9.1/../../../../../H-x86_64-mingw32/nios2-elf/lib\libsmallc.a(lib_a-impure.o)
                                        0x468 (size before relaxing)
 .debug_str     0x0000000000000983       0x3a c:/altera/15.0/nios2eds/bin/gnu/h-x86_64-mingw32/bin/../lib/gcc/nios2-elf/4.9.1/../../../../../H-x86_64-mingw32/nios2-elf/lib\libsmallc.a(lib_a-writer.o)
                                        0x462 (size before relaxing)
 .debug_str     0x00000000000009bd       0x3d c:/altera/15.0/nios2eds/bin/gnu/h-x86_64-mingw32/bin/../lib/gcc/nios2-elf/4.9.1/../../../../../H-x86_64-mingw32/nios2-elf/lib\libsmallc.a(lib_a-int_errno.o)
                                        0x182 (size before relaxing)
 .debug_str     0x00000000000009fa      0x16b c:/altera/15.0/nios2eds/bin/gnu/h-x86_64-mingw32/bin/../lib/gcc/nios2-elf/4.9.1\libgcc.a(lib2-divmod.o)
                                        0x1b6 (size before relaxing)
 .debug_str     0x0000000000000b65      0x12f ../MTL_bsp/\libhal_bsp.a(alt_load.o)
                                        0x1fe (size before relaxing)
 .debug_str     0x0000000000000c94       0x44 ../MTL_bsp/\libhal_bsp.a(alt_main.o)
                                        0x189 (size before relaxing)
 .debug_str     0x0000000000000cd8      0x15f ../MTL_bsp/\libhal_bsp.a(alt_write.o)
                                        0x2e4 (size before relaxing)
 .debug_str     0x0000000000000e37      0x11b ../MTL_bsp/\libhal_bsp.a(alt_sys_init.o)
                                        0x2f6 (size before relaxing)
 .debug_str     0x0000000000000f52       0x77 ../MTL_bsp/\libhal_bsp.a(altera_avalon_jtag_uart_fd.o)
                                        0x2c1 (size before relaxing)
 .debug_str     0x0000000000000fc9       0x48 ../MTL_bsp/\libhal_bsp.a(altera_avalon_jtag_uart_read.o)
                                        0x20b (size before relaxing)
 .debug_str     0x0000000000001011       0x4a ../MTL_bsp/\libhal_bsp.a(altera_avalon_jtag_uart_write.o)
                                        0x201 (size before relaxing)
 .debug_str     0x000000000000105b       0xb6 ../MTL_bsp/\libhal_bsp.a(altera_avalon_timer_sc.o)
                                        0x237 (size before relaxing)
 .debug_str     0x0000000000001111       0x1b ../MTL_bsp/\libhal_bsp.a(alt_close.o)
                                        0x1f7 (size before relaxing)
 .debug_str     0x000000000000112c       0x34 ../MTL_bsp/\libhal_bsp.a(alt_dcache_flush_all.o)
                                        0x141 (size before relaxing)
 .debug_str     0x0000000000001160       0x50 ../MTL_bsp/\libhal_bsp.a(alt_dev.o)
                                        0x2f1 (size before relaxing)
 .debug_str     0x00000000000011b0       0x4b ../MTL_bsp/\libhal_bsp.a(alt_dev_llist_insert.o)
                                        0x1b8 (size before relaxing)
 .debug_str     0x00000000000011fb       0x14 ../MTL_bsp/\libhal_bsp.a(alt_errno.o)
                                        0x131 (size before relaxing)
 .debug_str     0x000000000000120f       0x34 ../MTL_bsp/\libhal_bsp.a(alt_icache_flush_all.o)
                                        0x141 (size before relaxing)
 .debug_str     0x0000000000001243       0xc4 ../MTL_bsp/\libhal_bsp.a(alt_iic.o)
                                        0x22a (size before relaxing)
 .debug_str     0x0000000000001307       0x4c ../MTL_bsp/\libhal_bsp.a(alt_iic_isr_register.o)
                                        0x1d4 (size before relaxing)
 .debug_str     0x0000000000001353       0x56 ../MTL_bsp/\libhal_bsp.a(alt_io_redirect.o)
                                        0x302 (size before relaxing)
 .debug_str     0x00000000000013a9       0x3a ../MTL_bsp/\libhal_bsp.a(alt_irq_handler.o)
                                        0x183 (size before relaxing)
 .debug_str     0x00000000000013e3       0x17 ../MTL_bsp/\libhal_bsp.a(alt_irq_vars.o)
                                        0x132 (size before relaxing)
 .debug_str     0x00000000000013fa       0x2f ../MTL_bsp/\libhal_bsp.a(alt_open.o)
                                        0x237 (size before relaxing)
 .debug_str     0x0000000000001429       0x28 ../MTL_bsp/\libhal_bsp.a(alt_release_fd.o)
                                        0x1cb (size before relaxing)
 .debug_str     0x0000000000001451       0x78 ../MTL_bsp/\libhal_bsp.a(alt_tick.o)
                                        0x23e (size before relaxing)
 .debug_str     0x00000000000014c9       0x3b ../MTL_bsp/\libhal_bsp.a(altera_nios2_qsys_irq.o)
                                        0x148 (size before relaxing)
 .debug_str     0x0000000000001504       0x24 ../MTL_bsp/\libhal_bsp.a(alt_find_dev.o)
                                        0x1d8 (size before relaxing)
 .debug_str     0x0000000000001528       0x26 ../MTL_bsp/\libhal_bsp.a(alt_find_file.o)
                                        0x1e6 (size before relaxing)
 .debug_str     0x000000000000154e       0x30 ../MTL_bsp/\libhal_bsp.a(alt_get_fd.o)
                                        0x208 (size before relaxing)
 .debug_str     0x000000000000157e       0x2c ../MTL_bsp/\libhal_bsp.a(alt_icache_flush.o)
                                        0x147 (size before relaxing)
 .debug_str     0x00000000000015aa       0xd4 c:/altera/15.0/nios2eds/bin/gnu/h-x86_64-mingw32/bin/../lib/gcc/nios2-elf/4.9.1/../../../../../H-x86_64-mingw32/nios2-elf/lib\libsmallc.a(lib_a-exit.o)
                                        0x19a (size before relaxing)
 .debug_str     0x000000000000167e       0x42 c:/altera/15.0/nios2eds/bin/gnu/h-x86_64-mingw32/bin/../lib/gcc/nios2-elf/4.9.1/../../../../../H-x86_64-mingw32/nios2-elf/lib\libsmallc.a(lib_a-memcmp.o)
                                        0x189 (size before relaxing)
 .debug_str     0x00000000000016c0       0x55 c:/altera/15.0/nios2eds/bin/gnu/h-x86_64-mingw32/bin/../lib/gcc/nios2-elf/4.9.1/../../../../../H-x86_64-mingw32/nios2-elf/lib\libsmallc.a(lib_a-__call_atexit.o)
                                        0x487 (size before relaxing)
 .debug_str     0x0000000000001715       0x2a ../MTL_bsp/\libhal_bsp.a(alt_exit.o)
                                        0x13d (size before relaxing)

.debug_loc      0x0000000000000000     0x104f
 *(.debug_loc)
 .debug_loc     0x0000000000000000       0xc6 c:/altera/15.0/nios2eds/bin/gnu/h-x86_64-mingw32/bin/../lib/gcc/nios2-elf/4.9.1/../../../../../H-x86_64-mingw32/nios2-elf/lib\libsmallc.a(lib_a-printf.o)
 .debug_loc     0x00000000000000c6       0x97 c:/altera/15.0/nios2eds/bin/gnu/h-x86_64-mingw32/bin/../lib/gcc/nios2-elf/4.9.1/../../../../../H-x86_64-mingw32/nios2-elf/lib\libsmallc.a(lib_a-puts.o)
 .debug_loc     0x000000000000015d       0x1e c:/altera/15.0/nios2eds/bin/gnu/h-x86_64-mingw32/bin/../lib/gcc/nios2-elf/4.9.1/../../../../../H-x86_64-mingw32/nios2-elf/lib\libsmallc.a(lib_a-strlen.o)
 .debug_loc     0x000000000000017b      0x948 c:/altera/15.0/nios2eds/bin/gnu/h-x86_64-mingw32/bin/../lib/gcc/nios2-elf/4.9.1/../../../../../H-x86_64-mingw32/nios2-elf/lib\libsmallc.a(lib_a-vfprintf.o)
 .debug_loc     0x0000000000000ac3       0xbd c:/altera/15.0/nios2eds/bin/gnu/h-x86_64-mingw32/bin/../lib/gcc/nios2-elf/4.9.1/../../../../../H-x86_64-mingw32/nios2-elf/lib\libsmallc.a(lib_a-fvwrite_small_dev.o)
 .debug_loc     0x0000000000000b80       0xa5 c:/altera/15.0/nios2eds/bin/gnu/h-x86_64-mingw32/bin/../lib/gcc/nios2-elf/4.9.1/../../../../../H-x86_64-mingw32/nios2-elf/lib\libsmallc.a(lib_a-writer.o)
 .debug_loc     0x0000000000000c25      0x273 c:/altera/15.0/nios2eds/bin/gnu/h-x86_64-mingw32/bin/../lib/gcc/nios2-elf/4.9.1\libgcc.a(lib2-divmod.o)
 .debug_loc     0x0000000000000e98       0x1e c:/altera/15.0/nios2eds/bin/gnu/h-x86_64-mingw32/bin/../lib/gcc/nios2-elf/4.9.1/../../../../../H-x86_64-mingw32/nios2-elf/lib\libsmallc.a(lib_a-exit.o)
 .debug_loc     0x0000000000000eb6       0x94 c:/altera/15.0/nios2eds/bin/gnu/h-x86_64-mingw32/bin/../lib/gcc/nios2-elf/4.9.1/../../../../../H-x86_64-mingw32/nios2-elf/lib\libsmallc.a(lib_a-memcmp.o)
 .debug_loc     0x0000000000000f4a      0x105 c:/altera/15.0/nios2eds/bin/gnu/h-x86_64-mingw32/bin/../lib/gcc/nios2-elf/4.9.1/../../../../../H-x86_64-mingw32/nios2-elf/lib\libsmallc.a(lib_a-__call_atexit.o)

.debug_macinfo
 *(.debug_macinfo)

.debug_weaknames
 *(.debug_weaknames)

.debug_funcnames
 *(.debug_funcnames)

.debug_typenames
 *(.debug_typenames)

.debug_varnames
 *(.debug_varnames)

.debug_alt_sim_info
                0x0000000000000000       0x30
 *(.debug_alt_sim_info)
 .debug_alt_sim_info
                0x0000000000000000       0x30 ../MTL_bsp//obj/HAL/src/crt0.o
                0x000000000000ce20                __alt_data_end = 0xce20
                0x000000000000ce20                PROVIDE (__alt_stack_pointer, __alt_data_end)
                0x000000000000aa24                PROVIDE (__alt_stack_limit, __alt_stack_base)
                0x000000000000aa24                PROVIDE (__alt_heap_start, end)
                0x000000000000ce20                PROVIDE (__alt_heap_limit, 0xce20)
OUTPUT(MTL.elf elf32-littlenios2)

.debug_ranges   0x0000000000000000      0x158
 .debug_ranges  0x0000000000000000       0x20 ../MTL_bsp//obj/HAL/src/crt0.o
 .debug_ranges  0x0000000000000020       0xb8 c:/altera/15.0/nios2eds/bin/gnu/h-x86_64-mingw32/bin/../lib/gcc/nios2-elf/4.9.1/../../../../../H-x86_64-mingw32/nios2-elf/lib\libsmallc.a(lib_a-vfprintf.o)
 .debug_ranges  0x00000000000000d8       0x18 c:/altera/15.0/nios2eds/bin/gnu/h-x86_64-mingw32/bin/../lib/gcc/nios2-elf/4.9.1/../../../../../H-x86_64-mingw32/nios2-elf/lib\libsmallc.a(lib_a-fvwrite_small_dev.o)
 .debug_ranges  0x00000000000000f0       0x28 ../MTL_bsp/\libhal_bsp.a(alt_irq_entry.o)
 .debug_ranges  0x0000000000000118       0x10 ../MTL_bsp/\libhal_bsp.a(alt_irq_handler.o)
 .debug_ranges  0x0000000000000128       0x30 ../MTL_bsp/\libhal_bsp.a(alt_exception_entry.o)
