Archive member included to satisfy reference by file (symbol)

/opt/altera_lite/15.1/nios2eds/bin/gnu/H-x86_64-pc-linux-gnu/bin/../lib/gcc/nios2-elf/4.9.2/../../../../../H-x86_64-pc-linux-gnu/nios2-elf/lib/libm.a(lib_a-w_sqrt.o)
                              obj/default/graphic_lib/geometry.o (sqrt)
/opt/altera_lite/15.1/nios2eds/bin/gnu/H-x86_64-pc-linux-gnu/bin/../lib/gcc/nios2-elf/4.9.2/../../../../../H-x86_64-pc-linux-gnu/nios2-elf/lib/libm.a(lib_a-e_sqrt.o)
                              /opt/altera_lite/15.1/nios2eds/bin/gnu/H-x86_64-pc-linux-gnu/bin/../lib/gcc/nios2-elf/4.9.2/../../../../../H-x86_64-pc-linux-gnu/nios2-elf/lib/libm.a(lib_a-w_sqrt.o) (__ieee754_sqrt)
/opt/altera_lite/15.1/nios2eds/bin/gnu/H-x86_64-pc-linux-gnu/bin/../lib/gcc/nios2-elf/4.9.2/../../../../../H-x86_64-pc-linux-gnu/nios2-elf/lib/libm.a(lib_a-s_fpclassify.o)
                              /opt/altera_lite/15.1/nios2eds/bin/gnu/H-x86_64-pc-linux-gnu/bin/../lib/gcc/nios2-elf/4.9.2/../../../../../H-x86_64-pc-linux-gnu/nios2-elf/lib/libm.a(lib_a-w_sqrt.o) (__fpclassifyd)
/opt/altera_lite/15.1/nios2eds/bin/gnu/H-x86_64-pc-linux-gnu/bin/../lib/gcc/nios2-elf/4.9.2/../../../../../H-x86_64-pc-linux-gnu/nios2-elf/lib/libm.a(lib_a-s_lib_ver.o)
                              /opt/altera_lite/15.1/nios2eds/bin/gnu/H-x86_64-pc-linux-gnu/bin/../lib/gcc/nios2-elf/4.9.2/../../../../../H-x86_64-pc-linux-gnu/nios2-elf/lib/libm.a(lib_a-w_sqrt.o) (__fdlib_version)
/opt/altera_lite/15.1/nios2eds/bin/gnu/H-x86_64-pc-linux-gnu/bin/../lib/gcc/nios2-elf/4.9.2/../../../../../H-x86_64-pc-linux-gnu/nios2-elf/lib/libm.a(lib_a-s_matherr.o)
                              /opt/altera_lite/15.1/nios2eds/bin/gnu/H-x86_64-pc-linux-gnu/bin/../lib/gcc/nios2-elf/4.9.2/../../../../../H-x86_64-pc-linux-gnu/nios2-elf/lib/libm.a(lib_a-w_sqrt.o) (matherr)
/opt/altera_lite/15.1/nios2eds/bin/gnu/H-x86_64-pc-linux-gnu/bin/../lib/gcc/nios2-elf/4.9.2/libgcc.a(lib2-divmod.o)
                              obj/default/demo/gui.o (__divsi3)
/opt/altera_lite/15.1/nios2eds/bin/gnu/H-x86_64-pc-linux-gnu/bin/../lib/gcc/nios2-elf/4.9.2/libgcc.a(adddf3.o)
                              /opt/altera_lite/15.1/nios2eds/bin/gnu/H-x86_64-pc-linux-gnu/bin/../lib/gcc/nios2-elf/4.9.2/../../../../../H-x86_64-pc-linux-gnu/nios2-elf/lib/libm.a(lib_a-e_sqrt.o) (__adddf3)
/opt/altera_lite/15.1/nios2eds/bin/gnu/H-x86_64-pc-linux-gnu/bin/../lib/gcc/nios2-elf/4.9.2/libgcc.a(divdf3.o)
                              /opt/altera_lite/15.1/nios2eds/bin/gnu/H-x86_64-pc-linux-gnu/bin/../lib/gcc/nios2-elf/4.9.2/../../../../../H-x86_64-pc-linux-gnu/nios2-elf/lib/libm.a(lib_a-w_sqrt.o) (__divdf3)
/opt/altera_lite/15.1/nios2eds/bin/gnu/H-x86_64-pc-linux-gnu/bin/../lib/gcc/nios2-elf/4.9.2/libgcc.a(ledf2.o)
                              /opt/altera_lite/15.1/nios2eds/bin/gnu/H-x86_64-pc-linux-gnu/bin/../lib/gcc/nios2-elf/4.9.2/../../../../../H-x86_64-pc-linux-gnu/nios2-elf/lib/libm.a(lib_a-w_sqrt.o) (__ltdf2)
/opt/altera_lite/15.1/nios2eds/bin/gnu/H-x86_64-pc-linux-gnu/bin/../lib/gcc/nios2-elf/4.9.2/libgcc.a(muldf3.o)
                              /opt/altera_lite/15.1/nios2eds/bin/gnu/H-x86_64-pc-linux-gnu/bin/../lib/gcc/nios2-elf/4.9.2/../../../../../H-x86_64-pc-linux-gnu/nios2-elf/lib/libm.a(lib_a-e_sqrt.o) (__muldf3)
/opt/altera_lite/15.1/nios2eds/bin/gnu/H-x86_64-pc-linux-gnu/bin/../lib/gcc/nios2-elf/4.9.2/libgcc.a(subdf3.o)
                              /opt/altera_lite/15.1/nios2eds/bin/gnu/H-x86_64-pc-linux-gnu/bin/../lib/gcc/nios2-elf/4.9.2/../../../../../H-x86_64-pc-linux-gnu/nios2-elf/lib/libm.a(lib_a-e_sqrt.o) (__subdf3)
/opt/altera_lite/15.1/nios2eds/bin/gnu/H-x86_64-pc-linux-gnu/bin/../lib/gcc/nios2-elf/4.9.2/libgcc.a(fixdfsi.o)
                              obj/default/graphic_lib/geometry.o (__fixdfsi)
/opt/altera_lite/15.1/nios2eds/bin/gnu/H-x86_64-pc-linux-gnu/bin/../lib/gcc/nios2-elf/4.9.2/libgcc.a(floatsidf.o)
                              obj/default/graphic_lib/geometry.o (__floatsidf)
/opt/altera_lite/15.1/nios2eds/bin/gnu/H-x86_64-pc-linux-gnu/bin/../lib/gcc/nios2-elf/4.9.2/libgcc.a(_clzsi2.o)
                              /opt/altera_lite/15.1/nios2eds/bin/gnu/H-x86_64-pc-linux-gnu/bin/../lib/gcc/nios2-elf/4.9.2/libgcc.a(adddf3.o) (__clzsi2)
/opt/altera_lite/15.1/nios2eds/bin/gnu/H-x86_64-pc-linux-gnu/bin/../lib/gcc/nios2-elf/4.9.2/libgcc.a(_clz.o)
                              /opt/altera_lite/15.1/nios2eds/bin/gnu/H-x86_64-pc-linux-gnu/bin/../lib/gcc/nios2-elf/4.9.2/libgcc.a(_clzsi2.o) (__clz_tab)
/opt/altera_lite/15.1/nios2eds/bin/gnu/H-x86_64-pc-linux-gnu/bin/../lib/gcc/nios2-elf/4.9.2/../../../../../H-x86_64-pc-linux-gnu/nios2-elf/lib/libc.a(lib_a-errno.o)
                              /opt/altera_lite/15.1/nios2eds/bin/gnu/H-x86_64-pc-linux-gnu/bin/../lib/gcc/nios2-elf/4.9.2/../../../../../H-x86_64-pc-linux-gnu/nios2-elf/lib/libm.a(lib_a-w_sqrt.o) (__errno)
[...]
Memory Configuration

Name             Origin             Length             Attributes
reset            0x0000000002000000 0x0000000000000020
SDRAM_Controler  0x0000000002000020 0x0000000001ffffe0
background_mem   0x0000000004000000 0x0000000000003200
pic_mem          0x0000000004004000 0x0000000000003200
*default*        0x0000000000000000 0xffffffffffffffff

Linker script and memory map

LOAD ../LT24_RTOS_bsp//obj/HAL/src/crt0.o
LOAD obj/default/I2C.o
LOAD obj/default/accelerometer_adxl345_spi.o
LOAD obj/default/demo/gui.o
LOAD obj/default/demo/gui_vpg.o
LOAD obj/default/fonts/tahomabold_20.o
LOAD obj/default/fonts/tahomabold_32.o
LOAD obj/default/graphic_lib/ILI9341.o
LOAD obj/default/graphic_lib/geometry.o
LOAD obj/default/graphic_lib/simple_graphics.o
LOAD obj/default/graphic_lib/simple_text.o
LOAD obj/default/hello_ucosii.o
LOAD obj/default/terasic_lib/touch_spi.o
LOAD obj/default/terasic_spi.o
LOAD /opt/altera_lite/15.1/nios2eds/bin/gnu/H-x86_64-pc-linux-gnu/bin/../lib/gcc/nios2-elf/4.9.2/../../../../../H-x86_64-pc-linux-gnu/nios2-elf/lib/libstdc++.a
LOAD /opt/altera_lite/15.1/nios2eds/bin/gnu/H-x86_64-pc-linux-gnu/bin/../lib/gcc/nios2-elf/4.9.2/../../../../../H-x86_64-pc-linux-gnu/nios2-elf/lib/libm.a
LOAD /opt/altera_lite/15.1/nios2eds/bin/gnu/H-x86_64-pc-linux-gnu/bin/../lib/gcc/nios2-elf/4.9.2/libgcc.a
START GROUP
LOAD /opt/altera_lite/15.1/nios2eds/bin/gnu/H-x86_64-pc-linux-gnu/bin/../lib/gcc/nios2-elf/4.9.2/../../../../../H-x86_64-pc-linux-gnu/nios2-elf/lib/libc.a
LOAD /opt/altera_lite/15.1/nios2eds/bin/gnu/H-x86_64-pc-linux-gnu/bin/../lib/gcc/nios2-elf/4.9.2/libgcc.a
LOAD ../LT24_RTOS_bsp//libucosii_bsp.a
LOAD /opt/altera_lite/15.1/nios2eds/bin/gnu/H-x86_64-pc-linux-gnu/bin/../lib/gcc/nios2-elf/4.9.2/../../../../../H-x86_64-pc-linux-gnu/nios2-elf/lib/libm.a
END GROUP
LOAD /opt/altera_lite/15.1/nios2eds/bin/gnu/H-x86_64-pc-linux-gnu/bin/../lib/gcc/nios2-elf/4.9.2/libgcc.a
                0x0000000002000000                __alt_mem_SDRAM_Controler = 0x2000000
                0x0000000004000000                __alt_mem_background_mem = 0x4000000
                0x0000000004004000                __alt_mem_pic_mem = 0x4004000

.entry          0x0000000002000000       0x20
 *(.entry)
 .entry         0x0000000002000000       0x20 ../LT24_RTOS_bsp//obj/HAL/src/crt0.o
                0x0000000002000000                __reset

.exceptions     0x0000000002000020      0x19c
                0x0000000002000020                PROVIDE (__ram_exceptions_start, ABSOLUTE (.))
                0x0000000002000020                . = ALIGN (0x20)
 *(.irq)
 *(.exceptions.entry.label)
 .exceptions.entry.label
                0x0000000002000020        0x0 ../LT24_RTOS_bsp//libucosii_bsp.a(alt_irq_entry.o)
                0x0000000002000020                alt_irq_entry
 .exceptions.entry.label
                0x0000000002000020        0x0 ../LT24_RTOS_bsp//libucosii_bsp.a(alt_exception_entry.o)
                0x0000000002000020                alt_exception
 *(.exceptions.entry.user)
 *(.exceptions.entry.ecc_fatal)
 *(.exceptions.entry)
 .exceptions.entry
                0x0000000002000020       0x54 ../LT24_RTOS_bsp//libucosii_bsp.a(alt_exception_entry.o)
 *(.exceptions.irqtest.user)
 *(.exceptions.irqtest)
 .exceptions.irqtest
                0x0000000002000074       0x10 ../LT24_RTOS_bsp//libucosii_bsp.a(alt_irq_entry.o)
 *(.exceptions.irqhandler.user)
 *(.exceptions.irqhandler)
 .exceptions.irqhandler
                0x0000000002000084        0x4 ../LT24_RTOS_bsp//libucosii_bsp.a(alt_irq_entry.o)
 *(.exceptions.irqreturn.user)
 *(.exceptions.irqreturn)
 .exceptions.irqreturn
                0x0000000002000088        0x4 ../LT24_RTOS_bsp//libucosii_bsp.a(alt_irq_entry.o)
 *(.exceptions.notirq.label)
 .exceptions.notirq.label
                0x000000000200008c        0x0 ../LT24_RTOS_bsp//libucosii_bsp.a(alt_irq_entry.o)
 *(.exceptions.notirq.user)
 *(.exceptions.notirq)
 .exceptions.notirq
                0x000000000200008c        0x8 ../LT24_RTOS_bsp//libucosii_bsp.a(alt_exception_entry.o)
 *(.exceptions.soft.user)
 *(.exceptions.soft)
 *(.exceptions.unknown.user)
 *(.exceptions.unknown)
 .exceptions.unknown
                0x0000000002000094        0x4 ../LT24_RTOS_bsp//libucosii_bsp.a(alt_exception_entry.o)
 *(.exceptions.exit.label)
 .exceptions.exit.label
                0x0000000002000098        0x0 ../LT24_RTOS_bsp//libucosii_bsp.a(alt_irq_entry.o)
 .exceptions.exit.label
                0x0000000002000098        0x0 ../LT24_RTOS_bsp//libucosii_bsp.a(alt_exception_entry.o)
 *(.exceptions.exit.user)
 *(.exceptions.exit)
 .exceptions.exit
                0x0000000002000098       0x54 ../LT24_RTOS_bsp//libucosii_bsp.a(alt_exception_entry.o)
 *(.exceptions)
 .exceptions    0x00000000020000ec       0xd0 ../LT24_RTOS_bsp//libucosii_bsp.a(alt_irq_handler.o)
                0x00000000020000ec                alt_irq_handler
                0x00000000020001bc                PROVIDE (__ram_exceptions_end, ABSOLUTE (.))
                0x0000000002000020                PROVIDE (__flash_exceptions_start, LOADADDR (.exceptions))

.text           0x00000000020001bc    0x22b18
                0x00000000020001bc                PROVIDE (stext, ABSOLUTE (.))
 *(.interp)
 *(.hash)
 *(.dynsym)
 *(.dynstr)
 *(.gnu.version)
 *(.gnu.version_d)
 *(.gnu.version_r)
 *(.rel.init)
 *(.rela.init)
 *(.rel.text .rel.text.* .rel.gnu.linkonce.t.*)
 *(.rela.text .rela.text.* .rela.gnu.linkonce.t.*)
 *(.rel.fini)
 *(.rela.fini)
 *(.rel.rodata .rel.rodata.* .rel.gnu.linkonce.r.*)
 *(.rela.rodata .rela.rodata.* .rela.gnu.linkonce.r.*)
 *(.rel.data .rel.data.* .rel.gnu.linkonce.d.*)
 *(.rela.data .rela.data.* .rela.gnu.linkonce.d.*)
 *(.rel.tdata .rel.tdata.* .rel.gnu.linkonce.td.*)
 *(.rela.tdata .rela.tdata.* .rela.gnu.linkonce.td.*)
 *(.rel.tbss .rel.tbss.* .rel.gnu.linkonce.tb.*)
 *(.rela.tbss .rela.tbss.* .rela.gnu.linkonce.tb.*)
 *(.rel.ctors)
 *(.rela.ctors)
 *(.rel.dtors)
 *(.rela.dtors)
 *(.rel.got)
 *(.rela.got)
 *(.rel.sdata .rel.sdata.* .rel.gnu.linkonce.s.*)
 *(.rela.sdata .rela.sdata.* .rela.gnu.linkonce.s.*)
 *(.rel.sbss .rel.sbss.* .rel.gnu.linkonce.sb.*)
 *(.rela.sbss .rela.sbss.* .rela.gnu.linkonce.sb.*)
 *(.rel.sdata2 .rel.sdata2.* .rel.gnu.linkonce.s2.*)
 *(.rela.sdata2 .rela.sdata2.* .rela.gnu.linkonce.s2.*)
 *(.rel.sbss2 .rel.sbss2.* .rel.gnu.linkonce.sb2.*)
 *(.rela.sbss2 .rela.sbss2.* .rela.gnu.linkonce.sb2.*)
 *(.rel.bss .rel.bss.* .rel.gnu.linkonce.b.*)
 *(.rela.bss .rela.bss.* .rela.gnu.linkonce.b.*)
 *(.rel.plt)
 *(.rela.plt)
 *(.rel.dyn)
 *(.init)
 *(.plt)
 *(.text .stub .text.* .gnu.linkonce.t.*)
 .text          0x00000000020001bc       0x4c ../LT24_RTOS_bsp//obj/HAL/src/crt0.o
                0x00000000020001bc                _start
 .text          0x0000000002000208      0x9b8 obj/default/I2C.o
                0x0000000002000208                I2C_Write
                0x00000000020002e0                I2C_Read
                0x00000000020003e0                I2C_MultipleWrite
                0x00000000020004f0                I2C_MultipleRead
                0x0000000002000648                i2c_start
                0x00000000020006d0                i2c_stop
                0x0000000002000744                i2c_write
                0x0000000002000874                i2c_read
                0x00000000020009c8                i2c_data_verify
                0x0000000002000b3c                I2C_Verify
 .text          0x0000000002000bc0      0x2cc obj/default/accelerometer_adxl345_spi.o
                0x0000000002000bc0                ADXL345_SPI_Init
                0x0000000002000c80                ADXL345_SPI_WaitDataReady
                0x0000000002000d18                ADXL345_SPI_IsDataReady
                0x0000000002000d7c                ADXL345_SPI_XYZ_Read
                0x0000000002000e48                ADXL345_SPI_IdRead
 .text          0x0000000002000e8c      0x934 obj/default/demo/gui.o
                0x0000000002000e8c                GUI_ShowWelcome
                0x0000000002000f5c                GUI_ShowInfo
                0x0000000002000fbc                GUI_ShowTouchPoint
                0x0000000002001014                GUI_DeskInit
                0x00000000020011e8                GUI_CheckButton
                0x0000000002001278                GUI_DeskDraw
                0x0000000002001494                IsContinuedPoint
                0x0000000002001528                GUI_ClearPaintArea
                0x00000000020015a4                GUI
 .text          0x00000000020017c0      0x7cc obj/default/demo/gui_vpg.o
                0x00000000020017c0                ShowInfo
                0x0000000002001820                VPG_XLine
                0x0000000002001844                VPG_ColorPanel
                0x00000000020018f4                VPG_Grid
                0x00000000020019f0                VPG_VGrid
                0x0000000002001ad4                VPG_HGrid
                0x0000000002001bb8                VPG_ColorBar
                0x0000000002001d68                GUI_ShowPAT
                0x0000000002001ee4                GUI_VPG
 .text          0x0000000002001f8c        0x0 obj/default/fonts/tahomabold_20.o
 .text          0x0000000002001f8c        0x0 obj/default/fonts/tahomabold_32.o
 .text          0x0000000002001f8c      0xae8 obj/default/graphic_lib/ILI9341.o
                0x0000000002001f8c                Delay_Ms
                0x0000000002001fd8                LCD_SetCursor
                0x000000000200208c                LCD_Clear
                0x000000000200210c                LCD_DrawPoint
                0x0000000002002178                LCD_Init
                0x00000000020027e4                LCD_Pattern_Horizon
                0x000000000200291c                LCD_Pattern_Vertical
                0x00000000020029fc                Set_BUFFER_FLAG
                0x0000000002002a38                Clr_BUFFER_FLAG
 .text          0x0000000002002a74      0x3f4 obj/default/graphic_lib/geometry.o
                0x0000000002002a74                IsPtInRect
                0x0000000002002af8                PtSet
                0x0000000002002b38                RectSet
                0x0000000002002b94                RectInflate
                0x0000000002002c1c                RectOffset
                0x0000000002002ca4                RectCopy
                0x0000000002002d08                RectWidth
                0x0000000002002d3c                RectHeight
                0x0000000002002d70                PtDistance
                0x0000000002002e24                PtCopy
 .text          0x0000000002002e68     0x2654 obj/default/graphic_lib/simple_graphics.o
                0x0000000002002e68                vid_clean_screen
                0x0000000002002ec4                vid_draw_line
                0x0000000002002f88                vid_scroll_string_quit
                0x0000000002002fc8                vid_scroll_string_init
                0x000000000200311c                vid_scroll_string
                0x000000000200348c                vid_move_block
                0x00000000020035a8                vid_print_string
                0x00000000020036b0                vid_draw_box
                0x00000000020037f8                vid_print_char
                0x00000000020038e8                vid_set_pixel
                0x0000000002003984                vid_get_pixel
                0x00000000020039c4                vid_paint_block
                0x0000000002003a58                vid_draw_horiz_line
                0x0000000002003ad0                vid_merge_colors
                0x0000000002003b1c                vid_color_convert24_16
                0x0000000002003bbc                vid_color_convert16_24
                0x0000000002003c28                vid_copy_line_to_frame_buffer
                0x0000000002003c6c                vid_draw_sloped_line
                0x0000000002003ed4                vid_draw_circle
                0x0000000002004010                vid_draw_round_corner_box
                0x00000000020043ac                vid_round_corner_points
                0x0000000002004ae4                max3
                0x0000000002004b38                min3
                0x0000000002004b8c                max_diff3
                0x0000000002004bf0                vid_put_pixel_in_span_map
                0x0000000002004cf0                vid_bres_scan_edges
                0x0000000002004f30                vid_draw_triangle
                0x00000000020052a8                CopyImage16
                0x000000000200538c                CropImage16
 .text          0x00000000020054bc      0xa20 obj/default/graphic_lib/simple_text.o
                0x00000000020054bc                vid_print_string_alpha
                0x0000000002005720                seperate_color_channels
                0x0000000002005868                merge_color_channels
                0x0000000002005998                read_from_frame
                0x00000000020059dc                alpha_blending
                0x0000000002005c28                vid_print_char_alpha
                0x0000000002005df4                vid_string_pixel_length_alpha
 .text          0x0000000002005edc      0x7c8 obj/default/hello_ucosii.o
                0x0000000002005edc                LT24_ISR
                0x0000000002005f4c                init
                0x000000000200609c                main
                0x00000000020061d8                task_game_over
                0x0000000002006350                task_send_data
                0x000000000200648c                task_game1
                0x00000000020065b4                task_game2
 .text          0x00000000020066a4      0xa38 obj/default/terasic_lib/touch_spi.o
                0x00000000020066a4                Touch_Init
                0x0000000002006818                Touch_UnInit
                0x0000000002006880                Touch_EmptyFifo
                0x00000000020068b8                Touch_GetXY
                0x0000000002006a00                touch_isr
                0x0000000002006a74                touch_empty_fifo
                0x0000000002006aa4                touch_is_pen_pressed
                0x0000000002006ae4                touch_enable_penirq
                0x0000000002006c44                touch_clear_input
                0x0000000002006c74                touch_get_xy
                0x0000000002006f8c                touch_alarm_callback
                0x0000000002007004                touch_xy_transform
 .text          0x00000000020070dc      0x34c obj/default/terasic_spi.o
                0x00000000020070dc                SPI_Init
                0x0000000002007130                SPI_MultipleWrite
                0x000000000200724c                SPI_Write
                0x00000000020072a0                SPI_MultipleRead
                0x00000000020073dc                SPI_Read
 .text          0x0000000002007428        0x0 /opt/altera_lite/15.1/nios2eds/bin/gnu/H-x86_64-pc-linux-gnu/bin/../lib/gcc/nios2-elf/4.9.2/../../../../../H-x86_64-pc-linux-gnu/nios2-elf/lib/libm.a(lib_a-w_sqrt.o)
 .text.sqrt     0x0000000002007428      0x130 /opt/altera_lite/15.1/nios2eds/bin/gnu/H-x86_64-pc-linux-gnu/bin/../lib/gcc/nios2-elf/4.9.2/../../../../../H-x86_64-pc-linux-gnu/nios2-elf/lib/libm.a(lib_a-w_sqrt.o)
                0x0000000002007428                sqrt
 .text          0x0000000002007558        0x0 /opt/altera_lite/15.1/nios2eds/bin/gnu/H-x86_64-pc-linux-gnu/bin/../lib/gcc/nios2-elf/4.9.2/../../../../../H-x86_64-pc-linux-gnu/nios2-elf/lib/libm.a(lib_a-e_sqrt.o)
 .text.__ieee754_sqrt
                0x0000000002007558      0x294 /opt/altera_lite/15.1/nios2eds/bin/gnu/H-x86_64-pc-linux-gnu/bin/../lib/gcc/nios2-elf/4.9.2/../../../../../H-x86_64-pc-linux-gnu/nios2-elf/lib/libm.a(lib_a-e_sqrt.o)
                0x0000000002007558                __ieee754_sqrt
 .text          0x00000000020077ec        0x0 /opt/altera_lite/15.1/nios2eds/bin/gnu/H-x86_64-pc-linux-gnu/bin/../lib/gcc/nios2-elf/4.9.2/../../../../../H-x86_64-pc-linux-gnu/nios2-elf/lib/libm.a(lib_a-s_fpclassify.o)
 .text.__fpclassifyd
                0x00000000020077ec       0x74 /opt/altera_lite/15.1/nios2eds/bin/gnu/H-x86_64-pc-linux-gnu/bin/../lib/gcc/nios2-elf/4.9.2/../../../../../H-x86_64-pc-linux-gnu/nios2-elf/lib/libm.a(lib_a-s_fpclassify.o)
                0x00000000020077ec                __fpclassifyd
 .text          0x0000000002007860        0x0 /opt/altera_lite/15.1/nios2eds/bin/gnu/H-x86_64-pc-linux-gnu/bin/../lib/gcc/nios2-elf/4.9.2/../../../../../H-x86_64-pc-linux-gnu/nios2-elf/lib/libm.a(lib_a-s_lib_ver.o)
 .text          0x0000000002007860        0x0 /opt/altera_lite/15.1/nios2eds/bin/gnu/H-x86_64-pc-linux-gnu/bin/../lib/gcc/nios2-elf/4.9.2/../../../../../H-x86_64-pc-linux-gnu/nios2-elf/lib/libm.a(lib_a-s_matherr.o)
 .text.matherr  0x0000000002007860        0x8 /opt/altera_lite/15.1/nios2eds/bin/gnu/H-x86_64-pc-linux-gnu/bin/../lib/gcc/nios2-elf/4.9.2/../../../../../H-x86_64-pc-linux-gnu/nios2-elf/lib/libm.a(lib_a-s_matherr.o)
                0x0000000002007860                matherr
 .text          0x0000000002007868      0x12c /opt/altera_lite/15.1/nios2eds/bin/gnu/H-x86_64-pc-linux-gnu/bin/../lib/gcc/nios2-elf/4.9.2/libgcc.a(lib2-divmod.o)
                0x00000000020078d4                __divsi3
                0x0000000002007928                __modsi3
                0x0000000002007984                __udivsi3
                0x000000000200798c                __umodsi3
 .text          0x0000000002007994      0x89c /opt/altera_lite/15.1/nios2eds/bin/gnu/H-x86_64-pc-linux-gnu/bin/../lib/gcc/nios2-elf/4.9.2/libgcc.a(adddf3.o)
                0x0000000002007994                __adddf3
 .text          0x0000000002008230      0x8cc /opt/altera_lite/15.1/nios2eds/bin/gnu/H-x86_64-pc-linux-gnu/bin/../lib/gcc/nios2-elf/4.9.2/libgcc.a(divdf3.o)
                0x0000000002008230                __divdf3
 .text          0x0000000002008afc       0xe0 /opt/altera_lite/15.1/nios2eds/bin/gnu/H-x86_64-pc-linux-gnu/bin/../lib/gcc/nios2-elf/4.9.2/libgcc.a(ledf2.o)
                0x0000000002008afc                __ltdf2
                0x0000000002008afc                __ledf2
 .text          0x0000000002008bdc      0x724 /opt/altera_lite/15.1/nios2eds/bin/gnu/H-x86_64-pc-linux-gnu/bin/../lib/gcc/nios2-elf/4.9.2/libgcc.a(muldf3.o)
                0x0000000002008bdc                __muldf3
 .text          0x0000000002009300      0x8d0 /opt/altera_lite/15.1/nios2eds/bin/gnu/H-x86_64-pc-linux-gnu/bin/../lib/gcc/nios2-elf/4.9.2/libgcc.a(subdf3.o)
                0x0000000002009300                __subdf3
 .text          0x0000000002009bd0       0x88 /opt/altera_lite/15.1/nios2eds/bin/gnu/H-x86_64-pc-linux-gnu/bin/../lib/gcc/nios2-elf/4.9.2/libgcc.a(fixdfsi.o)
                0x0000000002009bd0                __fixdfsi
 .text          0x0000000002009c58       0xd0 /opt/altera_lite/15.1/nios2eds/bin/gnu/H-x86_64-pc-linux-gnu/bin/../lib/gcc/nios2-elf/4.9.2/libgcc.a(floatsidf.o)
                0x0000000002009c58                __floatsidf
 .text          0x0000000002009d28       0x64 /opt/altera_lite/15.1/nios2eds/bin/gnu/H-x86_64-pc-linux-gnu/bin/../lib/gcc/nios2-elf/4.9.2/libgcc.a(_clzsi2.o)
                0x0000000002009d28                __clzsi2
 .text          0x0000000002009d8c        0x0 /opt/altera_lite/15.1/nios2eds/bin/gnu/H-x86_64-pc-linux-gnu/bin/../lib/gcc/nios2-elf/4.9.2/libgcc.a(_clz.o)
 .text          0x0000000002009d8c        0x0 /opt/altera_lite/15.1/nios2eds/bin/gnu/H-x86_64-pc-linux-gnu/bin/../lib/gcc/nios2-elf/4.9.2/../../../../../H-x86_64-pc-linux-gnu/nios2-elf/lib/libc.a(lib_a-errno.o)
 .text.__errno  0x0000000002009d8c       0x10 /opt/altera_lite/15.1/nios2eds/bin/gnu/H-x86_64-pc-linux-gnu/bin/../lib/gcc/nios2-elf/4.9.2/../../../../../H-x86_64-pc-linux-gnu/nios2-elf/lib/libc.a(lib_a-errno.o)
                0x0000000002009d8c                __errno
 .text          0x0000000002009d9c        0x0 /opt/altera_lite/15.1/nios2eds/bin/gnu/H-x86_64-pc-linux-gnu/bin/../lib/gcc/nios2-elf/4.9.2/../../../../../H-x86_64-pc-linux-gnu/nios2-elf/lib/libc.a(lib_a-impure.o)
 .text          0x0000000002009d9c        0x0 /opt/altera_lite/15.1/nios2eds/bin/gnu/H-x86_64-pc-linux-gnu/bin/../lib/gcc/nios2-elf/4.9.2/../../../../../H-x86_64-pc-linux-gnu/nios2-elf/lib/libc.a(lib_a-malloc.o)
 .text.malloc   0x0000000002009d9c       0x14 /opt/altera_lite/15.1/nios2eds/bin/gnu/H-x86_64-pc-linux-gnu/bin/../lib/gcc/nios2-elf/4.9.2/../../../../../H-x86_64-pc-linux-gnu/nios2-elf/lib/libc.a(lib_a-malloc.o)
                0x0000000002009d9c                malloc
 .text.free     0x0000000002009db0       0x14 /opt/altera_lite/15.1/nios2eds/bin/gnu/H-x86_64-pc-linux-gnu/bin/../lib/gcc/nios2-elf/4.9.2/../../../../../H-x86_64-pc-linux-gnu/nios2-elf/lib/libc.a(lib_a-malloc.o)
                0x0000000002009db0                free
 .text          0x0000000002009dc4        0x0 /opt/altera_lite/15.1/nios2eds/bin/gnu/H-x86_64-pc-linux-gnu/bin/../lib/gcc/nios2-elf/4.9.2/../../../../../H-x86_64-pc-linux-gnu/nios2-elf/lib/libc.a(lib_a-mallocr.o)
 .text._malloc_r
                0x0000000002009dc4      0x7a8 /opt/altera_lite/15.1/nios2eds/bin/gnu/H-x86_64-pc-linux-gnu/bin/../lib/gcc/nios2-elf/4.9.2/../../../../../H-x86_64-pc-linux-gnu/nios2-elf/lib/libc.a(lib_a-mallocr.o)
                0x0000000002009dc4                _malloc_r
 .text          0x000000000200a56c        0x0 /opt/altera_lite/15.1/nios2eds/bin/gnu/H-x86_64-pc-linux-gnu/bin/../lib/gcc/nios2-elf/4.9.2/../../../../../H-x86_64-pc-linux-gnu/nios2-elf/lib/libc.a(lib_a-memcpy.o)
 .text.memcpy   0x000000000200a56c      0x138 /opt/altera_lite/15.1/nios2eds/bin/gnu/H-x86_64-pc-linux-gnu/bin/../lib/gcc/nios2-elf/4.9.2/../../../../../H-x86_64-pc-linux-gnu/nios2-elf/lib/libc.a(lib_a-memcpy.o)
                0x000000000200a56c                memcpy
 .text          0x000000000200a6a4        0x0 /opt/altera_lite/15.1/nios2eds/bin/gnu/H-x86_64-pc-linux-gnu/bin/../lib/gcc/nios2-elf/4.9.2/../../../../../H-x86_64-pc-linux-gnu/nios2-elf/lib/libc.a(lib_a-memset.o)
 .text.memset   0x000000000200a6a4      0x124 /opt/altera_lite/15.1/nios2eds/bin/gnu/H-x86_64-pc-linux-gnu/bin/../lib/gcc/nios2-elf/4.9.2/../../../../../H-x86_64-pc-linux-gnu/nios2-elf/lib/libc.a(lib_a-memset.o)
                0x000000000200a6a4                memset
 .text          0x000000000200a7c8        0x0 /opt/altera_lite/15.1/nios2eds/bin/gnu/H-x86_64-pc-linux-gnu/bin/../lib/gcc/nios2-elf/4.9.2/../../../../../H-x86_64-pc-linux-gnu/nios2-elf/lib/libc.a(lib_a-printf.o)
 .text._printf_r
                0x000000000200a7c8       0x2c /opt/altera_lite/15.1/nios2eds/bin/gnu/H-x86_64-pc-linux-gnu/bin/../lib/gcc/nios2-elf/4.9.2/../../../../../H-x86_64-pc-linux-gnu/nios2-elf/lib/libc.a(lib_a-printf.o)
                0x000000000200a7c8                _printf_r
 .text.printf   0x000000000200a7f4       0x3c /opt/altera_lite/15.1/nios2eds/bin/gnu/H-x86_64-pc-linux-gnu/bin/../lib/gcc/nios2-elf/4.9.2/../../../../../H-x86_64-pc-linux-gnu/nios2-elf/lib/libc.a(lib_a-printf.o)
                0x000000000200a7f4                printf
 .text          0x000000000200a830        0x0 /opt/altera_lite/15.1/nios2eds/bin/gnu/H-x86_64-pc-linux-gnu/bin/../lib/gcc/nios2-elf/4.9.2/../../../../../H-x86_64-pc-linux-gnu/nios2-elf/lib/libc.a(lib_a-puts.o)
 .text._puts_r  0x000000000200a830       0xa8 /opt/altera_lite/15.1/nios2eds/bin/gnu/H-x86_64-pc-linux-gnu/bin/../lib/gcc/nios2-elf/4.9.2/../../../../../H-x86_64-pc-linux-gnu/nios2-elf/lib/libc.a(lib_a-puts.o)
                0x000000000200a830                _puts_r
 .text.puts     0x000000000200a8d8       0x14 /opt/altera_lite/15.1/nios2eds/bin/gnu/H-x86_64-pc-linux-gnu/bin/../lib/gcc/nios2-elf/4.9.2/../../../../../H-x86_64-pc-linux-gnu/nios2-elf/lib/libc.a(lib_a-puts.o)
                0x000000000200a8d8                puts
 .text          0x000000000200a8ec        0x0 /opt/altera_lite/15.1/nios2eds/bin/gnu/H-x86_64-pc-linux-gnu/bin/../lib/gcc/nios2-elf/4.9.2/../../../../../H-x86_64-pc-linux-gnu/nios2-elf/lib/libc.a(lib_a-sbrkr.o)
 .text._sbrk_r  0x000000000200a8ec       0x54 /opt/altera_lite/15.1/nios2eds/bin/gnu/H-x86_64-pc-linux-gnu/bin/../lib/gcc/nios2-elf/4.9.2/../../../../../H-x86_64-pc-linux-gnu/nios2-elf/lib/libc.a(lib_a-sbrkr.o)
                0x000000000200a8ec                _sbrk_r
 .text          0x000000000200a940        0x0 /opt/altera_lite/15.1/nios2eds/bin/gnu/H-x86_64-pc-linux-gnu/bin/../lib/gcc/nios2-elf/4.9.2/../../../../../H-x86_64-pc-linux-gnu/nios2-elf/lib/libc.a(lib_a-sprintf.o)
 .text._sprintf_r
                0x000000000200a940       0x58 /opt/altera_lite/15.1/nios2eds/bin/gnu/H-x86_64-pc-linux-gnu/bin/../lib/gcc/nios2-elf/4.9.2/../../../../../H-x86_64-pc-linux-gnu/nios2-elf/lib/libc.a(lib_a-sprintf.o)
                0x000000000200a940                _sprintf_r
 .text.sprintf  0x000000000200a998       0x6c /opt/altera_lite/15.1/nios2eds/bin/gnu/H-x86_64-pc-linux-gnu/bin/../lib/gcc/nios2-elf/4.9.2/../../../../../H-x86_64-pc-linux-gnu/nios2-elf/lib/libc.a(lib_a-sprintf.o)
                0x000000000200a998                sprintf
 .text          0x000000000200aa04        0x0 /opt/altera_lite/15.1/nios2eds/bin/gnu/H-x86_64-pc-linux-gnu/bin/../lib/gcc/nios2-elf/4.9.2/../../../../../H-x86_64-pc-linux-gnu/nios2-elf/lib/libc.a(lib_a-strcpy.o)
 .text.strcpy   0x000000000200aa04       0x90 /opt/altera_lite/15.1/nios2eds/bin/gnu/H-x86_64-pc-linux-gnu/bin/../lib/gcc/nios2-elf/4.9.2/../../../../../H-x86_64-pc-linux-gnu/nios2-elf/lib/libc.a(lib_a-strcpy.o)
                0x000000000200aa04                strcpy
 .text          0x000000000200aa94        0x0 /opt/altera_lite/15.1/nios2eds/bin/gnu/H-x86_64-pc-linux-gnu/bin/../lib/gcc/nios2-elf/4.9.2/../../../../../H-x86_64-pc-linux-gnu/nios2-elf/lib/libc.a(lib_a-strlen.o)
 .text.strlen   0x000000000200aa94       0x98 /opt/altera_lite/15.1/nios2eds/bin/gnu/H-x86_64-pc-linux-gnu/bin/../lib/gcc/nios2-elf/4.9.2/../../../../../H-x86_64-pc-linux-gnu/nios2-elf/lib/libc.a(lib_a-strlen.o)
                0x000000000200aa94                strlen
 .text          0x000000000200ab2c        0x0 /opt/altera_lite/15.1/nios2eds/bin/gnu/H-x86_64-pc-linux-gnu/bin/../lib/gcc/nios2-elf/4.9.2/../../../../../H-x86_64-pc-linux-gnu/nios2-elf/lib/libc.a(lib_a-svfprintf.o)
 .text.___svfprintf_internal_r
                0x000000000200ab2c     0x1f90 /opt/altera_lite/15.1/nios2eds/bin/gnu/H-x86_64-pc-linux-gnu/bin/../lib/gcc/nios2-elf/4.9.2/../../../../../H-x86_64-pc-linux-gnu/nios2-elf/lib/libc.a(lib_a-svfprintf.o)
                0x000000000200ab2c                ___svfprintf_internal_r
 .text          0x000000000200cabc        0x0 /opt/altera_lite/15.1/nios2eds/bin/gnu/H-x86_64-pc-linux-gnu/bin/../lib/gcc/nios2-elf/4.9.2/../../../../../H-x86_64-pc-linux-gnu/nios2-elf/lib/libc.a(lib_a-vfprintf.o)
 .text.___vfprintf_internal_r
                0x000000000200cabc     0x1f50 /opt/altera_lite/15.1/nios2eds/bin/gnu/H-x86_64-pc-linux-gnu/bin/../lib/gcc/nios2-elf/4.9.2/../../../../../H-x86_64-pc-linux-gnu/nios2-elf/lib/libc.a(lib_a-vfprintf.o)
                0x000000000200cabc                ___vfprintf_internal_r
 .text.__vfprintf_internal
                0x000000000200ea0c       0x24 /opt/altera_lite/15.1/nios2eds/bin/gnu/H-x86_64-pc-linux-gnu/bin/../lib/gcc/nios2-elf/4.9.2/../../../../../H-x86_64-pc-linux-gnu/nios2-elf/lib/libc.a(lib_a-vfprintf.o)
                0x000000000200ea0c                __vfprintf_internal
 .text.__sbprintf
                0x000000000200ea30       0xbc /opt/altera_lite/15.1/nios2eds/bin/gnu/H-x86_64-pc-linux-gnu/bin/../lib/gcc/nios2-elf/4.9.2/../../../../../H-x86_64-pc-linux-gnu/nios2-elf/lib/libc.a(lib_a-vfprintf.o)
 .text          0x000000000200eaec        0x0 /opt/altera_lite/15.1/nios2eds/bin/gnu/H-x86_64-pc-linux-gnu/bin/../lib/gcc/nios2-elf/4.9.2/../../../../../H-x86_64-pc-linux-gnu/nios2-elf/lib/libc.a(lib_a-wsetup.o)
 .text.__swsetup_r
                0x000000000200eaec      0x154 /opt/altera_lite/15.1/nios2eds/bin/gnu/H-x86_64-pc-linux-gnu/bin/../lib/gcc/nios2-elf/4.9.2/../../../../../H-x86_64-pc-linux-gnu/nios2-elf/lib/libc.a(lib_a-wsetup.o)
                0x000000000200eaec                __swsetup_r
 .text          0x000000000200ec40        0x0 /opt/altera_lite/15.1/nios2eds/bin/gnu/H-x86_64-pc-linux-gnu/bin/../lib/gcc/nios2-elf/4.9.2/../../../../../H-x86_64-pc-linux-gnu/nios2-elf/lib/libc.a(lib_a-dtoa.o)
 .text.quorem   0x000000000200ec40      0x200 /opt/altera_lite/15.1/nios2eds/bin/gnu/H-x86_64-pc-linux-gnu/bin/../lib/gcc/nios2-elf/4.9.2/../../../../../H-x86_64-pc-linux-gnu/nios2-elf/lib/libc.a(lib_a-dtoa.o)
 .text._dtoa_r  0x000000000200ee40     0x1728 /opt/altera_lite/15.1/nios2eds/bin/gnu/H-x86_64-pc-linux-gnu/bin/../lib/gcc/nios2-elf/4.9.2/../../../../../H-x86_64-pc-linux-gnu/nios2-elf/lib/libc.a(lib_a-dtoa.o)
                0x000000000200ee40                _dtoa_r
 .text          0x0000000002010568        0x0 /opt/altera_lite/15.1/nios2eds/bin/gnu/H-x86_64-pc-linux-gnu/bin/../lib/gcc/nios2-elf/4.9.2/../../../../../H-x86_64-pc-linux-gnu/nios2-elf/lib/libc.a(lib_a-fflush.o)
 .text.__sflush_r
                0x0000000002010568      0x208 /opt/altera_lite/15.1/nios2eds/bin/gnu/H-x86_64-pc-linux-gnu/bin/../lib/gcc/nios2-elf/4.9.2/../../../../../H-x86_64-pc-linux-gnu/nios2-elf/lib/libc.a(lib_a-fflush.o)
                0x0000000002010568                __sflush_r
 .text._fflush_r
                0x0000000002010770       0x5c /opt/altera_lite/15.1/nios2eds/bin/gnu/H-x86_64-pc-linux-gnu/bin/../lib/gcc/nios2-elf/4.9.2/../../../../../H-x86_64-pc-linux-gnu/nios2-elf/lib/libc.a(lib_a-fflush.o)
                0x0000000002010770                _fflush_r
 .text.fflush   0x00000000020107cc       0x30 /opt/altera_lite/15.1/nios2eds/bin/gnu/H-x86_64-pc-linux-gnu/bin/../lib/gcc/nios2-elf/4.9.2/../../../../../H-x86_64-pc-linux-gnu/nios2-elf/lib/libc.a(lib_a-fflush.o)
                0x00000000020107cc                fflush
 .text          0x00000000020107fc        0x0 /opt/altera_lite/15.1/nios2eds/bin/gnu/H-x86_64-pc-linux-gnu/bin/../lib/gcc/nios2-elf/4.9.2/../../../../../H-x86_64-pc-linux-gnu/nios2-elf/lib/libc.a(lib_a-findfp.o)
 .text.__fp_lock
                0x00000000020107fc        0x8 /opt/altera_lite/15.1/nios2eds/bin/gnu/H-x86_64-pc-linux-gnu/bin/../lib/gcc/nios2-elf/4.9.2/../../../../../H-x86_64-pc-linux-gnu/nios2-elf/lib/libc.a(lib_a-findfp.o)
 .text.__fp_unlock
                0x0000000002010804        0x8 /opt/altera_lite/15.1/nios2eds/bin/gnu/H-x86_64-pc-linux-gnu/bin/../lib/gcc/nios2-elf/4.9.2/../../../../../H-x86_64-pc-linux-gnu/nios2-elf/lib/libc.a(lib_a-findfp.o)
 .text._cleanup_r
                0x000000000201080c        0xc /opt/altera_lite/15.1/nios2eds/bin/gnu/H-x86_64-pc-linux-gnu/bin/../lib/gcc/nios2-elf/4.9.2/../../../../../H-x86_64-pc-linux-gnu/nios2-elf/lib/libc.a(lib_a-findfp.o)
                0x000000000201080c                _cleanup_r
 .text.__sinit.part.1
                0x0000000002010818      0x19c /opt/altera_lite/15.1/nios2eds/bin/gnu/H-x86_64-pc-linux-gnu/bin/../lib/gcc/nios2-elf/4.9.2/../../../../../H-x86_64-pc-linux-gnu/nios2-elf/lib/libc.a(lib_a-findfp.o)
 .text.__sfmoreglue
                0x00000000020109b4       0x68 /opt/altera_lite/15.1/nios2eds/bin/gnu/H-x86_64-pc-linux-gnu/bin/../lib/gcc/nios2-elf/4.9.2/../../../../../H-x86_64-pc-linux-gnu/nios2-elf/lib/libc.a(lib_a-findfp.o)
                0x00000000020109b4                __sfmoreglue
 .text.__sfp    0x0000000002010a1c      0x118 /opt/altera_lite/15.1/nios2eds/bin/gnu/H-x86_64-pc-linux-gnu/bin/../lib/gcc/nios2-elf/4.9.2/../../../../../H-x86_64-pc-linux-gnu/nios2-elf/lib/libc.a(lib_a-findfp.o)
                0x0000000002010a1c                __sfp
 .text._cleanup
                0x0000000002010b34       0x18 /opt/altera_lite/15.1/nios2eds/bin/gnu/H-x86_64-pc-linux-gnu/bin/../lib/gcc/nios2-elf/4.9.2/../../../../../H-x86_64-pc-linux-gnu/nios2-elf/lib/libc.a(lib_a-findfp.o)
                0x0000000002010b34                _cleanup
 .text.__sinit  0x0000000002010b4c       0x10 /opt/altera_lite/15.1/nios2eds/bin/gnu/H-x86_64-pc-linux-gnu/bin/../lib/gcc/nios2-elf/4.9.2/../../../../../H-x86_64-pc-linux-gnu/nios2-elf/lib/libc.a(lib_a-findfp.o)
                0x0000000002010b4c                __sinit
 .text.__sfp_lock_acquire
                0x0000000002010b5c        0x4 /opt/altera_lite/15.1/nios2eds/bin/gnu/H-x86_64-pc-linux-gnu/bin/../lib/gcc/nios2-elf/4.9.2/../../../../../H-x86_64-pc-linux-gnu/nios2-elf/lib/libc.a(lib_a-findfp.o)
                0x0000000002010b5c                __sfp_lock_acquire
 .text.__sfp_lock_release
                0x0000000002010b60        0x4 /opt/altera_lite/15.1/nios2eds/bin/gnu/H-x86_64-pc-linux-gnu/bin/../lib/gcc/nios2-elf/4.9.2/../../../../../H-x86_64-pc-linux-gnu/nios2-elf/lib/libc.a(lib_a-findfp.o)
                0x0000000002010b60                __sfp_lock_release
 .text.__sinit_lock_acquire
                0x0000000002010b64        0x4 /opt/altera_lite/15.1/nios2eds/bin/gnu/H-x86_64-pc-linux-gnu/bin/../lib/gcc/nios2-elf/4.9.2/../../../../../H-x86_64-pc-linux-gnu/nios2-elf/lib/libc.a(lib_a-findfp.o)
                0x0000000002010b64                __sinit_lock_acquire
 .text.__sinit_lock_release
                0x0000000002010b68        0x4 /opt/altera_lite/15.1/nios2eds/bin/gnu/H-x86_64-pc-linux-gnu/bin/../lib/gcc/nios2-elf/4.9.2/../../../../../H-x86_64-pc-linux-gnu/nios2-elf/lib/libc.a(lib_a-findfp.o)
                0x0000000002010b68                __sinit_lock_release
 .text.__fp_lock_all
                0x0000000002010b6c       0x18 /opt/altera_lite/15.1/nios2eds/bin/gnu/H-x86_64-pc-linux-gnu/bin/../lib/gcc/nios2-elf/4.9.2/../../../../../H-x86_64-pc-linux-gnu/nios2-elf/lib/libc.a(lib_a-findfp.o)
                0x0000000002010b6c                __fp_lock_all
 .text.__fp_unlock_all
                0x0000000002010b84       0x18 /opt/altera_lite/15.1/nios2eds/bin/gnu/H-x86_64-pc-linux-gnu/bin/../lib/gcc/nios2-elf/4.9.2/../../../../../H-x86_64-pc-linux-gnu/nios2-elf/lib/libc.a(lib_a-findfp.o)
                0x0000000002010b84                __fp_unlock_all
 .text          0x0000000002010b9c        0x0 /opt/altera_lite/15.1/nios2eds/bin/gnu/H-x86_64-pc-linux-gnu/bin/../lib/gcc/nios2-elf/4.9.2/../../../../../H-x86_64-pc-linux-gnu/nios2-elf/lib/libc.a(lib_a-freer.o)
 .text._malloc_trim_r
                0x0000000002010b9c      0x124 /opt/altera_lite/15.1/nios2eds/bin/gnu/H-x86_64-pc-linux-gnu/bin/../lib/gcc/nios2-elf/4.9.2/../../../../../H-x86_64-pc-linux-gnu/nios2-elf/lib/libc.a(lib_a-freer.o)
                0x0000000002010b9c                _malloc_trim_r
 .text._free_r  0x0000000002010cc0      0x2f0 /opt/altera_lite/15.1/nios2eds/bin/gnu/H-x86_64-pc-linux-gnu/bin/../lib/gcc/nios2-elf/4.9.2/../../../../../H-x86_64-pc-linux-gnu/nios2-elf/lib/libc.a(lib_a-freer.o)
                0x0000000002010cc0                _free_r
 .text          0x0000000002010fb0        0x0 /opt/altera_lite/15.1/nios2eds/bin/gnu/H-x86_64-pc-linux-gnu/bin/../lib/gcc/nios2-elf/4.9.2/../../../../../H-x86_64-pc-linux-gnu/nios2-elf/lib/libc.a(lib_a-fvwrite.o)
 .text.__sfvwrite_r
                0x0000000002010fb0      0x4c0 /opt/altera_lite/15.1/nios2eds/bin/gnu/H-x86_64-pc-linux-gnu/bin/../lib/gcc/nios2-elf/4.9.2/../../../../../H-x86_64-pc-linux-gnu/nios2-elf/lib/libc.a(lib_a-fvwrite.o)
                0x0000000002010fb0                __sfvwrite_r
 .text          0x0000000002011470        0x0 /opt/altera_lite/15.1/nios2eds/bin/gnu/H-x86_64-pc-linux-gnu/bin/../lib/gcc/nios2-elf/4.9.2/../../../../../H-x86_64-pc-linux-gnu/nios2-elf/lib/libc.a(lib_a-fwalk.o)
 .text._fwalk   0x0000000002011470       0xc4 /opt/altera_lite/15.1/nios2eds/bin/gnu/H-x86_64-pc-linux-gnu/bin/../lib/gcc/nios2-elf/4.9.2/../../../../../H-x86_64-pc-linux-gnu/nios2-elf/lib/libc.a(lib_a-fwalk.o)
                0x0000000002011470                _fwalk
 .text._fwalk_reent
                0x0000000002011534       0xc4 /opt/altera_lite/15.1/nios2eds/bin/gnu/H-x86_64-pc-linux-gnu/bin/../lib/gcc/nios2-elf/4.9.2/../../../../../H-x86_64-pc-linux-gnu/nios2-elf/lib/libc.a(lib_a-fwalk.o)
                0x0000000002011534                _fwalk_reent
 .text          0x00000000020115f8        0x0 /opt/altera_lite/15.1/nios2eds/bin/gnu/H-x86_64-pc-linux-gnu/bin/../lib/gcc/nios2-elf/4.9.2/../../../../../H-x86_64-pc-linux-gnu/nios2-elf/lib/libc.a(lib_a-int_errno.o)
 .text          0x00000000020115f8        0x0 /opt/altera_lite/15.1/nios2eds/bin/gnu/H-x86_64-pc-linux-gnu/bin/../lib/gcc/nios2-elf/4.9.2/../../../../../H-x86_64-pc-linux-gnu/nios2-elf/lib/libc.a(lib_a-locale.o)
 .text._setlocale_r
                0x00000000020115f8       0x7c /opt/altera_lite/15.1/nios2eds/bin/gnu/H-x86_64-pc-linux-gnu/bin/../lib/gcc/nios2-elf/4.9.2/../../../../../H-x86_64-pc-linux-gnu/nios2-elf/lib/libc.a(lib_a-locale.o)
                0x00000000020115f8                _setlocale_r
 .text.__locale_charset
                0x0000000002011674        0xc /opt/altera_lite/15.1/nios2eds/bin/gnu/H-x86_64-pc-linux-gnu/bin/../lib/gcc/nios2-elf/4.9.2/../../../../../H-x86_64-pc-linux-gnu/nios2-elf/lib/libc.a(lib_a-locale.o)
                0x0000000002011674                __locale_charset
 .text.__locale_mb_cur_max
                0x0000000002011680       0x10 /opt/altera_lite/15.1/nios2eds/bin/gnu/H-x86_64-pc-linux-gnu/bin/../lib/gcc/nios2-elf/4.9.2/../../../../../H-x86_64-pc-linux-gnu/nios2-elf/lib/libc.a(lib_a-locale.o)
                0x0000000002011680                __locale_mb_cur_max
 .text.__locale_msgcharset
                0x0000000002011690        0xc /opt/altera_lite/15.1/nios2eds/bin/gnu/H-x86_64-pc-linux-gnu/bin/../lib/gcc/nios2-elf/4.9.2/../../../../../H-x86_64-pc-linux-gnu/nios2-elf/lib/libc.a(lib_a-locale.o)
                0x0000000002011690                __locale_msgcharset
 .text.__locale_cjk_lang
                0x000000000201169c        0x8 /opt/altera_lite/15.1/nios2eds/bin/gnu/H-x86_64-pc-linux-gnu/bin/../lib/gcc/nios2-elf/4.9.2/../../../../../H-x86_64-pc-linux-gnu/nios2-elf/lib/libc.a(lib_a-locale.o)
                0x000000000201169c                __locale_cjk_lang
 .text._localeconv_r
                0x00000000020116a4        0xc /opt/altera_lite/15.1/nios2eds/bin/gnu/H-x86_64-pc-linux-gnu/bin/../lib/gcc/nios2-elf/4.9.2/../../../../../H-x86_64-pc-linux-gnu/nios2-elf/lib/libc.a(lib_a-locale.o)
                0x00000000020116a4                _localeconv_r
 .text.setlocale
                0x00000000020116b0       0x1c /opt/altera_lite/15.1/nios2eds/bin/gnu/H-x86_64-pc-linux-gnu/bin/../lib/gcc/nios2-elf/4.9.2/../../../../../H-x86_64-pc-linux-gnu/nios2-elf/lib/libc.a(lib_a-locale.o)
                0x00000000020116b0                setlocale
 .text.localeconv
                0x00000000020116cc        0xc /opt/altera_lite/15.1/nios2eds/bin/gnu/H-x86_64-pc-linux-gnu/bin/../lib/gcc/nios2-elf/4.9.2/../../../../../H-x86_64-pc-linux-gnu/nios2-elf/lib/libc.a(lib_a-locale.o)
                0x00000000020116cc                localeconv
 .text          0x00000000020116d8        0x0 /opt/altera_lite/15.1/nios2eds/bin/gnu/H-x86_64-pc-linux-gnu/bin/../lib/gcc/nios2-elf/4.9.2/../../../../../H-x86_64-pc-linux-gnu/nios2-elf/lib/libc.a(lib_a-makebuf.o)
 .text.__smakebuf_r
                0x00000000020116d8      0x1b8 /opt/altera_lite/15.1/nios2eds/bin/gnu/H-x86_64-pc-linux-gnu/bin/../lib/gcc/nios2-elf/4.9.2/../../../../../H-x86_64-pc-linux-gnu/nios2-elf/lib/libc.a(lib_a-makebuf.o)
                0x00000000020116d8                __smakebuf_r
 .text          0x0000000002011890        0x0 /opt/altera_lite/15.1/nios2eds/bin/gnu/H-x86_64-pc-linux-gnu/bin/../lib/gcc/nios2-elf/4.9.2/../../../../../H-x86_64-pc-linux-gnu/nios2-elf/lib/libc.a(lib_a-memchr.o)
 .text.memchr   0x0000000002011890       0xe8 /opt/altera_lite/15.1/nios2eds/bin/gnu/H-x86_64-pc-linux-gnu/bin/../lib/gcc/nios2-elf/4.9.2/../../../../../H-x86_64-pc-linux-gnu/nios2-elf/lib/libc.a(lib_a-memchr.o)
                0x0000000002011890                memchr
 .text          0x0000000002011978        0x0 /opt/altera_lite/15.1/nios2eds/bin/gnu/H-x86_64-pc-linux-gnu/bin/../lib/gcc/nios2-elf/4.9.2/../../../../../H-x86_64-pc-linux-gnu/nios2-elf/lib/libc.a(lib_a-memmove.o)
 .text.memmove  0x0000000002011978      0x15c /opt/altera_lite/15.1/nios2eds/bin/gnu/H-x86_64-pc-linux-gnu/bin/../lib/gcc/nios2-elf/4.9.2/../../../../../H-x86_64-pc-linux-gnu/nios2-elf/lib/libc.a(lib_a-memmove.o)
                0x0000000002011978                memmove
 .text          0x0000000002011ad4        0x0 /opt/altera_lite/15.1/nios2eds/bin/gnu/H-x86_64-pc-linux-gnu/bin/../lib/gcc/nios2-elf/4.9.2/../../../../../H-x86_64-pc-linux-gnu/nios2-elf/lib/libc.a(lib_a-mprec.o)
 .text._Balloc  0x0000000002011ad4       0xa8 /opt/altera_lite/15.1/nios2eds/bin/gnu/H-x86_64-pc-linux-gnu/bin/../lib/gcc/nios2-elf/4.9.2/../../../../../H-x86_64-pc-linux-gnu/nios2-elf/lib/libc.a(lib_a-mprec.o)
                0x0000000002011ad4                _Balloc
 .text._Bfree   0x0000000002011b7c       0x28 /opt/altera_lite/15.1/nios2eds/bin/gnu/H-x86_64-pc-linux-gnu/bin/../lib/gcc/nios2-elf/4.9.2/../../../../../H-x86_64-pc-linux-gnu/nios2-elf/lib/libc.a(lib_a-mprec.o)
                0x0000000002011b7c                _Bfree
 .text.__multadd
                0x0000000002011ba4      0x120 /opt/altera_lite/15.1/nios2eds/bin/gnu/H-x86_64-pc-linux-gnu/bin/../lib/gcc/nios2-elf/4.9.2/../../../../../H-x86_64-pc-linux-gnu/nios2-elf/lib/libc.a(lib_a-mprec.o)
                0x0000000002011ba4                __multadd
 .text.__s2b    0x0000000002011cc4      0x104 /opt/altera_lite/15.1/nios2eds/bin/gnu/H-x86_64-pc-linux-gnu/bin/../lib/gcc/nios2-elf/4.9.2/../../../../../H-x86_64-pc-linux-gnu/nios2-elf/lib/libc.a(lib_a-mprec.o)
                0x0000000002011cc4                __s2b
 .text.__hi0bits
                0x0000000002011dc8       0x68 /opt/altera_lite/15.1/nios2eds/bin/gnu/H-x86_64-pc-linux-gnu/bin/../lib/gcc/nios2-elf/4.9.2/../../../../../H-x86_64-pc-linux-gnu/nios2-elf/lib/libc.a(lib_a-mprec.o)
                0x0000000002011dc8                __hi0bits
 .text.__lo0bits
                0x0000000002011e30       0xb0 /opt/altera_lite/15.1/nios2eds/bin/gnu/H-x86_64-pc-linux-gnu/bin/../lib/gcc/nios2-elf/4.9.2/../../../../../H-x86_64-pc-linux-gnu/nios2-elf/lib/libc.a(lib_a-mprec.o)
                0x0000000002011e30                __lo0bits
 .text.__i2b    0x0000000002011ee0       0x3c /opt/altera_lite/15.1/nios2eds/bin/gnu/H-x86_64-pc-linux-gnu/bin/../lib/gcc/nios2-elf/4.9.2/../../../../../H-x86_64-pc-linux-gnu/nios2-elf/lib/libc.a(lib_a-mprec.o)
                0x0000000002011ee0                __i2b
 .text.__multiply
                0x0000000002011f1c      0x1fc /opt/altera_lite/15.1/nios2eds/bin/gnu/H-x86_64-pc-linux-gnu/bin/../lib/gcc/nios2-elf/4.9.2/../../../../../H-x86_64-pc-linux-gnu/nios2-elf/lib/libc.a(lib_a-mprec.o)
                0x0000000002011f1c                __multiply
 .text.__pow5mult
                0x0000000002012118      0x140 /opt/altera_lite/15.1/nios2eds/bin/gnu/H-x86_64-pc-linux-gnu/bin/../lib/gcc/nios2-elf/4.9.2/../../../../../H-x86_64-pc-linux-gnu/nios2-elf/lib/libc.a(lib_a-mprec.o)
                0x0000000002012118                __pow5mult
 .text.__lshift
                0x0000000002012258      0x150 /opt/altera_lite/15.1/nios2eds/bin/gnu/H-x86_64-pc-linux-gnu/bin/../lib/gcc/nios2-elf/4.9.2/../../../../../H-x86_64-pc-linux-gnu/nios2-elf/lib/libc.a(lib_a-mprec.o)
                0x0000000002012258                __lshift
 .text.__mcmp   0x00000000020123a8       0x60 /opt/altera_lite/15.1/nios2eds/bin/gnu/H-x86_64-pc-linux-gnu/bin/../lib/gcc/nios2-elf/4.9.2/../../../../../H-x86_64-pc-linux-gnu/nios2-elf/lib/libc.a(lib_a-mprec.o)
                0x00000000020123a8                __mcmp
 .text.__mdiff  0x0000000002012408      0x198 /opt/altera_lite/15.1/nios2eds/bin/gnu/H-x86_64-pc-linux-gnu/bin/../lib/gcc/nios2-elf/4.9.2/../../../../../H-x86_64-pc-linux-gnu/nios2-elf/lib/libc.a(lib_a-mprec.o)
                0x0000000002012408                __mdiff
 .text.__ulp    0x00000000020125a0       0x60 /opt/altera_lite/15.1/nios2eds/bin/gnu/H-x86_64-pc-linux-gnu/bin/../lib/gcc/nios2-elf/4.9.2/../../../../../H-x86_64-pc-linux-gnu/nios2-elf/lib/libc.a(lib_a-mprec.o)
                0x00000000020125a0                __ulp
 .text.__b2d    0x0000000002012600      0x11c /opt/altera_lite/15.1/nios2eds/bin/gnu/H-x86_64-pc-linux-gnu/bin/../lib/gcc/nios2-elf/4.9.2/../../../../../H-x86_64-pc-linux-gnu/nios2-elf/lib/libc.a(lib_a-mprec.o)
                0x0000000002012600                __b2d
 .text.__d2b    0x000000000201271c      0x13c /opt/altera_lite/15.1/nios2eds/bin/gnu/H-x86_64-pc-linux-gnu/bin/../lib/gcc/nios2-elf/4.9.2/../../../../../H-x86_64-pc-linux-gnu/nios2-elf/lib/libc.a(lib_a-mprec.o)
                0x000000000201271c                __d2b
 .text.__ratio  0x0000000002012858       0xa4 /opt/altera_lite/15.1/nios2eds/bin/gnu/H-x86_64-pc-linux-gnu/bin/../lib/gcc/nios2-elf/4.9.2/../../../../../H-x86_64-pc-linux-gnu/nios2-elf/lib/libc.a(lib_a-mprec.o)
                0x0000000002012858                __ratio
 .text._mprec_log10
                0x00000000020128fc       0x74 /opt/altera_lite/15.1/nios2eds/bin/gnu/H-x86_64-pc-linux-gnu/bin/../lib/gcc/nios2-elf/4.9.2/../../../../../H-x86_64-pc-linux-gnu/nios2-elf/lib/libc.a(lib_a-mprec.o)
                0x00000000020128fc                _mprec_log10
 .text.__copybits
                0x0000000002012970       0x78 /opt/altera_lite/15.1/nios2eds/bin/gnu/H-x86_64-pc-linux-gnu/bin/../lib/gcc/nios2-elf/4.9.2/../../../../../H-x86_64-pc-linux-gnu/nios2-elf/lib/libc.a(lib_a-mprec.o)
                0x0000000002012970                __copybits
 .text.__any_on
                0x00000000020129e8       0x8c /opt/altera_lite/15.1/nios2eds/bin/gnu/H-x86_64-pc-linux-gnu/bin/../lib/gcc/nios2-elf/4.9.2/../../../../../H-x86_64-pc-linux-gnu/nios2-elf/lib/libc.a(lib_a-mprec.o)
                0x00000000020129e8                __any_on
 .text          0x0000000002012a74        0x0 /opt/altera_lite/15.1/nios2eds/bin/gnu/H-x86_64-pc-linux-gnu/bin/../lib/gcc/nios2-elf/4.9.2/../../../../../H-x86_64-pc-linux-gnu/nios2-elf/lib/libc.a(lib_a-reallocr.o)
 .text._realloc_r
                0x0000000002012a74      0x568 /opt/altera_lite/15.1/nios2eds/bin/gnu/H-x86_64-pc-linux-gnu/bin/../lib/gcc/nios2-elf/4.9.2/../../../../../H-x86_64-pc-linux-gnu/nios2-elf/lib/libc.a(lib_a-reallocr.o)
                0x0000000002012a74                _realloc_r
 .text          0x0000000002012fdc        0x0 /opt/altera_lite/15.1/nios2eds/bin/gnu/H-x86_64-pc-linux-gnu/bin/../lib/gcc/nios2-elf/4.9.2/../../../../../H-x86_64-pc-linux-gnu/nios2-elf/lib/libc.a(lib_a-stdio.o)
 .text.__sread  0x0000000002012fdc       0x54 /opt/altera_lite/15.1/nios2eds/bin/gnu/H-x86_64-pc-linux-gnu/bin/../lib/gcc/nios2-elf/4.9.2/../../../../../H-x86_64-pc-linux-gnu/nios2-elf/lib/libc.a(lib_a-stdio.o)
                0x0000000002012fdc                __sread
 .text.__seofread
                0x0000000002013030        0x8 /opt/altera_lite/15.1/nios2eds/bin/gnu/H-x86_64-pc-linux-gnu/bin/../lib/gcc/nios2-elf/4.9.2/../../../../../H-x86_64-pc-linux-gnu/nios2-elf/lib/libc.a(lib_a-stdio.o)
                0x0000000002013030                __seofread
 .text.__swrite
                0x0000000002013038       0x7c /opt/altera_lite/15.1/nios2eds/bin/gnu/H-x86_64-pc-linux-gnu/bin/../lib/gcc/nios2-elf/4.9.2/../../../../../H-x86_64-pc-linux-gnu/nios2-elf/lib/libc.a(lib_a-stdio.o)
                0x0000000002013038                __swrite
 .text.__sseek  0x00000000020130b4       0x5c /opt/altera_lite/15.1/nios2eds/bin/gnu/H-x86_64-pc-linux-gnu/bin/../lib/gcc/nios2-elf/4.9.2/../../../../../H-x86_64-pc-linux-gnu/nios2-elf/lib/libc.a(lib_a-stdio.o)
                0x00000000020130b4                __sseek
 .text.__sclose
                0x0000000002013110        0x8 /opt/altera_lite/15.1/nios2eds/bin/gnu/H-x86_64-pc-linux-gnu/bin/../lib/gcc/nios2-elf/4.9.2/../../../../../H-x86_64-pc-linux-gnu/nios2-elf/lib/libc.a(lib_a-stdio.o)
                0x0000000002013110                __sclose
 .text          0x0000000002013118        0x0 /opt/altera_lite/15.1/nios2eds/bin/gnu/H-x86_64-pc-linux-gnu/bin/../lib/gcc/nios2-elf/4.9.2/../../../../../H-x86_64-pc-linux-gnu/nios2-elf/lib/libc.a(lib_a-strcmp.o)
 .text.strcmp   0x0000000002013118       0xa4 /opt/altera_lite/15.1/nios2eds/bin/gnu/H-x86_64-pc-linux-gnu/bin/../lib/gcc/nios2-elf/4.9.2/../../../../../H-x86_64-pc-linux-gnu/nios2-elf/lib/libc.a(lib_a-strcmp.o)
                0x0000000002013118                strcmp
 .text          0x00000000020131bc        0x0 /opt/altera_lite/15.1/nios2eds/bin/gnu/H-x86_64-pc-linux-gnu/bin/../lib/gcc/nios2-elf/4.9.2/../../../../../H-x86_64-pc-linux-gnu/nios2-elf/lib/libc.a(lib_a-svfiprintf.o)
 .text.__ssprint_r
                0x00000000020131bc      0x1cc /opt/altera_lite/15.1/nios2eds/bin/gnu/H-x86_64-pc-linux-gnu/bin/../lib/gcc/nios2-elf/4.9.2/../../../../../H-x86_64-pc-linux-gnu/nios2-elf/lib/libc.a(lib_a-svfiprintf.o)
                0x00000000020131bc                __ssprint_r
 .text.___svfiprintf_internal_r
                0x0000000002013388     0x1038 /opt/altera_lite/15.1/nios2eds/bin/gnu/H-x86_64-pc-linux-gnu/bin/../lib/gcc/nios2-elf/4.9.2/../../../../../H-x86_64-pc-linux-gnu/nios2-elf/lib/libc.a(lib_a-svfiprintf.o)
                0x0000000002013388                ___svfiprintf_internal_r
 .text          0x00000000020143c0        0x0 /opt/altera_lite/15.1/nios2eds/bin/gnu/H-x86_64-pc-linux-gnu/bin/../lib/gcc/nios2-elf/4.9.2/../../../../../H-x86_64-pc-linux-gnu/nios2-elf/lib/libc.a(lib_a-vfiprintf.o)
 .text.__sprint_r.part.0
                0x00000000020143c0       0xfc /opt/altera_lite/15.1/nios2eds/bin/gnu/H-x86_64-pc-linux-gnu/bin/../lib/gcc/nios2-elf/4.9.2/../../../../../H-x86_64-pc-linux-gnu/nios2-elf/lib/libc.a(lib_a-vfiprintf.o)
 .text.__sprint_r
                0x00000000020144bc       0x18 /opt/altera_lite/15.1/nios2eds/bin/gnu/H-x86_64-pc-linux-gnu/bin/../lib/gcc/nios2-elf/4.9.2/../../../../../H-x86_64-pc-linux-gnu/nios2-elf/lib/libc.a(lib_a-vfiprintf.o)
                0x00000000020144bc                __sprint_r
 .text.___vfiprintf_internal_r
                0x00000000020144d4     0x12d0 /opt/altera_lite/15.1/nios2eds/bin/gnu/H-x86_64-pc-linux-gnu/bin/../lib/gcc/nios2-elf/4.9.2/../../../../../H-x86_64-pc-linux-gnu/nios2-elf/lib/libc.a(lib_a-vfiprintf.o)
                0x00000000020144d4                ___vfiprintf_internal_r
 .text.__vfiprintf_internal
                0x00000000020157a4       0x24 /opt/altera_lite/15.1/nios2eds/bin/gnu/H-x86_64-pc-linux-gnu/bin/../lib/gcc/nios2-elf/4.9.2/../../../../../H-x86_64-pc-linux-gnu/nios2-elf/lib/libc.a(lib_a-vfiprintf.o)
                0x00000000020157a4                __vfiprintf_internal
 .text.__sbprintf
                0x00000000020157c8       0xbc /opt/altera_lite/15.1/nios2eds/bin/gnu/H-x86_64-pc-linux-gnu/bin/../lib/gcc/nios2-elf/4.9.2/../../../../../H-x86_64-pc-linux-gnu/nios2-elf/lib/libc.a(lib_a-vfiprintf.o)
 .text          0x0000000002015884        0x0 /opt/altera_lite/15.1/nios2eds/bin/gnu/H-x86_64-pc-linux-gnu/bin/../lib/gcc/nios2-elf/4.9.2/../../../../../H-x86_64-pc-linux-gnu/nios2-elf/lib/libc.a(lib_a-writer.o)
 .text._write_r
                0x0000000002015884       0x5c /opt/altera_lite/15.1/nios2eds/bin/gnu/H-x86_64-pc-linux-gnu/bin/../lib/gcc/nios2-elf/4.9.2/../../../../../H-x86_64-pc-linux-gnu/nios2-elf/lib/libc.a(lib_a-writer.o)
                0x0000000002015884                _write_r
 .text          0x00000000020158e0        0x0 /opt/altera_lite/15.1/nios2eds/bin/gnu/H-x86_64-pc-linux-gnu/bin/../lib/gcc/nios2-elf/4.9.2/../../../../../H-x86_64-pc-linux-gnu/nios2-elf/lib/libc.a(closer.o)
 .text._close_r
                0x00000000020158e0       0x54 /opt/altera_lite/15.1/nios2eds/bin/gnu/H-x86_64-pc-linux-gnu/bin/../lib/gcc/nios2-elf/4.9.2/../../../../../H-x86_64-pc-linux-gnu/nios2-elf/lib/libc.a(closer.o)
                0x00000000020158e0                _close_r
 .text          0x0000000002015934        0x0 /opt/altera_lite/15.1/nios2eds/bin/gnu/H-x86_64-pc-linux-gnu/bin/../lib/gcc/nios2-elf/4.9.2/../../../../../H-x86_64-pc-linux-gnu/nios2-elf/lib/libc.a(lib_a-callocr.o)
 .text._calloc_r
                0x0000000002015934       0xc4 /opt/altera_lite/15.1/nios2eds/bin/gnu/H-x86_64-pc-linux-gnu/bin/../lib/gcc/nios2-elf/4.9.2/../../../../../H-x86_64-pc-linux-gnu/nios2-elf/lib/libc.a(lib_a-callocr.o)
                0x0000000002015934                _calloc_r
 .text          0x00000000020159f8        0x0 /opt/altera_lite/15.1/nios2eds/bin/gnu/H-x86_64-pc-linux-gnu/bin/../lib/gcc/nios2-elf/4.9.2/../../../../../H-x86_64-pc-linux-gnu/nios2-elf/lib/libc.a(lib_a-fclose.o)
 .text._fclose_r
                0x00000000020159f8       0xf0 /opt/altera_lite/15.1/nios2eds/bin/gnu/H-x86_64-pc-linux-gnu/bin/../lib/gcc/nios2-elf/4.9.2/../../../../../H-x86_64-pc-linux-gnu/nios2-elf/lib/libc.a(lib_a-fclose.o)
                0x00000000020159f8                _fclose_r
 .text.fclose   0x0000000002015ae8       0x14 /opt/altera_lite/15.1/nios2eds/bin/gnu/H-x86_64-pc-linux-gnu/bin/../lib/gcc/nios2-elf/4.9.2/../../../../../H-x86_64-pc-linux-gnu/nios2-elf/lib/libc.a(lib_a-fclose.o)
                0x0000000002015ae8                fclose
 .text          0x0000000002015afc        0x0 /opt/altera_lite/15.1/nios2eds/bin/gnu/H-x86_64-pc-linux-gnu/bin/../lib/gcc/nios2-elf/4.9.2/../../../../../H-x86_64-pc-linux-gnu/nios2-elf/lib/libc.a(lib_a-fputwc.o)
 .text._fputwc_r
                0x0000000002015afc      0x184 /opt/altera_lite/15.1/nios2eds/bin/gnu/H-x86_64-pc-linux-gnu/bin/../lib/gcc/nios2-elf/4.9.2/../../../../../H-x86_64-pc-linux-gnu/nios2-elf/lib/libc.a(lib_a-fputwc.o)
                0x0000000002015afc                _fputwc_r
 .text.fputwc   0x0000000002015c80       0x5c /opt/altera_lite/15.1/nios2eds/bin/gnu/H-x86_64-pc-linux-gnu/bin/../lib/gcc/nios2-elf/4.9.2/../../../../../H-x86_64-pc-linux-gnu/nios2-elf/lib/libc.a(lib_a-fputwc.o)
                0x0000000002015c80                fputwc
 .text          0x0000000002015cdc        0x0 /opt/altera_lite/15.1/nios2eds/bin/gnu/H-x86_64-pc-linux-gnu/bin/../lib/gcc/nios2-elf/4.9.2/../../../../../H-x86_64-pc-linux-gnu/nios2-elf/lib/libc.a(lib_a-fstatr.o)
 .text._fstat_r
                0x0000000002015cdc       0x58 /opt/altera_lite/15.1/nios2eds/bin/gnu/H-x86_64-pc-linux-gnu/bin/../lib/gcc/nios2-elf/4.9.2/../../../../../H-x86_64-pc-linux-gnu/nios2-elf/lib/libc.a(lib_a-fstatr.o)
                0x0000000002015cdc                _fstat_r
 .text          0x0000000002015d34        0x0 /opt/altera_lite/15.1/nios2eds/bin/gnu/H-x86_64-pc-linux-gnu/bin/../lib/gcc/nios2-elf/4.9.2/../../../../../H-x86_64-pc-linux-gnu/nios2-elf/lib/libc.a(lib_a-isattyr.o)
 .text._isatty_r
                0x0000000002015d34       0x54 /opt/altera_lite/15.1/nios2eds/bin/gnu/H-x86_64-pc-linux-gnu/bin/../lib/gcc/nios2-elf/4.9.2/../../../../../H-x86_64-pc-linux-gnu/nios2-elf/lib/libc.a(lib_a-isattyr.o)
                0x0000000002015d34                _isatty_r
 .text          0x0000000002015d88        0x0 /opt/altera_lite/15.1/nios2eds/bin/gnu/H-x86_64-pc-linux-gnu/bin/../lib/gcc/nios2-elf/4.9.2/../../../../../H-x86_64-pc-linux-gnu/nios2-elf/lib/libc.a(lib_a-lseekr.o)
 .text._lseek_r
                0x0000000002015d88       0x5c /opt/altera_lite/15.1/nios2eds/bin/gnu/H-x86_64-pc-linux-gnu/bin/../lib/gcc/nios2-elf/4.9.2/../../../../../H-x86_64-pc-linux-gnu/nios2-elf/lib/libc.a(lib_a-lseekr.o)
                0x0000000002015d88                _lseek_r
 .text          0x0000000002015de4        0x0 /opt/altera_lite/15.1/nios2eds/bin/gnu/H-x86_64-pc-linux-gnu/bin/../lib/gcc/nios2-elf/4.9.2/../../../../../H-x86_64-pc-linux-gnu/nios2-elf/lib/libc.a(lib_a-readr.o)
 .text._read_r  0x0000000002015de4       0x5c /opt/altera_lite/15.1/nios2eds/bin/gnu/H-x86_64-pc-linux-gnu/bin/../lib/gcc/nios2-elf/4.9.2/../../../../../H-x86_64-pc-linux-gnu/nios2-elf/lib/libc.a(lib_a-readr.o)
                0x0000000002015de4                _read_r
 .text          0x0000000002015e40        0x0 /opt/altera_lite/15.1/nios2eds/bin/gnu/H-x86_64-pc-linux-gnu/bin/../lib/gcc/nios2-elf/4.9.2/../../../../../H-x86_64-pc-linux-gnu/nios2-elf/lib/libc.a(lib_a-wbuf.o)
 .text.__swbuf_r
                0x0000000002015e40      0x138 /opt/altera_lite/15.1/nios2eds/bin/gnu/H-x86_64-pc-linux-gnu/bin/../lib/gcc/nios2-elf/4.9.2/../../../../../H-x86_64-pc-linux-gnu/nios2-elf/lib/libc.a(lib_a-wbuf.o)
                0x0000000002015e40                __swbuf_r
 .text.__swbuf  0x0000000002015f78       0x1c /opt/altera_lite/15.1/nios2eds/bin/gnu/H-x86_64-pc-linux-gnu/bin/../lib/gcc/nios2-elf/4.9.2/../../../../../H-x86_64-pc-linux-gnu/nios2-elf/lib/libc.a(lib_a-wbuf.o)
                0x0000000002015f78                __swbuf
 .text          0x0000000002015f94        0x0 /opt/altera_lite/15.1/nios2eds/bin/gnu/H-x86_64-pc-linux-gnu/bin/../lib/gcc/nios2-elf/4.9.2/../../../../../H-x86_64-pc-linux-gnu/nios2-elf/lib/libc.a(lib_a-wcrtomb.o)
 .text._wcrtomb_r
                0x0000000002015f94       0x9c /opt/altera_lite/15.1/nios2eds/bin/gnu/H-x86_64-pc-linux-gnu/bin/../lib/gcc/nios2-elf/4.9.2/../../../../../H-x86_64-pc-linux-gnu/nios2-elf/lib/libc.a(lib_a-wcrtomb.o)
                0x0000000002015f94                _wcrtomb_r
 .text.wcrtomb  0x0000000002016030       0xc0 /opt/altera_lite/15.1/nios2eds/bin/gnu/H-x86_64-pc-linux-gnu/bin/../lib/gcc/nios2-elf/4.9.2/../../../../../H-x86_64-pc-linux-gnu/nios2-elf/lib/libc.a(lib_a-wcrtomb.o)
                0x0000000002016030                wcrtomb
 .text          0x00000000020160f0        0x0 /opt/altera_lite/15.1/nios2eds/bin/gnu/H-x86_64-pc-linux-gnu/bin/../lib/gcc/nios2-elf/4.9.2/../../../../../H-x86_64-pc-linux-gnu/nios2-elf/lib/libc.a(lib_a-wctomb_r.o)
 .text.__ascii_wctomb
                0x00000000020160f0       0x30 /opt/altera_lite/15.1/nios2eds/bin/gnu/H-x86_64-pc-linux-gnu/bin/../lib/gcc/nios2-elf/4.9.2/../../../../../H-x86_64-pc-linux-gnu/nios2-elf/lib/libc.a(lib_a-wctomb_r.o)
                0x00000000020160f0                __ascii_wctomb
 .text._wctomb_r
                0x0000000002016120       0x5c /opt/altera_lite/15.1/nios2eds/bin/gnu/H-x86_64-pc-linux-gnu/bin/../lib/gcc/nios2-elf/4.9.2/../../../../../H-x86_64-pc-linux-gnu/nios2-elf/lib/libc.a(lib_a-wctomb_r.o)
                0x0000000002016120                _wctomb_r
 .text          0x000000000201617c      0x5c0 /opt/altera_lite/15.1/nios2eds/bin/gnu/H-x86_64-pc-linux-gnu/bin/../lib/gcc/nios2-elf/4.9.2/libgcc.a(_udivdi3.o)
                0x000000000201617c                __udivdi3
 .text          0x000000000201673c      0x590 /opt/altera_lite/15.1/nios2eds/bin/gnu/H-x86_64-pc-linux-gnu/bin/../lib/gcc/nios2-elf/4.9.2/libgcc.a(_umoddi3.o)
                0x000000000201673c                __umoddi3
 .text          0x0000000002016ccc       0x84 /opt/altera_lite/15.1/nios2eds/bin/gnu/H-x86_64-pc-linux-gnu/bin/../lib/gcc/nios2-elf/4.9.2/libgcc.a(eqdf2.o)
                0x0000000002016ccc                __eqdf2
                0x0000000002016ccc                __nedf2
 .text          0x0000000002016d50       0xe0 /opt/altera_lite/15.1/nios2eds/bin/gnu/H-x86_64-pc-linux-gnu/bin/../lib/gcc/nios2-elf/4.9.2/libgcc.a(gedf2.o)
                0x0000000002016d50                __gtdf2
                0x0000000002016d50                __gedf2
 .text          0x0000000002016e30       0xa4 /opt/altera_lite/15.1/nios2eds/bin/gnu/H-x86_64-pc-linux-gnu/bin/../lib/gcc/nios2-elf/4.9.2/libgcc.a(floatunsidf.o)
                0x0000000002016e30                __floatunsidf
 .text          0x0000000002016ed4      0x140 ../LT24_RTOS_bsp//libucosii_bsp.a(alt_alarm_start.o)
                0x0000000002016ed4                alt_alarm_start
 .text          0x0000000002017014      0x120 ../LT24_RTOS_bsp//libucosii_bsp.a(alt_close.o)
                0x0000000002017064                close
 .text          0x0000000002017134       0x2c ../LT24_RTOS_bsp//libucosii_bsp.a(alt_dev.o)
 .text          0x0000000002017160        0x0 ../LT24_RTOS_bsp//libucosii_bsp.a(alt_errno.o)
 .text          0x0000000002017160      0x100 ../LT24_RTOS_bsp//libucosii_bsp.a(alt_fstat.o)
                0x00000000020171b0                fstat
 .text          0x0000000002017260      0x1e0 ../LT24_RTOS_bsp//libucosii_bsp.a(alt_iic.o)
                0x0000000002017260                alt_ic_isr_register
                0x00000000020172b0                alt_ic_irq_enable
                0x0000000002017350                alt_ic_irq_disable
                0x00000000020173f4                alt_ic_irq_enabled
 .text          0x0000000002017440       0xf0 ../LT24_RTOS_bsp//libucosii_bsp.a(alt_iic_isr_register.o)
                0x0000000002017440                alt_iic_isr_register
 .text          0x0000000002017530        0x0 ../LT24_RTOS_bsp//libucosii_bsp.a(alt_irq_entry.o)
 .text          0x0000000002017530        0x0 ../LT24_RTOS_bsp//libucosii_bsp.a(alt_irq_handler.o)
 .text          0x0000000002017530        0x0 ../LT24_RTOS_bsp//libucosii_bsp.a(alt_irq_vars.o)
 .text          0x0000000002017530       0xf4 ../LT24_RTOS_bsp//libucosii_bsp.a(alt_isatty.o)
                0x0000000002017580                isatty
 .text          0x0000000002017624       0xe4 ../LT24_RTOS_bsp//libucosii_bsp.a(alt_load.o)
                0x0000000002017688                alt_load
 .text          0x0000000002017708      0x124 ../LT24_RTOS_bsp//libucosii_bsp.a(alt_lseek.o)
                0x0000000002017758                lseek
 .text          0x000000000201782c       0xd4 ../LT24_RTOS_bsp//libucosii_bsp.a(alt_main.o)
                0x000000000201782c                alt_main
 .text          0x0000000002017900      0x14c ../LT24_RTOS_bsp//libucosii_bsp.a(alt_read.o)
                0x0000000002017950                read
 .text          0x0000000002017a4c       0x60 ../LT24_RTOS_bsp//libucosii_bsp.a(alt_release_fd.o)
                0x0000000002017a4c                alt_release_fd
 .text          0x0000000002017aac       0xb0 ../LT24_RTOS_bsp//libucosii_bsp.a(alt_sbrk.o)
                0x0000000002017aac                sbrk
 .text          0x0000000002017b5c      0x19c ../LT24_RTOS_bsp//libucosii_bsp.a(alt_tick.o)
                0x0000000002017b5c                alt_alarm_stop
                0x0000000002017bf4                alt_tick
 .text          0x0000000002017cf8      0x124 ../LT24_RTOS_bsp//libucosii_bsp.a(alt_usleep.o)
                0x0000000002017cf8                usleep
 .text          0x0000000002017e1c      0x148 ../LT24_RTOS_bsp//libucosii_bsp.a(alt_write.o)
                0x0000000002017e6c                write
 .text          0x0000000002017f64      0x11c ../LT24_RTOS_bsp//libucosii_bsp.a(alt_env_lock.o)
                0x0000000002017f64                __env_lock
                0x0000000002018024                __env_unlock
 .text          0x0000000002018080      0x1f0 ../LT24_RTOS_bsp//libucosii_bsp.a(alt_malloc_lock.o)
                0x0000000002018080                __malloc_lock
                0x00000000020181a0                __malloc_unlock
 .text          0x0000000002018270     0x1fe0 ../LT24_RTOS_bsp//libucosii_bsp.a(os_core.o)
                0x0000000002018270                OSEventNameGet
                0x0000000002018390                OSEventNameSet
                0x00000000020184cc                OSEventPendMulti
                0x0000000002018adc                OSInit
                0x0000000002018b30                OSIntEnter
                0x0000000002018bac                OSIntExit
                0x0000000002018ca0                OSSchedLock
                0x0000000002018d28                OSSchedUnlock
                0x0000000002018e00                OSStart
                0x0000000002018e6c                OSStatInit
                0x0000000002018f18                OSTimeTick
                0x0000000002019134                OSVersion
                0x0000000002019154                OS_Dummy
                0x0000000002019170                OS_EventTaskRdy
                0x0000000002019308                OS_EventTaskWait
                0x0000000002019414                OS_EventTaskWaitMulti
                0x0000000002019560                OS_EventTaskRemove
                0x0000000002019614                OS_EventTaskRemoveMulti
                0x0000000002019710                OS_EventWaitListInit
                0x0000000002019ad4                OS_MemClr
                0x0000000002019b24                OS_MemCopy
                0x0000000002019b88                OS_Sched
                0x0000000002019cc4                OS_StrCopy
                0x0000000002019d38                OS_StrLen
                0x0000000002019d8c                OS_TaskIdle
                0x0000000002019de8                OS_TaskStat
                0x0000000002019eb4                OS_TaskStatStkChk
                0x0000000002019f7c                OS_TCBInit
 .text          0x000000000201a250      0x18c ../LT24_RTOS_bsp//libucosii_bsp.a(os_dbg.o)
                0x000000000201a250                OSDebugInit
 .text          0x000000000201a3dc     0x181c ../LT24_RTOS_bsp//libucosii_bsp.a(os_flag.o)
                0x000000000201a3dc                OSFlagAccept
                0x000000000201a6e4                OSFlagCreate
                0x000000000201a80c                OSFlagDel
                0x000000000201aa7c                OSFlagNameGet
                0x000000000201abac                OSFlagNameSet
                0x000000000201acfc                OSFlagPend
                0x000000000201b2ec                OSFlagPendGetFlagsRdy
                0x000000000201b354                OSFlagPost
                0x000000000201b6dc                OSFlagQuery
                0x000000000201b964                OS_FlagInit
                0x000000000201bb58                OS_FlagUnlink
 .text          0x000000000201bbf8      0xb88 ../LT24_RTOS_bsp//libucosii_bsp.a(os_mbox.o)
                0x000000000201bbf8                OSMboxAccept
                0x000000000201bc90                OSMboxCreate
                0x000000000201bd8c                OSMboxDel
                0x000000000201bff4                OSMboxPend
                0x000000000201c298                OSMboxPendAbort
                0x000000000201c404                OSMboxPost
                0x000000000201c514                OSMboxPostOpt
                0x000000000201c670                OSMboxQuery
 .text          0x000000000201c780      0x784 ../LT24_RTOS_bsp//libucosii_bsp.a(os_mem.o)
                0x000000000201c780                OSMemCreate
                0x000000000201c974                OSMemGet
                0x000000000201ca64                OSMemNameGet
                0x000000000201cb5c                OSMemNameSet
                0x000000000201cc74                OSMemPut
                0x000000000201cd4c                OSMemQuery
                0x000000000201ce34                OS_MemInit
 .text          0x000000000201cf04     0x1210 ../LT24_RTOS_bsp//libucosii_bsp.a(os_q.o)
                0x000000000201cf04                OSQAccept
                0x000000000201d044                OSQCreate
                0x000000000201d240                OSQDel
                0x000000000201d508                OSQFlush
                0x000000000201d5c0                OSQPend
                0x000000000201d8bc                OSQPendAbort
                0x000000000201da28                OSQPost
                0x000000000201db90                OSQPostFront
                0x000000000201dd00                OSQPostOpt
                0x000000000201df0c                OSQQuery
                0x000000000201e068                OS_QInit
 .text          0x000000000201e114      0xb08 ../LT24_RTOS_bsp//libucosii_bsp.a(os_sem.o)
                0x000000000201e114                OSSemAccept
                0x000000000201e1c4                OSSemCreate
                0x000000000201e2c4                OSSemDel
                0x000000000201e52c                OSSemPend
                0x000000000201e794                OSSemPendAbort
                0x000000000201e900                OSSemPost
                0x000000000201ea10                OSSemQuery
                0x000000000201eb20                OSSemSet
 .text          0x000000000201ec1c     0x18f4 ../LT24_RTOS_bsp//libucosii_bsp.a(os_task.o)
                0x000000000201ec1c                OSTaskChangePrio
                0x000000000201f15c                OSTaskCreate
                0x000000000201f318                OSTaskCreateExt
                0x000000000201f504                OSTaskDel
                0x000000000201f8e4                OSTaskDelReq
                0x000000000201fa3c                OSTaskNameGet
                0x000000000201fbe4                OSTaskNameSet
                0x000000000201fda4                OSTaskResume
                0x000000000201ff9c                OSTaskStkChk
                0x0000000002020164                OSTaskSuspend
                0x0000000002020378                OSTaskQuery
                0x00000000020204a4                OS_TaskStkClr
 .text          0x0000000002020510      0x55c ../LT24_RTOS_bsp//libucosii_bsp.a(os_time.o)
                0x0000000002020510                OSTimeDly
                0x0000000002020658                OSTimeDlyHMSM
                0x00000000020207b4                OSTimeDlyResume
                0x00000000020209a4                OSTimeGet
                0x0000000002020a08                OSTimeSet
 .text          0x0000000002020a6c       0xec ../LT24_RTOS_bsp//libucosii_bsp.a(alt_sys_init.o)
                0x0000000002020aa4                alt_irq_init
                0x0000000002020ad8                alt_sys_init
 .text          0x0000000002020b58      0x164 ../LT24_RTOS_bsp//libucosii_bsp.a(altera_avalon_jtag_uart_fd.o)
                0x0000000002020b58                altera_avalon_jtag_uart_read_fd
                0x0000000002020bb8                altera_avalon_jtag_uart_write_fd
                0x0000000002020c18                altera_avalon_jtag_uart_close_fd
                0x0000000002020c68                altera_avalon_jtag_uart_ioctl_fd
 .text          0x0000000002020cbc      0x568 ../LT24_RTOS_bsp//libucosii_bsp.a(altera_avalon_jtag_uart_init.o)
                0x0000000002020cbc                altera_avalon_jtag_uart_init
                0x00000000020211bc                altera_avalon_jtag_uart_close
 .text          0x0000000002021224       0xec ../LT24_RTOS_bsp//libucosii_bsp.a(altera_avalon_jtag_uart_ioctl.o)
                0x0000000002021224                altera_avalon_jtag_uart_ioctl
 .text          0x0000000002021310      0x2b4 ../LT24_RTOS_bsp//libucosii_bsp.a(altera_avalon_jtag_uart_read.o)
                0x0000000002021310                altera_avalon_jtag_uart_read
 .text          0x00000000020215c4      0x2c0 ../LT24_RTOS_bsp//libucosii_bsp.a(altera_avalon_jtag_uart_write.o)
                0x00000000020215c4                altera_avalon_jtag_uart_write
 .text          0x0000000002021884      0x204 ../LT24_RTOS_bsp//libucosii_bsp.a(altera_avalon_spi.o)
                0x0000000002021884                alt_avalon_spi_command
 .text          0x0000000002021a88       0xfc ../LT24_RTOS_bsp//libucosii_bsp.a(altera_avalon_timer_sc.o)
                0x0000000002021afc                alt_avalon_timer_sc_init
 .text          0x0000000002021b84        0x0 ../LT24_RTOS_bsp//libucosii_bsp.a(altera_avalon_timer_vars.o)
 .text          0x0000000002021b84      0x158 ../LT24_RTOS_bsp//libucosii_bsp.a(alt_busy_sleep.o)
                0x0000000002021b84                alt_busy_sleep
 .text          0x0000000002021cdc       0x44 ../LT24_RTOS_bsp//libucosii_bsp.a(alt_dcache_flush_all.o)
                0x0000000002021cdc                alt_dcache_flush_all
 .text          0x0000000002021d20       0xf4 ../LT24_RTOS_bsp//libucosii_bsp.a(alt_dev_llist_insert.o)
                0x0000000002021d70                alt_dev_llist_insert
 .text          0x0000000002021e14       0x5c ../LT24_RTOS_bsp//libucosii_bsp.a(alt_do_ctors.o)
                0x0000000002021e14                _do_ctors
 .text          0x0000000002021e70       0x5c ../LT24_RTOS_bsp//libucosii_bsp.a(alt_do_dtors.o)
                0x0000000002021e70                _do_dtors
 .text          0x0000000002021ecc        0x0 ../LT24_RTOS_bsp//libucosii_bsp.a(alt_exception_entry.o)
 .text          0x0000000002021ecc       0x30 ../LT24_RTOS_bsp//libucosii_bsp.a(alt_icache_flush_all.o)
                0x0000000002021ecc                alt_icache_flush_all
 .text          0x0000000002021efc      0x138 ../LT24_RTOS_bsp//libucosii_bsp.a(alt_io_redirect.o)
                0x0000000002021fbc                alt_io_redirect
 .text          0x0000000002022034      0x274 ../LT24_RTOS_bsp//libucosii_bsp.a(alt_open.o)
                0x0000000002022150                open
 .text          0x00000000020222a8       0x20 ../LT24_RTOS_bsp//libucosii_bsp.a(altera_nios2_qsys_irq.o)
                0x00000000020222a8                altera_nios2_qsys_irq_init
 .text          0x00000000020222c8       0xd0 ../LT24_RTOS_bsp//libucosii_bsp.a(os_cpu_a.o)
                0x00000000020222c8                OSCtxSw
                0x00000000020222c8                OSIntCtxSw
                0x0000000002022354                OSStartHighRdy
                0x0000000002022374                OSStartTsk
 .text          0x0000000002022398      0x264 ../LT24_RTOS_bsp//libucosii_bsp.a(os_cpu_c.o)
                0x0000000002022398                OSTaskStkInit
                0x00000000020224f4                OSTaskCreateHook
                0x0000000002022514                OSTaskDelHook
                0x0000000002022534                OSTaskSwHook
                0x0000000002022550                OSTaskStatHook
                0x000000000202256c                OSTimeTickHook
                0x0000000002022588                OSInitHookBegin
                0x00000000020225a4                OSInitHookEnd
                0x00000000020225c0                OSTaskIdleHook
                0x00000000020225dc                OSTCBInitHook
 .text          0x00000000020225fc       0x90 ../LT24_RTOS_bsp//libucosii_bsp.a(alt_find_dev.o)
                0x00000000020225fc                alt_find_dev
 .text          0x000000000202268c      0x114 ../LT24_RTOS_bsp//libucosii_bsp.a(alt_find_file.o)
                0x000000000202268c                alt_find_file
 .text          0x00000000020227a0       0xfc ../LT24_RTOS_bsp//libucosii_bsp.a(alt_get_fd.o)
                0x00000000020227a0                alt_get_fd
 .text          0x000000000202289c       0x8c ../LT24_RTOS_bsp//libucosii_bsp.a(alt_icache_flush.o)
                0x000000000202289c                alt_icache_flush
 .text          0x0000000002022928        0x0 /opt/altera_lite/15.1/nios2eds/bin/gnu/H-x86_64-pc-linux-gnu/bin/../lib/gcc/nios2-elf/4.9.2/../../../../../H-x86_64-pc-linux-gnu/nios2-elf/lib/libc.a(lib_a-atexit.o)
 .text.atexit   0x0000000002022928       0x14 /opt/altera_lite/15.1/nios2eds/bin/gnu/H-x86_64-pc-linux-gnu/bin/../lib/gcc/nios2-elf/4.9.2/../../../../../H-x86_64-pc-linux-gnu/nios2-elf/lib/libc.a(lib_a-atexit.o)
                0x0000000002022928                atexit
 .text          0x000000000202293c        0x0 /opt/altera_lite/15.1/nios2eds/bin/gnu/H-x86_64-pc-linux-gnu/bin/../lib/gcc/nios2-elf/4.9.2/../../../../../H-x86_64-pc-linux-gnu/nios2-elf/lib/libc.a(lib_a-exit.o)
 .text.exit     0x000000000202293c       0x38 /opt/altera_lite/15.1/nios2eds/bin/gnu/H-x86_64-pc-linux-gnu/bin/../lib/gcc/nios2-elf/4.9.2/../../../../../H-x86_64-pc-linux-gnu/nios2-elf/lib/libc.a(lib_a-exit.o)
                0x000000000202293c                exit
 .text          0x0000000002022974        0x0 /opt/altera_lite/15.1/nios2eds/bin/gnu/H-x86_64-pc-linux-gnu/bin/../lib/gcc/nios2-elf/4.9.2/../../../../../H-x86_64-pc-linux-gnu/nios2-elf/lib/libc.a(lib_a-memcmp.o)
 .text.memcmp   0x0000000002022974       0x7c /opt/altera_lite/15.1/nios2eds/bin/gnu/H-x86_64-pc-linux-gnu/bin/../lib/gcc/nios2-elf/4.9.2/../../../../../H-x86_64-pc-linux-gnu/nios2-elf/lib/libc.a(lib_a-memcmp.o)
                0x0000000002022974                memcmp
 .text          0x00000000020229f0        0x0 /opt/altera_lite/15.1/nios2eds/bin/gnu/H-x86_64-pc-linux-gnu/bin/../lib/gcc/nios2-elf/4.9.2/../../../../../H-x86_64-pc-linux-gnu/nios2-elf/lib/libc.a(lib_a-__atexit.o)
 .text.__register_exitproc
                0x00000000020229f0      0x114 /opt/altera_lite/15.1/nios2eds/bin/gnu/H-x86_64-pc-linux-gnu/bin/../lib/gcc/nios2-elf/4.9.2/../../../../../H-x86_64-pc-linux-gnu/nios2-elf/lib/libc.a(lib_a-__atexit.o)
                0x00000000020229f0                __register_exitproc
 .text          0x0000000002022b04        0x0 /opt/altera_lite/15.1/nios2eds/bin/gnu/H-x86_64-pc-linux-gnu/bin/../lib/gcc/nios2-elf/4.9.2/../../../../../H-x86_64-pc-linux-gnu/nios2-elf/lib/libc.a(lib_a-__call_atexit.o)
 .text.__call_exitprocs
                0x0000000002022b04      0x194 /opt/altera_lite/15.1/nios2eds/bin/gnu/H-x86_64-pc-linux-gnu/bin/../lib/gcc/nios2-elf/4.9.2/../../../../../H-x86_64-pc-linux-gnu/nios2-elf/lib/libc.a(lib_a-__call_atexit.o)
                0x0000000002022b04                __call_exitprocs
 .text          0x0000000002022c98       0x3c ../LT24_RTOS_bsp//libucosii_bsp.a(alt_exit.o)
                0x0000000002022c98                _exit
 *(.gnu.warning.*)
 *(.fini)
                0x0000000002022cd4                PROVIDE (__etext, ABSOLUTE (.))
                0x0000000002022cd4                PROVIDE (_etext, ABSOLUTE (.))
                0x0000000002022cd4                PROVIDE (etext, ABSOLUTE (.))
 *(.eh_frame_hdr)
                0x0000000002022cd4                . = ALIGN (0x4)
                0x0000000002022cd4                PROVIDE (__preinit_array_start, ABSOLUTE (.))
 *(.preinit_array)
                0x0000000002022cd4                PROVIDE (__preinit_array_end, ABSOLUTE (.))
                0x0000000002022cd4                PROVIDE (__init_array_start, ABSOLUTE (.))
 *(.init_array)
                0x0000000002022cd4                PROVIDE (__init_array_end, ABSOLUTE (.))
                0x0000000002022cd4                PROVIDE (__fini_array_start, ABSOLUTE (.))
 *(.fini_array)
                0x0000000002022cd4                PROVIDE (__fini_array_end, ABSOLUTE (.))
 *(.eh_frame)
 *(.gcc_except_table .gcc_except_table.*)
 *(.dynamic)
                0x0000000002022cd4                PROVIDE (__CTOR_LIST__, ABSOLUTE (.))
 *(.ctors)
 *(SORT(.ctors.*))
                0x0000000002022cd4                PROVIDE (__CTOR_END__, ABSOLUTE (.))
                0x0000000002022cd4                PROVIDE (__DTOR_LIST__, ABSOLUTE (.))
 *(.dtors)
 *(SORT(.dtors.*))
                0x0000000002022cd4                PROVIDE (__DTOR_END__, ABSOLUTE (.))
 *(.jcr)
                0x0000000002022cd4                . = ALIGN (0x4)

.rodata         0x0000000002022cd4    0x1a378
                0x0000000002022cd4                PROVIDE (__ram_rodata_start, ABSOLUTE (.))
                0x0000000002022cd4                . = ALIGN (0x4)
 *(.rodata .rodata.* .gnu.linkonce.r.*)
 .rodata        0x0000000002022cd4       0x2c obj/default/demo/gui.o
 .rodata        0x0000000002022d00       0x34 obj/default/demo/gui_vpg.o
 .rodata        0x0000000002022d34     0x77f2 obj/default/fonts/tahomabold_20.o
 .rodata        0x000000000202a526    0x12520 obj/default/fonts/tahomabold_32.o
 *fill*         0x000000000203ca46        0x2 
 .rodata        0x000000000203ca48       0x58 obj/default/graphic_lib/simple_graphics.o
 .rodata        0x000000000203caa0       0x28 obj/default/graphic_lib/simple_text.o
 .rodata        0x000000000203cac8      0x120 obj/default/hello_ucosii.o
 .rodata.str1.4
                0x000000000203cbe8        0x5 /opt/altera_lite/15.1/nios2eds/bin/gnu/H-x86_64-pc-linux-gnu/bin/../lib/gcc/nios2-elf/4.9.2/../../../../../H-x86_64-pc-linux-gnu/nios2-elf/lib/libm.a(lib_a-w_sqrt.o)
                                          0x8 (size before relaxing)
 .rodata        0x000000000203cbed      0x100 /opt/altera_lite/15.1/nios2eds/bin/gnu/H-x86_64-pc-linux-gnu/bin/../lib/gcc/nios2-elf/4.9.2/libgcc.a(_clz.o)
                0x000000000203cbed                __clz_tab
 *fill*         0x000000000203cced        0x3 
 .rodata.str1.4
                0x000000000203ccf0        0x2 /opt/altera_lite/15.1/nios2eds/bin/gnu/H-x86_64-pc-linux-gnu/bin/../lib/gcc/nios2-elf/4.9.2/../../../../../H-x86_64-pc-linux-gnu/nios2-elf/lib/libc.a(lib_a-impure.o)
                                          0x4 (size before relaxing)
 *fill*         0x000000000203ccf2        0x2 
 .rodata.str1.4
                0x000000000203ccf4        0x2 /opt/altera_lite/15.1/nios2eds/bin/gnu/H-x86_64-pc-linux-gnu/bin/../lib/gcc/nios2-elf/4.9.2/../../../../../H-x86_64-pc-linux-gnu/nios2-elf/lib/libc.a(lib_a-puts.o)
                                          0x4 (size before relaxing)
 *fill*         0x000000000203ccf6        0x2 
 .rodata.str1.4
                0x000000000203ccf8       0x42 /opt/altera_lite/15.1/nios2eds/bin/gnu/H-x86_64-pc-linux-gnu/bin/../lib/gcc/nios2-elf/4.9.2/../../../../../H-x86_64-pc-linux-gnu/nios2-elf/lib/libc.a(lib_a-svfprintf.o)
                                         0x44 (size before relaxing)
 .rodata.zeroes.4240
                0x000000000203cd3a       0x10 /opt/altera_lite/15.1/nios2eds/bin/gnu/H-x86_64-pc-linux-gnu/bin/../lib/gcc/nios2-elf/4.9.2/../../../../../H-x86_64-pc-linux-gnu/nios2-elf/lib/libc.a(lib_a-svfprintf.o)
 .rodata.blanks.4239
                0x000000000203cd4a       0x10 /opt/altera_lite/15.1/nios2eds/bin/gnu/H-x86_64-pc-linux-gnu/bin/../lib/gcc/nios2-elf/4.9.2/../../../../../H-x86_64-pc-linux-gnu/nios2-elf/lib/libc.a(lib_a-svfprintf.o)
 .rodata.str1.4
                0x0000000000000000       0x44 /opt/altera_lite/15.1/nios2eds/bin/gnu/H-x86_64-pc-linux-gnu/bin/../lib/gcc/nios2-elf/4.9.2/../../../../../H-x86_64-pc-linux-gnu/nios2-elf/lib/libc.a(lib_a-vfprintf.o)
 .rodata.zeroes.4255
                0x000000000203cd5a       0x10 /opt/altera_lite/15.1/nios2eds/bin/gnu/H-x86_64-pc-linux-gnu/bin/../lib/gcc/nios2-elf/4.9.2/../../../../../H-x86_64-pc-linux-gnu/nios2-elf/lib/libc.a(lib_a-vfprintf.o)
 .rodata.blanks.4254
                0x000000000203cd6a       0x10 /opt/altera_lite/15.1/nios2eds/bin/gnu/H-x86_64-pc-linux-gnu/bin/../lib/gcc/nios2-elf/4.9.2/../../../../../H-x86_64-pc-linux-gnu/nios2-elf/lib/libc.a(lib_a-vfprintf.o)
 *fill*         0x000000000203cd7a        0x2 
 .rodata.str1.4
                0x000000000203cd7c       0x10 /opt/altera_lite/15.1/nios2eds/bin/gnu/H-x86_64-pc-linux-gnu/bin/../lib/gcc/nios2-elf/4.9.2/../../../../../H-x86_64-pc-linux-gnu/nios2-elf/lib/libc.a(lib_a-dtoa.o)
                                         0x14 (size before relaxing)
 .rodata.str1.4
                0x000000000203cd8c        0xc /opt/altera_lite/15.1/nios2eds/bin/gnu/H-x86_64-pc-linux-gnu/bin/../lib/gcc/nios2-elf/4.9.2/../../../../../H-x86_64-pc-linux-gnu/nios2-elf/lib/libc.a(lib_a-locale.o)
                                         0x14 (size before relaxing)
 .rodata.p05.2710
                0x000000000203cd98        0xc /opt/altera_lite/15.1/nios2eds/bin/gnu/H-x86_64-pc-linux-gnu/bin/../lib/gcc/nios2-elf/4.9.2/../../../../../H-x86_64-pc-linux-gnu/nios2-elf/lib/libc.a(lib_a-mprec.o)
 .rodata.__mprec_tinytens
                0x000000000203cda4       0x28 /opt/altera_lite/15.1/nios2eds/bin/gnu/H-x86_64-pc-linux-gnu/bin/../lib/gcc/nios2-elf/4.9.2/../../../../../H-x86_64-pc-linux-gnu/nios2-elf/lib/libc.a(lib_a-mprec.o)
                0x000000000203cda4                __mprec_tinytens
 .rodata.__mprec_bigtens
                0x000000000203cdcc       0x28 /opt/altera_lite/15.1/nios2eds/bin/gnu/H-x86_64-pc-linux-gnu/bin/../lib/gcc/nios2-elf/4.9.2/../../../../../H-x86_64-pc-linux-gnu/nios2-elf/lib/libc.a(lib_a-mprec.o)
                0x000000000203cdcc                __mprec_bigtens
 .rodata.__mprec_tens
                0x000000000203cdf4       0xc8 /opt/altera_lite/15.1/nios2eds/bin/gnu/H-x86_64-pc-linux-gnu/bin/../lib/gcc/nios2-elf/4.9.2/../../../../../H-x86_64-pc-linux-gnu/nios2-elf/lib/libc.a(lib_a-mprec.o)
                0x000000000203cdf4                __mprec_tens
 .rodata.str1.4
                0x0000000000000000       0x30 /opt/altera_lite/15.1/nios2eds/bin/gnu/H-x86_64-pc-linux-gnu/bin/../lib/gcc/nios2-elf/4.9.2/../../../../../H-x86_64-pc-linux-gnu/nios2-elf/lib/libc.a(lib_a-svfiprintf.o)
 .rodata.zeroes.4184
                0x000000000203cebc       0x10 /opt/altera_lite/15.1/nios2eds/bin/gnu/H-x86_64-pc-linux-gnu/bin/../lib/gcc/nios2-elf/4.9.2/../../../../../H-x86_64-pc-linux-gnu/nios2-elf/lib/libc.a(lib_a-svfiprintf.o)
 .rodata.blanks.4183
                0x000000000203cecc       0x10 /opt/altera_lite/15.1/nios2eds/bin/gnu/H-x86_64-pc-linux-gnu/bin/../lib/gcc/nios2-elf/4.9.2/../../../../../H-x86_64-pc-linux-gnu/nios2-elf/lib/libc.a(lib_a-svfiprintf.o)
 .rodata.str1.4
                0x0000000000000000       0x30 /opt/altera_lite/15.1/nios2eds/bin/gnu/H-x86_64-pc-linux-gnu/bin/../lib/gcc/nios2-elf/4.9.2/../../../../../H-x86_64-pc-linux-gnu/nios2-elf/lib/libc.a(lib_a-vfiprintf.o)
 .rodata.zeroes.4200
                0x000000000203cedc       0x10 /opt/altera_lite/15.1/nios2eds/bin/gnu/H-x86_64-pc-linux-gnu/bin/../lib/gcc/nios2-elf/4.9.2/../../../../../H-x86_64-pc-linux-gnu/nios2-elf/lib/libc.a(lib_a-vfiprintf.o)
 .rodata.blanks.4199
                0x000000000203ceec       0x10 /opt/altera_lite/15.1/nios2eds/bin/gnu/H-x86_64-pc-linux-gnu/bin/../lib/gcc/nios2-elf/4.9.2/../../../../../H-x86_64-pc-linux-gnu/nios2-elf/lib/libc.a(lib_a-vfiprintf.o)
 .rodata        0x000000000203cefc        0xc ../LT24_RTOS_bsp//libucosii_bsp.a(alt_dev.o)
 .rodata        0x000000000203cf08       0x10 ../LT24_RTOS_bsp//libucosii_bsp.a(alt_main.o)
 .rodata        0x000000000203cf18      0x120 ../LT24_RTOS_bsp//libucosii_bsp.a(os_core.o)
                0x000000000203cf18                OSUnMapTbl
 .rodata        0x000000000203d038       0x10 ../LT24_RTOS_bsp//libucosii_bsp.a(alt_sys_init.o)
 .rodata        0x000000000203d048        0x4 ../LT24_RTOS_bsp//libucosii_bsp.a(os_cpu_c.o)
 *(.rodata1)
                0x000000000203d04c                . = ALIGN (0x4)
                0x000000000203d04c                PROVIDE (__ram_rodata_end, ABSOLUTE (.))
                0x0000000002022cd4                PROVIDE (__flash_rodata_start, LOADADDR (.rodata))

.rwdata         0x000000000203d04c     0x372c load address 0x0000000002040778
                0x000000000203d04c                PROVIDE (__ram_rwdata_start, ABSOLUTE (.))
                0x000000000203d04c                . = ALIGN (0x4)
 *(.got.plt)
 *(.got)
 *(.data1)
 *(.data .data.* .gnu.linkonce.d.*)
 .data          0x000000000203d04c        0x0 ../LT24_RTOS_bsp//obj/HAL/src/crt0.o
 .data          0x000000000203d04c        0x0 obj/default/I2C.o
 .data          0x000000000203d04c        0x0 obj/default/accelerometer_adxl345_spi.o
 .data          0x000000000203d04c       0x14 obj/default/demo/gui.o
                0x000000000203d04c                szPallete
 .data          0x000000000203d060        0x0 obj/default/demo/gui_vpg.o
 .data          0x000000000203d060      0xbc0 obj/default/fonts/tahomabold_20.o
                0x000000000203d060                tahomabold_20
 .data          0x000000000203dc20      0xbc0 obj/default/fonts/tahomabold_32.o
                0x000000000203dc20                tahomabold_32
 .data          0x000000000203e7e0        0x0 obj/default/graphic_lib/ILI9341.o
 .data          0x000000000203e7e0        0x0 obj/default/graphic_lib/geometry.o
 .data          0x000000000203e7e0      0x415 obj/default/graphic_lib/simple_graphics.o
                0x000000000203e7e0                cour10_font_array
 .data          0x000000000203ebf5        0x0 obj/default/graphic_lib/simple_text.o
 .data          0x000000000203ebf5        0x0 obj/default/hello_ucosii.o
 .data          0x000000000203ebf5        0x0 obj/default/terasic_lib/touch_spi.o
 .data          0x000000000203ebf5        0x0 obj/default/terasic_spi.o
 .data          0x000000000203ebf5        0x0 /opt/altera_lite/15.1/nios2eds/bin/gnu/H-x86_64-pc-linux-gnu/bin/../lib/gcc/nios2-elf/4.9.2/../../../../../H-x86_64-pc-linux-gnu/nios2-elf/lib/libm.a(lib_a-w_sqrt.o)
 .data          0x000000000203ebf5        0x0 /opt/altera_lite/15.1/nios2eds/bin/gnu/H-x86_64-pc-linux-gnu/bin/../lib/gcc/nios2-elf/4.9.2/../../../../../H-x86_64-pc-linux-gnu/nios2-elf/lib/libm.a(lib_a-e_sqrt.o)
 .data          0x000000000203ebf5        0x0 /opt/altera_lite/15.1/nios2eds/bin/gnu/H-x86_64-pc-linux-gnu/bin/../lib/gcc/nios2-elf/4.9.2/../../../../../H-x86_64-pc-linux-gnu/nios2-elf/lib/libm.a(lib_a-s_fpclassify.o)
 .data          0x000000000203ebf5        0x0 /opt/altera_lite/15.1/nios2eds/bin/gnu/H-x86_64-pc-linux-gnu/bin/../lib/gcc/nios2-elf/4.9.2/../../../../../H-x86_64-pc-linux-gnu/nios2-elf/lib/libm.a(lib_a-s_lib_ver.o)
 .data          0x000000000203ebf5        0x0 /opt/altera_lite/15.1/nios2eds/bin/gnu/H-x86_64-pc-linux-gnu/bin/../lib/gcc/nios2-elf/4.9.2/../../../../../H-x86_64-pc-linux-gnu/nios2-elf/lib/libm.a(lib_a-s_matherr.o)
 .data          0x000000000203ebf5        0x0 /opt/altera_lite/15.1/nios2eds/bin/gnu/H-x86_64-pc-linux-gnu/bin/../lib/gcc/nios2-elf/4.9.2/libgcc.a(lib2-divmod.o)
 .data          0x000000000203ebf5        0x0 /opt/altera_lite/15.1/nios2eds/bin/gnu/H-x86_64-pc-linux-gnu/bin/../lib/gcc/nios2-elf/4.9.2/libgcc.a(adddf3.o)
 .data          0x000000000203ebf5        0x0 /opt/altera_lite/15.1/nios2eds/bin/gnu/H-x86_64-pc-linux-gnu/bin/../lib/gcc/nios2-elf/4.9.2/libgcc.a(divdf3.o)
 .data          0x000000000203ebf5        0x0 /opt/altera_lite/15.1/nios2eds/bin/gnu/H-x86_64-pc-linux-gnu/bin/../lib/gcc/nios2-elf/4.9.2/libgcc.a(ledf2.o)
 .data          0x000000000203ebf5        0x0 /opt/altera_lite/15.1/nios2eds/bin/gnu/H-x86_64-pc-linux-gnu/bin/../lib/gcc/nios2-elf/4.9.2/libgcc.a(muldf3.o)
 .data          0x000000000203ebf5        0x0 /opt/altera_lite/15.1/nios2eds/bin/gnu/H-x86_64-pc-linux-gnu/bin/../lib/gcc/nios2-elf/4.9.2/libgcc.a(subdf3.o)
 .data          0x000000000203ebf5        0x0 /opt/altera_lite/15.1/nios2eds/bin/gnu/H-x86_64-pc-linux-gnu/bin/../lib/gcc/nios2-elf/4.9.2/libgcc.a(fixdfsi.o)
 .data          0x000000000203ebf5        0x0 /opt/altera_lite/15.1/nios2eds/bin/gnu/H-x86_64-pc-linux-gnu/bin/../lib/gcc/nios2-elf/4.9.2/libgcc.a(floatsidf.o)
 .data          0x000000000203ebf5        0x0 /opt/altera_lite/15.1/nios2eds/bin/gnu/H-x86_64-pc-linux-gnu/bin/../lib/gcc/nios2-elf/4.9.2/libgcc.a(_clzsi2.o)
 .data          0x000000000203ebf5        0x0 /opt/altera_lite/15.1/nios2eds/bin/gnu/H-x86_64-pc-linux-gnu/bin/../lib/gcc/nios2-elf/4.9.2/libgcc.a(_clz.o)
 .data          0x000000000203ebf5        0x0 /opt/altera_lite/15.1/nios2eds/bin/gnu/H-x86_64-pc-linux-gnu/bin/../lib/gcc/nios2-elf/4.9.2/../../../../../H-x86_64-pc-linux-gnu/nios2-elf/lib/libc.a(lib_a-errno.o)
 .data          0x000000000203ebf5        0x0 /opt/altera_lite/15.1/nios2eds/bin/gnu/H-x86_64-pc-linux-gnu/bin/../lib/gcc/nios2-elf/4.9.2/../../../../../H-x86_64-pc-linux-gnu/nios2-elf/lib/libc.a(lib_a-impure.o)
 *fill*         0x000000000203ebf5        0x3 
 .data.impure_data
                0x000000000203ebf8      0x424 /opt/altera_lite/15.1/nios2eds/bin/gnu/H-x86_64-pc-linux-gnu/bin/../lib/gcc/nios2-elf/4.9.2/../../../../../H-x86_64-pc-linux-gnu/nios2-elf/lib/libc.a(lib_a-impure.o)
 .data          0x000000000203f01c        0x0 /opt/altera_lite/15.1/nios2eds/bin/gnu/H-x86_64-pc-linux-gnu/bin/../lib/gcc/nios2-elf/4.9.2/../../../../../H-x86_64-pc-linux-gnu/nios2-elf/lib/libc.a(lib_a-malloc.o)
 .data          0x000000000203f01c        0x0 /opt/altera_lite/15.1/nios2eds/bin/gnu/H-x86_64-pc-linux-gnu/bin/../lib/gcc/nios2-elf/4.9.2/../../../../../H-x86_64-pc-linux-gnu/nios2-elf/lib/libc.a(lib_a-mallocr.o)
 .data.__malloc_av_
                0x000000000203f01c      0x408 /opt/altera_lite/15.1/nios2eds/bin/gnu/H-x86_64-pc-linux-gnu/bin/../lib/gcc/nios2-elf/4.9.2/../../../../../H-x86_64-pc-linux-gnu/nios2-elf/lib/libc.a(lib_a-mallocr.o)
                0x000000000203f01c                __malloc_av_
 .data          0x000000000203f424        0x0 /opt/altera_lite/15.1/nios2eds/bin/gnu/H-x86_64-pc-linux-gnu/bin/../lib/gcc/nios2-elf/4.9.2/../../../../../H-x86_64-pc-linux-gnu/nios2-elf/lib/libc.a(lib_a-memcpy.o)
 .data          0x000000000203f424        0x0 /opt/altera_lite/15.1/nios2eds/bin/gnu/H-x86_64-pc-linux-gnu/bin/../lib/gcc/nios2-elf/4.9.2/../../../../../H-x86_64-pc-linux-gnu/nios2-elf/lib/libc.a(lib_a-memset.o)
 .data          0x000000000203f424        0x0 /opt/altera_lite/15.1/nios2eds/bin/gnu/H-x86_64-pc-linux-gnu/bin/../lib/gcc/nios2-elf/4.9.2/../../../../../H-x86_64-pc-linux-gnu/nios2-elf/lib/libc.a(lib_a-printf.o)
 .data          0x000000000203f424        0x0 /opt/altera_lite/15.1/nios2eds/bin/gnu/H-x86_64-pc-linux-gnu/bin/../lib/gcc/nios2-elf/4.9.2/../../../../../H-x86_64-pc-linux-gnu/nios2-elf/lib/libc.a(lib_a-puts.o)
 .data          0x000000000203f424        0x0 /opt/altera_lite/15.1/nios2eds/bin/gnu/H-x86_64-pc-linux-gnu/bin/../lib/gcc/nios2-elf/4.9.2/../../../../../H-x86_64-pc-linux-gnu/nios2-elf/lib/libc.a(lib_a-sbrkr.o)
 .data          0x000000000203f424        0x0 /opt/altera_lite/15.1/nios2eds/bin/gnu/H-x86_64-pc-linux-gnu/bin/../lib/gcc/nios2-elf/4.9.2/../../../../../H-x86_64-pc-linux-gnu/nios2-elf/lib/libc.a(lib_a-sprintf.o)
 .data          0x000000000203f424        0x0 /opt/altera_lite/15.1/nios2eds/bin/gnu/H-x86_64-pc-linux-gnu/bin/../lib/gcc/nios2-elf/4.9.2/../../../../../H-x86_64-pc-linux-gnu/nios2-elf/lib/libc.a(lib_a-strcpy.o)
 .data          0x000000000203f424        0x0 /opt/altera_lite/15.1/nios2eds/bin/gnu/H-x86_64-pc-linux-gnu/bin/../lib/gcc/nios2-elf/4.9.2/../../../../../H-x86_64-pc-linux-gnu/nios2-elf/lib/libc.a(lib_a-strlen.o)
 .data          0x000000000203f424        0x0 /opt/altera_lite/15.1/nios2eds/bin/gnu/H-x86_64-pc-linux-gnu/bin/../lib/gcc/nios2-elf/4.9.2/../../../../../H-x86_64-pc-linux-gnu/nios2-elf/lib/libc.a(lib_a-svfprintf.o)
 .data          0x000000000203f424        0x0 /opt/altera_lite/15.1/nios2eds/bin/gnu/H-x86_64-pc-linux-gnu/bin/../lib/gcc/nios2-elf/4.9.2/../../../../../H-x86_64-pc-linux-gnu/nios2-elf/lib/libc.a(lib_a-vfprintf.o)
 .data          0x000000000203f424        0x0 /opt/altera_lite/15.1/nios2eds/bin/gnu/H-x86_64-pc-linux-gnu/bin/../lib/gcc/nios2-elf/4.9.2/../../../../../H-x86_64-pc-linux-gnu/nios2-elf/lib/libc.a(lib_a-wsetup.o)
 .data          0x000000000203f424        0x0 /opt/altera_lite/15.1/nios2eds/bin/gnu/H-x86_64-pc-linux-gnu/bin/../lib/gcc/nios2-elf/4.9.2/../../../../../H-x86_64-pc-linux-gnu/nios2-elf/lib/libc.a(lib_a-dtoa.o)