Archive member included to satisfy reference by file (symbol)

/opt/altera_lite/15.1/nios2eds/bin/gnu/H-x86_64-pc-linux-gnu/bin/../lib/gcc/nios2-elf/4.9.2/../../../../../H-x86_64-pc-linux-gnu/nios2-elf/lib/libm.a(lib_a-w_sqrt.o)
                              obj/default/graphic_lib/geometry.o (sqrt)
/opt/altera_lite/15.1/nios2eds/bin/gnu/H-x86_64-pc-linux-gnu/bin/../lib/gcc/nios2-elf/4.9.2/../../../../../H-x86_64-pc-linux-gnu/nios2-elf/lib/libm.a(lib_a-e_sqrt.o)
                              /opt/altera_lite/15.1/nios2eds/bin/gnu/H-x86_64-pc-linux-gnu/bin/../lib/gcc/nios2-elf/4.9.2/../../../../../H-x86_64-pc-linux-gnu/nios2-elf/lib/libm.a(lib_a-w_sqrt.o) (__ieee754_sqrt)
/opt/altera_lite/15.1/nios2eds/bin/gnu/H-x86_64-pc-linux-gnu/bin/../lib/gcc/nios2-elf/4.9.2/../../../../../H-x86_64-pc-linux-gnu/nios2-elf/lib/libm.a(lib_a-s_fpclassify.o)
                              /opt/altera_lite/15.1/nios2eds/bin/gnu/H-x86_64-pc-linux-gnu/bin/../lib/gcc/nios2-elf/4.9.2/../../../../../H-x86_64-pc-linux-gnu/nios2-elf/lib/libm.a(lib_a-w_sqrt.o) (__fpclassifyd)
/opt/altera_lite/15.1/nios2eds/bin/gnu/H-x86_64-pc-linux-gnu/bin/../lib/gcc/nios2-elf/4.9.2/../../../../../H-x86_64-pc-linux-gnu/nios2-elf/lib/libm.a(lib_a-s_lib_ver.o)
                              /opt/altera_lite/15.1/nios2eds/bin/gnu/H-x86_64-pc-linux-gnu/bin/../lib/gcc/nios2-elf/4.9.2/../../../../../H-x86_64-pc-linux-gnu/nios2-elf/lib/libm.a(lib_a-w_sqrt.o) (__fdlib_version)
/opt/altera_lite/15.1/nios2eds/bin/gnu/H-x86_64-pc-linux-gnu/bin/../lib/gcc/nios2-elf/4.9.2/../../../../../H-x86_64-pc-linux-gnu/nios2-elf/lib/libm.a(lib_a-s_matherr.o)
                              /opt/altera_lite/15.1/nios2eds/bin/gnu/H-x86_64-pc-linux-gnu/bin/../lib/gcc/nios2-elf/4.9.2/../../../../../H-x86_64-pc-linux-gnu/nios2-elf/lib/libm.a(lib_a-w_sqrt.o) (matherr)
/opt/altera_lite/15.1/nios2eds/bin/gnu/H-x86_64-pc-linux-gnu/bin/../lib/gcc/nios2-elf/4.9.2/libgcc.a(lib2-divmod.o)
                              obj/default/demo/gui.o (__divsi3)
/opt/altera_lite/15.1/nios2eds/bin/gnu/H-x86_64-pc-linux-gnu/bin/../lib/gcc/nios2-elf/4.9.2/libgcc.a(adddf3.o)
                              /opt/altera_lite/15.1/nios2eds/bin/gnu/H-x86_64-pc-linux-gnu/bin/../lib/gcc/nios2-elf/4.9.2/../../../../../H-x86_64-pc-linux-gnu/nios2-elf/lib/libm.a(lib_a-e_sqrt.o) (__adddf3)
/opt/altera_lite/15.1/nios2eds/bin/gnu/H-x86_64-pc-linux-gnu/bin/../lib/gcc/nios2-elf/4.9.2/libgcc.a(divdf3.o)
                              /opt/altera_lite/15.1/nios2eds/bin/gnu/H-x86_64-pc-linux-gnu/bin/../lib/gcc/nios2-elf/4.9.2/../../../../../H-x86_64-pc-linux-gnu/nios2-elf/lib/libm.a(lib_a-w_sqrt.o) (__divdf3)
/opt/altera_lite/15.1/nios2eds/bin/gnu/H-x86_64-pc-linux-gnu/bin/../lib/gcc/nios2-elf/4.9.2/libgcc.a(ledf2.o)
                              /opt/altera_lite/15.1/nios2eds/bin/gnu/H-x86_64-pc-linux-gnu/bin/../lib/gcc/nios2-elf/4.9.2/../../../../../H-x86_64-pc-linux-gnu/nios2-elf/lib/libm.a(lib_a-w_sqrt.o) (__ltdf2)
/opt/altera_lite/15.1/nios2eds/bin/gnu/H-x86_64-pc-linux-gnu/bin/../lib/gcc/nios2-elf/4.9.2/libgcc.a(muldf3.o)
                              /opt/altera_lite/15.1/nios2eds/bin/gnu/H-x86_64-pc-linux-gnu/bin/../lib/gcc/nios2-elf/4.9.2/../../../../../H-x86_64-pc-linux-gnu/nios2-elf/lib/libm.a(lib_a-e_sqrt.o) (__muldf3)
/opt/altera_lite/15.1/nios2eds/bin/gnu/H-x86_64-pc-linux-gnu/bin/../lib/gcc/nios2-elf/4.9.2/libgcc.a(subdf3.o)
                              /opt/altera_lite/15.1/nios2eds/bin/gnu/H-x86_64-pc-linux-gnu/bin/../lib/gcc/nios2-elf/4.9.2/../../../../../H-x86_64-pc-linux-gnu/nios2-elf/lib/libm.a(lib_a-e_sqrt.o) (__subdf3)
/opt/altera_lite/15.1/nios2eds/bin/gnu/H-x86_64-pc-linux-gnu/bin/../lib/gcc/nios2-elf/4.9.2/libgcc.a(fixdfsi.o)
                              obj/default/graphic_lib/geometry.o (__fixdfsi)
/opt/altera_lite/15.1/nios2eds/bin/gnu/H-x86_64-pc-linux-gnu/bin/../lib/gcc/nios2-elf/4.9.2/libgcc.a(floatsidf.o)
                              obj/default/graphic_lib/geometry.o (__floatsidf)
/opt/altera_lite/15.1/nios2eds/bin/gnu/H-x86_64-pc-linux-gnu/bin/../lib/gcc/nios2-elf/4.9.2/libgcc.a(_clzsi2.o)
                              /opt/altera_lite/15.1/nios2eds/bin/gnu/H-x86_64-pc-linux-gnu/bin/../lib/gcc/nios2-elf/4.9.2/libgcc.a(adddf3.o) (__clzsi2)
/opt/altera_lite/15.1/nios2eds/bin/gnu/H-x86_64-pc-linux-gnu/bin/../lib/gcc/nios2-elf/4.9.2/libgcc.a(_clz.o)
                              /opt/altera_lite/15.1/nios2eds/bin/gnu/H-x86_64-pc-linux-gnu/bin/../lib/gcc/nios2-elf/4.9.2/libgcc.a(_clzsi2.o) (__clz_tab)
/opt/altera_lite/15.1/nios2eds/bin/gnu/H-x86_64-pc-linux-gnu/bin/../lib/gcc/nios2-elf/4.9.2/../../../../../H-x86_64-pc-linux-gnu/nios2-elf/lib/libc.a(lib_a-errno.o)
                              /opt/altera_lite/15.1/nios2eds/bin/gnu/H-x86_64-pc-linux-gnu/bin/../lib/gcc/nios2-elf/4.9.2/../../../../../H-x86_64-pc-linux-gnu/nios2-elf/lib/libm.a(lib_a-w_sqrt.o) (__errno)
[...]
Memory Configuration

Name             Origin             Length             Attributes
snake_mem        0x0000000000010000 0x00000000000002f8
reset            0x0000000002000000 0x0000000000000020
SDRAM_Controler  0x0000000002000020 0x0000000001ffffe0
background_mem   0x0000000004000000 0x0000000000002580
pic_mem          0x0000000004006400 0x0000000000000190
*default*        0x0000000000000000 0xffffffffffffffff

Linker script and memory map

LOAD ../LT24_RTOS_bsp//obj/HAL/src/crt0.o
LOAD obj/default/I2C.o
LOAD obj/default/accelerometer_adxl345_spi.o
LOAD obj/default/demo/gui.o
LOAD obj/default/demo/gui_vpg.o
LOAD obj/default/fonts/tahomabold_20.o
LOAD obj/default/fonts/tahomabold_32.o
LOAD obj/default/graphic_lib/ILI9341.o
LOAD obj/default/graphic_lib/geometry.o
LOAD obj/default/graphic_lib/simple_graphics.o
LOAD obj/default/graphic_lib/simple_text.o
LOAD obj/default/hello_ucosii.o
LOAD obj/default/terasic_lib/touch_spi.o
LOAD obj/default/terasic_spi.o
LOAD /opt/altera_lite/15.1/nios2eds/bin/gnu/H-x86_64-pc-linux-gnu/bin/../lib/gcc/nios2-elf/4.9.2/../../../../../H-x86_64-pc-linux-gnu/nios2-elf/lib/libstdc++.a
LOAD /opt/altera_lite/15.1/nios2eds/bin/gnu/H-x86_64-pc-linux-gnu/bin/../lib/gcc/nios2-elf/4.9.2/../../../../../H-x86_64-pc-linux-gnu/nios2-elf/lib/libm.a
LOAD /opt/altera_lite/15.1/nios2eds/bin/gnu/H-x86_64-pc-linux-gnu/bin/../lib/gcc/nios2-elf/4.9.2/libgcc.a
START GROUP
LOAD /opt/altera_lite/15.1/nios2eds/bin/gnu/H-x86_64-pc-linux-gnu/bin/../lib/gcc/nios2-elf/4.9.2/../../../../../H-x86_64-pc-linux-gnu/nios2-elf/lib/libc.a
LOAD /opt/altera_lite/15.1/nios2eds/bin/gnu/H-x86_64-pc-linux-gnu/bin/../lib/gcc/nios2-elf/4.9.2/libgcc.a
LOAD ../LT24_RTOS_bsp//libucosii_bsp.a
LOAD /opt/altera_lite/15.1/nios2eds/bin/gnu/H-x86_64-pc-linux-gnu/bin/../lib/gcc/nios2-elf/4.9.2/../../../../../H-x86_64-pc-linux-gnu/nios2-elf/lib/libm.a
END GROUP
LOAD /opt/altera_lite/15.1/nios2eds/bin/gnu/H-x86_64-pc-linux-gnu/bin/../lib/gcc/nios2-elf/4.9.2/libgcc.a
                0x0000000000010000                __alt_mem_snake_mem = 0x10000
                0x0000000002000000                __alt_mem_SDRAM_Controler = 0x2000000
                0x0000000004000000                __alt_mem_background_mem = 0x4000000
                0x0000000004006400                __alt_mem_pic_mem = 0x4006400

.entry          0x0000000002000000       0x20
 *(.entry)
 .entry         0x0000000002000000       0x20 ../LT24_RTOS_bsp//obj/HAL/src/crt0.o
                0x0000000002000000                __reset

.exceptions     0x0000000002000020      0x19c
                0x0000000002000020                PROVIDE (__ram_exceptions_start, ABSOLUTE (.))
                0x0000000002000020                . = ALIGN (0x20)
 *(.irq)
 *(.exceptions.entry.label)
 .exceptions.entry.label
                0x0000000002000020        0x0 ../LT24_RTOS_bsp//libucosii_bsp.a(alt_irq_entry.o)
                0x0000000002000020                alt_irq_entry
 .exceptions.entry.label
                0x0000000002000020        0x0 ../LT24_RTOS_bsp//libucosii_bsp.a(alt_exception_entry.o)
                0x0000000002000020                alt_exception
 *(.exceptions.entry.user)
 *(.exceptions.entry.ecc_fatal)
 *(.exceptions.entry)
 .exceptions.entry
                0x0000000002000020       0x54 ../LT24_RTOS_bsp//libucosii_bsp.a(alt_exception_entry.o)
 *(.exceptions.irqtest.user)
 *(.exceptions.irqtest)
 .exceptions.irqtest
                0x0000000002000074       0x10 ../LT24_RTOS_bsp//libucosii_bsp.a(alt_irq_entry.o)
 *(.exceptions.irqhandler.user)
 *(.exceptions.irqhandler)
 .exceptions.irqhandler
                0x0000000002000084        0x4 ../LT24_RTOS_bsp//libucosii_bsp.a(alt_irq_entry.o)
 *(.exceptions.irqreturn.user)
 *(.exceptions.irqreturn)
 .exceptions.irqreturn
                0x0000000002000088        0x4 ../LT24_RTOS_bsp//libucosii_bsp.a(alt_irq_entry.o)
 *(.exceptions.notirq.label)
 .exceptions.notirq.label
                0x000000000200008c        0x0 ../LT24_RTOS_bsp//libucosii_bsp.a(alt_irq_entry.o)
 *(.exceptions.notirq.user)
 *(.exceptions.notirq)
 .exceptions.notirq
                0x000000000200008c        0x8 ../LT24_RTOS_bsp//libucosii_bsp.a(alt_exception_entry.o)
 *(.exceptions.soft.user)
 *(.exceptions.soft)
 *(.exceptions.unknown.user)
 *(.exceptions.unknown)
 .exceptions.unknown
                0x0000000002000094        0x4 ../LT24_RTOS_bsp//libucosii_bsp.a(alt_exception_entry.o)
 *(.exceptions.exit.label)
 .exceptions.exit.label
                0x0000000002000098        0x0 ../LT24_RTOS_bsp//libucosii_bsp.a(alt_irq_entry.o)
 .exceptions.exit.label
                0x0000000002000098        0x0 ../LT24_RTOS_bsp//libucosii_bsp.a(alt_exception_entry.o)
 *(.exceptions.exit.user)
 *(.exceptions.exit)
 .exceptions.exit
                0x0000000002000098       0x54 ../LT24_RTOS_bsp//libucosii_bsp.a(alt_exception_entry.o)
 *(.exceptions)
 .exceptions    0x00000000020000ec       0xd0 ../LT24_RTOS_bsp//libucosii_bsp.a(alt_irq_handler.o)
                0x00000000020000ec                alt_irq_handler
                0x00000000020001bc                PROVIDE (__ram_exceptions_end, ABSOLUTE (.))
                0x0000000002000020                PROVIDE (__flash_exceptions_start, LOADADDR (.exceptions))

.text           0x00000000020001bc    0x23c58
                0x00000000020001bc                PROVIDE (stext, ABSOLUTE (.))
 *(.interp)
 *(.hash)
 *(.dynsym)
 *(.dynstr)
 *(.gnu.version)
 *(.gnu.version_d)
 *(.gnu.version_r)
 *(.rel.init)
 *(.rela.init)
 *(.rel.text .rel.text.* .rel.gnu.linkonce.t.*)
 *(.rela.text .rela.text.* .rela.gnu.linkonce.t.*)
 *(.rel.fini)
 *(.rela.fini)
 *(.rel.rodata .rel.rodata.* .rel.gnu.linkonce.r.*)
 *(.rela.rodata .rela.rodata.* .rela.gnu.linkonce.r.*)
 *(.rel.data .rel.data.* .rel.gnu.linkonce.d.*)
 *(.rela.data .rela.data.* .rela.gnu.linkonce.d.*)
 *(.rel.tdata .rel.tdata.* .rel.gnu.linkonce.td.*)
 *(.rela.tdata .rela.tdata.* .rela.gnu.linkonce.td.*)
 *(.rel.tbss .rel.tbss.* .rel.gnu.linkonce.tb.*)
 *(.rela.tbss .rela.tbss.* .rela.gnu.linkonce.tb.*)
 *(.rel.ctors)
 *(.rela.ctors)
 *(.rel.dtors)
 *(.rela.dtors)
 *(.rel.got)
 *(.rela.got)
 *(.rel.sdata .rel.sdata.* .rel.gnu.linkonce.s.*)
 *(.rela.sdata .rela.sdata.* .rela.gnu.linkonce.s.*)
 *(.rel.sbss .rel.sbss.* .rel.gnu.linkonce.sb.*)
 *(.rela.sbss .rela.sbss.* .rela.gnu.linkonce.sb.*)
 *(.rel.sdata2 .rel.sdata2.* .rel.gnu.linkonce.s2.*)
 *(.rela.sdata2 .rela.sdata2.* .rela.gnu.linkonce.s2.*)
 *(.rel.sbss2 .rel.sbss2.* .rel.gnu.linkonce.sb2.*)
 *(.rela.sbss2 .rela.sbss2.* .rela.gnu.linkonce.sb2.*)
 *(.rel.bss .rel.bss.* .rel.gnu.linkonce.b.*)
 *(.rela.bss .rela.bss.* .rela.gnu.linkonce.b.*)
 *(.rel.plt)
 *(.rela.plt)
 *(.rel.dyn)
 *(.init)
 *(.plt)
 *(.text .stub .text.* .gnu.linkonce.t.*)
 .text          0x00000000020001bc       0x4c ../LT24_RTOS_bsp//obj/HAL/src/crt0.o
                0x00000000020001bc                _start
 .text          0x0000000002000208      0x9b8 obj/default/I2C.o
                0x0000000002000208                I2C_Write
                0x00000000020002e0                I2C_Read
                0x00000000020003e0                I2C_MultipleWrite
                0x00000000020004f0                I2C_MultipleRead
                0x0000000002000648                i2c_start
                0x00000000020006d0                i2c_stop
                0x0000000002000744                i2c_write
                0x0000000002000874                i2c_read
                0x00000000020009c8                i2c_data_verify
                0x0000000002000b3c                I2C_Verify
 .text          0x0000000002000bc0      0x2cc obj/default/accelerometer_adxl345_spi.o
                0x0000000002000bc0                ADXL345_SPI_Init
                0x0000000002000c80                ADXL345_SPI_WaitDataReady
                0x0000000002000d18                ADXL345_SPI_IsDataReady
                0x0000000002000d7c                ADXL345_SPI_XYZ_Read
                0x0000000002000e48                ADXL345_SPI_IdRead
 .text          0x0000000002000e8c      0x934 obj/default/demo/gui.o
                0x0000000002000e8c                GUI_ShowWelcome
                0x0000000002000f5c                GUI_ShowInfo
                0x0000000002000fbc                GUI_ShowTouchPoint
                0x0000000002001014                GUI_DeskInit
                0x00000000020011e8                GUI_CheckButton
                0x0000000002001278                GUI_DeskDraw
                0x0000000002001494                IsContinuedPoint
                0x0000000002001528                GUI_ClearPaintArea
                0x00000000020015a4                GUI
 .text          0x00000000020017c0      0x7cc obj/default/demo/gui_vpg.o
                0x00000000020017c0                ShowInfo
                0x0000000002001820                VPG_XLine
                0x0000000002001844                VPG_ColorPanel
                0x00000000020018f4                VPG_Grid
                0x00000000020019f0                VPG_VGrid
                0x0000000002001ad4                VPG_HGrid
                0x0000000002001bb8                VPG_ColorBar
                0x0000000002001d68                GUI_ShowPAT
                0x0000000002001ee4                GUI_VPG
 .text          0x0000000002001f8c        0x0 obj/default/fonts/tahomabold_20.o
 .text          0x0000000002001f8c        0x0 obj/default/fonts/tahomabold_32.o
 .text          0x0000000002001f8c      0xae8 obj/default/graphic_lib/ILI9341.o
                0x0000000002001f8c                Delay_Ms
                0x0000000002001fd8                LCD_SetCursor
                0x000000000200208c                LCD_Clear
                0x000000000200210c                LCD_DrawPoint
                0x0000000002002178                LCD_Init
                0x00000000020027e4                LCD_Pattern_Horizon
                0x000000000200291c                LCD_Pattern_Vertical
                0x00000000020029fc                Set_BUFFER_FLAG
                0x0000000002002a38                Clr_BUFFER_FLAG
 .text          0x0000000002002a74      0x3f4 obj/default/graphic_lib/geometry.o
                0x0000000002002a74                IsPtInRect
                0x0000000002002af8                PtSet
                0x0000000002002b38                RectSet
                0x0000000002002b94                RectInflate
                0x0000000002002c1c                RectOffset
                0x0000000002002ca4                RectCopy
                0x0000000002002d08                RectWidth
                0x0000000002002d3c                RectHeight
                0x0000000002002d70                PtDistance
                0x0000000002002e24                PtCopy
 .text          0x0000000002002e68     0x2654 obj/default/graphic_lib/simple_graphics.o
                0x0000000002002e68                vid_clean_screen
                0x0000000002002ec4                vid_draw_line
                0x0000000002002f88                vid_scroll_string_quit
                0x0000000002002fc8                vid_scroll_string_init
                0x000000000200311c                vid_scroll_string
                0x000000000200348c                vid_move_block
                0x00000000020035a8                vid_print_string
                0x00000000020036b0                vid_draw_box
                0x00000000020037f8                vid_print_char
                0x00000000020038e8                vid_set_pixel
                0x0000000002003984                vid_get_pixel
                0x00000000020039c4                vid_paint_block
                0x0000000002003a58                vid_draw_horiz_line
                0x0000000002003ad0                vid_merge_colors
                0x0000000002003b1c                vid_color_convert24_16
                0x0000000002003bbc                vid_color_convert16_24
                0x0000000002003c28                vid_copy_line_to_frame_buffer
                0x0000000002003c6c                vid_draw_sloped_line
                0x0000000002003ed4                vid_draw_circle
                0x0000000002004010                vid_draw_round_corner_box
                0x00000000020043ac                vid_round_corner_points
                0x0000000002004ae4                max3
                0x0000000002004b38                min3
                0x0000000002004b8c                max_diff3
                0x0000000002004bf0                vid_put_pixel_in_span_map
                0x0000000002004cf0                vid_bres_scan_edges
                0x0000000002004f30                vid_draw_triangle
                0x00000000020052a8                CopyImage16
                0x000000000200538c                CropImage16
 .text          0x00000000020054bc      0xa20 obj/default/graphic_lib/simple_text.o
                0x00000000020054bc                vid_print_string_alpha
                0x0000000002005720                seperate_color_channels
                0x0000000002005868                merge_color_channels
                0x0000000002005998                read_from_frame
                0x00000000020059dc                alpha_blending
                0x0000000002005c28                vid_print_char_alpha
                0x0000000002005df4                vid_string_pixel_length_alpha
 .text          0x0000000002005edc     0x1570 obj/default/hello_ucosii.o
                0x0000000002005edc                LT24_ISR
                0x0000000002006010                init
                0x0000000002006188                main
                0x0000000002006288                task_game_over
                0x00000000020063b4                task_send_data
                0x0000000002006710                task_game1
                0x0000000002006c64                checkSnake
                0x0000000002006cd0                boarderSnake
                0x0000000002006d98                updateSnake
                0x0000000002007114                clearSnake
                0x00000000020071c4                sendSnake
 .text          0x000000000200744c      0xa38 obj/default/terasic_lib/touch_spi.o
                0x000000000200744c                Touch_Init
                0x00000000020075c0                Touch_UnInit
                0x0000000002007628                Touch_EmptyFifo
                0x0000000002007660                Touch_GetXY
                0x00000000020077a8                touch_isr
                0x000000000200781c                touch_empty_fifo
                0x000000000200784c                touch_is_pen_pressed
                0x000000000200788c                touch_enable_penirq
                0x00000000020079ec                touch_clear_input
                0x0000000002007a1c                touch_get_xy
                0x0000000002007d34                touch_alarm_callback
                0x0000000002007dac                touch_xy_transform
 .text          0x0000000002007e84      0x34c obj/default/terasic_spi.o
                0x0000000002007e84                SPI_Init
                0x0000000002007ed8                SPI_MultipleWrite
                0x0000000002007ff4                SPI_Write
                0x0000000002008048                SPI_MultipleRead
                0x0000000002008184                SPI_Read
 .text          0x00000000020081d0        0x0 /opt/altera_lite/15.1/nios2eds/bin/gnu/H-x86_64-pc-linux-gnu/bin/../lib/gcc/nios2-elf/4.9.2/../../../../../H-x86_64-pc-linux-gnu/nios2-elf/lib/libm.a(lib_a-w_sqrt.o)
 .text.sqrt     0x00000000020081d0      0x130 /opt/altera_lite/15.1/nios2eds/bin/gnu/H-x86_64-pc-linux-gnu/bin/../lib/gcc/nios2-elf/4.9.2/../../../../../H-x86_64-pc-linux-gnu/nios2-elf/lib/libm.a(lib_a-w_sqrt.o)
                0x00000000020081d0                sqrt
 .text          0x0000000002008300        0x0 /opt/altera_lite/15.1/nios2eds/bin/gnu/H-x86_64-pc-linux-gnu/bin/../lib/gcc/nios2-elf/4.9.2/../../../../../H-x86_64-pc-linux-gnu/nios2-elf/lib/libm.a(lib_a-e_sqrt.o)
 .text.__ieee754_sqrt
                0x0000000002008300      0x294 /opt/altera_lite/15.1/nios2eds/bin/gnu/H-x86_64-pc-linux-gnu/bin/../lib/gcc/nios2-elf/4.9.2/../../../../../H-x86_64-pc-linux-gnu/nios2-elf/lib/libm.a(lib_a-e_sqrt.o)
                0x0000000002008300                __ieee754_sqrt
 .text          0x0000000002008594        0x0 /opt/altera_lite/15.1/nios2eds/bin/gnu/H-x86_64-pc-linux-gnu/bin/../lib/gcc/nios2-elf/4.9.2/../../../../../H-x86_64-pc-linux-gnu/nios2-elf/lib/libm.a(lib_a-s_fpclassify.o)
 .text.__fpclassifyd
                0x0000000002008594       0x74 /opt/altera_lite/15.1/nios2eds/bin/gnu/H-x86_64-pc-linux-gnu/bin/../lib/gcc/nios2-elf/4.9.2/../../../../../H-x86_64-pc-linux-gnu/nios2-elf/lib/libm.a(lib_a-s_fpclassify.o)
                0x0000000002008594                __fpclassifyd
 .text          0x0000000002008608        0x0 /opt/altera_lite/15.1/nios2eds/bin/gnu/H-x86_64-pc-linux-gnu/bin/../lib/gcc/nios2-elf/4.9.2/../../../../../H-x86_64-pc-linux-gnu/nios2-elf/lib/libm.a(lib_a-s_lib_ver.o)
 .text          0x0000000002008608        0x0 /opt/altera_lite/15.1/nios2eds/bin/gnu/H-x86_64-pc-linux-gnu/bin/../lib/gcc/nios2-elf/4.9.2/../../../../../H-x86_64-pc-linux-gnu/nios2-elf/lib/libm.a(lib_a-s_matherr.o)
 .text.matherr  0x0000000002008608        0x8 /opt/altera_lite/15.1/nios2eds/bin/gnu/H-x86_64-pc-linux-gnu/bin/../lib/gcc/nios2-elf/4.9.2/../../../../../H-x86_64-pc-linux-gnu/nios2-elf/lib/libm.a(lib_a-s_matherr.o)
                0x0000000002008608                matherr
 .text          0x0000000002008610      0x12c /opt/altera_lite/15.1/nios2eds/bin/gnu/H-x86_64-pc-linux-gnu/bin/../lib/gcc/nios2-elf/4.9.2/libgcc.a(lib2-divmod.o)
                0x000000000200867c                __divsi3
                0x00000000020086d0                __modsi3
                0x000000000200872c                __udivsi3
                0x0000000002008734                __umodsi3
 .text          0x000000000200873c      0x89c /opt/altera_lite/15.1/nios2eds/bin/gnu/H-x86_64-pc-linux-gnu/bin/../lib/gcc/nios2-elf/4.9.2/libgcc.a(adddf3.o)
                0x000000000200873c                __adddf3
 .text          0x0000000002008fd8      0x8cc /opt/altera_lite/15.1/nios2eds/bin/gnu/H-x86_64-pc-linux-gnu/bin/../lib/gcc/nios2-elf/4.9.2/libgcc.a(divdf3.o)
                0x0000000002008fd8                __divdf3
 .text          0x00000000020098a4       0xe0 /opt/altera_lite/15.1/nios2eds/bin/gnu/H-x86_64-pc-linux-gnu/bin/../lib/gcc/nios2-elf/4.9.2/libgcc.a(ledf2.o)
                0x00000000020098a4                __ltdf2
                0x00000000020098a4                __ledf2
 .text          0x0000000002009984      0x724 /opt/altera_lite/15.1/nios2eds/bin/gnu/H-x86_64-pc-linux-gnu/bin/../lib/gcc/nios2-elf/4.9.2/libgcc.a(muldf3.o)
                0x0000000002009984                __muldf3
 .text          0x000000000200a0a8      0x8d0 /opt/altera_lite/15.1/nios2eds/bin/gnu/H-x86_64-pc-linux-gnu/bin/../lib/gcc/nios2-elf/4.9.2/libgcc.a(subdf3.o)
                0x000000000200a0a8                __subdf3
 .text          0x000000000200a978       0x88 /opt/altera_lite/15.1/nios2eds/bin/gnu/H-x86_64-pc-linux-gnu/bin/../lib/gcc/nios2-elf/4.9.2/libgcc.a(fixdfsi.o)
                0x000000000200a978                __fixdfsi
 .text          0x000000000200aa00       0xd0 /opt/altera_lite/15.1/nios2eds/bin/gnu/H-x86_64-pc-linux-gnu/bin/../lib/gcc/nios2-elf/4.9.2/libgcc.a(floatsidf.o)
                0x000000000200aa00                __floatsidf
 .text          0x000000000200aad0       0x64 /opt/altera_lite/15.1/nios2eds/bin/gnu/H-x86_64-pc-linux-gnu/bin/../lib/gcc/nios2-elf/4.9.2/libgcc.a(_clzsi2.o)
                0x000000000200aad0                __clzsi2
 .text          0x000000000200ab34        0x0 /opt/altera_lite/15.1/nios2eds/bin/gnu/H-x86_64-pc-linux-gnu/bin/../lib/gcc/nios2-elf/4.9.2/libgcc.a(_clz.o)
 .text          0x000000000200ab34        0x0 /opt/altera_lite/15.1/nios2eds/bin/gnu/H-x86_64-pc-linux-gnu/bin/../lib/gcc/nios2-elf/4.9.2/../../../../../H-x86_64-pc-linux-gnu/nios2-elf/lib/libc.a(lib_a-errno.o)
 .text.__errno  0x000000000200ab34       0x10 /opt/altera_lite/15.1/nios2eds/bin/gnu/H-x86_64-pc-linux-gnu/bin/../lib/gcc/nios2-elf/4.9.2/../../../../../H-x86_64-pc-linux-gnu/nios2-elf/lib/libc.a(lib_a-errno.o)
                0x000000000200ab34                __errno
 .text          0x000000000200ab44        0x0 /opt/altera_lite/15.1/nios2eds/bin/gnu/H-x86_64-pc-linux-gnu/bin/../lib/gcc/nios2-elf/4.9.2/../../../../../H-x86_64-pc-linux-gnu/nios2-elf/lib/libc.a(lib_a-impure.o)
 .text          0x000000000200ab44        0x0 /opt/altera_lite/15.1/nios2eds/bin/gnu/H-x86_64-pc-linux-gnu/bin/../lib/gcc/nios2-elf/4.9.2/../../../../../H-x86_64-pc-linux-gnu/nios2-elf/lib/libc.a(lib_a-malloc.o)
 .text.malloc   0x000000000200ab44       0x14 /opt/altera_lite/15.1/nios2eds/bin/gnu/H-x86_64-pc-linux-gnu/bin/../lib/gcc/nios2-elf/4.9.2/../../../../../H-x86_64-pc-linux-gnu/nios2-elf/lib/libc.a(lib_a-malloc.o)
                0x000000000200ab44                malloc
 .text.free     0x000000000200ab58       0x14 /opt/altera_lite/15.1/nios2eds/bin/gnu/H-x86_64-pc-linux-gnu/bin/../lib/gcc/nios2-elf/4.9.2/../../../../../H-x86_64-pc-linux-gnu/nios2-elf/lib/libc.a(lib_a-malloc.o)
                0x000000000200ab58                free
 .text          0x000000000200ab6c        0x0 /opt/altera_lite/15.1/nios2eds/bin/gnu/H-x86_64-pc-linux-gnu/bin/../lib/gcc/nios2-elf/4.9.2/../../../../../H-x86_64-pc-linux-gnu/nios2-elf/lib/libc.a(lib_a-mallocr.o)
 .text._malloc_r
                0x000000000200ab6c      0x7a8 /opt/altera_lite/15.1/nios2eds/bin/gnu/H-x86_64-pc-linux-gnu/bin/../lib/gcc/nios2-elf/4.9.2/../../../../../H-x86_64-pc-linux-gnu/nios2-elf/lib/libc.a(lib_a-mallocr.o)
                0x000000000200ab6c                _malloc_r
 .text          0x000000000200b314        0x0 /opt/altera_lite/15.1/nios2eds/bin/gnu/H-x86_64-pc-linux-gnu/bin/../lib/gcc/nios2-elf/4.9.2/../../../../../H-x86_64-pc-linux-gnu/nios2-elf/lib/libc.a(lib_a-memcpy.o)
 .text.memcpy   0x000000000200b314      0x138 /opt/altera_lite/15.1/nios2eds/bin/gnu/H-x86_64-pc-linux-gnu/bin/../lib/gcc/nios2-elf/4.9.2/../../../../../H-x86_64-pc-linux-gnu/nios2-elf/lib/libc.a(lib_a-memcpy.o)
                0x000000000200b314                memcpy
 .text          0x000000000200b44c        0x0 /opt/altera_lite/15.1/nios2eds/bin/gnu/H-x86_64-pc-linux-gnu/bin/../lib/gcc/nios2-elf/4.9.2/../../../../../H-x86_64-pc-linux-gnu/nios2-elf/lib/libc.a(lib_a-memset.o)
 .text.memset   0x000000000200b44c      0x124 /opt/altera_lite/15.1/nios2eds/bin/gnu/H-x86_64-pc-linux-gnu/bin/../lib/gcc/nios2-elf/4.9.2/../../../../../H-x86_64-pc-linux-gnu/nios2-elf/lib/libc.a(lib_a-memset.o)
                0x000000000200b44c                memset
 .text          0x000000000200b570        0x0 /opt/altera_lite/15.1/nios2eds/bin/gnu/H-x86_64-pc-linux-gnu/bin/../lib/gcc/nios2-elf/4.9.2/../../../../../H-x86_64-pc-linux-gnu/nios2-elf/lib/libc.a(lib_a-printf.o)
 .text._printf_r
                0x000000000200b570       0x2c /opt/altera_lite/15.1/nios2eds/bin/gnu/H-x86_64-pc-linux-gnu/bin/../lib/gcc/nios2-elf/4.9.2/../../../../../H-x86_64-pc-linux-gnu/nios2-elf/lib/libc.a(lib_a-printf.o)
                0x000000000200b570                _printf_r
 .text.printf   0x000000000200b59c       0x3c /opt/altera_lite/15.1/nios2eds/bin/gnu/H-x86_64-pc-linux-gnu/bin/../lib/gcc/nios2-elf/4.9.2/../../../../../H-x86_64-pc-linux-gnu/nios2-elf/lib/libc.a(lib_a-printf.o)
                0x000000000200b59c                printf
 .text          0x000000000200b5d8        0x0 /opt/altera_lite/15.1/nios2eds/bin/gnu/H-x86_64-pc-linux-gnu/bin/../lib/gcc/nios2-elf/4.9.2/../../../../../H-x86_64-pc-linux-gnu/nios2-elf/lib/libc.a(lib_a-puts.o)
 .text._puts_r  0x000000000200b5d8       0xa8 /opt/altera_lite/15.1/nios2eds/bin/gnu/H-x86_64-pc-linux-gnu/bin/../lib/gcc/nios2-elf/4.9.2/../../../../../H-x86_64-pc-linux-gnu/nios2-elf/lib/libc.a(lib_a-puts.o)
                0x000000000200b5d8                _puts_r
 .text.puts     0x000000000200b680       0x14 /opt/altera_lite/15.1/nios2eds/bin/gnu/H-x86_64-pc-linux-gnu/bin/../lib/gcc/nios2-elf/4.9.2/../../../../../H-x86_64-pc-linux-gnu/nios2-elf/lib/libc.a(lib_a-puts.o)
                0x000000000200b680                puts
 .text          0x000000000200b694        0x0 /opt/altera_lite/15.1/nios2eds/bin/gnu/H-x86_64-pc-linux-gnu/bin/../lib/gcc/nios2-elf/4.9.2/../../../../../H-x86_64-pc-linux-gnu/nios2-elf/lib/libc.a(lib_a-rand.o)
 .text.srand    0x000000000200b694       0x18 /opt/altera_lite/15.1/nios2eds/bin/gnu/H-x86_64-pc-linux-gnu/bin/../lib/gcc/nios2-elf/4.9.2/../../../../../H-x86_64-pc-linux-gnu/nios2-elf/lib/libc.a(lib_a-rand.o)
                0x000000000200b694                srand
 .text.rand     0x000000000200b6ac       0x64 /opt/altera_lite/15.1/nios2eds/bin/gnu/H-x86_64-pc-linux-gnu/bin/../lib/gcc/nios2-elf/4.9.2/../../../../../H-x86_64-pc-linux-gnu/nios2-elf/lib/libc.a(lib_a-rand.o)
                0x000000000200b6ac                rand
 .text          0x000000000200b710        0x0 /opt/altera_lite/15.1/nios2eds/bin/gnu/H-x86_64-pc-linux-gnu/bin/../lib/gcc/nios2-elf/4.9.2/../../../../../H-x86_64-pc-linux-gnu/nios2-elf/lib/libc.a(lib_a-sbrkr.o)
 .text._sbrk_r  0x000000000200b710       0x54 /opt/altera_lite/15.1/nios2eds/bin/gnu/H-x86_64-pc-linux-gnu/bin/../lib/gcc/nios2-elf/4.9.2/../../../../../H-x86_64-pc-linux-gnu/nios2-elf/lib/libc.a(lib_a-sbrkr.o)
                0x000000000200b710                _sbrk_r
 .text          0x000000000200b764        0x0 /opt/altera_lite/15.1/nios2eds/bin/gnu/H-x86_64-pc-linux-gnu/bin/../lib/gcc/nios2-elf/4.9.2/../../../../../H-x86_64-pc-linux-gnu/nios2-elf/lib/libc.a(lib_a-sprintf.o)
 .text._sprintf_r
                0x000000000200b764       0x58 /opt/altera_lite/15.1/nios2eds/bin/gnu/H-x86_64-pc-linux-gnu/bin/../lib/gcc/nios2-elf/4.9.2/../../../../../H-x86_64-pc-linux-gnu/nios2-elf/lib/libc.a(lib_a-sprintf.o)
                0x000000000200b764                _sprintf_r
 .text.sprintf  0x000000000200b7bc       0x6c /opt/altera_lite/15.1/nios2eds/bin/gnu/H-x86_64-pc-linux-gnu/bin/../lib/gcc/nios2-elf/4.9.2/../../../../../H-x86_64-pc-linux-gnu/nios2-elf/lib/libc.a(lib_a-sprintf.o)
                0x000000000200b7bc                sprintf
 .text          0x000000000200b828        0x0 /opt/altera_lite/15.1/nios2eds/bin/gnu/H-x86_64-pc-linux-gnu/bin/../lib/gcc/nios2-elf/4.9.2/../../../../../H-x86_64-pc-linux-gnu/nios2-elf/lib/libc.a(lib_a-strcpy.o)
 .text.strcpy   0x000000000200b828       0x90 /opt/altera_lite/15.1/nios2eds/bin/gnu/H-x86_64-pc-linux-gnu/bin/../lib/gcc/nios2-elf/4.9.2/../../../../../H-x86_64-pc-linux-gnu/nios2-elf/lib/libc.a(lib_a-strcpy.o)
                0x000000000200b828                strcpy
 .text          0x000000000200b8b8        0x0 /opt/altera_lite/15.1/nios2eds/bin/gnu/H-x86_64-pc-linux-gnu/bin/../lib/gcc/nios2-elf/4.9.2/../../../../../H-x86_64-pc-linux-gnu/nios2-elf/lib/libc.a(lib_a-strlen.o)
 .text.strlen   0x000000000200b8b8       0x98 /opt/altera_lite/15.1/nios2eds/bin/gnu/H-x86_64-pc-linux-gnu/bin/../lib/gcc/nios2-elf/4.9.2/../../../../../H-x86_64-pc-linux-gnu/nios2-elf/lib/libc.a(lib_a-strlen.o)
                0x000000000200b8b8                strlen
 .text          0x000000000200b950        0x0 /opt/altera_lite/15.1/nios2eds/bin/gnu/H-x86_64-pc-linux-gnu/bin/../lib/gcc/nios2-elf/4.9.2/../../../../../H-x86_64-pc-linux-gnu/nios2-elf/lib/libc.a(lib_a-svfprintf.o)
 .text.___svfprintf_internal_r
                0x000000000200b950     0x1f90 /opt/altera_lite/15.1/nios2eds/bin/gnu/H-x86_64-pc-linux-gnu/bin/../lib/gcc/nios2-elf/4.9.2/../../../../../H-x86_64-pc-linux-gnu/nios2-elf/lib/libc.a(lib_a-svfprintf.o)
                0x000000000200b950                ___svfprintf_internal_r
 .text          0x000000000200d8e0        0x0 /opt/altera_lite/15.1/nios2eds/bin/gnu/H-x86_64-pc-linux-gnu/bin/../lib/gcc/nios2-elf/4.9.2/../../../../../H-x86_64-pc-linux-gnu/nios2-elf/lib/libc.a(lib_a-time.o)
 .text.time     0x000000000200d8e0       0x50 /opt/altera_lite/15.1/nios2eds/bin/gnu/H-x86_64-pc-linux-gnu/bin/../lib/gcc/nios2-elf/4.9.2/../../../../../H-x86_64-pc-linux-gnu/nios2-elf/lib/libc.a(lib_a-time.o)
                0x000000000200d8e0                time
 .text          0x000000000200d930        0x0 /opt/altera_lite/15.1/nios2eds/bin/gnu/H-x86_64-pc-linux-gnu/bin/../lib/gcc/nios2-elf/4.9.2/../../../../../H-x86_64-pc-linux-gnu/nios2-elf/lib/libc.a(lib_a-vfprintf.o)
 .text.___vfprintf_internal_r
                0x000000000200d930     0x1f50 /opt/altera_lite/15.1/nios2eds/bin/gnu/H-x86_64-pc-linux-gnu/bin/../lib/gcc/nios2-elf/4.9.2/../../../../../H-x86_64-pc-linux-gnu/nios2-elf/lib/libc.a(lib_a-vfprintf.o)
                0x000000000200d930                ___vfprintf_internal_r
 .text.__vfprintf_internal
                0x000000000200f880       0x24 /opt/altera_lite/15.1/nios2eds/bin/gnu/H-x86_64-pc-linux-gnu/bin/../lib/gcc/nios2-elf/4.9.2/../../../../../H-x86_64-pc-linux-gnu/nios2-elf/lib/libc.a(lib_a-vfprintf.o)
                0x000000000200f880                __vfprintf_internal
 .text.__sbprintf
                0x000000000200f8a4       0xbc /opt/altera_lite/15.1/nios2eds/bin/gnu/H-x86_64-pc-linux-gnu/bin/../lib/gcc/nios2-elf/4.9.2/../../../../../H-x86_64-pc-linux-gnu/nios2-elf/lib/libc.a(lib_a-vfprintf.o)
 .text          0x000000000200f960        0x0 /opt/altera_lite/15.1/nios2eds/bin/gnu/H-x86_64-pc-linux-gnu/bin/../lib/gcc/nios2-elf/4.9.2/../../../../../H-x86_64-pc-linux-gnu/nios2-elf/lib/libc.a(lib_a-wsetup.o)
 .text.__swsetup_r
                0x000000000200f960      0x154 /opt/altera_lite/15.1/nios2eds/bin/gnu/H-x86_64-pc-linux-gnu/bin/../lib/gcc/nios2-elf/4.9.2/../../../../../H-x86_64-pc-linux-gnu/nios2-elf/lib/libc.a(lib_a-wsetup.o)
                0x000000000200f960                __swsetup_r
 .text          0x000000000200fab4        0x0 /opt/altera_lite/15.1/nios2eds/bin/gnu/H-x86_64-pc-linux-gnu/bin/../lib/gcc/nios2-elf/4.9.2/../../../../../H-x86_64-pc-linux-gnu/nios2-elf/lib/libc.a(lib_a-dtoa.o)
 .text.quorem   0x000000000200fab4      0x200 /opt/altera_lite/15.1/nios2eds/bin/gnu/H-x86_64-pc-linux-gnu/bin/../lib/gcc/nios2-elf/4.9.2/../../../../../H-x86_64-pc-linux-gnu/nios2-elf/lib/libc.a(lib_a-dtoa.o)
 .text._dtoa_r  0x000000000200fcb4     0x1728 /opt/altera_lite/15.1/nios2eds/bin/gnu/H-x86_64-pc-linux-gnu/bin/../lib/gcc/nios2-elf/4.9.2/../../../../../H-x86_64-pc-linux-gnu/nios2-elf/lib/libc.a(lib_a-dtoa.o)
                0x000000000200fcb4                _dtoa_r
 .text          0x00000000020113dc        0x0 /opt/altera_lite/15.1/nios2eds/bin/gnu/H-x86_64-pc-linux-gnu/bin/../lib/gcc/nios2-elf/4.9.2/../../../../../H-x86_64-pc-linux-gnu/nios2-elf/lib/libc.a(lib_a-fflush.o)
 .text.__sflush_r
                0x00000000020113dc      0x208 /opt/altera_lite/15.1/nios2eds/bin/gnu/H-x86_64-pc-linux-gnu/bin/../lib/gcc/nios2-elf/4.9.2/../../../../../H-x86_64-pc-linux-gnu/nios2-elf/lib/libc.a(lib_a-fflush.o)
                0x00000000020113dc                __sflush_r
 .text._fflush_r
                0x00000000020115e4       0x5c /opt/altera_lite/15.1/nios2eds/bin/gnu/H-x86_64-pc-linux-gnu/bin/../lib/gcc/nios2-elf/4.9.2/../../../../../H-x86_64-pc-linux-gnu/nios2-elf/lib/libc.a(lib_a-fflush.o)
                0x00000000020115e4                _fflush_r
 .text.fflush   0x0000000002011640       0x30 /opt/altera_lite/15.1/nios2eds/bin/gnu/H-x86_64-pc-linux-gnu/bin/../lib/gcc/nios2-elf/4.9.2/../../../../../H-x86_64-pc-linux-gnu/nios2-elf/lib/libc.a(lib_a-fflush.o)
                0x0000000002011640                fflush
 .text          0x0000000002011670        0x0 /opt/altera_lite/15.1/nios2eds/bin/gnu/H-x86_64-pc-linux-gnu/bin/../lib/gcc/nios2-elf/4.9.2/../../../../../H-x86_64-pc-linux-gnu/nios2-elf/lib/libc.a(lib_a-findfp.o)
 .text.__fp_lock
                0x0000000002011670        0x8 /opt/altera_lite/15.1/nios2eds/bin/gnu/H-x86_64-pc-linux-gnu/bin/../lib/gcc/nios2-elf/4.9.2/../../../../../H-x86_64-pc-linux-gnu/nios2-elf/lib/libc.a(lib_a-findfp.o)
 .text.__fp_unlock
                0x0000000002011678        0x8 /opt/altera_lite/15.1/nios2eds/bin/gnu/H-x86_64-pc-linux-gnu/bin/../lib/gcc/nios2-elf/4.9.2/../../../../../H-x86_64-pc-linux-gnu/nios2-elf/lib/libc.a(lib_a-findfp.o)
 .text._cleanup_r
                0x0000000002011680        0xc /opt/altera_lite/15.1/nios2eds/bin/gnu/H-x86_64-pc-linux-gnu/bin/../lib/gcc/nios2-elf/4.9.2/../../../../../H-x86_64-pc-linux-gnu/nios2-elf/lib/libc.a(lib_a-findfp.o)
                0x0000000002011680                _cleanup_r
 .text.__sinit.part.1
                0x000000000201168c      0x19c /opt/altera_lite/15.1/nios2eds/bin/gnu/H-x86_64-pc-linux-gnu/bin/../lib/gcc/nios2-elf/4.9.2/../../../../../H-x86_64-pc-linux-gnu/nios2-elf/lib/libc.a(lib_a-findfp.o)
 .text.__sfmoreglue
                0x0000000002011828       0x68 /opt/altera_lite/15.1/nios2eds/bin/gnu/H-x86_64-pc-linux-gnu/bin/../lib/gcc/nios2-elf/4.9.2/../../../../../H-x86_64-pc-linux-gnu/nios2-elf/lib/libc.a(lib_a-findfp.o)
                0x0000000002011828                __sfmoreglue
 .text.__sfp    0x0000000002011890      0x118 /opt/altera_lite/15.1/nios2eds/bin/gnu/H-x86_64-pc-linux-gnu/bin/../lib/gcc/nios2-elf/4.9.2/../../../../../H-x86_64-pc-linux-gnu/nios2-elf/lib/libc.a(lib_a-findfp.o)
                0x0000000002011890                __sfp
 .text._cleanup
                0x00000000020119a8       0x18 /opt/altera_lite/15.1/nios2eds/bin/gnu/H-x86_64-pc-linux-gnu/bin/../lib/gcc/nios2-elf/4.9.2/../../../../../H-x86_64-pc-linux-gnu/nios2-elf/lib/libc.a(lib_a-findfp.o)
                0x00000000020119a8                _cleanup
 .text.__sinit  0x00000000020119c0       0x10 /opt/altera_lite/15.1/nios2eds/bin/gnu/H-x86_64-pc-linux-gnu/bin/../lib/gcc/nios2-elf/4.9.2/../../../../../H-x86_64-pc-linux-gnu/nios2-elf/lib/libc.a(lib_a-findfp.o)
                0x00000000020119c0                __sinit
 .text.__sfp_lock_acquire
                0x00000000020119d0        0x4 /opt/altera_lite/15.1/nios2eds/bin/gnu/H-x86_64-pc-linux-gnu/bin/../lib/gcc/nios2-elf/4.9.2/../../../../../H-x86_64-pc-linux-gnu/nios2-elf/lib/libc.a(lib_a-findfp.o)
                0x00000000020119d0                __sfp_lock_acquire
 .text.__sfp_lock_release
                0x00000000020119d4        0x4 /opt/altera_lite/15.1/nios2eds/bin/gnu/H-x86_64-pc-linux-gnu/bin/../lib/gcc/nios2-elf/4.9.2/../../../../../H-x86_64-pc-linux-gnu/nios2-elf/lib/libc.a(lib_a-findfp.o)
                0x00000000020119d4                __sfp_lock_release
 .text.__sinit_lock_acquire
                0x00000000020119d8        0x4 /opt/altera_lite/15.1/nios2eds/bin/gnu/H-x86_64-pc-linux-gnu/bin/../lib/gcc/nios2-elf/4.9.2/../../../../../H-x86_64-pc-linux-gnu/nios2-elf/lib/libc.a(lib_a-findfp.o)
                0x00000000020119d8                __sinit_lock_acquire
 .text.__sinit_lock_release
                0x00000000020119dc        0x4 /opt/altera_lite/15.1/nios2eds/bin/gnu/H-x86_64-pc-linux-gnu/bin/../lib/gcc/nios2-elf/4.9.2/../../../../../H-x86_64-pc-linux-gnu/nios2-elf/lib/libc.a(lib_a-findfp.o)
                0x00000000020119dc                __sinit_lock_release
 .text.__fp_lock_all
                0x00000000020119e0       0x18 /opt/altera_lite/15.1/nios2eds/bin/gnu/H-x86_64-pc-linux-gnu/bin/../lib/gcc/nios2-elf/4.9.2/../../../../../H-x86_64-pc-linux-gnu/nios2-elf/lib/libc.a(lib_a-findfp.o)
                0x00000000020119e0                __fp_lock_all
 .text.__fp_unlock_all
                0x00000000020119f8       0x18 /opt/altera_lite/15.1/nios2eds/bin/gnu/H-x86_64-pc-linux-gnu/bin/../lib/gcc/nios2-elf/4.9.2/../../../../../H-x86_64-pc-linux-gnu/nios2-elf/lib/libc.a(lib_a-findfp.o)
                0x00000000020119f8                __fp_unlock_all
 .text          0x0000000002011a10        0x0 /opt/altera_lite/15.1/nios2eds/bin/gnu/H-x86_64-pc-linux-gnu/bin/../lib/gcc/nios2-elf/4.9.2/../../../../../H-x86_64-pc-linux-gnu/nios2-elf/lib/libc.a(lib_a-freer.o)
 .text._malloc_trim_r
                0x0000000002011a10      0x124 /opt/altera_lite/15.1/nios2eds/bin/gnu/H-x86_64-pc-linux-gnu/bin/../lib/gcc/nios2-elf/4.9.2/../../../../../H-x86_64-pc-linux-gnu/nios2-elf/lib/libc.a(lib_a-freer.o)
                0x0000000002011a10                _malloc_trim_r
 .text._free_r  0x0000000002011b34      0x2f0 /opt/altera_lite/15.1/nios2eds/bin/gnu/H-x86_64-pc-linux-gnu/bin/../lib/gcc/nios2-elf/4.9.2/../../../../../H-x86_64-pc-linux-gnu/nios2-elf/lib/libc.a(lib_a-freer.o)
                0x0000000002011b34                _free_r
 .text          0x0000000002011e24        0x0 /opt/altera_lite/15.1/nios2eds/bin/gnu/H-x86_64-pc-linux-gnu/bin/../lib/gcc/nios2-elf/4.9.2/../../../../../H-x86_64-pc-linux-gnu/nios2-elf/lib/libc.a(lib_a-fvwrite.o)
 .text.__sfvwrite_r
                0x0000000002011e24      0x4c0 /opt/altera_lite/15.1/nios2eds/bin/gnu/H-x86_64-pc-linux-gnu/bin/../lib/gcc/nios2-elf/4.9.2/../../../../../H-x86_64-pc-linux-gnu/nios2-elf/lib/libc.a(lib_a-fvwrite.o)
                0x0000000002011e24                __sfvwrite_r
 .text          0x00000000020122e4        0x0 /opt/altera_lite/15.1/nios2eds/bin/gnu/H-x86_64-pc-linux-gnu/bin/../lib/gcc/nios2-elf/4.9.2/../../../../../H-x86_64-pc-linux-gnu/nios2-elf/lib/libc.a(lib_a-fwalk.o)
 .text._fwalk   0x00000000020122e4       0xc4 /opt/altera_lite/15.1/nios2eds/bin/gnu/H-x86_64-pc-linux-gnu/bin/../lib/gcc/nios2-elf/4.9.2/../../../../../H-x86_64-pc-linux-gnu/nios2-elf/lib/libc.a(lib_a-fwalk.o)
                0x00000000020122e4                _fwalk
 .text._fwalk_reent
                0x00000000020123a8       0xc4 /opt/altera_lite/15.1/nios2eds/bin/gnu/H-x86_64-pc-linux-gnu/bin/../lib/gcc/nios2-elf/4.9.2/../../../../../H-x86_64-pc-linux-gnu/nios2-elf/lib/libc.a(lib_a-fwalk.o)
                0x00000000020123a8                _fwalk_reent
 .text          0x000000000201246c        0x0 /opt/altera_lite/15.1/nios2eds/bin/gnu/H-x86_64-pc-linux-gnu/bin/../lib/gcc/nios2-elf/4.9.2/../../../../../H-x86_64-pc-linux-gnu/nios2-elf/lib/libc.a(lib_a-gettimeofdayr.o)
 .text._gettimeofday_r
                0x000000000201246c       0x58 /opt/altera_lite/15.1/nios2eds/bin/gnu/H-x86_64-pc-linux-gnu/bin/../lib/gcc/nios2-elf/4.9.2/../../../../../H-x86_64-pc-linux-gnu/nios2-elf/lib/libc.a(lib_a-gettimeofdayr.o)
                0x000000000201246c                _gettimeofday_r
 .text          0x00000000020124c4        0x0 /opt/altera_lite/15.1/nios2eds/bin/gnu/H-x86_64-pc-linux-gnu/bin/../lib/gcc/nios2-elf/4.9.2/../../../../../H-x86_64-pc-linux-gnu/nios2-elf/lib/libc.a(lib_a-int_errno.o)
 .text          0x00000000020124c4        0x0 /opt/altera_lite/15.1/nios2eds/bin/gnu/H-x86_64-pc-linux-gnu/bin/../lib/gcc/nios2-elf/4.9.2/../../../../../H-x86_64-pc-linux-gnu/nios2-elf/lib/libc.a(lib_a-locale.o)
 .text._setlocale_r
                0x00000000020124c4       0x7c /opt/altera_lite/15.1/nios2eds/bin/gnu/H-x86_64-pc-linux-gnu/bin/../lib/gcc/nios2-elf/4.9.2/../../../../../H-x86_64-pc-linux-gnu/nios2-elf/lib/libc.a(lib_a-locale.o)
                0x00000000020124c4                _setlocale_r
 .text.__locale_charset
                0x0000000002012540        0xc /opt/altera_lite/15.1/nios2eds/bin/gnu/H-x86_64-pc-linux-gnu/bin/../lib/gcc/nios2-elf/4.9.2/../../../../../H-x86_64-pc-linux-gnu/nios2-elf/lib/libc.a(lib_a-locale.o)
                0x0000000002012540                __locale_charset
 .text.__locale_mb_cur_max
                0x000000000201254c       0x10 /opt/altera_lite/15.1/nios2eds/bin/gnu/H-x86_64-pc-linux-gnu/bin/../lib/gcc/nios2-elf/4.9.2/../../../../../H-x86_64-pc-linux-gnu/nios2-elf/lib/libc.a(lib_a-locale.o)
                0x000000000201254c                __locale_mb_cur_max
 .text.__locale_msgcharset
                0x000000000201255c        0xc /opt/altera_lite/15.1/nios2eds/bin/gnu/H-x86_64-pc-linux-gnu/bin/../lib/gcc/nios2-elf/4.9.2/../../../../../H-x86_64-pc-linux-gnu/nios2-elf/lib/libc.a(lib_a-locale.o)
                0x000000000201255c                __locale_msgcharset
 .text.__locale_cjk_lang
                0x0000000002012568        0x8 /opt/altera_lite/15.1/nios2eds/bin/gnu/H-x86_64-pc-linux-gnu/bin/../lib/gcc/nios2-elf/4.9.2/../../../../../H-x86_64-pc-linux-gnu/nios2-elf/lib/libc.a(lib_a-locale.o)
                0x0000000002012568                __locale_cjk_lang
 .text._localeconv_r
                0x0000000002012570        0xc /opt/altera_lite/15.1/nios2eds/bin/gnu/H-x86_64-pc-linux-gnu/bin/../lib/gcc/nios2-elf/4.9.2/../../../../../H-x86_64-pc-linux-gnu/nios2-elf/lib/libc.a(lib_a-locale.o)
                0x0000000002012570                _localeconv_r
 .text.setlocale
                0x000000000201257c       0x1c /opt/altera_lite/15.1/nios2eds/bin/gnu/H-x86_64-pc-linux-gnu/bin/../lib/gcc/nios2-elf/4.9.2/../../../../../H-x86_64-pc-linux-gnu/nios2-elf/lib/libc.a(lib_a-locale.o)
                0x000000000201257c                setlocale
 .text.localeconv
                0x0000000002012598        0xc /opt/altera_lite/15.1/nios2eds/bin/gnu/H-x86_64-pc-linux-gnu/bin/../lib/gcc/nios2-elf/4.9.2/../../../../../H-x86_64-pc-linux-gnu/nios2-elf/lib/libc.a(lib_a-locale.o)
                0x0000000002012598                localeconv
 .text          0x00000000020125a4        0x0 /opt/altera_lite/15.1/nios2eds/bin/gnu/H-x86_64-pc-linux-gnu/bin/../lib/gcc/nios2-elf/4.9.2/../../../../../H-x86_64-pc-linux-gnu/nios2-elf/lib/libc.a(lib_a-makebuf.o)
 .text.__smakebuf_r
                0x00000000020125a4      0x1b8 /opt/altera_lite/15.1/nios2eds/bin/gnu/H-x86_64-pc-linux-gnu/bin/../lib/gcc/nios2-elf/4.9.2/../../../../../H-x86_64-pc-linux-gnu/nios2-elf/lib/libc.a(lib_a-makebuf.o)
                0x00000000020125a4                __smakebuf_r
 .text          0x000000000201275c        0x0 /opt/altera_lite/15.1/nios2eds/bin/gnu/H-x86_64-pc-linux-gnu/bin/../lib/gcc/nios2-elf/4.9.2/../../../../../H-x86_64-pc-linux-gnu/nios2-elf/lib/libc.a(lib_a-memchr.o)
 .text.memchr   0x000000000201275c       0xe8 /opt/altera_lite/15.1/nios2eds/bin/gnu/H-x86_64-pc-linux-gnu/bin/../lib/gcc/nios2-elf/4.9.2/../../../../../H-x86_64-pc-linux-gnu/nios2-elf/lib/libc.a(lib_a-memchr.o)
                0x000000000201275c                memchr
 .text          0x0000000002012844        0x0 /opt/altera_lite/15.1/nios2eds/bin/gnu/H-x86_64-pc-linux-gnu/bin/../lib/gcc/nios2-elf/4.9.2/../../../../../H-x86_64-pc-linux-gnu/nios2-elf/lib/libc.a(lib_a-memmove.o)
 .text.memmove  0x0000000002012844      0x15c /opt/altera_lite/15.1/nios2eds/bin/gnu/H-x86_64-pc-linux-gnu/bin/../lib/gcc/nios2-elf/4.9.2/../../../../../H-x86_64-pc-linux-gnu/nios2-elf/lib/libc.a(lib_a-memmove.o)
                0x0000000002012844                memmove
 .text          0x00000000020129a0        0x0 /opt/altera_lite/15.1/nios2eds/bin/gnu/H-x86_64-pc-linux-gnu/bin/../lib/gcc/nios2-elf/4.9.2/../../../../../H-x86_64-pc-linux-gnu/nios2-elf/lib/libc.a(lib_a-mprec.o)
 .text._Balloc  0x00000000020129a0       0xa8 /opt/altera_lite/15.1/nios2eds/bin/gnu/H-x86_64-pc-linux-gnu/bin/../lib/gcc/nios2-elf/4.9.2/../../../../../H-x86_64-pc-linux-gnu/nios2-elf/lib/libc.a(lib_a-mprec.o)
                0x00000000020129a0                _Balloc
 .text._Bfree   0x0000000002012a48       0x28 /opt/altera_lite/15.1/nios2eds/bin/gnu/H-x86_64-pc-linux-gnu/bin/../lib/gcc/nios2-elf/4.9.2/../../../../../H-x86_64-pc-linux-gnu/nios2-elf/lib/libc.a(lib_a-mprec.o)
                0x0000000002012a48                _Bfree
 .text.__multadd
                0x0000000002012a70      0x120 /opt/altera_lite/15.1/nios2eds/bin/gnu/H-x86_64-pc-linux-gnu/bin/../lib/gcc/nios2-elf/4.9.2/../../../../../H-x86_64-pc-linux-gnu/nios2-elf/lib/libc.a(lib_a-mprec.o)
                0x0000000002012a70                __multadd
 .text.__s2b    0x0000000002012b90      0x104 /opt/altera_lite/15.1/nios2eds/bin/gnu/H-x86_64-pc-linux-gnu/bin/../lib/gcc/nios2-elf/4.9.2/../../../../../H-x86_64-pc-linux-gnu/nios2-elf/lib/libc.a(lib_a-mprec.o)
                0x0000000002012b90                __s2b
 .text.__hi0bits
                0x0000000002012c94       0x68 /opt/altera_lite/15.1/nios2eds/bin/gnu/H-x86_64-pc-linux-gnu/bin/../lib/gcc/nios2-elf/4.9.2/../../../../../H-x86_64-pc-linux-gnu/nios2-elf/lib/libc.a(lib_a-mprec.o)
                0x0000000002012c94                __hi0bits
 .text.__lo0bits
                0x0000000002012cfc       0xb0 /opt/altera_lite/15.1/nios2eds/bin/gnu/H-x86_64-pc-linux-gnu/bin/../lib/gcc/nios2-elf/4.9.2/../../../../../H-x86_64-pc-linux-gnu/nios2-elf/lib/libc.a(lib_a-mprec.o)
                0x0000000002012cfc                __lo0bits
 .text.__i2b    0x0000000002012dac       0x3c /opt/altera_lite/15.1/nios2eds/bin/gnu/H-x86_64-pc-linux-gnu/bin/../lib/gcc/nios2-elf/4.9.2/../../../../../H-x86_64-pc-linux-gnu/nios2-elf/lib/libc.a(lib_a-mprec.o)
                0x0000000002012dac                __i2b
 .text.__multiply
                0x0000000002012de8      0x1fc /opt/altera_lite/15.1/nios2eds/bin/gnu/H-x86_64-pc-linux-gnu/bin/../lib/gcc/nios2-elf/4.9.2/../../../../../H-x86_64-pc-linux-gnu/nios2-elf/lib/libc.a(lib_a-mprec.o)
                0x0000000002012de8                __multiply
 .text.__pow5mult
                0x0000000002012fe4      0x140 /opt/altera_lite/15.1/nios2eds/bin/gnu/H-x86_64-pc-linux-gnu/bin/../lib/gcc/nios2-elf/4.9.2/../../../../../H-x86_64-pc-linux-gnu/nios2-elf/lib/libc.a(lib_a-mprec.o)
                0x0000000002012fe4                __pow5mult
 .text.__lshift
                0x0000000002013124      0x150 /opt/altera_lite/15.1/nios2eds/bin/gnu/H-x86_64-pc-linux-gnu/bin/../lib/gcc/nios2-elf/4.9.2/../../../../../H-x86_64-pc-linux-gnu/nios2-elf/lib/libc.a(lib_a-mprec.o)
                0x0000000002013124                __lshift
 .text.__mcmp   0x0000000002013274       0x60 /opt/altera_lite/15.1/nios2eds/bin/gnu/H-x86_64-pc-linux-gnu/bin/../lib/gcc/nios2-elf/4.9.2/../../../../../H-x86_64-pc-linux-gnu/nios2-elf/lib/libc.a(lib_a-mprec.o)
                0x0000000002013274                __mcmp
 .text.__mdiff  0x00000000020132d4      0x198 /opt/altera_lite/15.1/nios2eds/bin/gnu/H-x86_64-pc-linux-gnu/bin/../lib/gcc/nios2-elf/4.9.2/../../../../../H-x86_64-pc-linux-gnu/nios2-elf/lib/libc.a(lib_a-mprec.o)
                0x00000000020132d4                __mdiff
 .text.__ulp    0x000000000201346c       0x60 /opt/altera_lite/15.1/nios2eds/bin/gnu/H-x86_64-pc-linux-gnu/bin/../lib/gcc/nios2-elf/4.9.2/../../../../../H-x86_64-pc-linux-gnu/nios2-elf/lib/libc.a(lib_a-mprec.o)
                0x000000000201346c                __ulp
 .text.__b2d    0x00000000020134cc      0x11c /opt/altera_lite/15.1/nios2eds/bin/gnu/H-x86_64-pc-linux-gnu/bin/../lib/gcc/nios2-elf/4.9.2/../../../../../H-x86_64-pc-linux-gnu/nios2-elf/lib/libc.a(lib_a-mprec.o)
                0x00000000020134cc                __b2d
 .text.__d2b    0x00000000020135e8      0x13c /opt/altera_lite/15.1/nios2eds/bin/gnu/H-x86_64-pc-linux-gnu/bin/../lib/gcc/nios2-elf/4.9.2/../../../../../H-x86_64-pc-linux-gnu/nios2-elf/lib/libc.a(lib_a-mprec.o)
                0x00000000020135e8                __d2b
 .text.__ratio  0x0000000002013724       0xa4 /opt/altera_lite/15.1/nios2eds/bin/gnu/H-x86_64-pc-linux-gnu/bin/../lib/gcc/nios2-elf/4.9.2/../../../../../H-x86_64-pc-linux-gnu/nios2-elf/lib/libc.a(lib_a-mprec.o)
                0x0000000002013724                __ratio
 .text._mprec_log10
                0x00000000020137c8       0x74 /opt/altera_lite/15.1/nios2eds/bin/gnu/H-x86_64-pc-linux-gnu/bin/../lib/gcc/nios2-elf/4.9.2/../../../../../H-x86_64-pc-linux-gnu/nios2-elf/lib/libc.a(lib_a-mprec.o)
                0x00000000020137c8                _mprec_log10
 .text.__copybits
                0x000000000201383c       0x78 /opt/altera_lite/15.1/nios2eds/bin/gnu/H-x86_64-pc-linux-gnu/bin/../lib/gcc/nios2-elf/4.9.2/../../../../../H-x86_64-pc-linux-gnu/nios2-elf/lib/libc.a(lib_a-mprec.o)
                0x000000000201383c                __copybits
 .text.__any_on
                0x00000000020138b4       0x8c /opt/altera_lite/15.1/nios2eds/bin/gnu/H-x86_64-pc-linux-gnu/bin/../lib/gcc/nios2-elf/4.9.2/../../../../../H-x86_64-pc-linux-gnu/nios2-elf/lib/libc.a(lib_a-mprec.o)
                0x00000000020138b4                __any_on
 .text          0x0000000002013940        0x0 /opt/altera_lite/15.1/nios2eds/bin/gnu/H-x86_64-pc-linux-gnu/bin/../lib/gcc/nios2-elf/4.9.2/../../../../../H-x86_64-pc-linux-gnu/nios2-elf/lib/libc.a(lib_a-reallocr.o)
 .text._realloc_r
                0x0000000002013940      0x568 /opt/altera_lite/15.1/nios2eds/bin/gnu/H-x86_64-pc-linux-gnu/bin/../lib/gcc/nios2-elf/4.9.2/../../../../../H-x86_64-pc-linux-gnu/nios2-elf/lib/libc.a(lib_a-reallocr.o)
                0x0000000002013940                _realloc_r
 .text          0x0000000002013ea8        0x0 /opt/altera_lite/15.1/nios2eds/bin/gnu/H-x86_64-pc-linux-gnu/bin/../lib/gcc/nios2-elf/4.9.2/../../../../../H-x86_64-pc-linux-gnu/nios2-elf/lib/libc.a(lib_a-stdio.o)
 .text.__sread  0x0000000002013ea8       0x54 /opt/altera_lite/15.1/nios2eds/bin/gnu/H-x86_64-pc-linux-gnu/bin/../lib/gcc/nios2-elf/4.9.2/../../../../../H-x86_64-pc-linux-gnu/nios2-elf/lib/libc.a(lib_a-stdio.o)
                0x0000000002013ea8                __sread
 .text.__seofread
                0x0000000002013efc        0x8 /opt/altera_lite/15.1/nios2eds/bin/gnu/H-x86_64-pc-linux-gnu/bin/../lib/gcc/nios2-elf/4.9.2/../../../../../H-x86_64-pc-linux-gnu/nios2-elf/lib/libc.a(lib_a-stdio.o)
                0x0000000002013efc                __seofread
 .text.__swrite
                0x0000000002013f04       0x7c /opt/altera_lite/15.1/nios2eds/bin/gnu/H-x86_64-pc-linux-gnu/bin/../lib/gcc/nios2-elf/4.9.2/../../../../../H-x86_64-pc-linux-gnu/nios2-elf/lib/libc.a(lib_a-stdio.o)
                0x0000000002013f04                __swrite
 .text.__sseek  0x0000000002013f80       0x5c /opt/altera_lite/15.1/nios2eds/bin/gnu/H-x86_64-pc-linux-gnu/bin/../lib/gcc/nios2-elf/4.9.2/../../../../../H-x86_64-pc-linux-gnu/nios2-elf/lib/libc.a(lib_a-stdio.o)
                0x0000000002013f80                __sseek
 .text.__sclose
                0x0000000002013fdc        0x8 /opt/altera_lite/15.1/nios2eds/bin/gnu/H-x86_64-pc-linux-gnu/bin/../lib/gcc/nios2-elf/4.9.2/../../../../../H-x86_64-pc-linux-gnu/nios2-elf/lib/libc.a(lib_a-stdio.o)
                0x0000000002013fdc                __sclose
 .text          0x0000000002013fe4        0x0 /opt/altera_lite/15.1/nios2eds/bin/gnu/H-x86_64-pc-linux-gnu/bin/../lib/gcc/nios2-elf/4.9.2/../../../../../H-x86_64-pc-linux-gnu/nios2-elf/lib/libc.a(lib_a-strcmp.o)
 .text.strcmp   0x0000000002013fe4       0xa4 /opt/altera_lite/15.1/nios2eds/bin/gnu/H-x86_64-pc-linux-gnu/bin/../lib/gcc/nios2-elf/4.9.2/../../../../../H-x86_64-pc-linux-gnu/nios2-elf/lib/libc.a(lib_a-strcmp.o)
                0x0000000002013fe4                strcmp
 .text          0x0000000002014088        0x0 /opt/altera_lite/15.1/nios2eds/bin/gnu/H-x86_64-pc-linux-gnu/bin/../lib/gcc/nios2-elf/4.9.2/../../../../../H-x86_64-pc-linux-gnu/nios2-elf/lib/libc.a(lib_a-svfiprintf.o)
 .text.__ssprint_r
                0x0000000002014088      0x1cc /opt/altera_lite/15.1/nios2eds/bin/gnu/H-x86_64-pc-linux-gnu/bin/../lib/gcc/nios2-elf/4.9.2/../../../../../H-x86_64-pc-linux-gnu/nios2-elf/lib/libc.a(lib_a-svfiprintf.o)
                0x0000000002014088                __ssprint_r
 .text.___svfiprintf_internal_r
                0x0000000002014254     0x1038 /opt/altera_lite/15.1/nios2eds/bin/gnu/H-x86_64-pc-linux-gnu/bin/../lib/gcc/nios2-elf/4.9.2/../../../../../H-x86_64-pc-linux-gnu/nios2-elf/lib/libc.a(lib_a-svfiprintf.o)
                0x0000000002014254                ___svfiprintf_internal_r
 .text          0x000000000201528c        0x0 /opt/altera_lite/15.1/nios2eds/bin/gnu/H-x86_64-pc-linux-gnu/bin/../lib/gcc/nios2-elf/4.9.2/../../../../../H-x86_64-pc-linux-gnu/nios2-elf/lib/libc.a(lib_a-vfiprintf.o)
 .text.__sprint_r.part.0
                0x000000000201528c       0xfc /opt/altera_lite/15.1/nios2eds/bin/gnu/H-x86_64-pc-linux-gnu/bin/../lib/gcc/nios2-elf/4.9.2/../../../../../H-x86_64-pc-linux-gnu/nios2-elf/lib/libc.a(lib_a-vfiprintf.o)
 .text.__sprint_r
                0x0000000002015388       0x18 /opt/altera_lite/15.1/nios2eds/bin/gnu/H-x86_64-pc-linux-gnu/bin/../lib/gcc/nios2-elf/4.9.2/../../../../../H-x86_64-pc-linux-gnu/nios2-elf/lib/libc.a(lib_a-vfiprintf.o)
                0x0000000002015388                __sprint_r
 .text.___vfiprintf_internal_r
                0x00000000020153a0     0x12d0 /opt/altera_lite/15.1/nios2eds/bin/gnu/H-x86_64-pc-linux-gnu/bin/../lib/gcc/nios2-elf/4.9.2/../../../../../H-x86_64-pc-linux-gnu/nios2-elf/lib/libc.a(lib_a-vfiprintf.o)
                0x00000000020153a0                ___vfiprintf_internal_r
 .text.__vfiprintf_internal
                0x0000000002016670       0x24 /opt/altera_lite/15.1/nios2eds/bin/gnu/H-x86_64-pc-linux-gnu/bin/../lib/gcc/nios2-elf/4.9.2/../../../../../H-x86_64-pc-linux-gnu/nios2-elf/lib/libc.a(lib_a-vfiprintf.o)
                0x0000000002016670                __vfiprintf_internal
 .text.__sbprintf
                0x0000000002016694       0xbc /opt/altera_lite/15.1/nios2eds/bin/gnu/H-x86_64-pc-linux-gnu/bin/../lib/gcc/nios2-elf/4.9.2/../../../../../H-x86_64-pc-linux-gnu/nios2-elf/lib/libc.a(lib_a-vfiprintf.o)
 .text          0x0000000002016750        0x0 /opt/altera_lite/15.1/nios2eds/bin/gnu/H-x86_64-pc-linux-gnu/bin/../lib/gcc/nios2-elf/4.9.2/../../../../../H-x86_64-pc-linux-gnu/nios2-elf/lib/libc.a(lib_a-writer.o)
 .text._write_r
                0x0000000002016750       0x5c /opt/altera_lite/15.1/nios2eds/bin/gnu/H-x86_64-pc-linux-gnu/bin/../lib/gcc/nios2-elf/4.9.2/../../../../../H-x86_64-pc-linux-gnu/nios2-elf/lib/libc.a(lib_a-writer.o)
                0x0000000002016750                _write_r
 .text          0x00000000020167ac        0x0 /opt/altera_lite/15.1/nios2eds/bin/gnu/H-x86_64-pc-linux-gnu/bin/../lib/gcc/nios2-elf/4.9.2/../../../../../H-x86_64-pc-linux-gnu/nios2-elf/lib/libc.a(closer.o)
 .text._close_r
                0x00000000020167ac       0x54 /opt/altera_lite/15.1/nios2eds/bin/gnu/H-x86_64-pc-linux-gnu/bin/../lib/gcc/nios2-elf/4.9.2/../../../../../H-x86_64-pc-linux-gnu/nios2-elf/lib/libc.a(closer.o)
                0x00000000020167ac                _close_r
 .text          0x0000000002016800        0x0 /opt/altera_lite/15.1/nios2eds/bin/gnu/H-x86_64-pc-linux-gnu/bin/../lib/gcc/nios2-elf/4.9.2/../../../../../H-x86_64-pc-linux-gnu/nios2-elf/lib/libc.a(lib_a-callocr.o)
 .text._calloc_r
                0x0000000002016800       0xc4 /opt/altera_lite/15.1/nios2eds/bin/gnu/H-x86_64-pc-linux-gnu/bin/../lib/gcc/nios2-elf/4.9.2/../../../../../H-x86_64-pc-linux-gnu/nios2-elf/lib/libc.a(lib_a-callocr.o)
                0x0000000002016800                _calloc_r
 .text          0x00000000020168c4        0x0 /opt/altera_lite/15.1/nios2eds/bin/gnu/H-x86_64-pc-linux-gnu/bin/../lib/gcc/nios2-elf/4.9.2/../../../../../H-x86_64-pc-linux-gnu/nios2-elf/lib/libc.a(lib_a-fclose.o)
 .text._fclose_r
                0x00000000020168c4       0xf0 /opt/altera_lite/15.1/nios2eds/bin/gnu/H-x86_64-pc-linux-gnu/bin/../lib/gcc/nios2-elf/4.9.2/../../../../../H-x86_64-pc-linux-gnu/nios2-elf/lib/libc.a(lib_a-fclose.o)
                0x00000000020168c4                _fclose_r
 .text.fclose   0x00000000020169b4       0x14 /opt/altera_lite/15.1/nios2eds/bin/gnu/H-x86_64-pc-linux-gnu/bin/../lib/gcc/nios2-elf/4.9.2/../../../../../H-x86_64-pc-linux-gnu/nios2-elf/lib/libc.a(lib_a-fclose.o)
                0x00000000020169b4                fclose
 .text          0x00000000020169c8        0x0 /opt/altera_lite/15.1/nios2eds/bin/gnu/H-x86_64-pc-linux-gnu/bin/../lib/gcc/nios2-elf/4.9.2/../../../../../H-x86_64-pc-linux-gnu/nios2-elf/lib/libc.a(lib_a-fputwc.o)
 .text._fputwc_r
                0x00000000020169c8      0x184 /opt/altera_lite/15.1/nios2eds/bin/gnu/H-x86_64-pc-linux-gnu/bin/../lib/gcc/nios2-elf/4.9.2/../../../../../H-x86_64-pc-linux-gnu/nios2-elf/lib/libc.a(lib_a-fputwc.o)
                0x00000000020169c8                _fputwc_r
 .text.fputwc   0x0000000002016b4c       0x5c /opt/altera_lite/15.1/nios2eds/bin/gnu/H-x86_64-pc-linux-gnu/bin/../lib/gcc/nios2-elf/4.9.2/../../../../../H-x86_64-pc-linux-gnu/nios2-elf/lib/libc.a(lib_a-fputwc.o)
                0x0000000002016b4c                fputwc
 .text          0x0000000002016ba8        0x0 /opt/altera_lite/15.1/nios2eds/bin/gnu/H-x86_64-pc-linux-gnu/bin/../lib/gcc/nios2-elf/4.9.2/../../../../../H-x86_64-pc-linux-gnu/nios2-elf/lib/libc.a(lib_a-fstatr.o)
 .text._fstat_r
                0x0000000002016ba8       0x58 /opt/altera_lite/15.1/nios2eds/bin/gnu/H-x86_64-pc-linux-gnu/bin/../lib/gcc/nios2-elf/4.9.2/../../../../../H-x86_64-pc-linux-gnu/nios2-elf/lib/libc.a(lib_a-fstatr.o)
                0x0000000002016ba8                _fstat_r
 .text          0x0000000002016c00        0x0 /opt/altera_lite/15.1/nios2eds/bin/gnu/H-x86_64-pc-linux-gnu/bin/../lib/gcc/nios2-elf/4.9.2/../../../../../H-x86_64-pc-linux-gnu/nios2-elf/lib/libc.a(lib_a-isattyr.o)
 .text._isatty_r
                0x0000000002016c00       0x54 /opt/altera_lite/15.1/nios2eds/bin/gnu/H-x86_64-pc-linux-gnu/bin/../lib/gcc/nios2-elf/4.9.2/../../../../../H-x86_64-pc-linux-gnu/nios2-elf/lib/libc.a(lib_a-isattyr.o)
                0x0000000002016c00                _isatty_r
 .text          0x0000000002016c54        0x0 /opt/altera_lite/15.1/nios2eds/bin/gnu/H-x86_64-pc-linux-gnu/bin/../lib/gcc/nios2-elf/4.9.2/../../../../../H-x86_64-pc-linux-gnu/nios2-elf/lib/libc.a(lib_a-lseekr.o)
 .text._lseek_r
                0x0000000002016c54       0x5c /opt/altera_lite/15.1/nios2eds/bin/gnu/H-x86_64-pc-linux-gnu/bin/../lib/gcc/nios2-elf/4.9.2/../../../../../H-x86_64-pc-linux-gnu/nios2-elf/lib/libc.a(lib_a-lseekr.o)
                0x0000000002016c54                _lseek_r
 .text          0x0000000002016cb0        0x0 /opt/altera_lite/15.1/nios2eds/bin/gnu/H-x86_64-pc-linux-gnu/bin/../lib/gcc/nios2-elf/4.9.2/../../../../../H-x86_64-pc-linux-gnu/nios2-elf/lib/libc.a(lib_a-readr.o)
 .text._read_r  0x0000000002016cb0       0x5c /opt/altera_lite/15.1/nios2eds/bin/gnu/H-x86_64-pc-linux-gnu/bin/../lib/gcc/nios2-elf/4.9.2/../../../../../H-x86_64-pc-linux-gnu/nios2-elf/lib/libc.a(lib_a-readr.o)
                0x0000000002016cb0                _read_r
 .text          0x0000000002016d0c        0x0 /opt/altera_lite/15.1/nios2eds/bin/gnu/H-x86_64-pc-linux-gnu/bin/../lib/gcc/nios2-elf/4.9.2/../../../../../H-x86_64-pc-linux-gnu/nios2-elf/lib/libc.a(lib_a-wbuf.o)
 .text.__swbuf_r
                0x0000000002016d0c      0x138 /opt/altera_lite/15.1/nios2eds/bin/gnu/H-x86_64-pc-linux-gnu/bin/../lib/gcc/nios2-elf/4.9.2/../../../../../H-x86_64-pc-linux-gnu/nios2-elf/lib/libc.a(lib_a-wbuf.o)
                0x0000000002016d0c                __swbuf_r
 .text.__swbuf  0x0000000002016e44       0x1c /opt/altera_lite/15.1/nios2eds/bin/gnu/H-x86_64-pc-linux-gnu/bin/../lib/gcc/nios2-elf/4.9.2/../../../../../H-x86_64-pc-linux-gnu/nios2-elf/lib/libc.a(lib_a-wbuf.o)
                0x0000000002016e44                __swbuf
 .text          0x0000000002016e60        0x0 /opt/altera_lite/15.1/nios2eds/bin/gnu/H-x86_64-pc-linux-gnu/bin/../lib/gcc/nios2-elf/4.9.2/../../../../../H-x86_64-pc-linux-gnu/nios2-elf/lib/libc.a(lib_a-wcrtomb.o)
 .text._wcrtomb_r
                0x0000000002016e60       0x9c /opt/altera_lite/15.1/nios2eds/bin/gnu/H-x86_64-pc-linux-gnu/bin/../lib/gcc/nios2-elf/4.9.2/../../../../../H-x86_64-pc-linux-gnu/nios2-elf/lib/libc.a(lib_a-wcrtomb.o)
                0x0000000002016e60                _wcrtomb_r
 .text.wcrtomb  0x0000000002016efc       0xc0 /opt/altera_lite/15.1/nios2eds/bin/gnu/H-x86_64-pc-linux-gnu/bin/../lib/gcc/nios2-elf/4.9.2/../../../../../H-x86_64-pc-linux-gnu/nios2-elf/lib/libc.a(lib_a-wcrtomb.o)
                0x0000000002016efc                wcrtomb
 .text          0x0000000002016fbc        0x0 /opt/altera_lite/15.1/nios2eds/bin/gnu/H-x86_64-pc-linux-gnu/bin/../lib/gcc/nios2-elf/4.9.2/../../../../../H-x86_64-pc-linux-gnu/nios2-elf/lib/libc.a(lib_a-wctomb_r.o)
 .text.__ascii_wctomb
                0x0000000002016fbc       0x30 /opt/altera_lite/15.1/nios2eds/bin/gnu/H-x86_64-pc-linux-gnu/bin/../lib/gcc/nios2-elf/4.9.2/../../../../../H-x86_64-pc-linux-gnu/nios2-elf/lib/libc.a(lib_a-wctomb_r.o)
                0x0000000002016fbc                __ascii_wctomb
 .text._wctomb_r
                0x0000000002016fec       0x5c /opt/altera_lite/15.1/nios2eds/bin/gnu/H-x86_64-pc-linux-gnu/bin/../lib/gcc/nios2-elf/4.9.2/../../../../../H-x86_64-pc-linux-gnu/nios2-elf/lib/libc.a(lib_a-wctomb_r.o)
                0x0000000002016fec                _wctomb_r
 .text          0x0000000002017048       0x60 /opt/altera_lite/15.1/nios2eds/bin/gnu/H-x86_64-pc-linux-gnu/bin/../lib/gcc/nios2-elf/4.9.2/libgcc.a(_muldi3.o)
                0x0000000002017048                __muldi3
 .text          0x00000000020170a8      0x5c0 /opt/altera_lite/15.1/nios2eds/bin/gnu/H-x86_64-pc-linux-gnu/bin/../lib/gcc/nios2-elf/4.9.2/libgcc.a(_udivdi3.o)
                0x00000000020170a8                __udivdi3
 .text          0x0000000002017668      0x590 /opt/altera_lite/15.1/nios2eds/bin/gnu/H-x86_64-pc-linux-gnu/bin/../lib/gcc/nios2-elf/4.9.2/libgcc.a(_umoddi3.o)
                0x0000000002017668                __umoddi3
 .text          0x0000000002017bf8       0x84 /opt/altera_lite/15.1/nios2eds/bin/gnu/H-x86_64-pc-linux-gnu/bin/../lib/gcc/nios2-elf/4.9.2/libgcc.a(eqdf2.o)
                0x0000000002017bf8                __eqdf2
                0x0000000002017bf8                __nedf2
 .text          0x0000000002017c7c       0xe0 /opt/altera_lite/15.1/nios2eds/bin/gnu/H-x86_64-pc-linux-gnu/bin/../lib/gcc/nios2-elf/4.9.2/libgcc.a(gedf2.o)
                0x0000000002017c7c                __gtdf2
                0x0000000002017c7c                __gedf2
 .text          0x0000000002017d5c       0xa4 /opt/altera_lite/15.1/nios2eds/bin/gnu/H-x86_64-pc-linux-gnu/bin/../lib/gcc/nios2-elf/4.9.2/libgcc.a(floatunsidf.o)
                0x0000000002017d5c                __floatunsidf
 .text          0x0000000002017e00      0x140 ../LT24_RTOS_bsp//libucosii_bsp.a(alt_alarm_start.o)
                0x0000000002017e00                alt_alarm_start
 .text          0x0000000002017f40      0x120 ../LT24_RTOS_bsp//libucosii_bsp.a(alt_close.o)
                0x0000000002017f90                close
 .text          0x0000000002018060       0x2c ../LT24_RTOS_bsp//libucosii_bsp.a(alt_dev.o)
 .text          0x000000000201808c        0x0 ../LT24_RTOS_bsp//libucosii_bsp.a(alt_errno.o)
 .text          0x000000000201808c      0x100 ../LT24_RTOS_bsp//libucosii_bsp.a(alt_fstat.o)
                0x00000000020180dc                fstat
 .text          0x000000000201818c      0x20c ../LT24_RTOS_bsp//libucosii_bsp.a(alt_gettod.o)
                0x000000000201818c                gettimeofday
 .text          0x0000000002018398      0x1e0 ../LT24_RTOS_bsp//libucosii_bsp.a(alt_iic.o)
                0x0000000002018398                alt_ic_isr_register
                0x00000000020183e8                alt_ic_irq_enable
                0x0000000002018488                alt_ic_irq_disable
                0x000000000201852c                alt_ic_irq_enabled
 .text          0x0000000002018578       0xf0 ../LT24_RTOS_bsp//libucosii_bsp.a(alt_iic_isr_register.o)
                0x0000000002018578                alt_iic_isr_register
 .text          0x0000000002018668        0x0 ../LT24_RTOS_bsp//libucosii_bsp.a(alt_irq_entry.o)
 .text          0x0000000002018668        0x0 ../LT24_RTOS_bsp//libucosii_bsp.a(alt_irq_handler.o)
 .text          0x0000000002018668        0x0 ../LT24_RTOS_bsp//libucosii_bsp.a(alt_irq_vars.o)
 .text          0x0000000002018668       0xf4 ../LT24_RTOS_bsp//libucosii_bsp.a(alt_isatty.o)
                0x00000000020186b8                isatty
 .text          0x000000000201875c       0xe4 ../LT24_RTOS_bsp//libucosii_bsp.a(alt_load.o)
                0x00000000020187c0                alt_load
 .text          0x0000000002018840      0x124 ../LT24_RTOS_bsp//libucosii_bsp.a(alt_lseek.o)
                0x0000000002018890                lseek
 .text          0x0000000002018964       0xd4 ../LT24_RTOS_bsp//libucosii_bsp.a(alt_main.o)
                0x0000000002018964                alt_main
 .text          0x0000000002018a38      0x14c ../LT24_RTOS_bsp//libucosii_bsp.a(alt_read.o)
                0x0000000002018a88                read
 .text          0x0000000002018b84       0x60 ../LT24_RTOS_bsp//libucosii_bsp.a(alt_release_fd.o)
                0x0000000002018b84                alt_release_fd
 .text          0x0000000002018be4       0xb0 ../LT24_RTOS_bsp//libucosii_bsp.a(alt_sbrk.o)
                0x0000000002018be4                sbrk
 .text          0x0000000002018c94      0x19c ../LT24_RTOS_bsp//libucosii_bsp.a(alt_tick.o)
                0x0000000002018c94                alt_alarm_stop
                0x0000000002018d2c                alt_tick
 .text          0x0000000002018e30      0x124 ../LT24_RTOS_bsp//libucosii_bsp.a(alt_usleep.o)
                0x0000000002018e30                usleep
 .text          0x0000000002018f54      0x148 ../LT24_RTOS_bsp//libucosii_bsp.a(alt_write.o)
                0x0000000002018fa4                write
 .text          0x000000000201909c      0x11c ../LT24_RTOS_bsp//libucosii_bsp.a(alt_env_lock.o)
                0x000000000201909c                __env_lock
                0x000000000201915c                __env_unlock
 .text          0x00000000020191b8      0x1f0 ../LT24_RTOS_bsp//libucosii_bsp.a(alt_malloc_lock.o)
                0x00000000020191b8                __malloc_lock
                0x00000000020192d8                __malloc_unlock
 .text          0x00000000020193a8     0x1fe0 ../LT24_RTOS_bsp//libucosii_bsp.a(os_core.o)
                0x00000000020193a8                OSEventNameGet
                0x00000000020194c8                OSEventNameSet
                0x0000000002019604                OSEventPendMulti
                0x0000000002019c14                OSInit
                0x0000000002019c68                OSIntEnter
                0x0000000002019ce4                OSIntExit
                0x0000000002019dd8                OSSchedLock
                0x0000000002019e60                OSSchedUnlock
                0x0000000002019f38                OSStart
                0x0000000002019fa4                OSStatInit
                0x000000000201a050                OSTimeTick
                0x000000000201a26c                OSVersion
                0x000000000201a28c                OS_Dummy
                0x000000000201a2a8                OS_EventTaskRdy
                0x000000000201a440                OS_EventTaskWait
                0x000000000201a54c                OS_EventTaskWaitMulti
                0x000000000201a698                OS_EventTaskRemove
                0x000000000201a74c                OS_EventTaskRemoveMulti
                0x000000000201a848                OS_EventWaitListInit
                0x000000000201ac0c                OS_MemClr
                0x000000000201ac5c                OS_MemCopy
                0x000000000201acc0                OS_Sched
                0x000000000201adfc                OS_StrCopy
                0x000000000201ae70                OS_StrLen
                0x000000000201aec4                OS_TaskIdle
                0x000000000201af20                OS_TaskStat
                0x000000000201afec                OS_TaskStatStkChk
                0x000000000201b0b4                OS_TCBInit
 .text          0x000000000201b388      0x18c ../LT24_RTOS_bsp//libucosii_bsp.a(os_dbg.o)
                0x000000000201b388                OSDebugInit
 .text          0x000000000201b514     0x181c ../LT24_RTOS_bsp//libucosii_bsp.a(os_flag.o)
                0x000000000201b514                OSFlagAccept
                0x000000000201b81c                OSFlagCreate
                0x000000000201b944                OSFlagDel
                0x000000000201bbb4                OSFlagNameGet
                0x000000000201bce4                OSFlagNameSet
                0x000000000201be34                OSFlagPend
                0x000000000201c424                OSFlagPendGetFlagsRdy
                0x000000000201c48c                OSFlagPost
                0x000000000201c814                OSFlagQuery
                0x000000000201ca9c                OS_FlagInit
                0x000000000201cc90                OS_FlagUnlink
 .text          0x000000000201cd30      0xb88 ../LT24_RTOS_bsp//libucosii_bsp.a(os_mbox.o)
                0x000000000201cd30                OSMboxAccept
                0x000000000201cdc8                OSMboxCreate
                0x000000000201cec4                OSMboxDel
                0x000000000201d12c                OSMboxPend
                0x000000000201d3d0                OSMboxPendAbort
                0x000000000201d53c                OSMboxPost
                0x000000000201d64c                OSMboxPostOpt
                0x000000000201d7a8                OSMboxQuery
 .text          0x000000000201d8b8      0x784 ../LT24_RTOS_bsp//libucosii_bsp.a(os_mem.o)
                0x000000000201d8b8                OSMemCreate
                0x000000000201daac                OSMemGet
                0x000000000201db9c                OSMemNameGet
                0x000000000201dc94                OSMemNameSet
                0x000000000201ddac                OSMemPut
                0x000000000201de84                OSMemQuery
                0x000000000201df6c                OS_MemInit
 .text          0x000000000201e03c     0x1210 ../LT24_RTOS_bsp//libucosii_bsp.a(os_q.o)
                0x000000000201e03c                OSQAccept
                0x000000000201e17c                OSQCreate
                0x000000000201e378                OSQDel
                0x000000000201e640                OSQFlush
                0x000000000201e6f8                OSQPend
                0x000000000201e9f4                OSQPendAbort
                0x000000000201eb60                OSQPost
                0x000000000201ecc8                OSQPostFront
                0x000000000201ee38                OSQPostOpt
                0x000000000201f044                OSQQuery
                0x000000000201f1a0                OS_QInit
 .text          0x000000000201f24c      0xb08 ../LT24_RTOS_bsp//libucosii_bsp.a(os_sem.o)
                0x000000000201f24c                OSSemAccept
                0x000000000201f2fc                OSSemCreate
                0x000000000201f3fc                OSSemDel
                0x000000000201f664                OSSemPend
                0x000000000201f8cc                OSSemPendAbort
                0x000000000201fa38                OSSemPost
                0x000000000201fb48                OSSemQuery
                0x000000000201fc58                OSSemSet
 .text          0x000000000201fd54     0x18f4 ../LT24_RTOS_bsp//libucosii_bsp.a(os_task.o)
                0x000000000201fd54                OSTaskChangePrio
                0x0000000002020294                OSTaskCreate
                0x0000000002020450                OSTaskCreateExt
                0x000000000202063c                OSTaskDel
                0x0000000002020a1c                OSTaskDelReq
                0x0000000002020b74                OSTaskNameGet
                0x0000000002020d1c                OSTaskNameSet
                0x0000000002020edc                OSTaskResume
                0x00000000020210d4                OSTaskStkChk
                0x000000000202129c                OSTaskSuspend
                0x00000000020214b0                OSTaskQuery
                0x00000000020215dc                OS_TaskStkClr
 .text          0x0000000002021648      0x55c ../LT24_RTOS_bsp//libucosii_bsp.a(os_time.o)
                0x0000000002021648                OSTimeDly
                0x0000000002021790                OSTimeDlyHMSM
                0x00000000020218ec                OSTimeDlyResume
                0x0000000002021adc                OSTimeGet
                0x0000000002021b40                OSTimeSet
 .text          0x0000000002021ba4       0xf4 ../LT24_RTOS_bsp//libucosii_bsp.a(alt_sys_init.o)
                0x0000000002021bdc                alt_irq_init
                0x0000000002021c10                alt_sys_init
 .text          0x0000000002021c98      0x164 ../LT24_RTOS_bsp//libucosii_bsp.a(altera_avalon_jtag_uart_fd.o)
                0x0000000002021c98                altera_avalon_jtag_uart_read_fd
                0x0000000002021cf8                altera_avalon_jtag_uart_write_fd
                0x0000000002021d58                altera_avalon_jtag_uart_close_fd
                0x0000000002021da8                altera_avalon_jtag_uart_ioctl_fd
 .text          0x0000000002021dfc      0x568 ../LT24_RTOS_bsp//libucosii_bsp.a(altera_avalon_jtag_uart_init.o)
                0x0000000002021dfc                altera_avalon_jtag_uart_init
                0x00000000020222fc                altera_avalon_jtag_uart_close
 .text          0x0000000002022364       0xec ../LT24_RTOS_bsp//libucosii_bsp.a(altera_avalon_jtag_uart_ioctl.o)
                0x0000000002022364                altera_avalon_jtag_uart_ioctl
 .text          0x0000000002022450      0x2b4 ../LT24_RTOS_bsp//libucosii_bsp.a(altera_avalon_jtag_uart_read.o)
                0x0000000002022450                altera_avalon_jtag_uart_read
 .text          0x0000000002022704      0x2c0 ../LT24_RTOS_bsp//libucosii_bsp.a(altera_avalon_jtag_uart_write.o)
                0x0000000002022704                altera_avalon_jtag_uart_write
 .text          0x00000000020229c4      0x204 ../LT24_RTOS_bsp//libucosii_bsp.a(altera_avalon_spi.o)
                0x00000000020229c4                alt_avalon_spi_command
 .text          0x0000000002022bc8       0xfc ../LT24_RTOS_bsp//libucosii_bsp.a(altera_avalon_timer_sc.o)
                0x0000000002022c3c                alt_avalon_timer_sc_init
 .text          0x0000000002022cc4        0x0 ../LT24_RTOS_bsp//libucosii_bsp.a(altera_avalon_timer_vars.o)
 .text          0x0000000002022cc4      0x158 ../LT24_RTOS_bsp//libucosii_bsp.a(alt_busy_sleep.o)
                0x0000000002022cc4                alt_busy_sleep
 .text          0x0000000002022e1c       0x44 ../LT24_RTOS_bsp//libucosii_bsp.a(alt_dcache_flush_all.o)
                0x0000000002022e1c                alt_dcache_flush_all
 .text          0x0000000002022e60       0xf4 ../LT24_RTOS_bsp//libucosii_bsp.a(alt_dev_llist_insert.o)
                0x0000000002022eb0                alt_dev_llist_insert
 .text          0x0000000002022f54       0x5c ../LT24_RTOS_bsp//libucosii_bsp.a(alt_do_ctors.o)
                0x0000000002022f54                _do_ctors
 .text          0x0000000002022fb0       0x5c ../LT24_RTOS_bsp//libucosii_bsp.a(alt_do_dtors.o)
                0x0000000002022fb0                _do_dtors
 .text          0x000000000202300c        0x0 ../LT24_RTOS_bsp//libucosii_bsp.a(alt_exception_entry.o)
 .text          0x000000000202300c       0x30 ../LT24_RTOS_bsp//libucosii_bsp.a(alt_icache_flush_all.o)
                0x000000000202300c                alt_icache_flush_all
 .text          0x000000000202303c      0x138 ../LT24_RTOS_bsp//libucosii_bsp.a(alt_io_redirect.o)
                0x00000000020230fc                alt_io_redirect
 .text          0x0000000002023174      0x274 ../LT24_RTOS_bsp//libucosii_bsp.a(alt_open.o)
                0x0000000002023290                open
 .text          0x00000000020233e8       0x20 ../LT24_RTOS_bsp//libucosii_bsp.a(altera_nios2_qsys_irq.o)
                0x00000000020233e8                altera_nios2_qsys_irq_init
 .text          0x0000000002023408       0xd0 ../LT24_RTOS_bsp//libucosii_bsp.a(os_cpu_a.o)
                0x0000000002023408                OSCtxSw
                0x0000000002023408                OSIntCtxSw
                0x0000000002023494                OSStartHighRdy
                0x00000000020234b4                OSStartTsk
 .text          0x00000000020234d8      0x264 ../LT24_RTOS_bsp//libucosii_bsp.a(os_cpu_c.o)
                0x00000000020234d8                OSTaskStkInit
                0x0000000002023634                OSTaskCreateHook
                0x0000000002023654                OSTaskDelHook
                0x0000000002023674                OSTaskSwHook
                0x0000000002023690                OSTaskStatHook
                0x00000000020236ac                OSTimeTickHook
                0x00000000020236c8                OSInitHookBegin
                0x00000000020236e4                OSInitHookEnd
                0x0000000002023700                OSTaskIdleHook
                0x000000000202371c                OSTCBInitHook
 .text          0x000000000202373c       0x90 ../LT24_RTOS_bsp//libucosii_bsp.a(alt_find_dev.o)
                0x000000000202373c                alt_find_dev
 .text          0x00000000020237cc      0x114 ../LT24_RTOS_bsp//libucosii_bsp.a(alt_find_file.o)
                0x00000000020237cc                alt_find_file
 .text          0x00000000020238e0       0xfc ../LT24_RTOS_bsp//libucosii_bsp.a(alt_get_fd.o)
                0x00000000020238e0                alt_get_fd
 .text          0x00000000020239dc       0x8c ../LT24_RTOS_bsp//libucosii_bsp.a(alt_icache_flush.o)
                0x00000000020239dc                alt_icache_flush
 .text          0x0000000002023a68        0x0 /opt/altera_lite/15.1/nios2eds/bin/gnu/H-x86_64-pc-linux-gnu/bin/../lib/gcc/nios2-elf/4.9.2/../../../../../H-x86_64-pc-linux-gnu/nios2-elf/lib/libc.a(lib_a-atexit.o)
 .text.atexit   0x0000000002023a68       0x14 /opt/altera_lite/15.1/nios2eds/bin/gnu/H-x86_64-pc-linux-gnu/bin/../lib/gcc/nios2-elf/4.9.2/../../../../../H-x86_64-pc-linux-gnu/nios2-elf/lib/libc.a(lib_a-atexit.o)
                0x0000000002023a68                atexit
 .text          0x0000000002023a7c        0x0 /opt/altera_lite/15.1/nios2eds/bin/gnu/H-x86_64-pc-linux-gnu/bin/../lib/gcc/nios2-elf/4.9.2/../../../../../H-x86_64-pc-linux-gnu/nios2-elf/lib/libc.a(lib_a-exit.o)
 .text.exit     0x0000000002023a7c       0x38 /opt/altera_lite/15.1/nios2eds/bin/gnu/H-x86_64-pc-linux-gnu/bin/../lib/gcc/nios2-elf/4.9.2/../../../../../H-x86_64-pc-linux-gnu/nios2-elf/lib/libc.a(lib_a-exit.o)
                0x0000000002023a7c                exit
 .text          0x0000000002023ab4        0x0 /opt/altera_lite/15.1/nios2eds/bin/gnu/H-x86_64-pc-linux-gnu/bin/../lib/gcc/nios2-elf/4.9.2/../../../../../H-x86_64-pc-linux-gnu/nios2-elf/lib/libc.a(lib_a-memcmp.o)
 .text.memcmp   0x0000000002023ab4       0x7c /opt/altera_lite/15.1/nios2eds/bin/gnu/H-x86_64-pc-linux-gnu/bin/../lib/gcc/nios2-elf/4.9.2/../../../../../H-x86_64-pc-linux-gnu/nios2-elf/lib/libc.a(lib_a-memcmp.o)
                0x0000000002023ab4                memcmp
 .text          0x0000000002023b30        0x0 /opt/altera_lite/15.1/nios2eds/bin/gnu/H-x86_64-pc-linux-gnu/bin/../lib/gcc/nios2-elf/4.9.2/../../../../../H-x86_64-pc-linux-gnu/nios2-elf/lib/libc.a(lib_a-__atexit.o)
 .text.__register_exitproc
                0x0000000002023b30      0x114 /opt/altera_lite/15.1/nios2eds/bin/gnu/H-x86_64-pc-linux-gnu/bin/../lib/gcc/nios2-elf/4.9.2/../../../../../H-x86_64-pc-linux-gnu/nios2-elf/lib/libc.a(lib_a-__atexit.o)
                0x0000000002023b30                __register_exitproc
 .text          0x0000000002023c44        0x0 /opt/altera_lite/15.1/nios2eds/bin/gnu/H-x86_64-pc-linux-gnu/bin/../lib/gcc/nios2-elf/4.9.2/../../../../../H-x86_64-pc-linux-gnu/nios2-elf/lib/libc.a(lib_a-__call_atexit.o)
 .text.__call_exitprocs
                0x0000000002023c44      0x194 /opt/altera_lite/15.1/nios2eds/bin/gnu/H-x86_64-pc-linux-gnu/bin/../lib/gcc/nios2-elf/4.9.2/../../../../../H-x86_64-pc-linux-gnu/nios2-elf/lib/libc.a(lib_a-__call_atexit.o)
                0x0000000002023c44                __call_exitprocs
 .text          0x0000000002023dd8       0x3c ../LT24_RTOS_bsp//libucosii_bsp.a(alt_exit.o)
                0x0000000002023dd8                _exit
 *(.gnu.warning.*)
 *(.fini)
                0x0000000002023e14                PROVIDE (__etext, ABSOLUTE (.))
                0x0000000002023e14                PROVIDE (_etext, ABSOLUTE (.))
                0x0000000002023e14                PROVIDE (etext, ABSOLUTE (.))
 *(.eh_frame_hdr)
                0x0000000002023e14                . = ALIGN (0x4)
                0x0000000002023e14                PROVIDE (__preinit_array_start, ABSOLUTE (.))
 *(.preinit_array)
                0x0000000002023e14                PROVIDE (__preinit_array_end, ABSOLUTE (.))
                0x0000000002023e14                PROVIDE (__init_array_start, ABSOLUTE (.))
 *(.init_array)
                0x0000000002023e14                PROVIDE (__init_array_end, ABSOLUTE (.))
                0x0000000002023e14                PROVIDE (__fini_array_start, ABSOLUTE (.))
 *(.fini_array)
                0x0000000002023e14                PROVIDE (__fini_array_end, ABSOLUTE (.))
 *(.eh_frame)
 *(.gcc_except_table .gcc_except_table.*)
 *(.dynamic)
                0x0000000002023e14                PROVIDE (__CTOR_LIST__, ABSOLUTE (.))
 *(.ctors)
 *(SORT(.ctors.*))
                0x0000000002023e14                PROVIDE (__CTOR_END__, ABSOLUTE (.))
                0x0000000002023e14                PROVIDE (__DTOR_LIST__, ABSOLUTE (.))
 *(.dtors)
 *(SORT(.dtors.*))
                0x0000000002023e14                PROVIDE (__DTOR_END__, ABSOLUTE (.))
 *(.jcr)
                0x0000000002023e14                . = ALIGN (0x4)

.rodata         0x0000000002023e14    0x1a4f0
                0x0000000002023e14                PROVIDE (__ram_rodata_start, ABSOLUTE (.))
                0x0000000002023e14                . = ALIGN (0x4)
 *(.rodata .rodata.* .gnu.linkonce.r.*)
 .rodata        0x0000000002023e14       0x2c obj/default/demo/gui.o
 .rodata        0x0000000002023e40       0x34 obj/default/demo/gui_vpg.o
 .rodata        0x0000000002023e74     0x77f2 obj/default/fonts/tahomabold_20.o
 .rodata        0x000000000202b666    0x12520 obj/default/fonts/tahomabold_32.o
 *fill*         0x000000000203db86        0x2 
 .rodata        0x000000000203db88       0x58 obj/default/graphic_lib/simple_graphics.o
 .rodata        0x000000000203dbe0       0x28 obj/default/graphic_lib/simple_text.o
 .rodata        0x000000000203dc08      0x298 obj/default/hello_ucosii.o
 .rodata.str1.4
                0x000000000203dea0        0x5 /opt/altera_lite/15.1/nios2eds/bin/gnu/H-x86_64-pc-linux-gnu/bin/../lib/gcc/nios2-elf/4.9.2/../../../../../H-x86_64-pc-linux-gnu/nios2-elf/lib/libm.a(lib_a-w_sqrt.o)
                                          0x8 (size before relaxing)
 .rodata        0x000000000203dea5      0x100 /opt/altera_lite/15.1/nios2eds/bin/gnu/H-x86_64-pc-linux-gnu/bin/../lib/gcc/nios2-elf/4.9.2/libgcc.a(_clz.o)
                0x000000000203dea5                __clz_tab
 *fill*         0x000000000203dfa5        0x3 
 .rodata.str1.4
                0x000000000203dfa8        0x2 /opt/altera_lite/15.1/nios2eds/bin/gnu/H-x86_64-pc-linux-gnu/bin/../lib/gcc/nios2-elf/4.9.2/../../../../../H-x86_64-pc-linux-gnu/nios2-elf/lib/libc.a(lib_a-impure.o)
                                          0x4 (size before relaxing)
 *fill*         0x000000000203dfaa        0x2 
 .rodata.str1.4
                0x000000000203dfac        0x2 /opt/altera_lite/15.1/nios2eds/bin/gnu/H-x86_64-pc-linux-gnu/bin/../lib/gcc/nios2-elf/4.9.2/../../../../../H-x86_64-pc-linux-gnu/nios2-elf/lib/libc.a(lib_a-puts.o)
                                          0x4 (size before relaxing)
 *fill*         0x000000000203dfae        0x2 
 .rodata.str1.4
                0x000000000203dfb0       0x42 /opt/altera_lite/15.1/nios2eds/bin/gnu/H-x86_64-pc-linux-gnu/bin/../lib/gcc/nios2-elf/4.9.2/../../../../../H-x86_64-pc-linux-gnu/nios2-elf/lib/libc.a(lib_a-svfprintf.o)
                                         0x44 (size before relaxing)
 .rodata.zeroes.4240
                0x000000000203dff2       0x10 /opt/altera_lite/15.1/nios2eds/bin/gnu/H-x86_64-pc-linux-gnu/bin/../lib/gcc/nios2-elf/4.9.2/../../../../../H-x86_64-pc-linux-gnu/nios2-elf/lib/libc.a(lib_a-svfprintf.o)
 .rodata.blanks.4239
                0x000000000203e002       0x10 /opt/altera_lite/15.1/nios2eds/bin/gnu/H-x86_64-pc-linux-gnu/bin/../lib/gcc/nios2-elf/4.9.2/../../../../../H-x86_64-pc-linux-gnu/nios2-elf/lib/libc.a(lib_a-svfprintf.o)
 .rodata.str1.4
                0x0000000000000000       0x44 /opt/altera_lite/15.1/nios2eds/bin/gnu/H-x86_64-pc-linux-gnu/bin/../lib/gcc/nios2-elf/4.9.2/../../../../../H-x86_64-pc-linux-gnu/nios2-elf/lib/libc.a(lib_a-vfprintf.o)
 .rodata.zeroes.4255
                0x000000000203e012       0x10 /opt/altera_lite/15.1/nios2eds/bin/gnu/H-x86_64-pc-linux-gnu/bin/../lib/gcc/nios2-elf/4.9.2/../../../../../H-x86_64-pc-linux-gnu/nios2-elf/lib/libc.a(lib_a-vfprintf.o)
 .rodata.blanks.4254
                0x000000000203e022       0x10 /opt/altera_lite/15.1/nios2eds/bin/gnu/H-x86_64-pc-linux-gnu/bin/../lib/gcc/nios2-elf/4.9.2/../../../../../H-x86_64-pc-linux-gnu/nios2-elf/lib/libc.a(lib_a-vfprintf.o)
 *fill*         0x000000000203e032        0x2 
 .rodata.str1.4
                0x000000000203e034       0x10 /opt/altera_lite/15.1/nios2eds/bin/gnu/H-x86_64-pc-linux-gnu/bin/../lib/gcc/nios2-elf/4.9.2/../../../../../H-x86_64-pc-linux-gnu/nios2-elf/lib/libc.a(lib_a-dtoa.o)
                                         0x14 (size before relaxing)
 .rodata.str1.4
                0x000000000203e044        0xc /opt/altera_lite/15.1/nios2eds/bin/gnu/H-x86_64-pc-linux-gnu/bin/../lib/gcc/nios2-elf/4.9.2/../../../../../H-x86_64-pc-linux-gnu/nios2-elf/lib/libc.a(lib_a-locale.o)
                                         0x14 (size before relaxing)
 .rodata.p05.2710
                0x000000000203e050        0xc /opt/altera_lite/15.1/nios2eds/bin/gnu/H-x86_64-pc-linux-gnu/bin/../lib/gcc/nios2-elf/4.9.2/../../../../../H-x86_64-pc-linux-gnu/nios2-elf/lib/libc.a(lib_a-mprec.o)
 .rodata.__mprec_tinytens
                0x000000000203e05c       0x28 /opt/altera_lite/15.1/nios2eds/bin/gnu/H-x86_64-pc-linux-gnu/bin/../lib/gcc/nios2-elf/4.9.2/../../../../../H-x86_64-pc-linux-gnu/nios2-elf/lib/libc.a(lib_a-mprec.o)
                0x000000000203e05c                __mprec_tinytens
 .rodata.__mprec_bigtens
                0x000000000203e084       0x28 /opt/altera_lite/15.1/nios2eds/bin/gnu/H-x86_64-pc-linux-gnu/bin/../lib/gcc/nios2-elf/4.9.2/../../../../../H-x86_64-pc-linux-gnu/nios2-elf/lib/libc.a(lib_a-mprec.o)
                0x000000000203e084                __mprec_bigtens
 .rodata.__mprec_tens
                0x000000000203e0ac       0xc8 /opt/altera_lite/15.1/nios2eds/bin/gnu/H-x86_64-pc-linux-gnu/bin/../lib/gcc/nios2-elf/4.9.2/../../../../../H-x86_64-pc-linux-gnu/nios2-elf/lib/libc.a(lib_a-mprec.o)
                0x000000000203e0ac                __mprec_tens
 .rodata.str1.4
                0x0000000000000000       0x30 /opt/altera_lite/15.1/nios2eds/bin/gnu/H-x86_64-pc-linux-gnu/bin/../lib/gcc/nios2-elf/4.9.2/../../../../../H-x86_64-pc-linux-gnu/nios2-elf/lib/libc.a(lib_a-svfiprintf.o)
 .rodata.zeroes.4184
                0x000000000203e174       0x10 /opt/altera_lite/15.1/nios2eds/bin/gnu/H-x86_64-pc-linux-gnu/bin/../lib/gcc/nios2-elf/4.9.2/../../../../../H-x86_64-pc-linux-gnu/nios2-elf/lib/libc.a(lib_a-svfiprintf.o)
 .rodata.blanks.4183
                0x000000000203e184       0x10 /opt/altera_lite/15.1/nios2eds/bin/gnu/H-x86_64-pc-linux-gnu/bin/../lib/gcc/nios2-elf/4.9.2/../../../../../H-x86_64-pc-linux-gnu/nios2-elf/lib/libc.a(lib_a-svfiprintf.o)
 .rodata.str1.4
                0x0000000000000000       0x30 /opt/altera_lite/15.1/nios2eds/bin/gnu/H-x86_64-pc-linux-gnu/bin/../lib/gcc/nios2-elf/4.9.2/../../../../../H-x86_64-pc-linux-gnu/nios2-elf/lib/libc.a(lib_a-vfiprintf.o)
 .rodata.zeroes.4200
                0x000000000203e194       0x10 /opt/altera_lite/15.1/nios2eds/bin/gnu/H-x86_64-pc-linux-gnu/bin/../lib/gcc/nios2-elf/4.9.2/../../../../../H-x86_64-pc-linux-gnu/nios2-elf/lib/libc.a(lib_a-vfiprintf.o)
 .rodata.blanks.4199
                0x000000000203e1a4       0x10 /opt/altera_lite/15.1/nios2eds/bin/gnu/H-x86_64-pc-linux-gnu/bin/../lib/gcc/nios2-elf/4.9.2/../../../../../H-x86_64-pc-linux-gnu/nios2-elf/lib/libc.a(lib_a-vfiprintf.o)
 .rodata        0x000000000203e1b4        0xc ../LT24_RTOS_bsp//libucosii_bsp.a(alt_dev.o)
 .rodata        0x000000000203e1c0       0x10 ../LT24_RTOS_bsp//libucosii_bsp.a(alt_main.o)
 .rodata        0x000000000203e1d0      0x120 ../LT24_RTOS_bsp//libucosii_bsp.a(os_core.o)
                0x000000000203e1d0                OSUnMapTbl
 .rodata        0x000000000203e2f0       0x10 ../LT24_RTOS_bsp//libucosii_bsp.a(alt_sys_init.o)
 .rodata        0x000000000203e300        0x4 ../LT24_RTOS_bsp//libucosii_bsp.a(os_cpu_c.o)
 *(.rodata1)
                0x000000000203e304                . = ALIGN (0x4)
                0x000000000203e304                PROVIDE (__ram_rodata_end, ABSOLUTE (.))
                0x0000000002023e14                PROVIDE (__flash_rodata_start, LOADADDR (.rodata))

.rwdata         0x000000000203e304     0x3734 load address 0x0000000002041a38
                0x000000000203e304                PROVIDE (__ram_rwdata_start, ABSOLUTE (.))
                0x000000000203e304                . = ALIGN (0x4)
 *(.got.plt)
 *(.got)
 *(.data1)
 *(.data .data.* .gnu.linkonce.d.*)
 .data          0x000000000203e304        0x0 ../LT24_RTOS_bsp//obj/HAL/src/crt0.o
 .data          0x000000000203e304        0x0 obj/default/I2C.o
 .data          0x000000000203e304        0x0 obj/default/accelerometer_adxl345_spi.o
 .data          0x000000000203e304       0x14 obj/default/demo/gui.o
                0x000000000203e304                szPallete
 .data          0x000000000203e318        0x0 obj/default/demo/gui_vpg.o
 .data          0x000000000203e318      0xbc0 obj/default/fonts/tahomabold_20.o
                0x000000000203e318                tahomabold_20
 .data          0x000000000203eed8      0xbc0 obj/default/fonts/tahomabold_32.o
                0x000000000203eed8                tahomabold_32
 .data          0x000000000203fa98        0x0 obj/default/graphic_lib/ILI9341.o
 .data          0x000000000203fa98        0x0 obj/default/graphic_lib/geometry.o
 .data          0x000000000203fa98      0x415 obj/default/graphic_lib/simple_graphics.o
                0x000000000203fa98                cour10_font_array
 .data          0x000000000203fead        0x0 obj/default/graphic_lib/simple_text.o
 .data          0x000000000203fead        0x0 obj/default/hello_ucosii.o
 .data          0x000000000203fead        0x0 obj/default/terasic_lib/touch_spi.o
 .data          0x000000000203fead        0x0 obj/default/terasic_spi.o
 .data          0x000000000203fead        0x0 /opt/altera_lite/15.1/nios2eds/bin/gnu/H-x86_64-pc-linux-gnu/bin/../lib/gcc/nios2-elf/4.9.2/../../../../../H-x86_64-pc-linux-gnu/nios2-elf/lib/libm.a(lib_a-w_sqrt.o)
 .data          0x000000000203fead        0x0 /opt/altera_lite/15.1/nios2eds/bin/gnu/H-x86_64-pc-linux-gnu/bin/../lib/gcc/nios2-elf/4.9.2/../../../../../H-x86_64-pc-linux-gnu/nios2-elf/lib/libm.a(lib_a-e_sqrt.o)
 .data          0x000000000203fead        0x0 /opt/altera_lite/15.1/nios2eds/bin/gnu/H-x86_64-pc-linux-gnu/bin/../lib/gcc/nios2-elf/4.9.2/../../../../../H-x86_64-pc-linux-gnu/nios2-elf/lib/libm.a(lib_a-s_fpclassify.o)
 .data          0x000000000203fead        0x0 /opt/altera_lite/15.1/nios2eds/bin/gnu/H-x86_64-pc-linux-gnu/bin/../lib/gcc/nios2-elf/4.9.2/../../../../../H-x86_64-pc-linux-gnu/nios2-elf/lib/libm.a(lib_a-s_lib_ver.o)
 .data          0x000000000203fead        0x0 /opt/altera_lite/15.1/nios2eds/bin/gnu/H-x86_64-pc-linux-gnu/bin/../lib/gcc/nios2-elf/4.9.2/../../../../../H-x86_64-pc-linux-gnu/nios2-elf/lib/libm.a(lib_a-s_matherr.o)
 .data          0x000000000203fead        0x0 /opt/altera_lite/15.1/nios2eds/bin/gnu/H-x86_64-pc-linux-gnu/bin/../lib/gcc/nios2-elf/4.9.2/libgcc.a(lib2-divmod.o)
 .data          0x000000000203fead        0x0 /opt/altera_lite/15.1/nios2eds/bin/gnu/H-x86_64-pc-linux-gnu/bin/../lib/gcc/nios2-elf/4.9.2/libgcc.a(adddf3.o)
 .data          0x000000000203fead        0x0 /opt/altera_lite/15.1/nios2eds/bin/gnu/H-x86_64-pc-linux-gnu/bin/../lib/gcc/nios2-elf/4.9.2/libgcc.a(divdf3.o)
 .data          0x000000000203fead        0x0 /opt/altera_lite/15.1/nios2eds/bin/gnu/H-x86_64-pc-linux-gnu/bin/../lib/gcc/nios2-elf/4.9.2/libgcc.a(ledf2.o)
 .data          0x000000000203fead        0x0 /opt/altera_lite/15.1/nios2eds/bin/gnu/H-x86_64-pc-linux-gnu/bin/../lib/gcc/nios2-elf/4.9.2/libgcc.a(muldf3.o)
 .data          0x000000000203fead        0x0 /opt/altera_lite/15.1/nios2eds/bin/gnu/H-x86_64-pc-linux-gnu/bin/../lib/gcc/nios2-elf/4.9.2/libgcc.a(subdf3.o)
 .data          0x000000000203fead        0x0 /opt/altera_lite/15.1/nios2eds/bin/gnu/H-x86_64-pc-linux-gnu/bin/../lib/gcc/nios2-elf/4.9.2/libgcc.a(fixdfsi.o)
 .data          0x000000000203fead        0x0 /opt/altera_lite/15.1/nios2eds/bin/gnu/H-x86_64-pc-linux-gnu/bin/../lib/gcc/nios2-elf/4.9.2/libgcc.a(floatsidf.o)
 .data          0x000000000203fead        0x0 /opt/altera_lite/15.1/nios2eds/bin/gnu/H-x86_64-pc-linux-gnu/bin/../lib/gcc/nios2-elf/4.9.2/libgcc.a(_clzsi2.o)
 .data          0x000000000203fead        0x0 /opt/altera_lite/15.1/nios2eds/bin/gnu/H-x86_64-pc-linux-gnu/bin/../lib/gcc/nios2-elf/4.9.2/libgcc.a(_clz.o)
 .data          0x000000000203fead        0x0 /opt/altera_lite/15.1/nios2eds/bin/gnu/H-x86_64-pc-linux-gnu/bin/../lib/gcc/nios2-elf/4.9.2/../../../../../H-x86_64-pc-linux-gnu/nios2-elf/lib/libc.a(lib_a-errno.o)
 .data          0x000000000203fead        0x0 /opt/altera_lite/15.1/nios2eds/bin/gnu/H-x86_64-pc-linux-gnu/bin/../lib/gcc/nios2-elf/4.9.2/../../../../../H-x86_64-pc-linux-gnu/nios2-elf/lib/libc.a(lib_a-impure.o)
 *fill*         0x000000000203fead        0x3 
 .data.impure_data
                0x000000000203feb0      0x424 /opt/altera_lite/15.1/nios2eds/bin/gnu/H-x86_64-pc-linux-gnu/bin/../lib/gcc/nios2-elf/4.9.2/../../../../../H-x86_64-pc-linux-gnu/nios2-elf/lib/libc.a(lib_a-impure.o)
 .data          0x00000000020402d4        0x0 /opt/altera_lite/15.1/nios2eds/bin/gnu/H-x86_64-pc-linux-gnu/bin/../lib/gcc/nios2-elf/4.9.2/../../../../../H-x86_64-pc-linux-gnu/nios2-elf/lib/libc.a(lib_a-malloc.o)
 .data          0x00000000020402d4        0x0 /opt/altera_lite/15.1/nios2eds/bin/gnu/H-x86_64-pc-linux-gnu/bin/../lib/gcc/nios2-elf/4.9.2/../../../../../H-x86_64-pc-linux-gnu/nios2-elf/lib/libc.a(lib_a-mallocr.o)
 .data.__malloc_av_
                0x00000000020402d4      0x408 /opt/altera_lite/15.1/nios2eds/bin/gnu/H-x86_64-pc-linux-gnu/bin/../lib/gcc/nios2-elf/4.9.2/../../../../../H-x86_64-pc-linux-gnu/nios2-elf/lib/libc.a(lib_a-mallocr.o)
                0x00000000020402d4                __malloc_av_