Archive member included to satisfy reference by file (symbol)

/opt/altera_lite/15.1/nios2eds/bin/gnu/H-x86_64-pc-linux-gnu/bin/../lib/gcc/nios2-elf/4.9.2/../../../../../H-x86_64-pc-linux-gnu/nios2-elf/lib/libm.a(lib_a-w_sqrt.o)
                              obj/default/graphic_lib/geometry.o (sqrt)
/opt/altera_lite/15.1/nios2eds/bin/gnu/H-x86_64-pc-linux-gnu/bin/../lib/gcc/nios2-elf/4.9.2/../../../../../H-x86_64-pc-linux-gnu/nios2-elf/lib/libm.a(lib_a-e_sqrt.o)
                              /opt/altera_lite/15.1/nios2eds/bin/gnu/H-x86_64-pc-linux-gnu/bin/../lib/gcc/nios2-elf/4.9.2/../../../../../H-x86_64-pc-linux-gnu/nios2-elf/lib/libm.a(lib_a-w_sqrt.o) (__ieee754_sqrt)
/opt/altera_lite/15.1/nios2eds/bin/gnu/H-x86_64-pc-linux-gnu/bin/../lib/gcc/nios2-elf/4.9.2/../../../../../H-x86_64-pc-linux-gnu/nios2-elf/lib/libm.a(lib_a-s_fpclassify.o)
                              /opt/altera_lite/15.1/nios2eds/bin/gnu/H-x86_64-pc-linux-gnu/bin/../lib/gcc/nios2-elf/4.9.2/../../../../../H-x86_64-pc-linux-gnu/nios2-elf/lib/libm.a(lib_a-w_sqrt.o) (__fpclassifyd)
/opt/altera_lite/15.1/nios2eds/bin/gnu/H-x86_64-pc-linux-gnu/bin/../lib/gcc/nios2-elf/4.9.2/../../../../../H-x86_64-pc-linux-gnu/nios2-elf/lib/libm.a(lib_a-s_lib_ver.o)
                              /opt/altera_lite/15.1/nios2eds/bin/gnu/H-x86_64-pc-linux-gnu/bin/../lib/gcc/nios2-elf/4.9.2/../../../../../H-x86_64-pc-linux-gnu/nios2-elf/lib/libm.a(lib_a-w_sqrt.o) (__fdlib_version)
/opt/altera_lite/15.1/nios2eds/bin/gnu/H-x86_64-pc-linux-gnu/bin/../lib/gcc/nios2-elf/4.9.2/../../../../../H-x86_64-pc-linux-gnu/nios2-elf/lib/libm.a(lib_a-s_matherr.o)
                              /opt/altera_lite/15.1/nios2eds/bin/gnu/H-x86_64-pc-linux-gnu/bin/../lib/gcc/nios2-elf/4.9.2/../../../../../H-x86_64-pc-linux-gnu/nios2-elf/lib/libm.a(lib_a-w_sqrt.o) (matherr)
/opt/altera_lite/15.1/nios2eds/bin/gnu/H-x86_64-pc-linux-gnu/bin/../lib/gcc/nios2-elf/4.9.2/libgcc.a(lib2-divmod.o)
                              obj/default/demo/gui.o (__divsi3)
/opt/altera_lite/15.1/nios2eds/bin/gnu/H-x86_64-pc-linux-gnu/bin/../lib/gcc/nios2-elf/4.9.2/libgcc.a(adddf3.o)
                              /opt/altera_lite/15.1/nios2eds/bin/gnu/H-x86_64-pc-linux-gnu/bin/../lib/gcc/nios2-elf/4.9.2/../../../../../H-x86_64-pc-linux-gnu/nios2-elf/lib/libm.a(lib_a-e_sqrt.o) (__adddf3)
/opt/altera_lite/15.1/nios2eds/bin/gnu/H-x86_64-pc-linux-gnu/bin/../lib/gcc/nios2-elf/4.9.2/libgcc.a(divdf3.o)
                              /opt/altera_lite/15.1/nios2eds/bin/gnu/H-x86_64-pc-linux-gnu/bin/../lib/gcc/nios2-elf/4.9.2/../../../../../H-x86_64-pc-linux-gnu/nios2-elf/lib/libm.a(lib_a-w_sqrt.o) (__divdf3)
/opt/altera_lite/15.1/nios2eds/bin/gnu/H-x86_64-pc-linux-gnu/bin/../lib/gcc/nios2-elf/4.9.2/libgcc.a(ledf2.o)
                              /opt/altera_lite/15.1/nios2eds/bin/gnu/H-x86_64-pc-linux-gnu/bin/../lib/gcc/nios2-elf/4.9.2/../../../../../H-x86_64-pc-linux-gnu/nios2-elf/lib/libm.a(lib_a-w_sqrt.o) (__ltdf2)
/opt/altera_lite/15.1/nios2eds/bin/gnu/H-x86_64-pc-linux-gnu/bin/../lib/gcc/nios2-elf/4.9.2/libgcc.a(muldf3.o)
                              /opt/altera_lite/15.1/nios2eds/bin/gnu/H-x86_64-pc-linux-gnu/bin/../lib/gcc/nios2-elf/4.9.2/../../../../../H-x86_64-pc-linux-gnu/nios2-elf/lib/libm.a(lib_a-e_sqrt.o) (__muldf3)
/opt/altera_lite/15.1/nios2eds/bin/gnu/H-x86_64-pc-linux-gnu/bin/../lib/gcc/nios2-elf/4.9.2/libgcc.a(subdf3.o)
                              /opt/altera_lite/15.1/nios2eds/bin/gnu/H-x86_64-pc-linux-gnu/bin/../lib/gcc/nios2-elf/4.9.2/../../../../../H-x86_64-pc-linux-gnu/nios2-elf/lib/libm.a(lib_a-e_sqrt.o) (__subdf3)
/opt/altera_lite/15.1/nios2eds/bin/gnu/H-x86_64-pc-linux-gnu/bin/../lib/gcc/nios2-elf/4.9.2/libgcc.a(fixdfsi.o)
                              obj/default/graphic_lib/geometry.o (__fixdfsi)
/opt/altera_lite/15.1/nios2eds/bin/gnu/H-x86_64-pc-linux-gnu/bin/../lib/gcc/nios2-elf/4.9.2/libgcc.a(floatsidf.o)
                              obj/default/graphic_lib/geometry.o (__floatsidf)
/opt/altera_lite/15.1/nios2eds/bin/gnu/H-x86_64-pc-linux-gnu/bin/../lib/gcc/nios2-elf/4.9.2/libgcc.a(_clzsi2.o)
                              /opt/altera_lite/15.1/nios2eds/bin/gnu/H-x86_64-pc-linux-gnu/bin/../lib/gcc/nios2-elf/4.9.2/libgcc.a(adddf3.o) (__clzsi2)
/opt/altera_lite/15.1/nios2eds/bin/gnu/H-x86_64-pc-linux-gnu/bin/../lib/gcc/nios2-elf/4.9.2/libgcc.a(_clz.o)
                              /opt/altera_lite/15.1/nios2eds/bin/gnu/H-x86_64-pc-linux-gnu/bin/../lib/gcc/nios2-elf/4.9.2/libgcc.a(_clzsi2.o) (__clz_tab)
/opt/altera_lite/15.1/nios2eds/bin/gnu/H-x86_64-pc-linux-gnu/bin/../lib/gcc/nios2-elf/4.9.2/../../../../../H-x86_64-pc-linux-gnu/nios2-elf/lib/libc.a(lib_a-errno.o)
                              /opt/altera_lite/15.1/nios2eds/bin/gnu/H-x86_64-pc-linux-gnu/bin/../lib/gcc/nios2-elf/4.9.2/../../../../../H-x86_64-pc-linux-gnu/nios2-elf/lib/libm.a(lib_a-w_sqrt.o) (__errno)
[...]
Memory Configuration

Name             Origin             Length             Attributes
reset            0x0000000002000000 0x0000000000000020
SDRAM_Controler  0x0000000002000020 0x0000000001ffffe0
background_mem   0x0000000004000000 0x0000000000003200
pic_mem          0x0000000004004000 0x0000000000003200
*default*        0x0000000000000000 0xffffffffffffffff

Linker script and memory map

LOAD ../LT24_RTOS_bsp//obj/HAL/src/crt0.o
LOAD obj/default/I2C.o
LOAD obj/default/accelerometer_adxl345_spi.o
LOAD obj/default/demo/gui.o
LOAD obj/default/demo/gui_vpg.o
LOAD obj/default/fonts/tahomabold_20.o
LOAD obj/default/fonts/tahomabold_32.o
LOAD obj/default/graphic_lib/ILI9341.o
LOAD obj/default/graphic_lib/geometry.o
LOAD obj/default/graphic_lib/simple_graphics.o
LOAD obj/default/graphic_lib/simple_text.o
LOAD obj/default/hello_ucosii.o
LOAD obj/default/terasic_lib/touch_spi.o
LOAD obj/default/terasic_spi.o
LOAD /opt/altera_lite/15.1/nios2eds/bin/gnu/H-x86_64-pc-linux-gnu/bin/../lib/gcc/nios2-elf/4.9.2/../../../../../H-x86_64-pc-linux-gnu/nios2-elf/lib/libstdc++.a
LOAD /opt/altera_lite/15.1/nios2eds/bin/gnu/H-x86_64-pc-linux-gnu/bin/../lib/gcc/nios2-elf/4.9.2/../../../../../H-x86_64-pc-linux-gnu/nios2-elf/lib/libm.a
LOAD /opt/altera_lite/15.1/nios2eds/bin/gnu/H-x86_64-pc-linux-gnu/bin/../lib/gcc/nios2-elf/4.9.2/libgcc.a
START GROUP
LOAD /opt/altera_lite/15.1/nios2eds/bin/gnu/H-x86_64-pc-linux-gnu/bin/../lib/gcc/nios2-elf/4.9.2/../../../../../H-x86_64-pc-linux-gnu/nios2-elf/lib/libc.a
LOAD /opt/altera_lite/15.1/nios2eds/bin/gnu/H-x86_64-pc-linux-gnu/bin/../lib/gcc/nios2-elf/4.9.2/libgcc.a
LOAD ../LT24_RTOS_bsp//libucosii_bsp.a
LOAD /opt/altera_lite/15.1/nios2eds/bin/gnu/H-x86_64-pc-linux-gnu/bin/../lib/gcc/nios2-elf/4.9.2/../../../../../H-x86_64-pc-linux-gnu/nios2-elf/lib/libm.a
END GROUP
LOAD /opt/altera_lite/15.1/nios2eds/bin/gnu/H-x86_64-pc-linux-gnu/bin/../lib/gcc/nios2-elf/4.9.2/libgcc.a
                0x0000000002000000                __alt_mem_SDRAM_Controler = 0x2000000
                0x0000000004000000                __alt_mem_background_mem = 0x4000000
                0x0000000004004000                __alt_mem_pic_mem = 0x4004000

.entry          0x0000000002000000       0x20
 *(.entry)
 .entry         0x0000000002000000       0x20 ../LT24_RTOS_bsp//obj/HAL/src/crt0.o
                0x0000000002000000                __reset

.exceptions     0x0000000002000020      0x19c
                0x0000000002000020                PROVIDE (__ram_exceptions_start, ABSOLUTE (.))
                0x0000000002000020                . = ALIGN (0x20)
 *(.irq)
 *(.exceptions.entry.label)
 .exceptions.entry.label
                0x0000000002000020        0x0 ../LT24_RTOS_bsp//libucosii_bsp.a(alt_irq_entry.o)
                0x0000000002000020                alt_irq_entry
 .exceptions.entry.label
                0x0000000002000020        0x0 ../LT24_RTOS_bsp//libucosii_bsp.a(alt_exception_entry.o)
                0x0000000002000020                alt_exception
 *(.exceptions.entry.user)
 *(.exceptions.entry.ecc_fatal)
 *(.exceptions.entry)
 .exceptions.entry
                0x0000000002000020       0x54 ../LT24_RTOS_bsp//libucosii_bsp.a(alt_exception_entry.o)
 *(.exceptions.irqtest.user)
 *(.exceptions.irqtest)
 .exceptions.irqtest
                0x0000000002000074       0x10 ../LT24_RTOS_bsp//libucosii_bsp.a(alt_irq_entry.o)
 *(.exceptions.irqhandler.user)
 *(.exceptions.irqhandler)
 .exceptions.irqhandler
                0x0000000002000084        0x4 ../LT24_RTOS_bsp//libucosii_bsp.a(alt_irq_entry.o)
 *(.exceptions.irqreturn.user)
 *(.exceptions.irqreturn)
 .exceptions.irqreturn
                0x0000000002000088        0x4 ../LT24_RTOS_bsp//libucosii_bsp.a(alt_irq_entry.o)
 *(.exceptions.notirq.label)
 .exceptions.notirq.label
                0x000000000200008c        0x0 ../LT24_RTOS_bsp//libucosii_bsp.a(alt_irq_entry.o)
 *(.exceptions.notirq.user)
 *(.exceptions.notirq)
 .exceptions.notirq
                0x000000000200008c        0x8 ../LT24_RTOS_bsp//libucosii_bsp.a(alt_exception_entry.o)
 *(.exceptions.soft.user)
 *(.exceptions.soft)
 *(.exceptions.unknown.user)
 *(.exceptions.unknown)
 .exceptions.unknown
                0x0000000002000094        0x4 ../LT24_RTOS_bsp//libucosii_bsp.a(alt_exception_entry.o)
 *(.exceptions.exit.label)
 .exceptions.exit.label
                0x0000000002000098        0x0 ../LT24_RTOS_bsp//libucosii_bsp.a(alt_irq_entry.o)
 .exceptions.exit.label
                0x0000000002000098        0x0 ../LT24_RTOS_bsp//libucosii_bsp.a(alt_exception_entry.o)
 *(.exceptions.exit.user)
 *(.exceptions.exit)
 .exceptions.exit
                0x0000000002000098       0x54 ../LT24_RTOS_bsp//libucosii_bsp.a(alt_exception_entry.o)
 *(.exceptions)
 .exceptions    0x00000000020000ec       0xd0 ../LT24_RTOS_bsp//libucosii_bsp.a(alt_irq_handler.o)
                0x00000000020000ec                alt_irq_handler
                0x00000000020001bc                PROVIDE (__ram_exceptions_end, ABSOLUTE (.))
                0x0000000002000020                PROVIDE (__flash_exceptions_start, LOADADDR (.exceptions))

.text           0x00000000020001bc    0x23238
                0x00000000020001bc                PROVIDE (stext, ABSOLUTE (.))
 *(.interp)
 *(.hash)
 *(.dynsym)
 *(.dynstr)
 *(.gnu.version)
 *(.gnu.version_d)
 *(.gnu.version_r)
 *(.rel.init)
 *(.rela.init)
 *(.rel.text .rel.text.* .rel.gnu.linkonce.t.*)
 *(.rela.text .rela.text.* .rela.gnu.linkonce.t.*)
 *(.rel.fini)
 *(.rela.fini)
 *(.rel.rodata .rel.rodata.* .rel.gnu.linkonce.r.*)
 *(.rela.rodata .rela.rodata.* .rela.gnu.linkonce.r.*)
 *(.rel.data .rel.data.* .rel.gnu.linkonce.d.*)
 *(.rela.data .rela.data.* .rela.gnu.linkonce.d.*)
 *(.rel.tdata .rel.tdata.* .rel.gnu.linkonce.td.*)
 *(.rela.tdata .rela.tdata.* .rela.gnu.linkonce.td.*)
 *(.rel.tbss .rel.tbss.* .rel.gnu.linkonce.tb.*)
 *(.rela.tbss .rela.tbss.* .rela.gnu.linkonce.tb.*)
 *(.rel.ctors)
 *(.rela.ctors)
 *(.rel.dtors)
 *(.rela.dtors)
 *(.rel.got)
 *(.rela.got)
 *(.rel.sdata .rel.sdata.* .rel.gnu.linkonce.s.*)
 *(.rela.sdata .rela.sdata.* .rela.gnu.linkonce.s.*)
 *(.rel.sbss .rel.sbss.* .rel.gnu.linkonce.sb.*)
 *(.rela.sbss .rela.sbss.* .rela.gnu.linkonce.sb.*)
 *(.rel.sdata2 .rel.sdata2.* .rel.gnu.linkonce.s2.*)
 *(.rela.sdata2 .rela.sdata2.* .rela.gnu.linkonce.s2.*)
 *(.rel.sbss2 .rel.sbss2.* .rel.gnu.linkonce.sb2.*)
 *(.rela.sbss2 .rela.sbss2.* .rela.gnu.linkonce.sb2.*)
 *(.rel.bss .rel.bss.* .rel.gnu.linkonce.b.*)
 *(.rela.bss .rela.bss.* .rela.gnu.linkonce.b.*)
 *(.rel.plt)
 *(.rela.plt)
 *(.rel.dyn)
 *(.init)
 *(.plt)
 *(.text .stub .text.* .gnu.linkonce.t.*)
 .text          0x00000000020001bc       0x4c ../LT24_RTOS_bsp//obj/HAL/src/crt0.o
                0x00000000020001bc                _start
 .text          0x0000000002000208      0x9b8 obj/default/I2C.o
                0x0000000002000208                I2C_Write
                0x00000000020002e0                I2C_Read
                0x00000000020003e0                I2C_MultipleWrite
                0x00000000020004f0                I2C_MultipleRead
                0x0000000002000648                i2c_start
                0x00000000020006d0                i2c_stop
                0x0000000002000744                i2c_write
                0x0000000002000874                i2c_read
                0x00000000020009c8                i2c_data_verify
                0x0000000002000b3c                I2C_Verify
 .text          0x0000000002000bc0      0x2cc obj/default/accelerometer_adxl345_spi.o
                0x0000000002000bc0                ADXL345_SPI_Init
                0x0000000002000c80                ADXL345_SPI_WaitDataReady
                0x0000000002000d18                ADXL345_SPI_IsDataReady
                0x0000000002000d7c                ADXL345_SPI_XYZ_Read
                0x0000000002000e48                ADXL345_SPI_IdRead
 .text          0x0000000002000e8c      0x934 obj/default/demo/gui.o
                0x0000000002000e8c                GUI_ShowWelcome
                0x0000000002000f5c                GUI_ShowInfo
                0x0000000002000fbc                GUI_ShowTouchPoint
                0x0000000002001014                GUI_DeskInit
                0x00000000020011e8                GUI_CheckButton
                0x0000000002001278                GUI_DeskDraw
                0x0000000002001494                IsContinuedPoint
                0x0000000002001528                GUI_ClearPaintArea
                0x00000000020015a4                GUI
 .text          0x00000000020017c0      0x7cc obj/default/demo/gui_vpg.o
                0x00000000020017c0                ShowInfo
                0x0000000002001820                VPG_XLine
                0x0000000002001844                VPG_ColorPanel
                0x00000000020018f4                VPG_Grid
                0x00000000020019f0                VPG_VGrid
                0x0000000002001ad4                VPG_HGrid
                0x0000000002001bb8                VPG_ColorBar
                0x0000000002001d68                GUI_ShowPAT
                0x0000000002001ee4                GUI_VPG
 .text          0x0000000002001f8c        0x0 obj/default/fonts/tahomabold_20.o
 .text          0x0000000002001f8c        0x0 obj/default/fonts/tahomabold_32.o
 .text          0x0000000002001f8c      0xae8 obj/default/graphic_lib/ILI9341.o
                0x0000000002001f8c                Delay_Ms
                0x0000000002001fd8                LCD_SetCursor
                0x000000000200208c                LCD_Clear
                0x000000000200210c                LCD_DrawPoint
                0x0000000002002178                LCD_Init
                0x00000000020027e4                LCD_Pattern_Horizon
                0x000000000200291c                LCD_Pattern_Vertical
                0x00000000020029fc                Set_BUFFER_FLAG
                0x0000000002002a38                Clr_BUFFER_FLAG
 .text          0x0000000002002a74      0x3f4 obj/default/graphic_lib/geometry.o
                0x0000000002002a74                IsPtInRect
                0x0000000002002af8                PtSet
                0x0000000002002b38                RectSet
                0x0000000002002b94                RectInflate
                0x0000000002002c1c                RectOffset
                0x0000000002002ca4                RectCopy
                0x0000000002002d08                RectWidth
                0x0000000002002d3c                RectHeight
                0x0000000002002d70                PtDistance
                0x0000000002002e24                PtCopy
 .text          0x0000000002002e68     0x2654 obj/default/graphic_lib/simple_graphics.o
                0x0000000002002e68                vid_clean_screen
                0x0000000002002ec4                vid_draw_line
                0x0000000002002f88                vid_scroll_string_quit
                0x0000000002002fc8                vid_scroll_string_init
                0x000000000200311c                vid_scroll_string
                0x000000000200348c                vid_move_block
                0x00000000020035a8                vid_print_string
                0x00000000020036b0                vid_draw_box
                0x00000000020037f8                vid_print_char
                0x00000000020038e8                vid_set_pixel
                0x0000000002003984                vid_get_pixel
                0x00000000020039c4                vid_paint_block
                0x0000000002003a58                vid_draw_horiz_line
                0x0000000002003ad0                vid_merge_colors
                0x0000000002003b1c                vid_color_convert24_16
                0x0000000002003bbc                vid_color_convert16_24
                0x0000000002003c28                vid_copy_line_to_frame_buffer
                0x0000000002003c6c                vid_draw_sloped_line
                0x0000000002003ed4                vid_draw_circle
                0x0000000002004010                vid_draw_round_corner_box
                0x00000000020043ac                vid_round_corner_points
                0x0000000002004ae4                max3
                0x0000000002004b38                min3
                0x0000000002004b8c                max_diff3
                0x0000000002004bf0                vid_put_pixel_in_span_map
                0x0000000002004cf0                vid_bres_scan_edges
                0x0000000002004f30                vid_draw_triangle
                0x00000000020052a8                CopyImage16
                0x000000000200538c                CropImage16
 .text          0x00000000020054bc      0xa20 obj/default/graphic_lib/simple_text.o
                0x00000000020054bc                vid_print_string_alpha
                0x0000000002005720                seperate_color_channels
                0x0000000002005868                merge_color_channels
                0x0000000002005998                read_from_frame
                0x00000000020059dc                alpha_blending
                0x0000000002005c28                vid_print_char_alpha
                0x0000000002005df4                vid_string_pixel_length_alpha
 .text          0x0000000002005edc      0xb58 obj/default/hello_ucosii.o
                0x0000000002005edc                LT24_ISR
                0x0000000002005ff8                init
                0x0000000002006170                main
                0x000000000200626c                task_game_over
                0x0000000002006398                task_send_data
                0x0000000002006650                task_game1
 .text          0x0000000002006a34      0xa38 obj/default/terasic_lib/touch_spi.o
                0x0000000002006a34                Touch_Init
                0x0000000002006ba8                Touch_UnInit
                0x0000000002006c10                Touch_EmptyFifo
                0x0000000002006c48                Touch_GetXY
                0x0000000002006d90                touch_isr
                0x0000000002006e04                touch_empty_fifo
                0x0000000002006e34                touch_is_pen_pressed
                0x0000000002006e74                touch_enable_penirq
                0x0000000002006fd4                touch_clear_input
                0x0000000002007004                touch_get_xy
                0x000000000200731c                touch_alarm_callback
                0x0000000002007394                touch_xy_transform
 .text          0x000000000200746c      0x34c obj/default/terasic_spi.o
                0x000000000200746c                SPI_Init
                0x00000000020074c0                SPI_MultipleWrite
                0x00000000020075dc                SPI_Write
                0x0000000002007630                SPI_MultipleRead
                0x000000000200776c                SPI_Read
 .text          0x00000000020077b8        0x0 /opt/altera_lite/15.1/nios2eds/bin/gnu/H-x86_64-pc-linux-gnu/bin/../lib/gcc/nios2-elf/4.9.2/../../../../../H-x86_64-pc-linux-gnu/nios2-elf/lib/libm.a(lib_a-w_sqrt.o)
 .text.sqrt     0x00000000020077b8      0x130 /opt/altera_lite/15.1/nios2eds/bin/gnu/H-x86_64-pc-linux-gnu/bin/../lib/gcc/nios2-elf/4.9.2/../../../../../H-x86_64-pc-linux-gnu/nios2-elf/lib/libm.a(lib_a-w_sqrt.o)
                0x00000000020077b8                sqrt
 .text          0x00000000020078e8        0x0 /opt/altera_lite/15.1/nios2eds/bin/gnu/H-x86_64-pc-linux-gnu/bin/../lib/gcc/nios2-elf/4.9.2/../../../../../H-x86_64-pc-linux-gnu/nios2-elf/lib/libm.a(lib_a-e_sqrt.o)
 .text.__ieee754_sqrt
                0x00000000020078e8      0x294 /opt/altera_lite/15.1/nios2eds/bin/gnu/H-x86_64-pc-linux-gnu/bin/../lib/gcc/nios2-elf/4.9.2/../../../../../H-x86_64-pc-linux-gnu/nios2-elf/lib/libm.a(lib_a-e_sqrt.o)
                0x00000000020078e8                __ieee754_sqrt
 .text          0x0000000002007b7c        0x0 /opt/altera_lite/15.1/nios2eds/bin/gnu/H-x86_64-pc-linux-gnu/bin/../lib/gcc/nios2-elf/4.9.2/../../../../../H-x86_64-pc-linux-gnu/nios2-elf/lib/libm.a(lib_a-s_fpclassify.o)
 .text.__fpclassifyd
                0x0000000002007b7c       0x74 /opt/altera_lite/15.1/nios2eds/bin/gnu/H-x86_64-pc-linux-gnu/bin/../lib/gcc/nios2-elf/4.9.2/../../../../../H-x86_64-pc-linux-gnu/nios2-elf/lib/libm.a(lib_a-s_fpclassify.o)
                0x0000000002007b7c                __fpclassifyd
 .text          0x0000000002007bf0        0x0 /opt/altera_lite/15.1/nios2eds/bin/gnu/H-x86_64-pc-linux-gnu/bin/../lib/gcc/nios2-elf/4.9.2/../../../../../H-x86_64-pc-linux-gnu/nios2-elf/lib/libm.a(lib_a-s_lib_ver.o)
 .text          0x0000000002007bf0        0x0 /opt/altera_lite/15.1/nios2eds/bin/gnu/H-x86_64-pc-linux-gnu/bin/../lib/gcc/nios2-elf/4.9.2/../../../../../H-x86_64-pc-linux-gnu/nios2-elf/lib/libm.a(lib_a-s_matherr.o)
 .text.matherr  0x0000000002007bf0        0x8 /opt/altera_lite/15.1/nios2eds/bin/gnu/H-x86_64-pc-linux-gnu/bin/../lib/gcc/nios2-elf/4.9.2/../../../../../H-x86_64-pc-linux-gnu/nios2-elf/lib/libm.a(lib_a-s_matherr.o)
                0x0000000002007bf0                matherr
 .text          0x0000000002007bf8      0x12c /opt/altera_lite/15.1/nios2eds/bin/gnu/H-x86_64-pc-linux-gnu/bin/../lib/gcc/nios2-elf/4.9.2/libgcc.a(lib2-divmod.o)
                0x0000000002007c64                __divsi3
                0x0000000002007cb8                __modsi3
                0x0000000002007d14                __udivsi3
                0x0000000002007d1c                __umodsi3
 .text          0x0000000002007d24      0x89c /opt/altera_lite/15.1/nios2eds/bin/gnu/H-x86_64-pc-linux-gnu/bin/../lib/gcc/nios2-elf/4.9.2/libgcc.a(adddf3.o)
                0x0000000002007d24                __adddf3
 .text          0x00000000020085c0      0x8cc /opt/altera_lite/15.1/nios2eds/bin/gnu/H-x86_64-pc-linux-gnu/bin/../lib/gcc/nios2-elf/4.9.2/libgcc.a(divdf3.o)
                0x00000000020085c0                __divdf3
 .text          0x0000000002008e8c       0xe0 /opt/altera_lite/15.1/nios2eds/bin/gnu/H-x86_64-pc-linux-gnu/bin/../lib/gcc/nios2-elf/4.9.2/libgcc.a(ledf2.o)
                0x0000000002008e8c                __ltdf2
                0x0000000002008e8c                __ledf2
 .text          0x0000000002008f6c      0x724 /opt/altera_lite/15.1/nios2eds/bin/gnu/H-x86_64-pc-linux-gnu/bin/../lib/gcc/nios2-elf/4.9.2/libgcc.a(muldf3.o)
                0x0000000002008f6c                __muldf3
 .text          0x0000000002009690      0x8d0 /opt/altera_lite/15.1/nios2eds/bin/gnu/H-x86_64-pc-linux-gnu/bin/../lib/gcc/nios2-elf/4.9.2/libgcc.a(subdf3.o)
                0x0000000002009690                __subdf3
 .text          0x0000000002009f60       0x88 /opt/altera_lite/15.1/nios2eds/bin/gnu/H-x86_64-pc-linux-gnu/bin/../lib/gcc/nios2-elf/4.9.2/libgcc.a(fixdfsi.o)
                0x0000000002009f60                __fixdfsi
 .text          0x0000000002009fe8       0xd0 /opt/altera_lite/15.1/nios2eds/bin/gnu/H-x86_64-pc-linux-gnu/bin/../lib/gcc/nios2-elf/4.9.2/libgcc.a(floatsidf.o)
                0x0000000002009fe8                __floatsidf
 .text          0x000000000200a0b8       0x64 /opt/altera_lite/15.1/nios2eds/bin/gnu/H-x86_64-pc-linux-gnu/bin/../lib/gcc/nios2-elf/4.9.2/libgcc.a(_clzsi2.o)
                0x000000000200a0b8                __clzsi2
 .text          0x000000000200a11c        0x0 /opt/altera_lite/15.1/nios2eds/bin/gnu/H-x86_64-pc-linux-gnu/bin/../lib/gcc/nios2-elf/4.9.2/libgcc.a(_clz.o)
 .text          0x000000000200a11c        0x0 /opt/altera_lite/15.1/nios2eds/bin/gnu/H-x86_64-pc-linux-gnu/bin/../lib/gcc/nios2-elf/4.9.2/../../../../../H-x86_64-pc-linux-gnu/nios2-elf/lib/libc.a(lib_a-errno.o)
 .text.__errno  0x000000000200a11c       0x10 /opt/altera_lite/15.1/nios2eds/bin/gnu/H-x86_64-pc-linux-gnu/bin/../lib/gcc/nios2-elf/4.9.2/../../../../../H-x86_64-pc-linux-gnu/nios2-elf/lib/libc.a(lib_a-errno.o)
                0x000000000200a11c                __errno
 .text          0x000000000200a12c        0x0 /opt/altera_lite/15.1/nios2eds/bin/gnu/H-x86_64-pc-linux-gnu/bin/../lib/gcc/nios2-elf/4.9.2/../../../../../H-x86_64-pc-linux-gnu/nios2-elf/lib/libc.a(lib_a-impure.o)
 .text          0x000000000200a12c        0x0 /opt/altera_lite/15.1/nios2eds/bin/gnu/H-x86_64-pc-linux-gnu/bin/../lib/gcc/nios2-elf/4.9.2/../../../../../H-x86_64-pc-linux-gnu/nios2-elf/lib/libc.a(lib_a-malloc.o)
 .text.malloc   0x000000000200a12c       0x14 /opt/altera_lite/15.1/nios2eds/bin/gnu/H-x86_64-pc-linux-gnu/bin/../lib/gcc/nios2-elf/4.9.2/../../../../../H-x86_64-pc-linux-gnu/nios2-elf/lib/libc.a(lib_a-malloc.o)
                0x000000000200a12c                malloc
 .text.free     0x000000000200a140       0x14 /opt/altera_lite/15.1/nios2eds/bin/gnu/H-x86_64-pc-linux-gnu/bin/../lib/gcc/nios2-elf/4.9.2/../../../../../H-x86_64-pc-linux-gnu/nios2-elf/lib/libc.a(lib_a-malloc.o)
                0x000000000200a140                free
 .text          0x000000000200a154        0x0 /opt/altera_lite/15.1/nios2eds/bin/gnu/H-x86_64-pc-linux-gnu/bin/../lib/gcc/nios2-elf/4.9.2/../../../../../H-x86_64-pc-linux-gnu/nios2-elf/lib/libc.a(lib_a-mallocr.o)
 .text._malloc_r
                0x000000000200a154      0x7a8 /opt/altera_lite/15.1/nios2eds/bin/gnu/H-x86_64-pc-linux-gnu/bin/../lib/gcc/nios2-elf/4.9.2/../../../../../H-x86_64-pc-linux-gnu/nios2-elf/lib/libc.a(lib_a-mallocr.o)
                0x000000000200a154                _malloc_r
 .text          0x000000000200a8fc        0x0 /opt/altera_lite/15.1/nios2eds/bin/gnu/H-x86_64-pc-linux-gnu/bin/../lib/gcc/nios2-elf/4.9.2/../../../../../H-x86_64-pc-linux-gnu/nios2-elf/lib/libc.a(lib_a-memcpy.o)
 .text.memcpy   0x000000000200a8fc      0x138 /opt/altera_lite/15.1/nios2eds/bin/gnu/H-x86_64-pc-linux-gnu/bin/../lib/gcc/nios2-elf/4.9.2/../../../../../H-x86_64-pc-linux-gnu/nios2-elf/lib/libc.a(lib_a-memcpy.o)
                0x000000000200a8fc                memcpy
 .text          0x000000000200aa34        0x0 /opt/altera_lite/15.1/nios2eds/bin/gnu/H-x86_64-pc-linux-gnu/bin/../lib/gcc/nios2-elf/4.9.2/../../../../../H-x86_64-pc-linux-gnu/nios2-elf/lib/libc.a(lib_a-memset.o)
 .text.memset   0x000000000200aa34      0x124 /opt/altera_lite/15.1/nios2eds/bin/gnu/H-x86_64-pc-linux-gnu/bin/../lib/gcc/nios2-elf/4.9.2/../../../../../H-x86_64-pc-linux-gnu/nios2-elf/lib/libc.a(lib_a-memset.o)
                0x000000000200aa34                memset
 .text          0x000000000200ab58        0x0 /opt/altera_lite/15.1/nios2eds/bin/gnu/H-x86_64-pc-linux-gnu/bin/../lib/gcc/nios2-elf/4.9.2/../../../../../H-x86_64-pc-linux-gnu/nios2-elf/lib/libc.a(lib_a-printf.o)
 .text._printf_r
                0x000000000200ab58       0x2c /opt/altera_lite/15.1/nios2eds/bin/gnu/H-x86_64-pc-linux-gnu/bin/../lib/gcc/nios2-elf/4.9.2/../../../../../H-x86_64-pc-linux-gnu/nios2-elf/lib/libc.a(lib_a-printf.o)
                0x000000000200ab58                _printf_r
 .text.printf   0x000000000200ab84       0x3c /opt/altera_lite/15.1/nios2eds/bin/gnu/H-x86_64-pc-linux-gnu/bin/../lib/gcc/nios2-elf/4.9.2/../../../../../H-x86_64-pc-linux-gnu/nios2-elf/lib/libc.a(lib_a-printf.o)
                0x000000000200ab84                printf
 .text          0x000000000200abc0        0x0 /opt/altera_lite/15.1/nios2eds/bin/gnu/H-x86_64-pc-linux-gnu/bin/../lib/gcc/nios2-elf/4.9.2/../../../../../H-x86_64-pc-linux-gnu/nios2-elf/lib/libc.a(lib_a-puts.o)
 .text._puts_r  0x000000000200abc0       0xa8 /opt/altera_lite/15.1/nios2eds/bin/gnu/H-x86_64-pc-linux-gnu/bin/../lib/gcc/nios2-elf/4.9.2/../../../../../H-x86_64-pc-linux-gnu/nios2-elf/lib/libc.a(lib_a-puts.o)
                0x000000000200abc0                _puts_r
 .text.puts     0x000000000200ac68       0x14 /opt/altera_lite/15.1/nios2eds/bin/gnu/H-x86_64-pc-linux-gnu/bin/../lib/gcc/nios2-elf/4.9.2/../../../../../H-x86_64-pc-linux-gnu/nios2-elf/lib/libc.a(lib_a-puts.o)
                0x000000000200ac68                puts
 .text          0x000000000200ac7c        0x0 /opt/altera_lite/15.1/nios2eds/bin/gnu/H-x86_64-pc-linux-gnu/bin/../lib/gcc/nios2-elf/4.9.2/../../../../../H-x86_64-pc-linux-gnu/nios2-elf/lib/libc.a(lib_a-rand.o)
 .text.srand    0x000000000200ac7c       0x18 /opt/altera_lite/15.1/nios2eds/bin/gnu/H-x86_64-pc-linux-gnu/bin/../lib/gcc/nios2-elf/4.9.2/../../../../../H-x86_64-pc-linux-gnu/nios2-elf/lib/libc.a(lib_a-rand.o)
                0x000000000200ac7c                srand
 .text.rand     0x000000000200ac94       0x64 /opt/altera_lite/15.1/nios2eds/bin/gnu/H-x86_64-pc-linux-gnu/bin/../lib/gcc/nios2-elf/4.9.2/../../../../../H-x86_64-pc-linux-gnu/nios2-elf/lib/libc.a(lib_a-rand.o)
                0x000000000200ac94                rand
 .text          0x000000000200acf8        0x0 /opt/altera_lite/15.1/nios2eds/bin/gnu/H-x86_64-pc-linux-gnu/bin/../lib/gcc/nios2-elf/4.9.2/../../../../../H-x86_64-pc-linux-gnu/nios2-elf/lib/libc.a(lib_a-sbrkr.o)
 .text._sbrk_r  0x000000000200acf8       0x54 /opt/altera_lite/15.1/nios2eds/bin/gnu/H-x86_64-pc-linux-gnu/bin/../lib/gcc/nios2-elf/4.9.2/../../../../../H-x86_64-pc-linux-gnu/nios2-elf/lib/libc.a(lib_a-sbrkr.o)
                0x000000000200acf8                _sbrk_r
 .text          0x000000000200ad4c        0x0 /opt/altera_lite/15.1/nios2eds/bin/gnu/H-x86_64-pc-linux-gnu/bin/../lib/gcc/nios2-elf/4.9.2/../../../../../H-x86_64-pc-linux-gnu/nios2-elf/lib/libc.a(lib_a-sprintf.o)
 .text._sprintf_r
                0x000000000200ad4c       0x58 /opt/altera_lite/15.1/nios2eds/bin/gnu/H-x86_64-pc-linux-gnu/bin/../lib/gcc/nios2-elf/4.9.2/../../../../../H-x86_64-pc-linux-gnu/nios2-elf/lib/libc.a(lib_a-sprintf.o)
                0x000000000200ad4c                _sprintf_r
 .text.sprintf  0x000000000200ada4       0x6c /opt/altera_lite/15.1/nios2eds/bin/gnu/H-x86_64-pc-linux-gnu/bin/../lib/gcc/nios2-elf/4.9.2/../../../../../H-x86_64-pc-linux-gnu/nios2-elf/lib/libc.a(lib_a-sprintf.o)
                0x000000000200ada4                sprintf
 .text          0x000000000200ae10        0x0 /opt/altera_lite/15.1/nios2eds/bin/gnu/H-x86_64-pc-linux-gnu/bin/../lib/gcc/nios2-elf/4.9.2/../../../../../H-x86_64-pc-linux-gnu/nios2-elf/lib/libc.a(lib_a-strcpy.o)
 .text.strcpy   0x000000000200ae10       0x90 /opt/altera_lite/15.1/nios2eds/bin/gnu/H-x86_64-pc-linux-gnu/bin/../lib/gcc/nios2-elf/4.9.2/../../../../../H-x86_64-pc-linux-gnu/nios2-elf/lib/libc.a(lib_a-strcpy.o)
                0x000000000200ae10                strcpy
 .text          0x000000000200aea0        0x0 /opt/altera_lite/15.1/nios2eds/bin/gnu/H-x86_64-pc-linux-gnu/bin/../lib/gcc/nios2-elf/4.9.2/../../../../../H-x86_64-pc-linux-gnu/nios2-elf/lib/libc.a(lib_a-strlen.o)
 .text.strlen   0x000000000200aea0       0x98 /opt/altera_lite/15.1/nios2eds/bin/gnu/H-x86_64-pc-linux-gnu/bin/../lib/gcc/nios2-elf/4.9.2/../../../../../H-x86_64-pc-linux-gnu/nios2-elf/lib/libc.a(lib_a-strlen.o)
                0x000000000200aea0                strlen
 .text          0x000000000200af38        0x0 /opt/altera_lite/15.1/nios2eds/bin/gnu/H-x86_64-pc-linux-gnu/bin/../lib/gcc/nios2-elf/4.9.2/../../../../../H-x86_64-pc-linux-gnu/nios2-elf/lib/libc.a(lib_a-svfprintf.o)
 .text.___svfprintf_internal_r
                0x000000000200af38     0x1f90 /opt/altera_lite/15.1/nios2eds/bin/gnu/H-x86_64-pc-linux-gnu/bin/../lib/gcc/nios2-elf/4.9.2/../../../../../H-x86_64-pc-linux-gnu/nios2-elf/lib/libc.a(lib_a-svfprintf.o)
                0x000000000200af38                ___svfprintf_internal_r
 .text          0x000000000200cec8        0x0 /opt/altera_lite/15.1/nios2eds/bin/gnu/H-x86_64-pc-linux-gnu/bin/../lib/gcc/nios2-elf/4.9.2/../../../../../H-x86_64-pc-linux-gnu/nios2-elf/lib/libc.a(lib_a-time.o)
 .text.time     0x000000000200cec8       0x50 /opt/altera_lite/15.1/nios2eds/bin/gnu/H-x86_64-pc-linux-gnu/bin/../lib/gcc/nios2-elf/4.9.2/../../../../../H-x86_64-pc-linux-gnu/nios2-elf/lib/libc.a(lib_a-time.o)
                0x000000000200cec8                time
 .text          0x000000000200cf18        0x0 /opt/altera_lite/15.1/nios2eds/bin/gnu/H-x86_64-pc-linux-gnu/bin/../lib/gcc/nios2-elf/4.9.2/../../../../../H-x86_64-pc-linux-gnu/nios2-elf/lib/libc.a(lib_a-vfprintf.o)
 .text.___vfprintf_internal_r
                0x000000000200cf18     0x1f50 /opt/altera_lite/15.1/nios2eds/bin/gnu/H-x86_64-pc-linux-gnu/bin/../lib/gcc/nios2-elf/4.9.2/../../../../../H-x86_64-pc-linux-gnu/nios2-elf/lib/libc.a(lib_a-vfprintf.o)
                0x000000000200cf18                ___vfprintf_internal_r
 .text.__vfprintf_internal
                0x000000000200ee68       0x24 /opt/altera_lite/15.1/nios2eds/bin/gnu/H-x86_64-pc-linux-gnu/bin/../lib/gcc/nios2-elf/4.9.2/../../../../../H-x86_64-pc-linux-gnu/nios2-elf/lib/libc.a(lib_a-vfprintf.o)
                0x000000000200ee68                __vfprintf_internal
 .text.__sbprintf
                0x000000000200ee8c       0xbc /opt/altera_lite/15.1/nios2eds/bin/gnu/H-x86_64-pc-linux-gnu/bin/../lib/gcc/nios2-elf/4.9.2/../../../../../H-x86_64-pc-linux-gnu/nios2-elf/lib/libc.a(lib_a-vfprintf.o)
 .text          0x000000000200ef48        0x0 /opt/altera_lite/15.1/nios2eds/bin/gnu/H-x86_64-pc-linux-gnu/bin/../lib/gcc/nios2-elf/4.9.2/../../../../../H-x86_64-pc-linux-gnu/nios2-elf/lib/libc.a(lib_a-wsetup.o)
 .text.__swsetup_r
                0x000000000200ef48      0x154 /opt/altera_lite/15.1/nios2eds/bin/gnu/H-x86_64-pc-linux-gnu/bin/../lib/gcc/nios2-elf/4.9.2/../../../../../H-x86_64-pc-linux-gnu/nios2-elf/lib/libc.a(lib_a-wsetup.o)
                0x000000000200ef48                __swsetup_r
 .text          0x000000000200f09c        0x0 /opt/altera_lite/15.1/nios2eds/bin/gnu/H-x86_64-pc-linux-gnu/bin/../lib/gcc/nios2-elf/4.9.2/../../../../../H-x86_64-pc-linux-gnu/nios2-elf/lib/libc.a(lib_a-dtoa.o)
 .text.quorem   0x000000000200f09c      0x200 /opt/altera_lite/15.1/nios2eds/bin/gnu/H-x86_64-pc-linux-gnu/bin/../lib/gcc/nios2-elf/4.9.2/../../../../../H-x86_64-pc-linux-gnu/nios2-elf/lib/libc.a(lib_a-dtoa.o)
 .text._dtoa_r  0x000000000200f29c     0x1728 /opt/altera_lite/15.1/nios2eds/bin/gnu/H-x86_64-pc-linux-gnu/bin/../lib/gcc/nios2-elf/4.9.2/../../../../../H-x86_64-pc-linux-gnu/nios2-elf/lib/libc.a(lib_a-dtoa.o)
                0x000000000200f29c                _dtoa_r
 .text          0x00000000020109c4        0x0 /opt/altera_lite/15.1/nios2eds/bin/gnu/H-x86_64-pc-linux-gnu/bin/../lib/gcc/nios2-elf/4.9.2/../../../../../H-x86_64-pc-linux-gnu/nios2-elf/lib/libc.a(lib_a-fflush.o)
 .text.__sflush_r
                0x00000000020109c4      0x208 /opt/altera_lite/15.1/nios2eds/bin/gnu/H-x86_64-pc-linux-gnu/bin/../lib/gcc/nios2-elf/4.9.2/../../../../../H-x86_64-pc-linux-gnu/nios2-elf/lib/libc.a(lib_a-fflush.o)
                0x00000000020109c4                __sflush_r
 .text._fflush_r
                0x0000000002010bcc       0x5c /opt/altera_lite/15.1/nios2eds/bin/gnu/H-x86_64-pc-linux-gnu/bin/../lib/gcc/nios2-elf/4.9.2/../../../../../H-x86_64-pc-linux-gnu/nios2-elf/lib/libc.a(lib_a-fflush.o)
                0x0000000002010bcc                _fflush_r
 .text.fflush   0x0000000002010c28       0x30 /opt/altera_lite/15.1/nios2eds/bin/gnu/H-x86_64-pc-linux-gnu/bin/../lib/gcc/nios2-elf/4.9.2/../../../../../H-x86_64-pc-linux-gnu/nios2-elf/lib/libc.a(lib_a-fflush.o)
                0x0000000002010c28                fflush
 .text          0x0000000002010c58        0x0 /opt/altera_lite/15.1/nios2eds/bin/gnu/H-x86_64-pc-linux-gnu/bin/../lib/gcc/nios2-elf/4.9.2/../../../../../H-x86_64-pc-linux-gnu/nios2-elf/lib/libc.a(lib_a-findfp.o)
 .text.__fp_lock
                0x0000000002010c58        0x8 /opt/altera_lite/15.1/nios2eds/bin/gnu/H-x86_64-pc-linux-gnu/bin/../lib/gcc/nios2-elf/4.9.2/../../../../../H-x86_64-pc-linux-gnu/nios2-elf/lib/libc.a(lib_a-findfp.o)
 .text.__fp_unlock
                0x0000000002010c60        0x8 /opt/altera_lite/15.1/nios2eds/bin/gnu/H-x86_64-pc-linux-gnu/bin/../lib/gcc/nios2-elf/4.9.2/../../../../../H-x86_64-pc-linux-gnu/nios2-elf/lib/libc.a(lib_a-findfp.o)
 .text._cleanup_r
                0x0000000002010c68        0xc /opt/altera_lite/15.1/nios2eds/bin/gnu/H-x86_64-pc-linux-gnu/bin/../lib/gcc/nios2-elf/4.9.2/../../../../../H-x86_64-pc-linux-gnu/nios2-elf/lib/libc.a(lib_a-findfp.o)
                0x0000000002010c68                _cleanup_r
 .text.__sinit.part.1
                0x0000000002010c74      0x19c /opt/altera_lite/15.1/nios2eds/bin/gnu/H-x86_64-pc-linux-gnu/bin/../lib/gcc/nios2-elf/4.9.2/../../../../../H-x86_64-pc-linux-gnu/nios2-elf/lib/libc.a(lib_a-findfp.o)
 .text.__sfmoreglue
                0x0000000002010e10       0x68 /opt/altera_lite/15.1/nios2eds/bin/gnu/H-x86_64-pc-linux-gnu/bin/../lib/gcc/nios2-elf/4.9.2/../../../../../H-x86_64-pc-linux-gnu/nios2-elf/lib/libc.a(lib_a-findfp.o)
                0x0000000002010e10                __sfmoreglue
 .text.__sfp    0x0000000002010e78      0x118 /opt/altera_lite/15.1/nios2eds/bin/gnu/H-x86_64-pc-linux-gnu/bin/../lib/gcc/nios2-elf/4.9.2/../../../../../H-x86_64-pc-linux-gnu/nios2-elf/lib/libc.a(lib_a-findfp.o)
                0x0000000002010e78                __sfp
 .text._cleanup
                0x0000000002010f90       0x18 /opt/altera_lite/15.1/nios2eds/bin/gnu/H-x86_64-pc-linux-gnu/bin/../lib/gcc/nios2-elf/4.9.2/../../../../../H-x86_64-pc-linux-gnu/nios2-elf/lib/libc.a(lib_a-findfp.o)
                0x0000000002010f90                _cleanup
 .text.__sinit  0x0000000002010fa8       0x10 /opt/altera_lite/15.1/nios2eds/bin/gnu/H-x86_64-pc-linux-gnu/bin/../lib/gcc/nios2-elf/4.9.2/../../../../../H-x86_64-pc-linux-gnu/nios2-elf/lib/libc.a(lib_a-findfp.o)
                0x0000000002010fa8                __sinit
 .text.__sfp_lock_acquire
                0x0000000002010fb8        0x4 /opt/altera_lite/15.1/nios2eds/bin/gnu/H-x86_64-pc-linux-gnu/bin/../lib/gcc/nios2-elf/4.9.2/../../../../../H-x86_64-pc-linux-gnu/nios2-elf/lib/libc.a(lib_a-findfp.o)
                0x0000000002010fb8                __sfp_lock_acquire
 .text.__sfp_lock_release
                0x0000000002010fbc        0x4 /opt/altera_lite/15.1/nios2eds/bin/gnu/H-x86_64-pc-linux-gnu/bin/../lib/gcc/nios2-elf/4.9.2/../../../../../H-x86_64-pc-linux-gnu/nios2-elf/lib/libc.a(lib_a-findfp.o)
                0x0000000002010fbc                __sfp_lock_release
 .text.__sinit_lock_acquire
                0x0000000002010fc0        0x4 /opt/altera_lite/15.1/nios2eds/bin/gnu/H-x86_64-pc-linux-gnu/bin/../lib/gcc/nios2-elf/4.9.2/../../../../../H-x86_64-pc-linux-gnu/nios2-elf/lib/libc.a(lib_a-findfp.o)
                0x0000000002010fc0                __sinit_lock_acquire
 .text.__sinit_lock_release
                0x0000000002010fc4        0x4 /opt/altera_lite/15.1/nios2eds/bin/gnu/H-x86_64-pc-linux-gnu/bin/../lib/gcc/nios2-elf/4.9.2/../../../../../H-x86_64-pc-linux-gnu/nios2-elf/lib/libc.a(lib_a-findfp.o)
                0x0000000002010fc4                __sinit_lock_release
 .text.__fp_lock_all
                0x0000000002010fc8       0x18 /opt/altera_lite/15.1/nios2eds/bin/gnu/H-x86_64-pc-linux-gnu/bin/../lib/gcc/nios2-elf/4.9.2/../../../../../H-x86_64-pc-linux-gnu/nios2-elf/lib/libc.a(lib_a-findfp.o)
                0x0000000002010fc8                __fp_lock_all
 .text.__fp_unlock_all
                0x0000000002010fe0       0x18 /opt/altera_lite/15.1/nios2eds/bin/gnu/H-x86_64-pc-linux-gnu/bin/../lib/gcc/nios2-elf/4.9.2/../../../../../H-x86_64-pc-linux-gnu/nios2-elf/lib/libc.a(lib_a-findfp.o)
                0x0000000002010fe0                __fp_unlock_all
 .text          0x0000000002010ff8        0x0 /opt/altera_lite/15.1/nios2eds/bin/gnu/H-x86_64-pc-linux-gnu/bin/../lib/gcc/nios2-elf/4.9.2/../../../../../H-x86_64-pc-linux-gnu/nios2-elf/lib/libc.a(lib_a-freer.o)
 .text._malloc_trim_r
                0x0000000002010ff8      0x124 /opt/altera_lite/15.1/nios2eds/bin/gnu/H-x86_64-pc-linux-gnu/bin/../lib/gcc/nios2-elf/4.9.2/../../../../../H-x86_64-pc-linux-gnu/nios2-elf/lib/libc.a(lib_a-freer.o)
                0x0000000002010ff8                _malloc_trim_r
 .text._free_r  0x000000000201111c      0x2f0 /opt/altera_lite/15.1/nios2eds/bin/gnu/H-x86_64-pc-linux-gnu/bin/../lib/gcc/nios2-elf/4.9.2/../../../../../H-x86_64-pc-linux-gnu/nios2-elf/lib/libc.a(lib_a-freer.o)
                0x000000000201111c                _free_r
 .text          0x000000000201140c        0x0 /opt/altera_lite/15.1/nios2eds/bin/gnu/H-x86_64-pc-linux-gnu/bin/../lib/gcc/nios2-elf/4.9.2/../../../../../H-x86_64-pc-linux-gnu/nios2-elf/lib/libc.a(lib_a-fvwrite.o)
 .text.__sfvwrite_r
                0x000000000201140c      0x4c0 /opt/altera_lite/15.1/nios2eds/bin/gnu/H-x86_64-pc-linux-gnu/bin/../lib/gcc/nios2-elf/4.9.2/../../../../../H-x86_64-pc-linux-gnu/nios2-elf/lib/libc.a(lib_a-fvwrite.o)
                0x000000000201140c                __sfvwrite_r
 .text          0x00000000020118cc        0x0 /opt/altera_lite/15.1/nios2eds/bin/gnu/H-x86_64-pc-linux-gnu/bin/../lib/gcc/nios2-elf/4.9.2/../../../../../H-x86_64-pc-linux-gnu/nios2-elf/lib/libc.a(lib_a-fwalk.o)
 .text._fwalk   0x00000000020118cc       0xc4 /opt/altera_lite/15.1/nios2eds/bin/gnu/H-x86_64-pc-linux-gnu/bin/../lib/gcc/nios2-elf/4.9.2/../../../../../H-x86_64-pc-linux-gnu/nios2-elf/lib/libc.a(lib_a-fwalk.o)
                0x00000000020118cc                _fwalk
 .text._fwalk_reent
                0x0000000002011990       0xc4 /opt/altera_lite/15.1/nios2eds/bin/gnu/H-x86_64-pc-linux-gnu/bin/../lib/gcc/nios2-elf/4.9.2/../../../../../H-x86_64-pc-linux-gnu/nios2-elf/lib/libc.a(lib_a-fwalk.o)
                0x0000000002011990                _fwalk_reent
 .text          0x0000000002011a54        0x0 /opt/altera_lite/15.1/nios2eds/bin/gnu/H-x86_64-pc-linux-gnu/bin/../lib/gcc/nios2-elf/4.9.2/../../../../../H-x86_64-pc-linux-gnu/nios2-elf/lib/libc.a(lib_a-gettimeofdayr.o)
 .text._gettimeofday_r
                0x0000000002011a54       0x58 /opt/altera_lite/15.1/nios2eds/bin/gnu/H-x86_64-pc-linux-gnu/bin/../lib/gcc/nios2-elf/4.9.2/../../../../../H-x86_64-pc-linux-gnu/nios2-elf/lib/libc.a(lib_a-gettimeofdayr.o)
                0x0000000002011a54                _gettimeofday_r
 .text          0x0000000002011aac        0x0 /opt/altera_lite/15.1/nios2eds/bin/gnu/H-x86_64-pc-linux-gnu/bin/../lib/gcc/nios2-elf/4.9.2/../../../../../H-x86_64-pc-linux-gnu/nios2-elf/lib/libc.a(lib_a-int_errno.o)
 .text          0x0000000002011aac        0x0 /opt/altera_lite/15.1/nios2eds/bin/gnu/H-x86_64-pc-linux-gnu/bin/../lib/gcc/nios2-elf/4.9.2/../../../../../H-x86_64-pc-linux-gnu/nios2-elf/lib/libc.a(lib_a-locale.o)
 .text._setlocale_r
                0x0000000002011aac       0x7c /opt/altera_lite/15.1/nios2eds/bin/gnu/H-x86_64-pc-linux-gnu/bin/../lib/gcc/nios2-elf/4.9.2/../../../../../H-x86_64-pc-linux-gnu/nios2-elf/lib/libc.a(lib_a-locale.o)
                0x0000000002011aac                _setlocale_r
 .text.__locale_charset
                0x0000000002011b28        0xc /opt/altera_lite/15.1/nios2eds/bin/gnu/H-x86_64-pc-linux-gnu/bin/../lib/gcc/nios2-elf/4.9.2/../../../../../H-x86_64-pc-linux-gnu/nios2-elf/lib/libc.a(lib_a-locale.o)
                0x0000000002011b28                __locale_charset
 .text.__locale_mb_cur_max
                0x0000000002011b34       0x10 /opt/altera_lite/15.1/nios2eds/bin/gnu/H-x86_64-pc-linux-gnu/bin/../lib/gcc/nios2-elf/4.9.2/../../../../../H-x86_64-pc-linux-gnu/nios2-elf/lib/libc.a(lib_a-locale.o)
                0x0000000002011b34                __locale_mb_cur_max
 .text.__locale_msgcharset
                0x0000000002011b44        0xc /opt/altera_lite/15.1/nios2eds/bin/gnu/H-x86_64-pc-linux-gnu/bin/../lib/gcc/nios2-elf/4.9.2/../../../../../H-x86_64-pc-linux-gnu/nios2-elf/lib/libc.a(lib_a-locale.o)
                0x0000000002011b44                __locale_msgcharset
 .text.__locale_cjk_lang
                0x0000000002011b50        0x8 /opt/altera_lite/15.1/nios2eds/bin/gnu/H-x86_64-pc-linux-gnu/bin/../lib/gcc/nios2-elf/4.9.2/../../../../../H-x86_64-pc-linux-gnu/nios2-elf/lib/libc.a(lib_a-locale.o)
                0x0000000002011b50                __locale_cjk_lang
 .text._localeconv_r
                0x0000000002011b58        0xc /opt/altera_lite/15.1/nios2eds/bin/gnu/H-x86_64-pc-linux-gnu/bin/../lib/gcc/nios2-elf/4.9.2/../../../../../H-x86_64-pc-linux-gnu/nios2-elf/lib/libc.a(lib_a-locale.o)
                0x0000000002011b58                _localeconv_r
 .text.setlocale
                0x0000000002011b64       0x1c /opt/altera_lite/15.1/nios2eds/bin/gnu/H-x86_64-pc-linux-gnu/bin/../lib/gcc/nios2-elf/4.9.2/../../../../../H-x86_64-pc-linux-gnu/nios2-elf/lib/libc.a(lib_a-locale.o)
                0x0000000002011b64                setlocale
 .text.localeconv
                0x0000000002011b80        0xc /opt/altera_lite/15.1/nios2eds/bin/gnu/H-x86_64-pc-linux-gnu/bin/../lib/gcc/nios2-elf/4.9.2/../../../../../H-x86_64-pc-linux-gnu/nios2-elf/lib/libc.a(lib_a-locale.o)
                0x0000000002011b80                localeconv
 .text          0x0000000002011b8c        0x0 /opt/altera_lite/15.1/nios2eds/bin/gnu/H-x86_64-pc-linux-gnu/bin/../lib/gcc/nios2-elf/4.9.2/../../../../../H-x86_64-pc-linux-gnu/nios2-elf/lib/libc.a(lib_a-makebuf.o)
 .text.__smakebuf_r
                0x0000000002011b8c      0x1b8 /opt/altera_lite/15.1/nios2eds/bin/gnu/H-x86_64-pc-linux-gnu/bin/../lib/gcc/nios2-elf/4.9.2/../../../../../H-x86_64-pc-linux-gnu/nios2-elf/lib/libc.a(lib_a-makebuf.o)
                0x0000000002011b8c                __smakebuf_r
 .text          0x0000000002011d44        0x0 /opt/altera_lite/15.1/nios2eds/bin/gnu/H-x86_64-pc-linux-gnu/bin/../lib/gcc/nios2-elf/4.9.2/../../../../../H-x86_64-pc-linux-gnu/nios2-elf/lib/libc.a(lib_a-memchr.o)
 .text.memchr   0x0000000002011d44       0xe8 /opt/altera_lite/15.1/nios2eds/bin/gnu/H-x86_64-pc-linux-gnu/bin/../lib/gcc/nios2-elf/4.9.2/../../../../../H-x86_64-pc-linux-gnu/nios2-elf/lib/libc.a(lib_a-memchr.o)
                0x0000000002011d44                memchr
 .text          0x0000000002011e2c        0x0 /opt/altera_lite/15.1/nios2eds/bin/gnu/H-x86_64-pc-linux-gnu/bin/../lib/gcc/nios2-elf/4.9.2/../../../../../H-x86_64-pc-linux-gnu/nios2-elf/lib/libc.a(lib_a-memmove.o)
 .text.memmove  0x0000000002011e2c      0x15c /opt/altera_lite/15.1/nios2eds/bin/gnu/H-x86_64-pc-linux-gnu/bin/../lib/gcc/nios2-elf/4.9.2/../../../../../H-x86_64-pc-linux-gnu/nios2-elf/lib/libc.a(lib_a-memmove.o)
                0x0000000002011e2c                memmove
 .text          0x0000000002011f88        0x0 /opt/altera_lite/15.1/nios2eds/bin/gnu/H-x86_64-pc-linux-gnu/bin/../lib/gcc/nios2-elf/4.9.2/../../../../../H-x86_64-pc-linux-gnu/nios2-elf/lib/libc.a(lib_a-mprec.o)
 .text._Balloc  0x0000000002011f88       0xa8 /opt/altera_lite/15.1/nios2eds/bin/gnu/H-x86_64-pc-linux-gnu/bin/../lib/gcc/nios2-elf/4.9.2/../../../../../H-x86_64-pc-linux-gnu/nios2-elf/lib/libc.a(lib_a-mprec.o)
                0x0000000002011f88                _Balloc
 .text._Bfree   0x0000000002012030       0x28 /opt/altera_lite/15.1/nios2eds/bin/gnu/H-x86_64-pc-linux-gnu/bin/../lib/gcc/nios2-elf/4.9.2/../../../../../H-x86_64-pc-linux-gnu/nios2-elf/lib/libc.a(lib_a-mprec.o)
                0x0000000002012030                _Bfree
 .text.__multadd
                0x0000000002012058      0x120 /opt/altera_lite/15.1/nios2eds/bin/gnu/H-x86_64-pc-linux-gnu/bin/../lib/gcc/nios2-elf/4.9.2/../../../../../H-x86_64-pc-linux-gnu/nios2-elf/lib/libc.a(lib_a-mprec.o)
                0x0000000002012058                __multadd
 .text.__s2b    0x0000000002012178      0x104 /opt/altera_lite/15.1/nios2eds/bin/gnu/H-x86_64-pc-linux-gnu/bin/../lib/gcc/nios2-elf/4.9.2/../../../../../H-x86_64-pc-linux-gnu/nios2-elf/lib/libc.a(lib_a-mprec.o)
                0x0000000002012178                __s2b
 .text.__hi0bits
                0x000000000201227c       0x68 /opt/altera_lite/15.1/nios2eds/bin/gnu/H-x86_64-pc-linux-gnu/bin/../lib/gcc/nios2-elf/4.9.2/../../../../../H-x86_64-pc-linux-gnu/nios2-elf/lib/libc.a(lib_a-mprec.o)
                0x000000000201227c                __hi0bits
 .text.__lo0bits
                0x00000000020122e4       0xb0 /opt/altera_lite/15.1/nios2eds/bin/gnu/H-x86_64-pc-linux-gnu/bin/../lib/gcc/nios2-elf/4.9.2/../../../../../H-x86_64-pc-linux-gnu/nios2-elf/lib/libc.a(lib_a-mprec.o)
                0x00000000020122e4                __lo0bits
 .text.__i2b    0x0000000002012394       0x3c /opt/altera_lite/15.1/nios2eds/bin/gnu/H-x86_64-pc-linux-gnu/bin/../lib/gcc/nios2-elf/4.9.2/../../../../../H-x86_64-pc-linux-gnu/nios2-elf/lib/libc.a(lib_a-mprec.o)
                0x0000000002012394                __i2b
 .text.__multiply
                0x00000000020123d0      0x1fc /opt/altera_lite/15.1/nios2eds/bin/gnu/H-x86_64-pc-linux-gnu/bin/../lib/gcc/nios2-elf/4.9.2/../../../../../H-x86_64-pc-linux-gnu/nios2-elf/lib/libc.a(lib_a-mprec.o)
                0x00000000020123d0                __multiply
 .text.__pow5mult
                0x00000000020125cc      0x140 /opt/altera_lite/15.1/nios2eds/bin/gnu/H-x86_64-pc-linux-gnu/bin/../lib/gcc/nios2-elf/4.9.2/../../../../../H-x86_64-pc-linux-gnu/nios2-elf/lib/libc.a(lib_a-mprec.o)
                0x00000000020125cc                __pow5mult
 .text.__lshift
                0x000000000201270c      0x150 /opt/altera_lite/15.1/nios2eds/bin/gnu/H-x86_64-pc-linux-gnu/bin/../lib/gcc/nios2-elf/4.9.2/../../../../../H-x86_64-pc-linux-gnu/nios2-elf/lib/libc.a(lib_a-mprec.o)
                0x000000000201270c                __lshift
 .text.__mcmp   0x000000000201285c       0x60 /opt/altera_lite/15.1/nios2eds/bin/gnu/H-x86_64-pc-linux-gnu/bin/../lib/gcc/nios2-elf/4.9.2/../../../../../H-x86_64-pc-linux-gnu/nios2-elf/lib/libc.a(lib_a-mprec.o)
                0x000000000201285c                __mcmp
 .text.__mdiff  0x00000000020128bc      0x198 /opt/altera_lite/15.1/nios2eds/bin/gnu/H-x86_64-pc-linux-gnu/bin/../lib/gcc/nios2-elf/4.9.2/../../../../../H-x86_64-pc-linux-gnu/nios2-elf/lib/libc.a(lib_a-mprec.o)
                0x00000000020128bc                __mdiff
 .text.__ulp    0x0000000002012a54       0x60 /opt/altera_lite/15.1/nios2eds/bin/gnu/H-x86_64-pc-linux-gnu/bin/../lib/gcc/nios2-elf/4.9.2/../../../../../H-x86_64-pc-linux-gnu/nios2-elf/lib/libc.a(lib_a-mprec.o)
                0x0000000002012a54                __ulp
 .text.__b2d    0x0000000002012ab4      0x11c /opt/altera_lite/15.1/nios2eds/bin/gnu/H-x86_64-pc-linux-gnu/bin/../lib/gcc/nios2-elf/4.9.2/../../../../../H-x86_64-pc-linux-gnu/nios2-elf/lib/libc.a(lib_a-mprec.o)
                0x0000000002012ab4                __b2d
 .text.__d2b    0x0000000002012bd0      0x13c /opt/altera_lite/15.1/nios2eds/bin/gnu/H-x86_64-pc-linux-gnu/bin/../lib/gcc/nios2-elf/4.9.2/../../../../../H-x86_64-pc-linux-gnu/nios2-elf/lib/libc.a(lib_a-mprec.o)
                0x0000000002012bd0                __d2b
 .text.__ratio  0x0000000002012d0c       0xa4 /opt/altera_lite/15.1/nios2eds/bin/gnu/H-x86_64-pc-linux-gnu/bin/../lib/gcc/nios2-elf/4.9.2/../../../../../H-x86_64-pc-linux-gnu/nios2-elf/lib/libc.a(lib_a-mprec.o)
                0x0000000002012d0c                __ratio
 .text._mprec_log10
                0x0000000002012db0       0x74 /opt/altera_lite/15.1/nios2eds/bin/gnu/H-x86_64-pc-linux-gnu/bin/../lib/gcc/nios2-elf/4.9.2/../../../../../H-x86_64-pc-linux-gnu/nios2-elf/lib/libc.a(lib_a-mprec.o)
                0x0000000002012db0                _mprec_log10
 .text.__copybits
                0x0000000002012e24       0x78 /opt/altera_lite/15.1/nios2eds/bin/gnu/H-x86_64-pc-linux-gnu/bin/../lib/gcc/nios2-elf/4.9.2/../../../../../H-x86_64-pc-linux-gnu/nios2-elf/lib/libc.a(lib_a-mprec.o)
                0x0000000002012e24                __copybits
 .text.__any_on
                0x0000000002012e9c       0x8c /opt/altera_lite/15.1/nios2eds/bin/gnu/H-x86_64-pc-linux-gnu/bin/../lib/gcc/nios2-elf/4.9.2/../../../../../H-x86_64-pc-linux-gnu/nios2-elf/lib/libc.a(lib_a-mprec.o)
                0x0000000002012e9c                __any_on
 .text          0x0000000002012f28        0x0 /opt/altera_lite/15.1/nios2eds/bin/gnu/H-x86_64-pc-linux-gnu/bin/../lib/gcc/nios2-elf/4.9.2/../../../../../H-x86_64-pc-linux-gnu/nios2-elf/lib/libc.a(lib_a-reallocr.o)
 .text._realloc_r
                0x0000000002012f28      0x568 /opt/altera_lite/15.1/nios2eds/bin/gnu/H-x86_64-pc-linux-gnu/bin/../lib/gcc/nios2-elf/4.9.2/../../../../../H-x86_64-pc-linux-gnu/nios2-elf/lib/libc.a(lib_a-reallocr.o)
                0x0000000002012f28                _realloc_r
 .text          0x0000000002013490        0x0 /opt/altera_lite/15.1/nios2eds/bin/gnu/H-x86_64-pc-linux-gnu/bin/../lib/gcc/nios2-elf/4.9.2/../../../../../H-x86_64-pc-linux-gnu/nios2-elf/lib/libc.a(lib_a-stdio.o)
 .text.__sread  0x0000000002013490       0x54 /opt/altera_lite/15.1/nios2eds/bin/gnu/H-x86_64-pc-linux-gnu/bin/../lib/gcc/nios2-elf/4.9.2/../../../../../H-x86_64-pc-linux-gnu/nios2-elf/lib/libc.a(lib_a-stdio.o)
                0x0000000002013490                __sread
 .text.__seofread
                0x00000000020134e4        0x8 /opt/altera_lite/15.1/nios2eds/bin/gnu/H-x86_64-pc-linux-gnu/bin/../lib/gcc/nios2-elf/4.9.2/../../../../../H-x86_64-pc-linux-gnu/nios2-elf/lib/libc.a(lib_a-stdio.o)
                0x00000000020134e4                __seofread
 .text.__swrite
                0x00000000020134ec       0x7c /opt/altera_lite/15.1/nios2eds/bin/gnu/H-x86_64-pc-linux-gnu/bin/../lib/gcc/nios2-elf/4.9.2/../../../../../H-x86_64-pc-linux-gnu/nios2-elf/lib/libc.a(lib_a-stdio.o)
                0x00000000020134ec                __swrite
 .text.__sseek  0x0000000002013568       0x5c /opt/altera_lite/15.1/nios2eds/bin/gnu/H-x86_64-pc-linux-gnu/bin/../lib/gcc/nios2-elf/4.9.2/../../../../../H-x86_64-pc-linux-gnu/nios2-elf/lib/libc.a(lib_a-stdio.o)
                0x0000000002013568                __sseek
 .text.__sclose
                0x00000000020135c4        0x8 /opt/altera_lite/15.1/nios2eds/bin/gnu/H-x86_64-pc-linux-gnu/bin/../lib/gcc/nios2-elf/4.9.2/../../../../../H-x86_64-pc-linux-gnu/nios2-elf/lib/libc.a(lib_a-stdio.o)
                0x00000000020135c4                __sclose
 .text          0x00000000020135cc        0x0 /opt/altera_lite/15.1/nios2eds/bin/gnu/H-x86_64-pc-linux-gnu/bin/../lib/gcc/nios2-elf/4.9.2/../../../../../H-x86_64-pc-linux-gnu/nios2-elf/lib/libc.a(lib_a-strcmp.o)
 .text.strcmp   0x00000000020135cc       0xa4 /opt/altera_lite/15.1/nios2eds/bin/gnu/H-x86_64-pc-linux-gnu/bin/../lib/gcc/nios2-elf/4.9.2/../../../../../H-x86_64-pc-linux-gnu/nios2-elf/lib/libc.a(lib_a-strcmp.o)
                0x00000000020135cc                strcmp
 .text          0x0000000002013670        0x0 /opt/altera_lite/15.1/nios2eds/bin/gnu/H-x86_64-pc-linux-gnu/bin/../lib/gcc/nios2-elf/4.9.2/../../../../../H-x86_64-pc-linux-gnu/nios2-elf/lib/libc.a(lib_a-svfiprintf.o)
 .text.__ssprint_r
                0x0000000002013670      0x1cc /opt/altera_lite/15.1/nios2eds/bin/gnu/H-x86_64-pc-linux-gnu/bin/../lib/gcc/nios2-elf/4.9.2/../../../../../H-x86_64-pc-linux-gnu/nios2-elf/lib/libc.a(lib_a-svfiprintf.o)
                0x0000000002013670                __ssprint_r
 .text.___svfiprintf_internal_r
                0x000000000201383c     0x1038 /opt/altera_lite/15.1/nios2eds/bin/gnu/H-x86_64-pc-linux-gnu/bin/../lib/gcc/nios2-elf/4.9.2/../../../../../H-x86_64-pc-linux-gnu/nios2-elf/lib/libc.a(lib_a-svfiprintf.o)
                0x000000000201383c                ___svfiprintf_internal_r
 .text          0x0000000002014874        0x0 /opt/altera_lite/15.1/nios2eds/bin/gnu/H-x86_64-pc-linux-gnu/bin/../lib/gcc/nios2-elf/4.9.2/../../../../../H-x86_64-pc-linux-gnu/nios2-elf/lib/libc.a(lib_a-vfiprintf.o)
 .text.__sprint_r.part.0
                0x0000000002014874       0xfc /opt/altera_lite/15.1/nios2eds/bin/gnu/H-x86_64-pc-linux-gnu/bin/../lib/gcc/nios2-elf/4.9.2/../../../../../H-x86_64-pc-linux-gnu/nios2-elf/lib/libc.a(lib_a-vfiprintf.o)
 .text.__sprint_r
                0x0000000002014970       0x18 /opt/altera_lite/15.1/nios2eds/bin/gnu/H-x86_64-pc-linux-gnu/bin/../lib/gcc/nios2-elf/4.9.2/../../../../../H-x86_64-pc-linux-gnu/nios2-elf/lib/libc.a(lib_a-vfiprintf.o)
                0x0000000002014970                __sprint_r
 .text.___vfiprintf_internal_r
                0x0000000002014988     0x12d0 /opt/altera_lite/15.1/nios2eds/bin/gnu/H-x86_64-pc-linux-gnu/bin/../lib/gcc/nios2-elf/4.9.2/../../../../../H-x86_64-pc-linux-gnu/nios2-elf/lib/libc.a(lib_a-vfiprintf.o)
                0x0000000002014988                ___vfiprintf_internal_r
 .text.__vfiprintf_internal
                0x0000000002015c58       0x24 /opt/altera_lite/15.1/nios2eds/bin/gnu/H-x86_64-pc-linux-gnu/bin/../lib/gcc/nios2-elf/4.9.2/../../../../../H-x86_64-pc-linux-gnu/nios2-elf/lib/libc.a(lib_a-vfiprintf.o)
                0x0000000002015c58                __vfiprintf_internal
 .text.__sbprintf
                0x0000000002015c7c       0xbc /opt/altera_lite/15.1/nios2eds/bin/gnu/H-x86_64-pc-linux-gnu/bin/../lib/gcc/nios2-elf/4.9.2/../../../../../H-x86_64-pc-linux-gnu/nios2-elf/lib/libc.a(lib_a-vfiprintf.o)
 .text          0x0000000002015d38        0x0 /opt/altera_lite/15.1/nios2eds/bin/gnu/H-x86_64-pc-linux-gnu/bin/../lib/gcc/nios2-elf/4.9.2/../../../../../H-x86_64-pc-linux-gnu/nios2-elf/lib/libc.a(lib_a-writer.o)
 .text._write_r
                0x0000000002015d38       0x5c /opt/altera_lite/15.1/nios2eds/bin/gnu/H-x86_64-pc-linux-gnu/bin/../lib/gcc/nios2-elf/4.9.2/../../../../../H-x86_64-pc-linux-gnu/nios2-elf/lib/libc.a(lib_a-writer.o)
                0x0000000002015d38                _write_r
 .text          0x0000000002015d94        0x0 /opt/altera_lite/15.1/nios2eds/bin/gnu/H-x86_64-pc-linux-gnu/bin/../lib/gcc/nios2-elf/4.9.2/../../../../../H-x86_64-pc-linux-gnu/nios2-elf/lib/libc.a(closer.o)
 .text._close_r
                0x0000000002015d94       0x54 /opt/altera_lite/15.1/nios2eds/bin/gnu/H-x86_64-pc-linux-gnu/bin/../lib/gcc/nios2-elf/4.9.2/../../../../../H-x86_64-pc-linux-gnu/nios2-elf/lib/libc.a(closer.o)
                0x0000000002015d94                _close_r
 .text          0x0000000002015de8        0x0 /opt/altera_lite/15.1/nios2eds/bin/gnu/H-x86_64-pc-linux-gnu/bin/../lib/gcc/nios2-elf/4.9.2/../../../../../H-x86_64-pc-linux-gnu/nios2-elf/lib/libc.a(lib_a-callocr.o)
 .text._calloc_r
                0x0000000002015de8       0xc4 /opt/altera_lite/15.1/nios2eds/bin/gnu/H-x86_64-pc-linux-gnu/bin/../lib/gcc/nios2-elf/4.9.2/../../../../../H-x86_64-pc-linux-gnu/nios2-elf/lib/libc.a(lib_a-callocr.o)
                0x0000000002015de8                _calloc_r
 .text          0x0000000002015eac        0x0 /opt/altera_lite/15.1/nios2eds/bin/gnu/H-x86_64-pc-linux-gnu/bin/../lib/gcc/nios2-elf/4.9.2/../../../../../H-x86_64-pc-linux-gnu/nios2-elf/lib/libc.a(lib_a-fclose.o)
 .text._fclose_r
                0x0000000002015eac       0xf0 /opt/altera_lite/15.1/nios2eds/bin/gnu/H-x86_64-pc-linux-gnu/bin/../lib/gcc/nios2-elf/4.9.2/../../../../../H-x86_64-pc-linux-gnu/nios2-elf/lib/libc.a(lib_a-fclose.o)
                0x0000000002015eac                _fclose_r
 .text.fclose   0x0000000002015f9c       0x14 /opt/altera_lite/15.1/nios2eds/bin/gnu/H-x86_64-pc-linux-gnu/bin/../lib/gcc/nios2-elf/4.9.2/../../../../../H-x86_64-pc-linux-gnu/nios2-elf/lib/libc.a(lib_a-fclose.o)
                0x0000000002015f9c                fclose
 .text          0x0000000002015fb0        0x0 /opt/altera_lite/15.1/nios2eds/bin/gnu/H-x86_64-pc-linux-gnu/bin/../lib/gcc/nios2-elf/4.9.2/../../../../../H-x86_64-pc-linux-gnu/nios2-elf/lib/libc.a(lib_a-fputwc.o)
 .text._fputwc_r
                0x0000000002015fb0      0x184 /opt/altera_lite/15.1/nios2eds/bin/gnu/H-x86_64-pc-linux-gnu/bin/../lib/gcc/nios2-elf/4.9.2/../../../../../H-x86_64-pc-linux-gnu/nios2-elf/lib/libc.a(lib_a-fputwc.o)
                0x0000000002015fb0                _fputwc_r
 .text.fputwc   0x0000000002016134       0x5c /opt/altera_lite/15.1/nios2eds/bin/gnu/H-x86_64-pc-linux-gnu/bin/../lib/gcc/nios2-elf/4.9.2/../../../../../H-x86_64-pc-linux-gnu/nios2-elf/lib/libc.a(lib_a-fputwc.o)
                0x0000000002016134                fputwc
 .text          0x0000000002016190        0x0 /opt/altera_lite/15.1/nios2eds/bin/gnu/H-x86_64-pc-linux-gnu/bin/../lib/gcc/nios2-elf/4.9.2/../../../../../H-x86_64-pc-linux-gnu/nios2-elf/lib/libc.a(lib_a-fstatr.o)
 .text._fstat_r
                0x0000000002016190       0x58 /opt/altera_lite/15.1/nios2eds/bin/gnu/H-x86_64-pc-linux-gnu/bin/../lib/gcc/nios2-elf/4.9.2/../../../../../H-x86_64-pc-linux-gnu/nios2-elf/lib/libc.a(lib_a-fstatr.o)
                0x0000000002016190                _fstat_r
 .text          0x00000000020161e8        0x0 /opt/altera_lite/15.1/nios2eds/bin/gnu/H-x86_64-pc-linux-gnu/bin/../lib/gcc/nios2-elf/4.9.2/../../../../../H-x86_64-pc-linux-gnu/nios2-elf/lib/libc.a(lib_a-isattyr.o)
 .text._isatty_r
                0x00000000020161e8       0x54 /opt/altera_lite/15.1/nios2eds/bin/gnu/H-x86_64-pc-linux-gnu/bin/../lib/gcc/nios2-elf/4.9.2/../../../../../H-x86_64-pc-linux-gnu/nios2-elf/lib/libc.a(lib_a-isattyr.o)
                0x00000000020161e8                _isatty_r
 .text          0x000000000201623c        0x0 /opt/altera_lite/15.1/nios2eds/bin/gnu/H-x86_64-pc-linux-gnu/bin/../lib/gcc/nios2-elf/4.9.2/../../../../../H-x86_64-pc-linux-gnu/nios2-elf/lib/libc.a(lib_a-lseekr.o)
 .text._lseek_r
                0x000000000201623c       0x5c /opt/altera_lite/15.1/nios2eds/bin/gnu/H-x86_64-pc-linux-gnu/bin/../lib/gcc/nios2-elf/4.9.2/../../../../../H-x86_64-pc-linux-gnu/nios2-elf/lib/libc.a(lib_a-lseekr.o)
                0x000000000201623c                _lseek_r
 .text          0x0000000002016298        0x0 /opt/altera_lite/15.1/nios2eds/bin/gnu/H-x86_64-pc-linux-gnu/bin/../lib/gcc/nios2-elf/4.9.2/../../../../../H-x86_64-pc-linux-gnu/nios2-elf/lib/libc.a(lib_a-readr.o)
 .text._read_r  0x0000000002016298       0x5c /opt/altera_lite/15.1/nios2eds/bin/gnu/H-x86_64-pc-linux-gnu/bin/../lib/gcc/nios2-elf/4.9.2/../../../../../H-x86_64-pc-linux-gnu/nios2-elf/lib/libc.a(lib_a-readr.o)
                0x0000000002016298                _read_r
 .text          0x00000000020162f4        0x0 /opt/altera_lite/15.1/nios2eds/bin/gnu/H-x86_64-pc-linux-gnu/bin/../lib/gcc/nios2-elf/4.9.2/../../../../../H-x86_64-pc-linux-gnu/nios2-elf/lib/libc.a(lib_a-wbuf.o)
 .text.__swbuf_r
                0x00000000020162f4      0x138 /opt/altera_lite/15.1/nios2eds/bin/gnu/H-x86_64-pc-linux-gnu/bin/../lib/gcc/nios2-elf/4.9.2/../../../../../H-x86_64-pc-linux-gnu/nios2-elf/lib/libc.a(lib_a-wbuf.o)
                0x00000000020162f4                __swbuf_r
 .text.__swbuf  0x000000000201642c       0x1c /opt/altera_lite/15.1/nios2eds/bin/gnu/H-x86_64-pc-linux-gnu/bin/../lib/gcc/nios2-elf/4.9.2/../../../../../H-x86_64-pc-linux-gnu/nios2-elf/lib/libc.a(lib_a-wbuf.o)
                0x000000000201642c                __swbuf
 .text          0x0000000002016448        0x0 /opt/altera_lite/15.1/nios2eds/bin/gnu/H-x86_64-pc-linux-gnu/bin/../lib/gcc/nios2-elf/4.9.2/../../../../../H-x86_64-pc-linux-gnu/nios2-elf/lib/libc.a(lib_a-wcrtomb.o)
 .text._wcrtomb_r
                0x0000000002016448       0x9c /opt/altera_lite/15.1/nios2eds/bin/gnu/H-x86_64-pc-linux-gnu/bin/../lib/gcc/nios2-elf/4.9.2/../../../../../H-x86_64-pc-linux-gnu/nios2-elf/lib/libc.a(lib_a-wcrtomb.o)
                0x0000000002016448                _wcrtomb_r
 .text.wcrtomb  0x00000000020164e4       0xc0 /opt/altera_lite/15.1/nios2eds/bin/gnu/H-x86_64-pc-linux-gnu/bin/../lib/gcc/nios2-elf/4.9.2/../../../../../H-x86_64-pc-linux-gnu/nios2-elf/lib/libc.a(lib_a-wcrtomb.o)
                0x00000000020164e4                wcrtomb
 .text          0x00000000020165a4        0x0 /opt/altera_lite/15.1/nios2eds/bin/gnu/H-x86_64-pc-linux-gnu/bin/../lib/gcc/nios2-elf/4.9.2/../../../../../H-x86_64-pc-linux-gnu/nios2-elf/lib/libc.a(lib_a-wctomb_r.o)
 .text.__ascii_wctomb
                0x00000000020165a4       0x30 /opt/altera_lite/15.1/nios2eds/bin/gnu/H-x86_64-pc-linux-gnu/bin/../lib/gcc/nios2-elf/4.9.2/../../../../../H-x86_64-pc-linux-gnu/nios2-elf/lib/libc.a(lib_a-wctomb_r.o)
                0x00000000020165a4                __ascii_wctomb
 .text._wctomb_r
                0x00000000020165d4       0x5c /opt/altera_lite/15.1/nios2eds/bin/gnu/H-x86_64-pc-linux-gnu/bin/../lib/gcc/nios2-elf/4.9.2/../../../../../H-x86_64-pc-linux-gnu/nios2-elf/lib/libc.a(lib_a-wctomb_r.o)
                0x00000000020165d4                _wctomb_r
 .text          0x0000000002016630       0x60 /opt/altera_lite/15.1/nios2eds/bin/gnu/H-x86_64-pc-linux-gnu/bin/../lib/gcc/nios2-elf/4.9.2/libgcc.a(_muldi3.o)
                0x0000000002016630                __muldi3
 .text          0x0000000002016690      0x5c0 /opt/altera_lite/15.1/nios2eds/bin/gnu/H-x86_64-pc-linux-gnu/bin/../lib/gcc/nios2-elf/4.9.2/libgcc.a(_udivdi3.o)
                0x0000000002016690                __udivdi3
 .text          0x0000000002016c50      0x590 /opt/altera_lite/15.1/nios2eds/bin/gnu/H-x86_64-pc-linux-gnu/bin/../lib/gcc/nios2-elf/4.9.2/libgcc.a(_umoddi3.o)
                0x0000000002016c50                __umoddi3
 .text          0x00000000020171e0       0x84 /opt/altera_lite/15.1/nios2eds/bin/gnu/H-x86_64-pc-linux-gnu/bin/../lib/gcc/nios2-elf/4.9.2/libgcc.a(eqdf2.o)
                0x00000000020171e0                __eqdf2
                0x00000000020171e0                __nedf2
 .text          0x0000000002017264       0xe0 /opt/altera_lite/15.1/nios2eds/bin/gnu/H-x86_64-pc-linux-gnu/bin/../lib/gcc/nios2-elf/4.9.2/libgcc.a(gedf2.o)
                0x0000000002017264                __gtdf2
                0x0000000002017264                __gedf2
 .text          0x0000000002017344       0xa4 /opt/altera_lite/15.1/nios2eds/bin/gnu/H-x86_64-pc-linux-gnu/bin/../lib/gcc/nios2-elf/4.9.2/libgcc.a(floatunsidf.o)
                0x0000000002017344                __floatunsidf
 .text          0x00000000020173e8      0x140 ../LT24_RTOS_bsp//libucosii_bsp.a(alt_alarm_start.o)
                0x00000000020173e8                alt_alarm_start
 .text          0x0000000002017528      0x120 ../LT24_RTOS_bsp//libucosii_bsp.a(alt_close.o)
                0x0000000002017578                close
 .text          0x0000000002017648       0x2c ../LT24_RTOS_bsp//libucosii_bsp.a(alt_dev.o)
 .text          0x0000000002017674        0x0 ../LT24_RTOS_bsp//libucosii_bsp.a(alt_errno.o)
 .text          0x0000000002017674      0x100 ../LT24_RTOS_bsp//libucosii_bsp.a(alt_fstat.o)
                0x00000000020176c4                fstat
 .text          0x0000000002017774      0x20c ../LT24_RTOS_bsp//libucosii_bsp.a(alt_gettod.o)
                0x0000000002017774                gettimeofday
 .text          0x0000000002017980      0x1e0 ../LT24_RTOS_bsp//libucosii_bsp.a(alt_iic.o)
                0x0000000002017980                alt_ic_isr_register
                0x00000000020179d0                alt_ic_irq_enable
                0x0000000002017a70                alt_ic_irq_disable
                0x0000000002017b14                alt_ic_irq_enabled
 .text          0x0000000002017b60       0xf0 ../LT24_RTOS_bsp//libucosii_bsp.a(alt_iic_isr_register.o)
                0x0000000002017b60                alt_iic_isr_register
 .text          0x0000000002017c50        0x0 ../LT24_RTOS_bsp//libucosii_bsp.a(alt_irq_entry.o)
 .text          0x0000000002017c50        0x0 ../LT24_RTOS_bsp//libucosii_bsp.a(alt_irq_handler.o)
 .text          0x0000000002017c50        0x0 ../LT24_RTOS_bsp//libucosii_bsp.a(alt_irq_vars.o)
 .text          0x0000000002017c50       0xf4 ../LT24_RTOS_bsp//libucosii_bsp.a(alt_isatty.o)
                0x0000000002017ca0                isatty
 .text          0x0000000002017d44       0xe4 ../LT24_RTOS_bsp//libucosii_bsp.a(alt_load.o)
                0x0000000002017da8                alt_load
 .text          0x0000000002017e28      0x124 ../LT24_RTOS_bsp//libucosii_bsp.a(alt_lseek.o)
                0x0000000002017e78                lseek
 .text          0x0000000002017f4c       0xd4 ../LT24_RTOS_bsp//libucosii_bsp.a(alt_main.o)
                0x0000000002017f4c                alt_main
 .text          0x0000000002018020      0x14c ../LT24_RTOS_bsp//libucosii_bsp.a(alt_read.o)
                0x0000000002018070                read
 .text          0x000000000201816c       0x60 ../LT24_RTOS_bsp//libucosii_bsp.a(alt_release_fd.o)
                0x000000000201816c                alt_release_fd
 .text          0x00000000020181cc       0xb0 ../LT24_RTOS_bsp//libucosii_bsp.a(alt_sbrk.o)
                0x00000000020181cc                sbrk
 .text          0x000000000201827c      0x19c ../LT24_RTOS_bsp//libucosii_bsp.a(alt_tick.o)
                0x000000000201827c                alt_alarm_stop
                0x0000000002018314                alt_tick
 .text          0x0000000002018418      0x124 ../LT24_RTOS_bsp//libucosii_bsp.a(alt_usleep.o)
                0x0000000002018418                usleep
 .text          0x000000000201853c      0x148 ../LT24_RTOS_bsp//libucosii_bsp.a(alt_write.o)
                0x000000000201858c                write
 .text          0x0000000002018684      0x11c ../LT24_RTOS_bsp//libucosii_bsp.a(alt_env_lock.o)
                0x0000000002018684                __env_lock
                0x0000000002018744                __env_unlock
 .text          0x00000000020187a0      0x1f0 ../LT24_RTOS_bsp//libucosii_bsp.a(alt_malloc_lock.o)
                0x00000000020187a0                __malloc_lock
                0x00000000020188c0                __malloc_unlock
 .text          0x0000000002018990     0x1fe0 ../LT24_RTOS_bsp//libucosii_bsp.a(os_core.o)
                0x0000000002018990                OSEventNameGet
                0x0000000002018ab0                OSEventNameSet
                0x0000000002018bec                OSEventPendMulti
                0x00000000020191fc                OSInit
                0x0000000002019250                OSIntEnter
                0x00000000020192cc                OSIntExit
                0x00000000020193c0                OSSchedLock
                0x0000000002019448                OSSchedUnlock
                0x0000000002019520                OSStart
                0x000000000201958c                OSStatInit
                0x0000000002019638                OSTimeTick
                0x0000000002019854                OSVersion
                0x0000000002019874                OS_Dummy
                0x0000000002019890                OS_EventTaskRdy
                0x0000000002019a28                OS_EventTaskWait
                0x0000000002019b34                OS_EventTaskWaitMulti
                0x0000000002019c80                OS_EventTaskRemove
                0x0000000002019d34                OS_EventTaskRemoveMulti
                0x0000000002019e30                OS_EventWaitListInit
                0x000000000201a1f4                OS_MemClr
                0x000000000201a244                OS_MemCopy
                0x000000000201a2a8                OS_Sched
                0x000000000201a3e4                OS_StrCopy
                0x000000000201a458                OS_StrLen
                0x000000000201a4ac                OS_TaskIdle
                0x000000000201a508                OS_TaskStat
                0x000000000201a5d4                OS_TaskStatStkChk
                0x000000000201a69c                OS_TCBInit
 .text          0x000000000201a970      0x18c ../LT24_RTOS_bsp//libucosii_bsp.a(os_dbg.o)
                0x000000000201a970                OSDebugInit
 .text          0x000000000201aafc     0x181c ../LT24_RTOS_bsp//libucosii_bsp.a(os_flag.o)
                0x000000000201aafc                OSFlagAccept
                0x000000000201ae04                OSFlagCreate
                0x000000000201af2c                OSFlagDel
                0x000000000201b19c                OSFlagNameGet
                0x000000000201b2cc                OSFlagNameSet
                0x000000000201b41c                OSFlagPend
                0x000000000201ba0c                OSFlagPendGetFlagsRdy
                0x000000000201ba74                OSFlagPost
                0x000000000201bdfc                OSFlagQuery
                0x000000000201c084                OS_FlagInit
                0x000000000201c278                OS_FlagUnlink
 .text          0x000000000201c318      0xb88 ../LT24_RTOS_bsp//libucosii_bsp.a(os_mbox.o)
                0x000000000201c318                OSMboxAccept
                0x000000000201c3b0                OSMboxCreate
                0x000000000201c4ac                OSMboxDel
                0x000000000201c714                OSMboxPend
                0x000000000201c9b8                OSMboxPendAbort
                0x000000000201cb24                OSMboxPost
                0x000000000201cc34                OSMboxPostOpt
                0x000000000201cd90                OSMboxQuery
 .text          0x000000000201cea0      0x784 ../LT24_RTOS_bsp//libucosii_bsp.a(os_mem.o)
                0x000000000201cea0                OSMemCreate
                0x000000000201d094                OSMemGet
                0x000000000201d184                OSMemNameGet
                0x000000000201d27c                OSMemNameSet
                0x000000000201d394                OSMemPut
                0x000000000201d46c                OSMemQuery
                0x000000000201d554                OS_MemInit
 .text          0x000000000201d624     0x1210 ../LT24_RTOS_bsp//libucosii_bsp.a(os_q.o)
                0x000000000201d624                OSQAccept
                0x000000000201d764                OSQCreate
                0x000000000201d960                OSQDel
                0x000000000201dc28                OSQFlush
                0x000000000201dce0                OSQPend
                0x000000000201dfdc                OSQPendAbort
                0x000000000201e148                OSQPost
                0x000000000201e2b0                OSQPostFront
                0x000000000201e420                OSQPostOpt
                0x000000000201e62c                OSQQuery
                0x000000000201e788                OS_QInit
 .text          0x000000000201e834      0xb08 ../LT24_RTOS_bsp//libucosii_bsp.a(os_sem.o)
                0x000000000201e834                OSSemAccept
                0x000000000201e8e4                OSSemCreate
                0x000000000201e9e4                OSSemDel
                0x000000000201ec4c                OSSemPend
                0x000000000201eeb4                OSSemPendAbort
                0x000000000201f020                OSSemPost
                0x000000000201f130                OSSemQuery
                0x000000000201f240                OSSemSet
 .text          0x000000000201f33c     0x18f4 ../LT24_RTOS_bsp//libucosii_bsp.a(os_task.o)
                0x000000000201f33c                OSTaskChangePrio
                0x000000000201f87c                OSTaskCreate
                0x000000000201fa38                OSTaskCreateExt
                0x000000000201fc24                OSTaskDel
                0x0000000002020004                OSTaskDelReq
                0x000000000202015c                OSTaskNameGet
                0x0000000002020304                OSTaskNameSet
                0x00000000020204c4                OSTaskResume
                0x00000000020206bc                OSTaskStkChk
                0x0000000002020884                OSTaskSuspend
                0x0000000002020a98                OSTaskQuery
                0x0000000002020bc4                OS_TaskStkClr
 .text          0x0000000002020c30      0x55c ../LT24_RTOS_bsp//libucosii_bsp.a(os_time.o)
                0x0000000002020c30                OSTimeDly
                0x0000000002020d78                OSTimeDlyHMSM
                0x0000000002020ed4                OSTimeDlyResume
                0x00000000020210c4                OSTimeGet
                0x0000000002021128                OSTimeSet
 .text          0x000000000202118c       0xec ../LT24_RTOS_bsp//libucosii_bsp.a(alt_sys_init.o)
                0x00000000020211c4                alt_irq_init
                0x00000000020211f8                alt_sys_init
 .text          0x0000000002021278      0x164 ../LT24_RTOS_bsp//libucosii_bsp.a(altera_avalon_jtag_uart_fd.o)
                0x0000000002021278                altera_avalon_jtag_uart_read_fd
                0x00000000020212d8                altera_avalon_jtag_uart_write_fd
                0x0000000002021338                altera_avalon_jtag_uart_close_fd
                0x0000000002021388                altera_avalon_jtag_uart_ioctl_fd
 .text          0x00000000020213dc      0x568 ../LT24_RTOS_bsp//libucosii_bsp.a(altera_avalon_jtag_uart_init.o)
                0x00000000020213dc                altera_avalon_jtag_uart_init
                0x00000000020218dc                altera_avalon_jtag_uart_close
 .text          0x0000000002021944       0xec ../LT24_RTOS_bsp//libucosii_bsp.a(altera_avalon_jtag_uart_ioctl.o)
                0x0000000002021944                altera_avalon_jtag_uart_ioctl
 .text          0x0000000002021a30      0x2b4 ../LT24_RTOS_bsp//libucosii_bsp.a(altera_avalon_jtag_uart_read.o)
                0x0000000002021a30                altera_avalon_jtag_uart_read
 .text          0x0000000002021ce4      0x2c0 ../LT24_RTOS_bsp//libucosii_bsp.a(altera_avalon_jtag_uart_write.o)
                0x0000000002021ce4                altera_avalon_jtag_uart_write
 .text          0x0000000002021fa4      0x204 ../LT24_RTOS_bsp//libucosii_bsp.a(altera_avalon_spi.o)
                0x0000000002021fa4                alt_avalon_spi_command
 .text          0x00000000020221a8       0xfc ../LT24_RTOS_bsp//libucosii_bsp.a(altera_avalon_timer_sc.o)
                0x000000000202221c                alt_avalon_timer_sc_init
 .text          0x00000000020222a4        0x0 ../LT24_RTOS_bsp//libucosii_bsp.a(altera_avalon_timer_vars.o)
 .text          0x00000000020222a4      0x158 ../LT24_RTOS_bsp//libucosii_bsp.a(alt_busy_sleep.o)
                0x00000000020222a4                alt_busy_sleep
 .text          0x00000000020223fc       0x44 ../LT24_RTOS_bsp//libucosii_bsp.a(alt_dcache_flush_all.o)
                0x00000000020223fc                alt_dcache_flush_all
 .text          0x0000000002022440       0xf4 ../LT24_RTOS_bsp//libucosii_bsp.a(alt_dev_llist_insert.o)
                0x0000000002022490                alt_dev_llist_insert
 .text          0x0000000002022534       0x5c ../LT24_RTOS_bsp//libucosii_bsp.a(alt_do_ctors.o)
                0x0000000002022534                _do_ctors
 .text          0x0000000002022590       0x5c ../LT24_RTOS_bsp//libucosii_bsp.a(alt_do_dtors.o)
                0x0000000002022590                _do_dtors
 .text          0x00000000020225ec        0x0 ../LT24_RTOS_bsp//libucosii_bsp.a(alt_exception_entry.o)
 .text          0x00000000020225ec       0x30 ../LT24_RTOS_bsp//libucosii_bsp.a(alt_icache_flush_all.o)
                0x00000000020225ec                alt_icache_flush_all
 .text          0x000000000202261c      0x138 ../LT24_RTOS_bsp//libucosii_bsp.a(alt_io_redirect.o)
                0x00000000020226dc                alt_io_redirect
 .text          0x0000000002022754      0x274 ../LT24_RTOS_bsp//libucosii_bsp.a(alt_open.o)
                0x0000000002022870                open
 .text          0x00000000020229c8       0x20 ../LT24_RTOS_bsp//libucosii_bsp.a(altera_nios2_qsys_irq.o)
                0x00000000020229c8                altera_nios2_qsys_irq_init
 .text          0x00000000020229e8       0xd0 ../LT24_RTOS_bsp//libucosii_bsp.a(os_cpu_a.o)
                0x00000000020229e8                OSCtxSw
                0x00000000020229e8                OSIntCtxSw
                0x0000000002022a74                OSStartHighRdy
                0x0000000002022a94                OSStartTsk
 .text          0x0000000002022ab8      0x264 ../LT24_RTOS_bsp//libucosii_bsp.a(os_cpu_c.o)
                0x0000000002022ab8                OSTaskStkInit
                0x0000000002022c14                OSTaskCreateHook
                0x0000000002022c34                OSTaskDelHook
                0x0000000002022c54                OSTaskSwHook
                0x0000000002022c70                OSTaskStatHook
                0x0000000002022c8c                OSTimeTickHook
                0x0000000002022ca8                OSInitHookBegin
                0x0000000002022cc4                OSInitHookEnd
                0x0000000002022ce0                OSTaskIdleHook
                0x0000000002022cfc                OSTCBInitHook
 .text          0x0000000002022d1c       0x90 ../LT24_RTOS_bsp//libucosii_bsp.a(alt_find_dev.o)
                0x0000000002022d1c                alt_find_dev
 .text          0x0000000002022dac      0x114 ../LT24_RTOS_bsp//libucosii_bsp.a(alt_find_file.o)
                0x0000000002022dac                alt_find_file
 .text          0x0000000002022ec0       0xfc ../LT24_RTOS_bsp//libucosii_bsp.a(alt_get_fd.o)
                0x0000000002022ec0                alt_get_fd
 .text          0x0000000002022fbc       0x8c ../LT24_RTOS_bsp//libucosii_bsp.a(alt_icache_flush.o)
                0x0000000002022fbc                alt_icache_flush
 .text          0x0000000002023048        0x0 /opt/altera_lite/15.1/nios2eds/bin/gnu/H-x86_64-pc-linux-gnu/bin/../lib/gcc/nios2-elf/4.9.2/../../../../../H-x86_64-pc-linux-gnu/nios2-elf/lib/libc.a(lib_a-atexit.o)
 .text.atexit   0x0000000002023048       0x14 /opt/altera_lite/15.1/nios2eds/bin/gnu/H-x86_64-pc-linux-gnu/bin/../lib/gcc/nios2-elf/4.9.2/../../../../../H-x86_64-pc-linux-gnu/nios2-elf/lib/libc.a(lib_a-atexit.o)
                0x0000000002023048                atexit
 .text          0x000000000202305c        0x0 /opt/altera_lite/15.1/nios2eds/bin/gnu/H-x86_64-pc-linux-gnu/bin/../lib/gcc/nios2-elf/4.9.2/../../../../../H-x86_64-pc-linux-gnu/nios2-elf/lib/libc.a(lib_a-exit.o)
 .text.exit     0x000000000202305c       0x38 /opt/altera_lite/15.1/nios2eds/bin/gnu/H-x86_64-pc-linux-gnu/bin/../lib/gcc/nios2-elf/4.9.2/../../../../../H-x86_64-pc-linux-gnu/nios2-elf/lib/libc.a(lib_a-exit.o)
                0x000000000202305c                exit
 .text          0x0000000002023094        0x0 /opt/altera_lite/15.1/nios2eds/bin/gnu/H-x86_64-pc-linux-gnu/bin/../lib/gcc/nios2-elf/4.9.2/../../../../../H-x86_64-pc-linux-gnu/nios2-elf/lib/libc.a(lib_a-memcmp.o)
 .text.memcmp   0x0000000002023094       0x7c /opt/altera_lite/15.1/nios2eds/bin/gnu/H-x86_64-pc-linux-gnu/bin/../lib/gcc/nios2-elf/4.9.2/../../../../../H-x86_64-pc-linux-gnu/nios2-elf/lib/libc.a(lib_a-memcmp.o)
                0x0000000002023094                memcmp
 .text          0x0000000002023110        0x0 /opt/altera_lite/15.1/nios2eds/bin/gnu/H-x86_64-pc-linux-gnu/bin/../lib/gcc/nios2-elf/4.9.2/../../../../../H-x86_64-pc-linux-gnu/nios2-elf/lib/libc.a(lib_a-__atexit.o)
 .text.__register_exitproc
                0x0000000002023110      0x114 /opt/altera_lite/15.1/nios2eds/bin/gnu/H-x86_64-pc-linux-gnu/bin/../lib/gcc/nios2-elf/4.9.2/../../../../../H-x86_64-pc-linux-gnu/nios2-elf/lib/libc.a(lib_a-__atexit.o)
                0x0000000002023110                __register_exitproc
 .text          0x0000000002023224        0x0 /opt/altera_lite/15.1/nios2eds/bin/gnu/H-x86_64-pc-linux-gnu/bin/../lib/gcc/nios2-elf/4.9.2/../../../../../H-x86_64-pc-linux-gnu/nios2-elf/lib/libc.a(lib_a-__call_atexit.o)
 .text.__call_exitprocs
                0x0000000002023224      0x194 /opt/altera_lite/15.1/nios2eds/bin/gnu/H-x86_64-pc-linux-gnu/bin/../lib/gcc/nios2-elf/4.9.2/../../../../../H-x86_64-pc-linux-gnu/nios2-elf/lib/libc.a(lib_a-__call_atexit.o)
                0x0000000002023224                __call_exitprocs
 .text          0x00000000020233b8       0x3c ../LT24_RTOS_bsp//libucosii_bsp.a(alt_exit.o)
                0x00000000020233b8                _exit
 *(.gnu.warning.*)
 *(.fini)
                0x00000000020233f4                PROVIDE (__etext, ABSOLUTE (.))
                0x00000000020233f4                PROVIDE (_etext, ABSOLUTE (.))
                0x00000000020233f4                PROVIDE (etext, ABSOLUTE (.))
 *(.eh_frame_hdr)
                0x00000000020233f4                . = ALIGN (0x4)
                0x00000000020233f4                PROVIDE (__preinit_array_start, ABSOLUTE (.))
 *(.preinit_array)
                0x00000000020233f4                PROVIDE (__preinit_array_end, ABSOLUTE (.))
                0x00000000020233f4                PROVIDE (__init_array_start, ABSOLUTE (.))
 *(.init_array)
                0x00000000020233f4                PROVIDE (__init_array_end, ABSOLUTE (.))
                0x00000000020233f4                PROVIDE (__fini_array_start, ABSOLUTE (.))
 *(.fini_array)
                0x00000000020233f4                PROVIDE (__fini_array_end, ABSOLUTE (.))
 *(.eh_frame)
 *(.gcc_except_table .gcc_except_table.*)
 *(.dynamic)
                0x00000000020233f4                PROVIDE (__CTOR_LIST__, ABSOLUTE (.))
 *(.ctors)
 *(SORT(.ctors.*))
                0x00000000020233f4                PROVIDE (__CTOR_END__, ABSOLUTE (.))
                0x00000000020233f4                PROVIDE (__DTOR_LIST__, ABSOLUTE (.))
 *(.dtors)
 *(SORT(.dtors.*))
                0x00000000020233f4                PROVIDE (__DTOR_END__, ABSOLUTE (.))
 *(.jcr)
                0x00000000020233f4                . = ALIGN (0x4)

.rodata         0x00000000020233f4    0x1a40c
                0x00000000020233f4                PROVIDE (__ram_rodata_start, ABSOLUTE (.))
                0x00000000020233f4                . = ALIGN (0x4)
 *(.rodata .rodata.* .gnu.linkonce.r.*)
 .rodata        0x00000000020233f4       0x2c obj/default/demo/gui.o
 .rodata        0x0000000002023420       0x34 obj/default/demo/gui_vpg.o
 .rodata        0x0000000002023454     0x77f2 obj/default/fonts/tahomabold_20.o
 .rodata        0x000000000202ac46    0x12520 obj/default/fonts/tahomabold_32.o
 *fill*         0x000000000203d166        0x2 
 .rodata        0x000000000203d168       0x58 obj/default/graphic_lib/simple_graphics.o
 .rodata        0x000000000203d1c0       0x28 obj/default/graphic_lib/simple_text.o
 .rodata        0x000000000203d1e8      0x1b4 obj/default/hello_ucosii.o
 .rodata.str1.4
                0x000000000203d39c        0x5 /opt/altera_lite/15.1/nios2eds/bin/gnu/H-x86_64-pc-linux-gnu/bin/../lib/gcc/nios2-elf/4.9.2/../../../../../H-x86_64-pc-linux-gnu/nios2-elf/lib/libm.a(lib_a-w_sqrt.o)
                                          0x8 (size before relaxing)
 .rodata        0x000000000203d3a1      0x100 /opt/altera_lite/15.1/nios2eds/bin/gnu/H-x86_64-pc-linux-gnu/bin/../lib/gcc/nios2-elf/4.9.2/libgcc.a(_clz.o)
                0x000000000203d3a1                __clz_tab
 *fill*         0x000000000203d4a1        0x3 
 .rodata.str1.4
                0x000000000203d4a4        0x2 /opt/altera_lite/15.1/nios2eds/bin/gnu/H-x86_64-pc-linux-gnu/bin/../lib/gcc/nios2-elf/4.9.2/../../../../../H-x86_64-pc-linux-gnu/nios2-elf/lib/libc.a(lib_a-impure.o)
                                          0x4 (size before relaxing)
 *fill*         0x000000000203d4a6        0x2 
 .rodata.str1.4
                0x000000000203d4a8        0x2 /opt/altera_lite/15.1/nios2eds/bin/gnu/H-x86_64-pc-linux-gnu/bin/../lib/gcc/nios2-elf/4.9.2/../../../../../H-x86_64-pc-linux-gnu/nios2-elf/lib/libc.a(lib_a-puts.o)
                                          0x4 (size before relaxing)
 *fill*         0x000000000203d4aa        0x2 
 .rodata.str1.4
                0x000000000203d4ac       0x42 /opt/altera_lite/15.1/nios2eds/bin/gnu/H-x86_64-pc-linux-gnu/bin/../lib/gcc/nios2-elf/4.9.2/../../../../../H-x86_64-pc-linux-gnu/nios2-elf/lib/libc.a(lib_a-svfprintf.o)
                                         0x44 (size before relaxing)
 .rodata.zeroes.4240
                0x000000000203d4ee       0x10 /opt/altera_lite/15.1/nios2eds/bin/gnu/H-x86_64-pc-linux-gnu/bin/../lib/gcc/nios2-elf/4.9.2/../../../../../H-x86_64-pc-linux-gnu/nios2-elf/lib/libc.a(lib_a-svfprintf.o)
 .rodata.blanks.4239
                0x000000000203d4fe       0x10 /opt/altera_lite/15.1/nios2eds/bin/gnu/H-x86_64-pc-linux-gnu/bin/../lib/gcc/nios2-elf/4.9.2/../../../../../H-x86_64-pc-linux-gnu/nios2-elf/lib/libc.a(lib_a-svfprintf.o)
 .rodata.str1.4
                0x0000000000000000       0x44 /opt/altera_lite/15.1/nios2eds/bin/gnu/H-x86_64-pc-linux-gnu/bin/../lib/gcc/nios2-elf/4.9.2/../../../../../H-x86_64-pc-linux-gnu/nios2-elf/lib/libc.a(lib_a-vfprintf.o)
 .rodata.zeroes.4255
                0x000000000203d50e       0x10 /opt/altera_lite/15.1/nios2eds/bin/gnu/H-x86_64-pc-linux-gnu/bin/../lib/gcc/nios2-elf/4.9.2/../../../../../H-x86_64-pc-linux-gnu/nios2-elf/lib/libc.a(lib_a-vfprintf.o)
 .rodata.blanks.4254
                0x000000000203d51e       0x10 /opt/altera_lite/15.1/nios2eds/bin/gnu/H-x86_64-pc-linux-gnu/bin/../lib/gcc/nios2-elf/4.9.2/../../../../../H-x86_64-pc-linux-gnu/nios2-elf/lib/libc.a(lib_a-vfprintf.o)
 *fill*         0x000000000203d52e        0x2 
 .rodata.str1.4
                0x000000000203d530       0x10 /opt/altera_lite/15.1/nios2eds/bin/gnu/H-x86_64-pc-linux-gnu/bin/../lib/gcc/nios2-elf/4.9.2/../../../../../H-x86_64-pc-linux-gnu/nios2-elf/lib/libc.a(lib_a-dtoa.o)
                                         0x14 (size before relaxing)
 .rodata.str1.4
                0x000000000203d540        0xc /opt/altera_lite/15.1/nios2eds/bin/gnu/H-x86_64-pc-linux-gnu/bin/../lib/gcc/nios2-elf/4.9.2/../../../../../H-x86_64-pc-linux-gnu/nios2-elf/lib/libc.a(lib_a-locale.o)
                                         0x14 (size before relaxing)
 .rodata.p05.2710
                0x000000000203d54c        0xc /opt/altera_lite/15.1/nios2eds/bin/gnu/H-x86_64-pc-linux-gnu/bin/../lib/gcc/nios2-elf/4.9.2/../../../../../H-x86_64-pc-linux-gnu/nios2-elf/lib/libc.a(lib_a-mprec.o)
 .rodata.__mprec_tinytens
                0x000000000203d558       0x28 /opt/altera_lite/15.1/nios2eds/bin/gnu/H-x86_64-pc-linux-gnu/bin/../lib/gcc/nios2-elf/4.9.2/../../../../../H-x86_64-pc-linux-gnu/nios2-elf/lib/libc.a(lib_a-mprec.o)
                0x000000000203d558                __mprec_tinytens
 .rodata.__mprec_bigtens
                0x000000000203d580       0x28 /opt/altera_lite/15.1/nios2eds/bin/gnu/H-x86_64-pc-linux-gnu/bin/../lib/gcc/nios2-elf/4.9.2/../../../../../H-x86_64-pc-linux-gnu/nios2-elf/lib/libc.a(lib_a-mprec.o)
                0x000000000203d580                __mprec_bigtens
 .rodata.__mprec_tens
                0x000000000203d5a8       0xc8 /opt/altera_lite/15.1/nios2eds/bin/gnu/H-x86_64-pc-linux-gnu/bin/../lib/gcc/nios2-elf/4.9.2/../../../../../H-x86_64-pc-linux-gnu/nios2-elf/lib/libc.a(lib_a-mprec.o)
                0x000000000203d5a8                __mprec_tens
 .rodata.str1.4
                0x0000000000000000       0x30 /opt/altera_lite/15.1/nios2eds/bin/gnu/H-x86_64-pc-linux-gnu/bin/../lib/gcc/nios2-elf/4.9.2/../../../../../H-x86_64-pc-linux-gnu/nios2-elf/lib/libc.a(lib_a-svfiprintf.o)
 .rodata.zeroes.4184
                0x000000000203d670       0x10 /opt/altera_lite/15.1/nios2eds/bin/gnu/H-x86_64-pc-linux-gnu/bin/../lib/gcc/nios2-elf/4.9.2/../../../../../H-x86_64-pc-linux-gnu/nios2-elf/lib/libc.a(lib_a-svfiprintf.o)
 .rodata.blanks.4183
                0x000000000203d680       0x10 /opt/altera_lite/15.1/nios2eds/bin/gnu/H-x86_64-pc-linux-gnu/bin/../lib/gcc/nios2-elf/4.9.2/../../../../../H-x86_64-pc-linux-gnu/nios2-elf/lib/libc.a(lib_a-svfiprintf.o)
 .rodata.str1.4
                0x0000000000000000       0x30 /opt/altera_lite/15.1/nios2eds/bin/gnu/H-x86_64-pc-linux-gnu/bin/../lib/gcc/nios2-elf/4.9.2/../../../../../H-x86_64-pc-linux-gnu/nios2-elf/lib/libc.a(lib_a-vfiprintf.o)
 .rodata.zeroes.4200
                0x000000000203d690       0x10 /opt/altera_lite/15.1/nios2eds/bin/gnu/H-x86_64-pc-linux-gnu/bin/../lib/gcc/nios2-elf/4.9.2/../../../../../H-x86_64-pc-linux-gnu/nios2-elf/lib/libc.a(lib_a-vfiprintf.o)
 .rodata.blanks.4199
                0x000000000203d6a0       0x10 /opt/altera_lite/15.1/nios2eds/bin/gnu/H-x86_64-pc-linux-gnu/bin/../lib/gcc/nios2-elf/4.9.2/../../../../../H-x86_64-pc-linux-gnu/nios2-elf/lib/libc.a(lib_a-vfiprintf.o)
 .rodata        0x000000000203d6b0        0xc ../LT24_RTOS_bsp//libucosii_bsp.a(alt_dev.o)
 .rodata        0x000000000203d6bc       0x10 ../LT24_RTOS_bsp//libucosii_bsp.a(alt_main.o)
 .rodata        0x000000000203d6cc      0x120 ../LT24_RTOS_bsp//libucosii_bsp.a(os_core.o)
                0x000000000203d6cc                OSUnMapTbl
 .rodata        0x000000000203d7ec       0x10 ../LT24_RTOS_bsp//libucosii_bsp.a(alt_sys_init.o)
 .rodata        0x000000000203d7fc        0x4 ../LT24_RTOS_bsp//libucosii_bsp.a(os_cpu_c.o)
 *(.rodata1)
                0x000000000203d800                . = ALIGN (0x4)
                0x000000000203d800                PROVIDE (__ram_rodata_end, ABSOLUTE (.))
                0x00000000020233f4                PROVIDE (__flash_rodata_start, LOADADDR (.rodata))

.rwdata         0x000000000203d800     0x3730 load address 0x0000000002040f30
                0x000000000203d800                PROVIDE (__ram_rwdata_start, ABSOLUTE (.))
                0x000000000203d800                . = ALIGN (0x4)
 *(.got.plt)
 *(.got)
 *(.data1)
 *(.data .data.* .gnu.linkonce.d.*)
 .data          0x000000000203d800        0x0 ../LT24_RTOS_bsp//obj/HAL/src/crt0.o
 .data          0x000000000203d800        0x0 obj/default/I2C.o
 .data          0x000000000203d800        0x0 obj/default/accelerometer_adxl345_spi.o
 .data          0x000000000203d800       0x14 obj/default/demo/gui.o
                0x000000000203d800                szPallete
 .data          0x000000000203d814        0x0 obj/default/demo/gui_vpg.o
 .data          0x000000000203d814      0xbc0 obj/default/fonts/tahomabold_20.o
                0x000000000203d814                tahomabold_20
 .data          0x000000000203e3d4      0xbc0 obj/default/fonts/tahomabold_32.o
                0x000000000203e3d4                tahomabold_32
 .data          0x000000000203ef94        0x0 obj/default/graphic_lib/ILI9341.o
 .data          0x000000000203ef94        0x0 obj/default/graphic_lib/geometry.o
 .data          0x000000000203ef94      0x415 obj/default/graphic_lib/simple_graphics.o
                0x000000000203ef94                cour10_font_array
 .data          0x000000000203f3a9        0x0 obj/default/graphic_lib/simple_text.o
 .data          0x000000000203f3a9        0x0 obj/default/hello_ucosii.o
 .data          0x000000000203f3a9        0x0 obj/default/terasic_lib/touch_spi.o
 .data          0x000000000203f3a9        0x0 obj/default/terasic_spi.o
 .data          0x000000000203f3a9        0x0 /opt/altera_lite/15.1/nios2eds/bin/gnu/H-x86_64-pc-linux-gnu/bin/../lib/gcc/nios2-elf/4.9.2/../../../../../H-x86_64-pc-linux-gnu/nios2-elf/lib/libm.a(lib_a-w_sqrt.o)
 .data          0x000000000203f3a9        0x0 /opt/altera_lite/15.1/nios2eds/bin/gnu/H-x86_64-pc-linux-gnu/bin/../lib/gcc/nios2-elf/4.9.2/../../../../../H-x86_64-pc-linux-gnu/nios2-elf/lib/libm.a(lib_a-e_sqrt.o)
 .data          0x000000000203f3a9        0x0 /opt/altera_lite/15.1/nios2eds/bin/gnu/H-x86_64-pc-linux-gnu/bin/../lib/gcc/nios2-elf/4.9.2/../../../../../H-x86_64-pc-linux-gnu/nios2-elf/lib/libm.a(lib_a-s_fpclassify.o)
 .data          0x000000000203f3a9        0x0 /opt/altera_lite/15.1/nios2eds/bin/gnu/H-x86_64-pc-linux-gnu/bin/../lib/gcc/nios2-elf/4.9.2/../../../../../H-x86_64-pc-linux-gnu/nios2-elf/lib/libm.a(lib_a-s_lib_ver.o)
 .data          0x000000000203f3a9        0x0 /opt/altera_lite/15.1/nios2eds/bin/gnu/H-x86_64-pc-linux-gnu/bin/../lib/gcc/nios2-elf/4.9.2/../../../../../H-x86_64-pc-linux-gnu/nios2-elf/lib/libm.a(lib_a-s_matherr.o)
 .data          0x000000000203f3a9        0x0 /opt/altera_lite/15.1/nios2eds/bin/gnu/H-x86_64-pc-linux-gnu/bin/../lib/gcc/nios2-elf/4.9.2/libgcc.a(lib2-divmod.o)
 .data          0x000000000203f3a9        0x0 /opt/altera_lite/15.1/nios2eds/bin/gnu/H-x86_64-pc-linux-gnu/bin/../lib/gcc/nios2-elf/4.9.2/libgcc.a(adddf3.o)
 .data          0x000000000203f3a9        0x0 /opt/altera_lite/15.1/nios2eds/bin/gnu/H-x86_64-pc-linux-gnu/bin/../lib/gcc/nios2-elf/4.9.2/libgcc.a(divdf3.o)
 .data          0x000000000203f3a9        0x0 /opt/altera_lite/15.1/nios2eds/bin/gnu/H-x86_64-pc-linux-gnu/bin/../lib/gcc/nios2-elf/4.9.2/libgcc.a(ledf2.o)
 .data          0x000000000203f3a9        0x0 /opt/altera_lite/15.1/nios2eds/bin/gnu/H-x86_64-pc-linux-gnu/bin/../lib/gcc/nios2-elf/4.9.2/libgcc.a(muldf3.o)
 .data          0x000000000203f3a9        0x0 /opt/altera_lite/15.1/nios2eds/bin/gnu/H-x86_64-pc-linux-gnu/bin/../lib/gcc/nios2-elf/4.9.2/libgcc.a(subdf3.o)
 .data          0x000000000203f3a9        0x0 /opt/altera_lite/15.1/nios2eds/bin/gnu/H-x86_64-pc-linux-gnu/bin/../lib/gcc/nios2-elf/4.9.2/libgcc.a(fixdfsi.o)
 .data          0x000000000203f3a9        0x0 /opt/altera_lite/15.1/nios2eds/bin/gnu/H-x86_64-pc-linux-gnu/bin/../lib/gcc/nios2-elf/4.9.2/libgcc.a(floatsidf.o)
 .data          0x000000000203f3a9        0x0 /opt/altera_lite/15.1/nios2eds/bin/gnu/H-x86_64-pc-linux-gnu/bin/../lib/gcc/nios2-elf/4.9.2/libgcc.a(_clzsi2.o)
 .data          0x000000000203f3a9        0x0 /opt/altera_lite/15.1/nios2eds/bin/gnu/H-x86_64-pc-linux-gnu/bin/../lib/gcc/nios2-elf/4.9.2/libgcc.a(_clz.o)
 .data          0x000000000203f3a9        0x0 /opt/altera_lite/15.1/nios2eds/bin/gnu/H-x86_64-pc-linux-gnu/bin/../lib/gcc/nios2-elf/4.9.2/../../../../../H-x86_64-pc-linux-gnu/nios2-elf/lib/libc.a(lib_a-errno.o)
 .data          0x000000000203f3a9        0x0 /opt/altera_lite/15.1/nios2eds/bin/gnu/H-x86_64-pc-linux-gnu/bin/../lib/gcc/nios2-elf/4.9.2/../../../../../H-x86_64-pc-linux-gnu/nios2-elf/lib/libc.a(lib_a-impure.o)
 *fill*         0x000000000203f3a9        0x3 
 .data.impure_data
                0x000000000203f3ac      0x424 /opt/altera_lite/15.1/nios2eds/bin/gnu/H-x86_64-pc-linux-gnu/bin/../lib/gcc/nios2-elf/4.9.2/../../../../../H-x86_64-pc-linux-gnu/nios2-elf/lib/libc.a(lib_a-impure.o)
 .data          0x000000000203f7d0        0x0 /opt/altera_lite/15.1/nios2eds/bin/gnu/H-x86_64-pc-linux-gnu/bin/../lib/gcc/nios2-elf/4.9.2/../../../../../H-x86_64-pc-linux-gnu/nios2-elf/lib/libc.a(lib_a-malloc.o)
 .data          0x000000000203f7d0        0x0 /opt/altera_lite/15.1/nios2eds/bin/gnu/H-x86_64-pc-linux-gnu/bin/../lib/gcc/nios2-elf/4.9.2/../../../../../H-x86_64-pc-linux-gnu/nios2-elf/lib/libc.a(lib_a-mallocr.o)
 .data.__malloc_av_
                0x000000000203f7d0      0x408 /opt/altera_lite/15.1/nios2eds/bin/gnu/H-x86_64-pc-linux-gnu/bin/../lib/gcc/nios2-elf/4.9.2/../../../../../H-x86_64-pc-linux-gnu/nios2-elf/lib/libc.a(lib_a-mallocr.o)
                0x000000000203f7d0                __malloc_av_
 .data          0x000000000203fbd8        0x0 /opt/altera_lite/15.1/nios2eds/bin/gnu/H-x86_64-pc-linux-gnu/bin/../lib/gcc/nios2-elf/4.9.2/../../../../../H-x86_64-pc-linux-gnu/nios2-elf/lib/libc.a(lib_a-memcpy.o)
 .data          0x000000000203fbd8        0x0 /opt/altera_lite/15.1/nios2eds/bin/gnu/H-x86_64-pc-linux-gnu/bin/../lib/gcc/nios2-elf/4.9.2/../../../../../H-x86_64-pc-linux-gnu/nios2-elf/lib/libc.a(lib_a-memset.o)